2021-06-30 21:03:37,179 - dotenv.main - Python-dotenv could not parse statement starting at line 14
2021-06-30 21:03:37,179 - root - Successfully started monitor
2021-06-30 21:04:32,328 - dotenv.main - Python-dotenv could not parse statement starting at line 14
2021-06-30 21:04:32,329 - root - Successfully started monitor
2021-06-30 21:04:32,343 - urllib3.connectionpool - Starting new HTTPS connection (1): discord.com:443
2021-06-30 21:04:34,061 - urllib3.connectionpool - https://discord.com:443 "POST /api/webhooks/850392839053639690/65cKLltyuopds0GR5ElwNaeKmhGKmEuXlILxyTidy5Yup0ZfrMMYbNIXK21qa8kcHlKk HTTP/1.1" 204 0
2021-06-30 21:04:34,069 - root - Payload delivered successfully, code 204.
2021-06-30 21:04:34,076 - urllib3.connectionpool - Starting new HTTPS connection (1): www.sslproxies.org:443
2021-06-30 21:04:35,393 - urllib3.connectionpool - https://www.sslproxies.org:443 "GET / HTTP/1.1" 200 None
2021-06-30 21:04:35,404 - urllib3.connectionpool - Starting new HTTPS connection (1): www.sslproxies.org:443
2021-06-30 21:04:35,575 - urllib3.connectionpool - https://www.sslproxies.org:443 "GET / HTTP/1.1" 200 None
2021-06-30 21:04:35,612 - urllib3.connectionpool - Starting new HTTP connection (1): 208.80.28.208:8080
2021-06-30 21:04:36,143 - urllib3.connectionpool - Starting new HTTP connection (1): 47.242.38.22:8083
2021-06-30 21:04:36,744 - urllib3.connectionpool - http://47.242.38.22:8083 "GET http://www.google.com/ HTTP/1.1" 302 313
2021-06-30 21:04:36,901 - urllib3.connectionpool - http://47.242.38.22:8083 "GET http://www.google.com/sorry/index?continue=http://www.google.com/&q=EgQv8iYWGI6e8oYGIhAmhw-CKxQpU2ygDVltYp9FMgFy HTTP/1.1" 429 2768
2021-06-30 21:04:36,908 - urllib3.connectionpool - Starting new HTTP connection (1): 47.242.38.22:8083
2021-06-30 21:04:37,552 - urllib3.connectionpool - Starting new HTTP connection (1): 219.92.3.149:8080
2021-06-30 21:04:37,957 - urllib3.connectionpool - http://219.92.3.149:8080 "GET http://www.google.com/ HTTP/1.1" 403 5341
2021-06-30 21:04:37,964 - urllib3.connectionpool - Starting new HTTP connection (1): 113.160.206.37:55138
2021-06-30 21:04:38,472 - urllib3.connectionpool - Starting new HTTP connection (1): 103.83.118.10:55443
2021-06-30 21:04:38,985 - urllib3.connectionpool - Starting new HTTP connection (1): 91.234.127.222:53281
2021-06-30 21:04:39,492 - urllib3.connectionpool - Starting new HTTP connection (1): 51.222.21.93:32768
2021-06-30 21:04:40,006 - urllib3.connectionpool - Starting new HTTP connection (1): 160.16.56.24:3128
2021-06-30 21:04:40,515 - urllib3.connectionpool - Starting new HTTP connection (1): 189.85.89.98:80
2021-06-30 21:04:41,030 - urllib3.connectionpool - Starting new HTTP connection (1): 66.70.229.124:43567
2021-06-30 21:04:41,539 - urllib3.connectionpool - Starting new HTTP connection (1): 35.206.153.177:3128
2021-06-30 21:04:42,053 - urllib3.connectionpool - Starting new HTTP connection (1): 14.192.31.65:50838
2021-06-30 21:04:42,563 - urllib3.connectionpool - Starting new HTTP connection (1): 158.199.141.158:8083
2021-06-30 21:04:43,070 - urllib3.connectionpool - Starting new HTTP connection (1): 45.112.124.133:8080
2021-06-30 21:04:44,032 - urllib3.connectionpool - Starting new HTTP connection (1): 149.56.47.132:443
2021-06-30 21:04:44,540 - urllib3.connectionpool - Starting new HTTP connection (1): 160.16.226.31:3128
2021-06-30 21:04:45,049 - urllib3.connectionpool - Starting new HTTP connection (1): 119.81.189.194:80
2021-06-30 21:04:45,561 - urllib3.connectionpool - Starting new HTTP connection (1): 203.150.176.121:8080
2021-06-30 21:04:46,072 - urllib3.connectionpool - Starting new HTTP connection (1): 152.204.128.46:33047
2021-06-30 21:04:46,580 - urllib3.connectionpool - Starting new HTTP connection (1): 51.222.21.94:32768
2021-06-30 21:04:47,381 - urllib3.connectionpool - Starting new HTTP connection (1): 79.143.87.138:9090
2021-06-30 21:04:47,892 - urllib3.connectionpool - Starting new HTTP connection (1): 213.230.97.10:3128
2021-06-30 21:04:48,823 - urllib3.connectionpool - Starting new HTTP connection (1): 2.50.152.79:53281
2021-06-30 21:04:49,540 - urllib3.connectionpool - Starting new HTTP connection (1): 14.207.120.81:8080
2021-06-30 21:04:49,958 - urllib3.connectionpool - http://14.207.120.81:8080 "GET http://www.google.com/ HTTP/1.1" 200 6406
2021-06-30 21:04:49,963 - urllib3.connectionpool - Starting new HTTP connection (1): 14.207.120.81:8080
2021-06-30 21:04:50,285 - urllib3.connectionpool - http://14.207.120.81:8080 "GET http://www.google.com/ HTTP/1.1" 200 6376
2021-06-30 21:04:50,293 - urllib3.connectionpool - Starting new HTTPS connection (1): www.snipes.it:443
2021-06-30 21:04:55,501 - urllib3.connectionpool - https://www.snipes.it:443 "GET /c/new HTTP/1.1" 200 None
2021-06-30 21:04:56,341 - root - unhashable type: 'dict'
2021-06-30 21:04:56,345 - urllib3.connectionpool - Starting new HTTPS connection (1): www.sslproxies.org:443
2021-06-30 21:04:56,520 - urllib3.connectionpool - https://www.sslproxies.org:443 "GET / HTTP/1.1" 200 None
2021-06-30 21:04:56,530 - urllib3.connectionpool - Starting new HTTP connection (1): 119.81.189.194:80
2021-06-30 21:04:57,041 - urllib3.connectionpool - Starting new HTTP connection (1): 115.75.1.184:8118
2021-06-30 21:04:57,552 - urllib3.connectionpool - Starting new HTTP connection (1): 103.78.73.90:3128
2021-06-30 21:04:58,066 - urllib3.connectionpool - Starting new HTTP connection (1): 149.202.78.76:3128
2021-06-30 21:04:58,582 - urllib3.connectionpool - Starting new HTTP connection (1): 51.222.21.94:32768
2021-06-30 21:04:59,092 - urllib3.connectionpool - Starting new HTTP connection (1): 3.213.139.74:8888
2021-06-30 21:04:59,870 - urllib3.connectionpool - Starting new HTTP connection (1): 103.130.141.98:8080
2021-06-30 21:05:00,385 - urllib3.connectionpool - Starting new HTTP connection (1): 169.57.1.84:8123
2021-06-30 21:05:01,061 - urllib3.connectionpool - http://169.57.1.84:8123 "GET http://www.google.com/ HTTP/1.1" 403 3487
2021-06-30 21:05:01,063 - urllib3.connectionpool - Starting new HTTP connection (1): 169.57.1.84:8123
2021-06-30 21:05:01,744 - urllib3.connectionpool - http://169.57.1.84:8123 "GET http://www.google.com/ HTTP/1.1" 403 3487
2021-06-30 21:05:01,750 - urllib3.connectionpool - Starting new HTTPS connection (1): www.snipes.it:443
2021-06-30 21:05:03,267 - urllib3.connectionpool - https://www.snipes.it:443 "GET /c/new HTTP/1.1" 200 None
2021-06-30 21:05:04,082 - root - unhashable type: 'dict'
2021-06-30 21:05:04,083 - urllib3.connectionpool - Starting new HTTPS connection (1): www.sslproxies.org:443
2021-06-30 21:05:04,247 - urllib3.connectionpool - https://www.sslproxies.org:443 "GET / HTTP/1.1" 200 None
2021-06-30 21:05:04,282 - urllib3.connectionpool - Starting new HTTP connection (1): 201.132.155.198:8080
2021-06-30 21:05:04,784 - urllib3.connectionpool - Starting new HTTP connection (1): 51.255.7.223:43567
2021-06-30 21:05:05,299 - urllib3.connectionpool - Starting new HTTP connection (1): 45.176.243.116:8080
2021-06-30 21:05:05,813 - urllib3.connectionpool - Starting new HTTP connection (1): 180.211.192.59:8080
2021-06-30 21:05:06,324 - urllib3.connectionpool - Starting new HTTP connection (1): 195.110.7.195:3121
2021-06-30 21:05:06,834 - urllib3.connectionpool - Starting new HTTP connection (1): 43.241.141.28:35101
2021-06-30 21:05:41,276 - dotenv.main - Python-dotenv could not parse statement starting at line 14
2021-06-30 21:05:41,277 - root - Successfully started monitor
2021-06-30 21:05:41,280 - urllib3.connectionpool - Starting new HTTPS connection (1): discord.com:443
2021-06-30 21:05:41,886 - urllib3.connectionpool - https://discord.com:443 "POST /api/webhooks/850392839053639690/65cKLltyuopds0GR5ElwNaeKmhGKmEuXlILxyTidy5Yup0ZfrMMYbNIXK21qa8kcHlKk HTTP/1.1" 204 0
2021-06-30 21:05:41,891 - root - Payload delivered successfully, code 204.
2021-06-30 21:05:41,897 - urllib3.connectionpool - Starting new HTTPS connection (1): www.sslproxies.org:443
2021-06-30 21:05:42,063 - urllib3.connectionpool - https://www.sslproxies.org:443 "GET / HTTP/1.1" 200 None
2021-06-30 21:05:42,074 - urllib3.connectionpool - Starting new HTTPS connection (1): www.sslproxies.org:443
2021-06-30 21:05:42,246 - urllib3.connectionpool - https://www.sslproxies.org:443 "GET / HTTP/1.1" 200 None
2021-06-30 21:05:42,266 - urllib3.connectionpool - Starting new HTTP connection (1): 45.235.216.112:8080
2021-06-30 21:05:42,770 - urllib3.connectionpool - Starting new HTTP connection (1): 134.19.254.2:21231
2021-06-30 21:05:43,284 - urllib3.connectionpool - Starting new HTTP connection (1): 43.241.141.28:35101
2021-06-30 21:05:43,793 - urllib3.connectionpool - Starting new HTTP connection (1): 202.75.97.82:47009
2021-06-30 21:05:44,309 - urllib3.connectionpool - Starting new HTTP connection (1): 196.216.220.204:36739
2021-06-30 21:05:44,829 - urllib3.connectionpool - Starting new HTTP connection (1): 103.6.104.105:38898
2021-06-30 21:05:45,344 - urllib3.connectionpool - Starting new HTTP connection (1): 68.183.221.156:41933
2021-06-30 21:05:45,999 - urllib3.connectionpool - Starting new HTTP connection (1): 94.74.180.21:8080
2021-06-30 21:05:46,510 - urllib3.connectionpool - Starting new HTTP connection (1): 20.97.28.47:8080
2021-06-30 21:05:47,024 - urllib3.connectionpool - Starting new HTTP connection (1): 213.230.121.114:3128
2021-06-30 21:05:47,535 - urllib3.connectionpool - Starting new HTTP connection (1): 47.242.133.230:8083
2021-06-30 21:05:48,031 - urllib3.connectionpool - http://47.242.133.230:8083 "GET http://www.google.com/ HTTP/1.1" 302 313
2021-06-30 21:05:48,199 - urllib3.connectionpool - http://47.242.133.230:8083 "GET http://www.google.com/sorry/index?continue=http://www.google.com/&q=EgQv8oXmGNWe8oYGIhAwfa1PNyGPAeM5ZZtd1wCmMgFy HTTP/1.1" 429 2770
2021-06-30 21:05:48,204 - urllib3.connectionpool - Starting new HTTP connection (1): 47.242.133.230:8083
2021-06-30 21:05:48,853 - urllib3.connectionpool - Starting new HTTP connection (1): 189.85.89.98:80
2021-06-30 21:05:49,364 - urllib3.connectionpool - Starting new HTTP connection (1): 41.254.44.253:8080
2021-06-30 21:05:49,881 - urllib3.connectionpool - Starting new HTTP connection (1): 103.130.141.98:8080
2021-06-30 21:05:50,389 - urllib3.connectionpool - Starting new HTTP connection (1): 169.57.1.84:8123
2021-06-30 21:05:51,042 - urllib3.connectionpool - http://169.57.1.84:8123 "GET http://www.google.com/ HTTP/1.1" 403 3487
2021-06-30 21:05:51,050 - urllib3.connectionpool - Starting new HTTP connection (1): 169.57.1.84:8123
2021-06-30 21:05:51,682 - urllib3.connectionpool - http://169.57.1.84:8123 "GET http://www.google.com/ HTTP/1.1" 403 3487
2021-06-30 21:05:51,689 - urllib3.connectionpool - Starting new HTTPS connection (1): www.snipes.it:443
2021-06-30 21:05:53,419 - urllib3.connectionpool - https://www.snipes.it:443 "GET /c/new HTTP/1.1" 200 None
2021-06-30 21:05:54,481 - root - unhashable type: 'dict'
2021-06-30 21:05:54,484 - urllib3.connectionpool - Starting new HTTPS connection (1): www.sslproxies.org:443
2021-06-30 21:05:55,078 - urllib3.connectionpool - https://www.sslproxies.org:443 "GET / HTTP/1.1" 200 None
2021-06-30 21:05:55,113 - urllib3.connectionpool - Starting new HTTP connection (1): 68.183.221.156:41933
2021-06-30 21:05:55,623 - urllib3.connectionpool - Starting new HTTP connection (1): 144.217.101.245:3129
2021-06-30 21:05:56,136 - urllib3.connectionpool - Starting new HTTP connection (1): 189.85.89.98:80
2021-06-30 21:05:56,654 - urllib3.connectionpool - Starting new HTTP connection (1): 112.195.241.152:3256
2021-06-30 21:05:57,178 - urllib3.connectionpool - Starting new HTTP connection (1): 213.108.5.226:3128
2021-06-30 21:05:57,683 - urllib3.connectionpool - Starting new HTTP connection (1): 213.230.97.10:3128
2021-06-30 21:05:58,507 - urllib3.connectionpool - Starting new HTTP connection (1): 103.83.118.10:55443
2021-06-30 21:05:59,023 - urllib3.connectionpool - Starting new HTTP connection (1): 178.134.155.82:48146
2021-06-30 21:05:59,540 - urllib3.connectionpool - Starting new HTTP connection (1): 47.242.38.22:8083
2021-06-30 21:06:00,176 - urllib3.connectionpool - http://47.242.38.22:8083 "GET http://www.google.com/ HTTP/1.1" 302 313
2021-06-30 21:06:00,336 - urllib3.connectionpool - http://47.242.38.22:8083 "GET http://www.google.com/sorry/index?continue=http://www.google.com/&q=EgQv8iYWGOGe8oYGIhDtI-3oDrH-1Kq5vCxlQ7RhMgFy HTTP/1.1" 429 2768
2021-06-30 21:06:00,344 - urllib3.connectionpool - Starting new HTTP connection (1): 47.242.38.22:8083
2021-06-30 21:06:00,916 - urllib3.connectionpool - http://47.242.38.22:8083 "GET http://www.google.com/ HTTP/1.1" 302 313
2021-06-30 21:06:01,072 - urllib3.connectionpool - http://47.242.38.22:8083 "GET http://www.google.com/sorry/index?continue=http://www.google.com/&q=EgQv8iYWGOKe8oYGIhC8FEvshs9MD7ccP7LJbXkZMgFy HTTP/1.1" 429 2768
2021-06-30 21:06:01,079 - urllib3.connectionpool - Starting new HTTPS connection (1): www.snipes.it:443
2021-06-30 21:06:02,635 - urllib3.connectionpool - https://www.snipes.it:443 "GET /c/new HTTP/1.1" 200 None
2021-06-30 21:06:03,399 - root - unhashable type: 'dict'
2021-06-30 21:06:03,400 - urllib3.connectionpool - Starting new HTTPS connection (1): www.sslproxies.org:443
2021-06-30 21:06:03,567 - urllib3.connectionpool - https://www.sslproxies.org:443 "GET / HTTP/1.1" 200 None
2021-06-30 21:06:03,591 - urllib3.connectionpool - Starting new HTTP connection (1): 51.222.21.92:32768
2021-06-30 21:06:04,100 - urllib3.connectionpool - Starting new HTTP connection (1): 178.32.41.167:8080
2021-06-30 21:06:04,613 - urllib3.connectionpool - Starting new HTTP connection (1): 173.230.157.200:3128
2021-06-30 21:06:05,395 - urllib3.connectionpool - Starting new HTTP connection (1): 178.47.139.151:35102
2021-06-30 21:06:05,906 - urllib3.connectionpool - Starting new HTTP connection (1): 196.216.220.204:36739
2021-06-30 21:06:18,268 - dotenv.main - Python-dotenv could not parse statement starting at line 14
2021-06-30 21:06:18,269 - root - Successfully started monitor
2021-06-30 21:06:18,272 - urllib3.connectionpool - Starting new HTTPS connection (1): discord.com:443
2021-06-30 21:06:18,825 - urllib3.connectionpool - https://discord.com:443 "POST /api/webhooks/850392839053639690/65cKLltyuopds0GR5ElwNaeKmhGKmEuXlILxyTidy5Yup0ZfrMMYbNIXK21qa8kcHlKk HTTP/1.1" 204 0
2021-06-30 21:06:18,833 - root - Payload delivered successfully, code 204.
2021-06-30 21:06:18,841 - urllib3.connectionpool - Starting new HTTPS connection (1): www.sslproxies.org:443
2021-06-30 21:06:19,019 - urllib3.connectionpool - https://www.sslproxies.org:443 "GET / HTTP/1.1" 200 None
2021-06-30 21:06:19,030 - urllib3.connectionpool - Starting new HTTPS connection (1): www.sslproxies.org:443
2021-06-30 21:06:19,210 - urllib3.connectionpool - https://www.sslproxies.org:443 "GET / HTTP/1.1" 200 None
2021-06-30 21:06:19,249 - urllib3.connectionpool - Starting new HTTP connection (1): 149.202.78.76:3128
2021-06-30 21:06:19,757 - urllib3.connectionpool - Starting new HTTP connection (1): 27.76.180.53:6666
2021-06-30 21:06:20,271 - urllib3.connectionpool - Starting new HTTP connection (1): 177.94.212.123:443
2021-06-30 21:06:20,784 - urllib3.connectionpool - Starting new HTTP connection (1): 217.79.181.109:443
2021-06-30 21:06:21,475 - urllib3.connectionpool - Starting new HTTP connection (1): 213.108.5.226:3128
2021-06-30 21:06:21,989 - urllib3.connectionpool - Starting new HTTP connection (1): 91.234.127.222:53281
2021-06-30 21:06:22,504 - urllib3.connectionpool - Starting new HTTP connection (1): 169.57.1.84:8123
2021-06-30 21:06:23,256 - urllib3.connectionpool - http://169.57.1.84:8123 "GET http://www.google.com/ HTTP/1.1" 403 3487
2021-06-30 21:06:23,262 - urllib3.connectionpool - Starting new HTTP connection (1): 169.57.1.84:8123
2021-06-30 21:06:23,896 - urllib3.connectionpool - http://169.57.1.84:8123 "GET http://www.google.com/ HTTP/1.1" 403 3487
2021-06-30 21:06:23,904 - urllib3.connectionpool - Starting new HTTPS connection (1): www.snipes.it:443
2021-06-30 21:06:25,462 - urllib3.connectionpool - https://www.snipes.it:443 "GET /c/new HTTP/1.1" 200 None
2021-06-30 21:06:26,254 - root - unhashable type: 'dict'
2021-06-30 21:06:26,255 - urllib3.connectionpool - Starting new HTTPS connection (1): www.sslproxies.org:443
2021-06-30 21:06:26,432 - urllib3.connectionpool - https://www.sslproxies.org:443 "GET / HTTP/1.1" 200 None
2021-06-30 21:06:26,442 - urllib3.connectionpool - Starting new HTTP connection (1): 219.92.3.149:8080
2021-06-30 21:06:27,152 - urllib3.connectionpool - Starting new HTTP connection (1): 213.108.5.226:3128
2021-06-30 21:06:27,667 - urllib3.connectionpool - Starting new HTTP connection (1): 158.199.141.158:8083
2021-06-30 21:06:28,182 - urllib3.connectionpool - Starting new HTTP connection (1): 160.16.56.24:3128
2021-06-30 21:06:28,699 - urllib3.connectionpool - Starting new HTTP connection (1): 51.222.21.93:32768
2021-06-30 21:06:29,211 - urllib3.connectionpool - Starting new HTTP connection (1): 168.70.58.12:9265
2021-06-30 21:06:29,909 - urllib3.connectionpool - Starting new HTTP connection (1): 149.202.78.76:3128
2021-06-30 21:06:30,581 - urllib3.connectionpool - http://149.202.78.76:3128 "GET http://www.google.com/ HTTP/1.1" 302 313
2021-06-30 21:06:30,750 - urllib3.connectionpool - http://149.202.78.76:3128 "GET http://www.google.com/sorry/index?continue=http://www.google.com/&q=EgSVyk5MGP-e8oYGIhCQXUh2Udjeapl7wGQVAOd5MgFy HTTP/1.1" 429 2769
2021-06-30 21:06:30,758 - urllib3.connectionpool - Starting new HTTP connection (1): 149.202.78.76:3128
2021-06-30 21:06:31,440 - urllib3.connectionpool - Starting new HTTP connection (1): 23.251.138.105:8080
2021-06-30 21:06:32,173 - urllib3.connectionpool - Starting new HTTP connection (1): 178.134.155.82:48146
2021-06-30 21:06:32,690 - urllib3.connectionpool - Starting new HTTP connection (1): 103.122.186.57:80
2021-06-30 21:06:33,205 - urllib3.connectionpool - Starting new HTTP connection (1): 103.68.60.115:80
2021-06-30 21:06:33,716 - urllib3.connectionpool - Starting new HTTP connection (1): 161.202.226.194:80
2021-06-30 21:06:34,021 - urllib3.connectionpool - http://161.202.226.194:80 "GET http://www.google.com/ HTTP/1.1" 403 0
2021-06-30 21:06:34,024 - urllib3.connectionpool - Starting new HTTP connection (1): 161.202.226.194:80
2021-06-30 21:06:34,316 - urllib3.connectionpool - http://161.202.226.194:80 "GET http://www.google.com/ HTTP/1.1" 403 0
2021-06-30 21:06:34,323 - urllib3.connectionpool - Starting new HTTPS connection (1): www.snipes.it:443
2021-06-30 21:10:07,185 - dotenv.main - Python-dotenv could not parse statement starting at line 14
2021-06-30 21:10:07,185 - root - Successfully started monitor
2021-06-30 21:10:07,189 - urllib3.connectionpool - Starting new HTTPS connection (1): discord.com:443
2021-06-30 21:10:07,809 - urllib3.connectionpool - https://discord.com:443 "POST /api/webhooks/850392839053639690/65cKLltyuopds0GR5ElwNaeKmhGKmEuXlILxyTidy5Yup0ZfrMMYbNIXK21qa8kcHlKk HTTP/1.1" 204 0
2021-06-30 21:10:07,815 - root - Payload delivered successfully, code 204.
2021-06-30 21:10:07,825 - urllib3.connectionpool - Starting new HTTPS connection (1): www.sslproxies.org:443
2021-06-30 21:10:11,258 - urllib3.connectionpool - https://www.sslproxies.org:443 "GET / HTTP/1.1" 200 None
2021-06-30 21:10:11,291 - urllib3.connectionpool - Starting new HTTPS connection (1): www.sslproxies.org:443
2021-06-30 21:10:11,482 - urllib3.connectionpool - https://www.sslproxies.org:443 "GET / HTTP/1.1" 200 None
2021-06-30 21:10:11,522 - urllib3.connectionpool - Starting new HTTP connection (1): 177.91.111.253:8080
2021-06-30 21:10:12,030 - urllib3.connectionpool - Starting new HTTP connection (1): 45.235.216.112:8080
2021-06-30 21:10:12,542 - urllib3.connectionpool - Starting new HTTP connection (1): 158.199.141.158:8083
2021-06-30 21:10:13,058 - urllib3.connectionpool - Starting new HTTP connection (1): 35.206.153.177:3128
2021-06-30 21:10:13,572 - urllib3.connectionpool - Starting new HTTP connection (1): 103.83.118.10:55443
2021-06-30 21:10:14,091 - urllib3.connectionpool - Starting new HTTP connection (1): 23.251.138.105:8080
2021-06-30 21:10:14,818 - urllib3.connectionpool - Starting new HTTP connection (1): 103.227.254.118:2018
2021-06-30 21:10:15,325 - urllib3.connectionpool - Starting new HTTP connection (1): 202.75.97.82:47009
2021-06-30 21:10:15,939 - urllib3.connectionpool - Starting new HTTP connection (1): 168.70.58.12:9265
2021-06-30 21:10:16,595 - urllib3.connectionpool - Starting new HTTP connection (1): 51.79.157.202:443
2021-06-30 21:10:17,105 - urllib3.connectionpool - Starting new HTTP connection (1): 103.243.82.198:37358
2021-06-30 21:10:17,618 - urllib3.connectionpool - Starting new HTTP connection (1): 103.112.163.237:8080
2021-06-30 21:10:18,132 - urllib3.connectionpool - Starting new HTTP connection (1): 217.79.181.109:443
2021-06-30 21:10:18,831 - urllib3.connectionpool - Starting new HTTP connection (1): 201.132.155.198:8080
2021-06-30 21:10:19,344 - urllib3.connectionpool - Starting new HTTP connection (1): 14.207.120.81:8080
2021-06-30 21:10:19,855 - urllib3.connectionpool - Starting new HTTP connection (1): 51.222.21.93:32768
2021-06-30 21:10:20,627 - urllib3.connectionpool - Starting new HTTP connection (1): 2.50.152.79:53281
2021-06-30 21:10:21,585 - urllib3.connectionpool - http://2.50.152.79:53281 "GET http://www.google.com/ HTTP/1.1" 200 6384
2021-06-30 21:10:21,594 - urllib3.connectionpool - Starting new HTTP connection (1): 2.50.152.79:53281
2021-06-30 21:10:22,433 - urllib3.connectionpool - Starting new HTTP connection (1): 103.68.60.115:80
2021-06-30 21:10:23,082 - urllib3.connectionpool - Starting new HTTP connection (1): 91.234.127.222:53281
2021-06-30 21:10:23,807 - urllib3.connectionpool - Starting new HTTP connection (1): 195.110.7.195:3121
2021-06-30 21:10:24,317 - urllib3.connectionpool - Starting new HTTP connection (1): 178.32.41.167:8080
2021-06-30 21:10:24,798 - urllib3.connectionpool - http://178.32.41.167:8080 "GET http://www.google.com/ HTTP/1.1" 200 5705
2021-06-30 21:10:24,806 - urllib3.connectionpool - Starting new HTTP connection (1): 178.32.41.167:8080
2021-06-30 21:10:25,319 - urllib3.connectionpool - Starting new HTTP connection (1): 160.16.52.36:3128
2021-06-30 21:10:25,828 - urllib3.connectionpool - Starting new HTTP connection (1): 12.218.209.130:53281
2021-06-30 21:10:26,337 - urllib3.connectionpool - Starting new HTTP connection (1): 80.73.87.198:59175
2021-06-30 21:10:26,849 - urllib3.connectionpool - Starting new HTTP connection (1): 169.57.1.84:8123
2021-06-30 21:10:27,477 - urllib3.connectionpool - http://169.57.1.84:8123 "GET http://www.google.com/ HTTP/1.1" 403 3487
2021-06-30 21:10:27,481 - urllib3.connectionpool - Starting new HTTP connection (1): 169.57.1.84:8123
2021-06-30 21:10:28,129 - urllib3.connectionpool - http://169.57.1.84:8123 "GET http://www.google.com/ HTTP/1.1" 403 3487
2021-06-30 21:10:28,135 - urllib3.connectionpool - Starting new HTTPS connection (1): www.snipes.it:443
2021-06-30 21:10:29,775 - urllib3.connectionpool - https://www.snipes.it:443 "GET /c/new HTTP/1.1" 200 None
2021-06-30 21:10:30,587 - root - unhashable type: 'dict'
2021-06-30 21:10:30,588 - urllib3.connectionpool - Starting new HTTPS connection (1): www.sslproxies.org:443
2021-06-30 21:10:30,785 - urllib3.connectionpool - https://www.sslproxies.org:443 "GET / HTTP/1.1" 200 None
2021-06-30 21:10:30,818 - urllib3.connectionpool - Starting new HTTP connection (1): 173.230.157.200:3128
2021-06-30 21:10:31,602 - urllib3.connectionpool - Starting new HTTP connection (1): 79.143.87.117:9090
2021-06-30 21:10:32,286 - urllib3.connectionpool - Starting new HTTP connection (1): 196.216.220.204:36739
2021-06-30 21:10:32,801 - urllib3.connectionpool - Starting new HTTP connection (1): 8.210.172.60:8083
2021-06-30 21:10:56,594 - dotenv.main - Python-dotenv could not parse statement starting at line 14
2021-06-30 21:10:56,594 - root - Successfully started monitor
2021-06-30 21:10:56,598 - urllib3.connectionpool - Starting new HTTPS connection (1): discord.com:443
2021-06-30 21:11:04,330 - urllib3.connectionpool - https://discord.com:443 "POST /api/webhooks/850392839053639690/65cKLltyuopds0GR5ElwNaeKmhGKmEuXlILxyTidy5Yup0ZfrMMYbNIXK21qa8kcHlKk HTTP/1.1" 204 0
2021-06-30 21:11:04,332 - root - Payload delivered successfully, code 204.
2021-06-30 21:11:04,334 - urllib3.connectionpool - Starting new HTTPS connection (1): www.sslproxies.org:443
2021-06-30 21:11:04,518 - urllib3.connectionpool - https://www.sslproxies.org:443 "GET / HTTP/1.1" 200 None
2021-06-30 21:11:04,562 - urllib3.connectionpool - Starting new HTTPS connection (1): www.sslproxies.org:443
2021-06-30 21:11:04,744 - urllib3.connectionpool - https://www.sslproxies.org:443 "GET / HTTP/1.1" 200 None
2021-06-30 21:11:04,783 - urllib3.connectionpool - Starting new HTTP connection (1): 43.241.141.28:35101
2021-06-30 21:11:05,298 - urllib3.connectionpool - Starting new HTTP connection (1): 2.50.152.79:53281
2021-06-30 21:11:06,190 - urllib3.connectionpool - http://2.50.152.79:53281 "GET http://www.google.com/ HTTP/1.1" 200 6400
2021-06-30 21:11:06,194 - urllib3.connectionpool - Starting new HTTP connection (1): 2.50.152.79:53281
2021-06-30 21:11:07,007 - urllib3.connectionpool - http://2.50.152.79:53281 "GET http://www.google.com/ HTTP/1.1" 200 6369
2021-06-30 21:11:07,011 - urllib3.connectionpool - Starting new HTTPS connection (1): www.snipes.it:443
2021-06-30 21:11:08,134 - urllib3.connectionpool - https://www.snipes.it:443 "GET /c/new HTTP/1.1" 200 None
2021-06-30 21:11:08,659 - root - list index out of range
2021-06-30 21:11:08,660 - urllib3.connectionpool - Starting new HTTPS connection (1): www.sslproxies.org:443
2021-06-30 21:11:08,833 - urllib3.connectionpool - https://www.sslproxies.org:443 "GET / HTTP/1.1" 200 None
2021-06-30 21:11:08,853 - urllib3.connectionpool - Starting new HTTP connection (1): 213.108.5.226:3128
2021-06-30 21:11:09,368 - urllib3.connectionpool - Starting new HTTP connection (1): 168.70.58.12:9265
2021-06-30 21:11:09,878 - urllib3.connectionpool - Starting new HTTP connection (1): 34.70.80.97:8080
2021-06-30 21:11:10,599 - urllib3.connectionpool - http://34.70.80.97:8080 "GET http://www.google.com/ HTTP/1.1" 200 6092
2021-06-30 21:11:10,609 - urllib3.connectionpool - Starting new HTTP connection (1): 34.70.80.97:8080
2021-06-30 21:11:11,361 - urllib3.connectionpool - http://34.70.80.97:8080 "GET http://www.google.com/ HTTP/1.1" 200 6139
2021-06-30 21:11:11,378 - urllib3.connectionpool - Starting new HTTPS connection (1): www.snipes.it:443
2021-06-30 21:12:26,956 - dotenv.main - Python-dotenv could not parse statement starting at line 14
2021-06-30 21:12:26,956 - root - Successfully started monitor
2021-06-30 21:12:26,959 - urllib3.connectionpool - Starting new HTTPS connection (1): discord.com:443
2021-06-30 21:12:27,492 - urllib3.connectionpool - https://discord.com:443 "POST /api/webhooks/850392839053639690/65cKLltyuopds0GR5ElwNaeKmhGKmEuXlILxyTidy5Yup0ZfrMMYbNIXK21qa8kcHlKk HTTP/1.1" 204 0
2021-06-30 21:12:27,499 - root - Payload delivered successfully, code 204.
2021-06-30 21:12:27,506 - urllib3.connectionpool - Starting new HTTPS connection (1): www.sslproxies.org:443
2021-06-30 21:12:28,369 - urllib3.connectionpool - https://www.sslproxies.org:443 "GET / HTTP/1.1" 200 None
2021-06-30 21:12:28,406 - urllib3.connectionpool - Starting new HTTPS connection (1): www.sslproxies.org:443
2021-06-30 21:12:28,579 - urllib3.connectionpool - https://www.sslproxies.org:443 "GET / HTTP/1.1" 200 None
2021-06-30 21:12:28,619 - urllib3.connectionpool - Starting new HTTP connection (1): 94.74.180.21:8080
2021-06-30 21:12:29,140 - urllib3.connectionpool - Starting new HTTP connection (1): 178.32.41.167:8080
2021-06-30 21:12:29,807 - urllib3.connectionpool - Starting new HTTP connection (1): 202.75.97.82:47009
2021-06-30 21:12:30,316 - urllib3.connectionpool - Starting new HTTP connection (1): 41.65.146.38:8080
2021-06-30 21:12:30,827 - urllib3.connectionpool - Starting new HTTP connection (1): 169.57.1.84:8123
2021-06-30 21:12:31,478 - urllib3.connectionpool - http://169.57.1.84:8123 "GET http://www.google.com/ HTTP/1.1" 403 3487
2021-06-30 21:12:31,485 - urllib3.connectionpool - Starting new HTTP connection (1): 169.57.1.84:8123
2021-06-30 21:12:32,125 - urllib3.connectionpool - http://169.57.1.84:8123 "GET http://www.google.com/ HTTP/1.1" 403 3487
2021-06-30 21:12:32,132 - urllib3.connectionpool - Starting new HTTPS connection (1): www.snipes.it:443
2021-06-30 21:12:34,310 - urllib3.connectionpool - https://www.snipes.it:443 "GET /c/new HTTP/1.1" 200 None
2021-06-30 21:12:35,185 - root - 'NoneType' object is not subscriptable
2021-06-30 21:12:35,186 - urllib3.connectionpool - Starting new HTTPS connection (1): www.sslproxies.org:443
2021-06-30 21:12:35,357 - urllib3.connectionpool - https://www.sslproxies.org:443 "GET / HTTP/1.1" 200 None
2021-06-30 21:12:35,395 - urllib3.connectionpool - Starting new HTTP connection (1): 180.179.98.22:3128
2021-06-30 21:12:35,917 - urllib3.connectionpool - Starting new HTTP connection (1): 189.85.89.98:80
2021-06-30 21:12:36,427 - urllib3.connectionpool - Starting new HTTP connection (1): 169.57.1.85:80
2021-06-30 21:12:37,070 - urllib3.connectionpool - http://169.57.1.85:80 "GET http://www.google.com/ HTTP/1.1" 403 3487
2021-06-30 21:12:37,076 - urllib3.connectionpool - Starting new HTTP connection (1): 169.57.1.85:80
2021-06-30 21:13:13,444 - dotenv.main - Python-dotenv could not parse statement starting at line 14
2021-06-30 21:13:13,445 - root - Successfully started monitor
2021-06-30 21:13:13,448 - urllib3.connectionpool - Starting new HTTPS connection (1): discord.com:443
2021-06-30 21:13:13,998 - urllib3.connectionpool - https://discord.com:443 "POST /api/webhooks/850392839053639690/65cKLltyuopds0GR5ElwNaeKmhGKmEuXlILxyTidy5Yup0ZfrMMYbNIXK21qa8kcHlKk HTTP/1.1" 204 0
2021-06-30 21:13:14,005 - root - Payload delivered successfully, code 204.
2021-06-30 21:13:14,011 - urllib3.connectionpool - Starting new HTTPS connection (1): www.sslproxies.org:443
2021-06-30 21:13:14,181 - urllib3.connectionpool - https://www.sslproxies.org:443 "GET / HTTP/1.1" 200 None
2021-06-30 21:13:14,221 - urllib3.connectionpool - Starting new HTTPS connection (1): www.sslproxies.org:443
2021-06-30 21:13:14,400 - urllib3.connectionpool - https://www.sslproxies.org:443 "GET / HTTP/1.1" 200 None
2021-06-30 21:13:14,424 - urllib3.connectionpool - Starting new HTTP connection (1): 34.70.80.97:8080
2021-06-30 21:13:15,180 - urllib3.connectionpool - http://34.70.80.97:8080 "GET http://www.google.com/ HTTP/1.1" 200 6121
2021-06-30 21:13:15,189 - urllib3.connectionpool - Starting new HTTP connection (1): 34.70.80.97:8080
2021-06-30 21:13:15,919 - urllib3.connectionpool - http://34.70.80.97:8080 "GET http://www.google.com/ HTTP/1.1" 200 6107
2021-06-30 21:13:15,924 - urllib3.connectionpool - Starting new HTTPS connection (1): www.snipes.it:443
2021-06-30 21:13:17,895 - urllib3.connectionpool - https://www.snipes.it:443 "GET /c/new HTTP/1.1" 200 None
2021-06-30 21:13:18,720 - root - 'NoneType' object has no attribute 'text'
2021-06-30 21:13:18,721 - urllib3.connectionpool - Starting new HTTPS connection (1): www.sslproxies.org:443
2021-06-30 21:13:18,923 - urllib3.connectionpool - https://www.sslproxies.org:443 "GET / HTTP/1.1" 200 None
2021-06-30 21:13:18,961 - urllib3.connectionpool - Starting new HTTP connection (1): 2.50.152.79:53281
2021-06-30 21:13:19,471 - urllib3.connectionpool - Starting new HTTP connection (1): 103.84.235.138:7777
2021-06-30 21:13:19,916 - urllib3.connectionpool - http://103.84.235.138:7777 "GET http://www.google.com/ HTTP/1.1" 200 6077
2021-06-30 21:13:19,920 - urllib3.connectionpool - Starting new HTTP connection (1): 103.84.235.138:7777
2021-06-30 21:13:20,377 - urllib3.connectionpool - http://103.84.235.138:7777 "GET http://www.google.com/ HTTP/1.1" 200 6075
2021-06-30 21:13:20,382 - urllib3.connectionpool - Starting new HTTPS connection (1): www.snipes.it:443
2021-06-30 21:13:22,024 - urllib3.connectionpool - https://www.snipes.it:443 "GET /c/new HTTP/1.1" 200 None
2021-06-30 21:13:48,074 - dotenv.main - Python-dotenv could not parse statement starting at line 14
2021-06-30 21:13:48,075 - root - Successfully started monitor
2021-06-30 21:13:48,078 - urllib3.connectionpool - Starting new HTTPS connection (1): discord.com:443
2021-06-30 21:13:48,716 - urllib3.connectionpool - https://discord.com:443 "POST /api/webhooks/850392839053639690/65cKLltyuopds0GR5ElwNaeKmhGKmEuXlILxyTidy5Yup0ZfrMMYbNIXK21qa8kcHlKk HTTP/1.1" 204 0
2021-06-30 21:13:48,721 - root - Payload delivered successfully, code 204.
2021-06-30 21:13:48,725 - urllib3.connectionpool - Starting new HTTPS connection (1): www.sslproxies.org:443
2021-06-30 21:13:48,890 - urllib3.connectionpool - https://www.sslproxies.org:443 "GET / HTTP/1.1" 200 None
2021-06-30 21:13:48,902 - urllib3.connectionpool - Starting new HTTPS connection (1): www.sslproxies.org:443
2021-06-30 21:13:49,148 - urllib3.connectionpool - https://www.sslproxies.org:443 "GET / HTTP/1.1" 200 None
2021-06-30 21:13:49,169 - urllib3.connectionpool - Starting new HTTP connection (1): 203.150.176.121:8080
2021-06-30 21:13:49,503 - urllib3.connectionpool - http://203.150.176.121:8080 "GET http://www.google.com/ HTTP/1.1" 200 6406
2021-06-30 21:13:49,505 - urllib3.connectionpool - Starting new HTTP connection (1): 203.150.176.121:8080
2021-06-30 21:13:50,013 - urllib3.connectionpool - Starting new HTTP connection (1): 8.210.157.87:8083
2021-06-30 21:13:50,507 - urllib3.connectionpool - http://8.210.157.87:8083 "GET http://www.google.com/ HTTP/1.1" 302 313
2021-06-30 21:13:50,666 - urllib3.connectionpool - http://8.210.157.87:8083 "GET http://www.google.com/sorry/index?continue=http://www.google.com/&q=EgQI0p1XGLei8oYGIhA9kHMhnc6UCmShDMu3LAcbMgFy HTTP/1.1" 429 2768
2021-06-30 21:13:50,669 - urllib3.connectionpool - Starting new HTTP connection (1): 8.210.157.87:8083
2021-06-30 21:13:51,320 - urllib3.connectionpool - Starting new HTTP connection (1): 35.206.153.177:3128
2021-06-30 21:13:51,823 - urllib3.connectionpool - Starting new HTTP connection (1): 202.57.35.74:38629
2021-06-30 21:13:52,335 - urllib3.connectionpool - Starting new HTTP connection (1): 41.254.44.253:8080
2021-06-30 21:13:52,852 - urllib3.connectionpool - Starting new HTTP connection (1): 8.210.172.60:8083
2021-06-30 21:13:53,506 - urllib3.connectionpool - Starting new HTTP connection (1): 173.230.157.200:3128
2021-06-30 21:13:54,294 - urllib3.connectionpool - Starting new HTTP connection (1): 213.230.68.208:3128
2021-06-30 21:13:55,063 - urllib3.connectionpool - Starting new HTTP connection (1): 180.211.192.59:8080
2021-06-30 21:13:55,577 - urllib3.connectionpool - Starting new HTTP connection (1): 117.58.245.66:40137
2021-06-30 21:13:56,091 - urllib3.connectionpool - Starting new HTTP connection (1): 51.210.151.72:443
2021-06-30 21:13:56,599 - urllib3.connectionpool - Starting new HTTP connection (1): 213.230.97.10:3128
2021-06-30 21:13:57,106 - urllib3.connectionpool - Starting new HTTP connection (1): 34.70.80.97:8080
2021-06-30 21:13:57,823 - urllib3.connectionpool - http://34.70.80.97:8080 "GET http://www.google.com/ HTTP/1.1" 200 6110
2021-06-30 21:13:57,825 - urllib3.connectionpool - Starting new HTTP connection (1): 34.70.80.97:8080
2021-06-30 21:13:58,566 - urllib3.connectionpool - http://34.70.80.97:8080 "GET http://www.google.com/ HTTP/1.1" 200 6086
2021-06-30 21:13:58,571 - urllib3.connectionpool - Starting new HTTPS connection (1): www.snipes.it:443
2021-06-30 21:14:00,139 - urllib3.connectionpool - https://www.snipes.it:443 "GET /c/new HTTP/1.1" 200 None
2021-06-30 21:14:00,980 - root - 'NoneType' object is not subscriptable
2021-06-30 21:14:00,982 - urllib3.connectionpool - Starting new HTTPS connection (1): www.sslproxies.org:443
2021-06-30 21:14:01,172 - urllib3.connectionpool - https://www.sslproxies.org:443 "GET / HTTP/1.1" 200 None
2021-06-30 21:14:01,205 - urllib3.connectionpool - Starting new HTTP connection (1): 3.213.139.74:8888
2021-06-30 21:14:01,764 - urllib3.connectionpool - http://3.213.139.74:8888 "GET http://www.google.com/ HTTP/1.1" 200 6115
2021-06-30 21:14:01,769 - urllib3.connectionpool - Starting new HTTP connection (1): 160.16.56.24:3128
2021-06-30 21:14:02,287 - urllib3.connectionpool - Starting new HTTP connection (1): 46.8.247.3:50967
2021-06-30 21:14:02,802 - urllib3.connectionpool - Starting new HTTP connection (1): 51.222.21.93:32768
2021-06-30 21:14:03,312 - urllib3.connectionpool - Starting new HTTP connection (1): 202.75.97.82:47009
2021-06-30 21:14:03,834 - urllib3.connectionpool - Starting new HTTP connection (1): 47.242.38.22:8083
2021-06-30 21:14:04,332 - urllib3.connectionpool - http://47.242.38.22:8083 "GET http://www.google.com/ HTTP/1.1" 302 313
2021-06-30 21:14:04,492 - urllib3.connectionpool - http://47.242.38.22:8083 "GET http://www.google.com/sorry/index?continue=http://www.google.com/&q=EgQv8iYWGMWi8oYGIhAT0s35Dp8L3BMkTuLdF1scMgFy HTTP/1.1" 429 2768
2021-06-30 21:14:04,499 - urllib3.connectionpool - Starting new HTTP connection (1): 47.242.38.22:8083
2021-06-30 21:14:05,153 - urllib3.connectionpool - Starting new HTTP connection (1): 213.230.97.10:3128
2021-06-30 21:14:05,662 - urllib3.connectionpool - Starting new HTTP connection (1): 178.32.41.167:8080
2021-06-30 21:14:28,413 - dotenv.main - Python-dotenv could not parse statement starting at line 14
2021-06-30 21:14:28,414 - root - Successfully started monitor
2021-06-30 21:14:28,418 - urllib3.connectionpool - Starting new HTTPS connection (1): discord.com:443
2021-06-30 21:14:29,666 - urllib3.connectionpool - https://discord.com:443 "POST /api/webhooks/850392839053639690/65cKLltyuopds0GR5ElwNaeKmhGKmEuXlILxyTidy5Yup0ZfrMMYbNIXK21qa8kcHlKk HTTP/1.1" 204 0
2021-06-30 21:14:29,670 - root - Payload delivered successfully, code 204.
2021-06-30 21:14:29,672 - urllib3.connectionpool - Starting new HTTPS connection (1): www.sslproxies.org:443
2021-06-30 21:14:29,839 - urllib3.connectionpool - https://www.sslproxies.org:443 "GET / HTTP/1.1" 200 None
2021-06-30 21:14:29,853 - urllib3.connectionpool - Starting new HTTPS connection (1): www.sslproxies.org:443
2021-06-30 21:14:30,034 - urllib3.connectionpool - https://www.sslproxies.org:443 "GET / HTTP/1.1" 200 None
2021-06-30 21:14:30,049 - urllib3.connectionpool - Starting new HTTP connection (1): 213.230.68.208:3128
2021-06-30 21:14:30,556 - urllib3.connectionpool - Starting new HTTP connection (1): 34.70.80.97:8080
2021-06-30 21:14:31,235 - urllib3.connectionpool - http://34.70.80.97:8080 "GET http://www.google.com/ HTTP/1.1" 200 6080
2021-06-30 21:14:31,238 - urllib3.connectionpool - Starting new HTTP connection (1): 34.70.80.97:8080
2021-06-30 21:14:31,935 - urllib3.connectionpool - http://34.70.80.97:8080 "GET http://www.google.com/ HTTP/1.1" 200 6078
2021-06-30 21:14:31,943 - urllib3.connectionpool - Starting new HTTPS connection (1): www.snipes.it:443
2021-06-30 21:14:33,437 - urllib3.connectionpool - https://www.snipes.it:443 "GET /c/new HTTP/1.1" 200 None
2021-06-30 21:14:34,243 - root - 'NoneType' object has no attribute 'text'
2021-06-30 21:14:34,245 - urllib3.connectionpool - Starting new HTTPS connection (1): www.sslproxies.org:443
2021-06-30 21:14:34,421 - urllib3.connectionpool - https://www.sslproxies.org:443 "GET / HTTP/1.1" 200 None
2021-06-30 21:14:34,446 - urllib3.connectionpool - Starting new HTTP connection (1): 8.210.227.141:8083
2021-06-30 21:14:35,023 - urllib3.connectionpool - http://8.210.227.141:8083 "GET http://www.google.com/ HTTP/1.1" 302 313
2021-06-30 21:14:35,180 - urllib3.connectionpool - http://8.210.227.141:8083 "GET http://www.google.com/sorry/index?continue=http://www.google.com/&q=EgQI0uONGOSi8oYGIhDBNNW8jXHYvJJ68wDIFhqYMgFy HTTP/1.1" 429 2769
2021-06-30 21:14:35,182 - urllib3.connectionpool - Starting new HTTP connection (1): 8.210.227.141:8083
2021-06-30 21:14:35,723 - urllib3.connectionpool - http://8.210.227.141:8083 "GET http://www.google.com/ HTTP/1.1" 302 313
2021-06-30 21:14:35,885 - urllib3.connectionpool - http://8.210.227.141:8083 "GET http://www.google.com/sorry/index?continue=http://www.google.com/&q=EgQI0uONGOWi8oYGIhA30hTGvL8UlgygG9U22_33MgFy HTTP/1.1" 429 2769
2021-06-30 21:14:35,887 - urllib3.connectionpool - Starting new HTTPS connection (1): www.snipes.it:443
2021-06-30 21:14:37,427 - urllib3.connectionpool - https://www.snipes.it:443 "GET /c/new HTTP/1.1" 200 None
2021-06-30 21:14:38,271 - root - 'NoneType' object has no attribute 'text'
2021-06-30 21:14:38,273 - urllib3.connectionpool - Starting new HTTPS connection (1): www.sslproxies.org:443
2021-06-30 21:14:38,435 - urllib3.connectionpool - https://www.sslproxies.org:443 "GET / HTTP/1.1" 200 None
2021-06-30 21:14:38,450 - urllib3.connectionpool - Starting new HTTP connection (1): 149.202.78.76:3128
2021-06-30 21:14:38,959 - urllib3.connectionpool - Starting new HTTP connection (1): 46.8.247.3:50967
2021-06-30 21:14:39,708 - urllib3.connectionpool - Starting new HTTP connection (1): 182.52.236.134:8080
2021-06-30 21:14:40,227 - urllib3.connectionpool - Starting new HTTP connection (1): 8.210.172.60:8083
2021-06-30 21:14:40,771 - urllib3.connectionpool - http://8.210.172.60:8083 "GET http://www.google.com/ HTTP/1.1" 302 313
2021-06-30 21:14:40,949 - urllib3.connectionpool - http://8.210.172.60:8083 "GET http://www.google.com/sorry/index?continue=http://www.google.com/&q=EgQI0qw8GOqi8oYGIhDTJe7slhVLFrjYpNzF0MnPMgFy HTTP/1.1" 429 2768
2021-06-30 21:14:40,956 - urllib3.connectionpool - Starting new HTTP connection (1): 8.210.172.60:8083
2021-06-30 21:14:41,578 - urllib3.connectionpool - Starting new HTTP connection (1): 202.57.35.74:38629
2021-06-30 21:14:42,094 - urllib3.connectionpool - Starting new HTTP connection (1): 202.75.97.82:47009
2021-06-30 21:14:42,610 - urllib3.connectionpool - Starting new HTTP connection (1): 35.206.153.177:3128
2021-06-30 21:14:43,119 - urllib3.connectionpool - Starting new HTTP connection (1): 162.243.167.58:3128
2021-06-30 21:14:46,798 - dotenv.main - Python-dotenv could not parse statement starting at line 14
2021-06-30 21:14:46,799 - root - Successfully started monitor
2021-06-30 21:14:46,803 - urllib3.connectionpool - Starting new HTTPS connection (1): discord.com:443
2021-06-30 21:14:47,502 - urllib3.connectionpool - https://discord.com:443 "POST /api/webhooks/850392839053639690/65cKLltyuopds0GR5ElwNaeKmhGKmEuXlILxyTidy5Yup0ZfrMMYbNIXK21qa8kcHlKk HTTP/1.1" 204 0
2021-06-30 21:14:47,508 - root - Payload delivered successfully, code 204.
2021-06-30 21:14:47,513 - urllib3.connectionpool - Starting new HTTPS connection (1): www.sslproxies.org:443
2021-06-30 21:14:47,702 - urllib3.connectionpool - https://www.sslproxies.org:443 "GET / HTTP/1.1" 200 None
2021-06-30 21:14:47,740 - urllib3.connectionpool - Starting new HTTPS connection (1): www.sslproxies.org:443
2021-06-30 21:14:47,938 - urllib3.connectionpool - https://www.sslproxies.org:443 "GET / HTTP/1.1" 200 None
2021-06-30 21:14:47,957 - urllib3.connectionpool - Starting new HTTP connection (1): 169.57.1.84:8123
2021-06-30 21:14:48,579 - urllib3.connectionpool - http://169.57.1.84:8123 "GET http://www.google.com/ HTTP/1.1" 403 3487
2021-06-30 21:14:48,586 - urllib3.connectionpool - Starting new HTTP connection (1): 169.57.1.84:8123
2021-06-30 21:14:49,219 - urllib3.connectionpool - http://169.57.1.84:8123 "GET http://www.google.com/ HTTP/1.1" 403 3487
2021-06-30 21:14:49,226 - urllib3.connectionpool - Starting new HTTPS connection (1): www.snipes.it:443
2021-06-30 21:14:50,815 - urllib3.connectionpool - https://www.snipes.it:443 "GET /c/new HTTP/1.1" 200 None
2021-06-30 21:14:51,544 - root - ResultSet object has no attribute 'text'. You're probably treating a list of elements like a single element. Did you call find_all() when you meant to call find()?
2021-06-30 21:14:51,546 - urllib3.connectionpool - Starting new HTTPS connection (1): www.sslproxies.org:443
2021-06-30 21:14:51,712 - urllib3.connectionpool - https://www.sslproxies.org:443 "GET / HTTP/1.1" 200 None
2021-06-30 21:14:51,738 - urllib3.connectionpool - Starting new HTTP connection (1): 8.210.227.141:8083
2021-06-30 21:14:52,337 - urllib3.connectionpool - http://8.210.227.141:8083 "GET http://www.google.com/ HTTP/1.1" 302 313
2021-06-30 21:14:52,546 - urllib3.connectionpool - http://8.210.227.141:8083 "GET http://www.google.com/sorry/index?continue=http://www.google.com/&q=EgQI0uONGPWi8oYGIhDO9k3Wb7qNaBx44XH0tC39MgFy HTTP/1.1" 429 2769
2021-06-30 21:14:52,550 - urllib3.connectionpool - Starting new HTTP connection (1): 8.210.227.141:8083
2021-06-30 21:14:53,200 - urllib3.connectionpool - Starting new HTTP connection (1): 104.237.226.37:5678
2021-06-30 21:14:53,714 - urllib3.connectionpool - Starting new HTTP connection (1): 68.183.221.156:41933
2021-06-30 21:14:54,228 - urllib3.connectionpool - Starting new HTTP connection (1): 213.108.5.226:3128
2021-06-30 21:14:54,739 - urllib3.connectionpool - Starting new HTTP connection (1): 149.56.47.132:443
2021-06-30 21:14:55,525 - urllib3.connectionpool - Starting new HTTP connection (1): 103.1.93.184:55443
2021-06-30 21:15:14,548 - dotenv.main - Python-dotenv could not parse statement starting at line 14
2021-06-30 21:15:14,548 - root - Successfully started monitor
2021-06-30 21:15:14,552 - urllib3.connectionpool - Starting new HTTPS connection (1): discord.com:443
2021-06-30 21:15:15,251 - urllib3.connectionpool - https://discord.com:443 "POST /api/webhooks/850392839053639690/65cKLltyuopds0GR5ElwNaeKmhGKmEuXlILxyTidy5Yup0ZfrMMYbNIXK21qa8kcHlKk HTTP/1.1" 204 0
2021-06-30 21:15:15,258 - root - Payload delivered successfully, code 204.
2021-06-30 21:15:15,265 - urllib3.connectionpool - Starting new HTTPS connection (1): www.sslproxies.org:443
2021-06-30 21:15:15,514 - urllib3.connectionpool - https://www.sslproxies.org:443 "GET / HTTP/1.1" 200 None
2021-06-30 21:15:15,548 - urllib3.connectionpool - Starting new HTTPS connection (1): www.sslproxies.org:443
2021-06-30 21:15:15,727 - urllib3.connectionpool - https://www.sslproxies.org:443 "GET / HTTP/1.1" 200 None
2021-06-30 21:15:15,743 - urllib3.connectionpool - Starting new HTTP connection (1): 182.253.234.140:44922
2021-06-30 21:15:16,259 - urllib3.connectionpool - Starting new HTTP connection (1): 8.210.234.204:8083
2021-06-30 21:15:16,559 - urllib3.connectionpool - http://8.210.234.204:8083 "GET http://www.google.com/ HTTP/1.1" 200 6075
2021-06-30 21:15:16,567 - urllib3.connectionpool - Starting new HTTP connection (1): 8.210.234.204:8083
2021-06-30 21:15:16,879 - urllib3.connectionpool - http://8.210.234.204:8083 "GET http://www.google.com/ HTTP/1.1" 200 6111
2021-06-30 21:15:16,883 - urllib3.connectionpool - Starting new HTTPS connection (1): www.snipes.it:443
2021-06-30 21:15:18,401 - urllib3.connectionpool - https://www.snipes.it:443 "GET /c/new HTTP/1.1" 200 None
2021-06-30 21:15:19,477 - root - list index out of range
2021-06-30 21:15:19,479 - urllib3.connectionpool - Starting new HTTPS connection (1): www.sslproxies.org:443
2021-06-30 21:15:20,182 - urllib3.connectionpool - https://www.sslproxies.org:443 "GET / HTTP/1.1" 200 None
2021-06-30 21:15:20,223 - urllib3.connectionpool - Starting new HTTP connection (1): 45.235.110.67:53281
2021-06-30 21:15:20,745 - urllib3.connectionpool - Starting new HTTP connection (1): 51.79.157.202:443
2021-06-30 21:15:21,258 - urllib3.connectionpool - Starting new HTTP connection (1): 103.26.130.156:55443
2021-06-30 21:15:21,773 - urllib3.connectionpool - Starting new HTTP connection (1): 43.224.10.23:6666
2021-06-30 21:16:21,853 - dotenv.main - Python-dotenv could not parse statement starting at line 14
2021-06-30 21:16:21,853 - root - Successfully started monitor
2021-06-30 21:16:21,856 - urllib3.connectionpool - Starting new HTTPS connection (1): discord.com:443
2021-06-30 21:16:22,401 - urllib3.connectionpool - https://discord.com:443 "POST /api/webhooks/850392839053639690/65cKLltyuopds0GR5ElwNaeKmhGKmEuXlILxyTidy5Yup0ZfrMMYbNIXK21qa8kcHlKk HTTP/1.1" 204 0
2021-06-30 21:16:22,410 - root - Payload delivered successfully, code 204.
2021-06-30 21:16:22,415 - urllib3.connectionpool - Starting new HTTPS connection (1): www.sslproxies.org:443
2021-06-30 21:16:22,577 - urllib3.connectionpool - https://www.sslproxies.org:443 "GET / HTTP/1.1" 200 None
2021-06-30 21:16:22,603 - urllib3.connectionpool - Starting new HTTPS connection (1): www.sslproxies.org:443
2021-06-30 21:16:22,802 - urllib3.connectionpool - https://www.sslproxies.org:443 "GET / HTTP/1.1" 200 None
2021-06-30 21:16:22,834 - urllib3.connectionpool - Starting new HTTP connection (1): 27.112.70.151:8083
2021-06-30 21:16:23,575 - urllib3.connectionpool - Starting new HTTP connection (1): 35.206.153.177:3128
2021-06-30 21:16:24,261 - urllib3.connectionpool - Starting new HTTP connection (1): 202.57.35.74:38629
2021-06-30 21:16:24,777 - urllib3.connectionpool - Starting new HTTP connection (1): 51.255.7.223:43567
2021-06-30 21:16:25,458 - urllib3.connectionpool - Starting new HTTP connection (1): 79.143.87.138:9090
2021-06-30 21:16:25,972 - urllib3.connectionpool - Starting new HTTP connection (1): 34.70.80.97:8080
2021-06-30 21:16:26,721 - urllib3.connectionpool - http://34.70.80.97:8080 "GET http://www.google.com/ HTTP/1.1" 200 6110
2021-06-30 21:16:26,730 - urllib3.connectionpool - Starting new HTTP connection (1): 34.70.80.97:8080
2021-06-30 21:16:27,468 - urllib3.connectionpool - http://34.70.80.97:8080 "GET http://www.google.com/ HTTP/1.1" 200 6111
2021-06-30 21:16:27,477 - urllib3.connectionpool - Starting new HTTPS connection (1): www.snipes.it:443
2021-06-30 21:16:29,614 - urllib3.connectionpool - https://www.snipes.it:443 "GET /c/new HTTP/1.1" 200 None
2021-06-30 21:16:30,462 - root - list index out of range
2021-06-30 21:16:30,464 - urllib3.connectionpool - Starting new HTTPS connection (1): www.sslproxies.org:443
2021-06-30 21:16:30,643 - urllib3.connectionpool - https://www.sslproxies.org:443 "GET / HTTP/1.1" 200 None
2021-06-30 21:16:30,677 - urllib3.connectionpool - Starting new HTTP connection (1): 218.16.62.152:3128
2021-06-30 21:16:31,477 - urllib3.connectionpool - Starting new HTTP connection (1): 47.242.29.194:8083
2021-06-30 21:16:32,129 - urllib3.connectionpool - Starting new HTTP connection (1): 14.207.120.81:8080
2021-06-30 21:16:32,643 - urllib3.connectionpool - Starting new HTTP connection (1): 196.216.220.204:36739
2021-06-30 21:16:54,020 - dotenv.main - Python-dotenv could not parse statement starting at line 14
2021-06-30 21:16:54,020 - root - Successfully started monitor
2021-06-30 21:16:54,024 - urllib3.connectionpool - Starting new HTTPS connection (1): discord.com:443
2021-06-30 21:16:54,569 - urllib3.connectionpool - https://discord.com:443 "POST /api/webhooks/850392839053639690/65cKLltyuopds0GR5ElwNaeKmhGKmEuXlILxyTidy5Yup0ZfrMMYbNIXK21qa8kcHlKk HTTP/1.1" 204 0
2021-06-30 21:16:54,575 - root - Payload delivered successfully, code 204.
2021-06-30 21:16:54,585 - urllib3.connectionpool - Starting new HTTPS connection (1): www.sslproxies.org:443
2021-06-30 21:16:54,762 - urllib3.connectionpool - https://www.sslproxies.org:443 "GET / HTTP/1.1" 200 None
2021-06-30 21:16:54,789 - urllib3.connectionpool - Starting new HTTPS connection (1): www.sslproxies.org:443
2021-06-30 21:16:54,964 - urllib3.connectionpool - https://www.sslproxies.org:443 "GET / HTTP/1.1" 200 None
2021-06-30 21:16:54,982 - urllib3.connectionpool - Starting new HTTP connection (1): 117.58.245.66:40137
2021-06-30 21:16:55,493 - urllib3.connectionpool - Starting new HTTP connection (1): 45.235.216.112:8080
2021-06-30 21:16:56,007 - urllib3.connectionpool - Starting new HTTP connection (1): 51.222.21.93:32768
2021-06-30 21:16:56,524 - urllib3.connectionpool - Starting new HTTP connection (1): 103.158.69.178:3128
2021-06-30 21:16:57,046 - urllib3.connectionpool - Starting new HTTP connection (1): 103.83.118.10:55443
2021-06-30 21:16:57,557 - urllib3.connectionpool - Starting new HTTP connection (1): 213.108.5.226:3128
2021-06-30 21:16:58,069 - urllib3.connectionpool - Starting new HTTP connection (1): 160.16.56.24:3128
2021-06-30 21:16:58,747 - urllib3.connectionpool - Starting new HTTP connection (1): 189.85.89.98:80
2021-06-30 21:16:59,260 - urllib3.connectionpool - Starting new HTTP connection (1): 79.143.87.117:9090
2021-06-30 21:16:59,773 - urllib3.connectionpool - Starting new HTTP connection (1): 103.227.254.118:2018
2021-06-30 21:17:00,596 - urllib3.connectionpool - Starting new HTTP connection (1): 27.112.70.151:8083
2021-06-30 21:17:01,352 - urllib3.connectionpool - Starting new HTTP connection (1): 208.80.28.208:8080
2021-06-30 21:17:01,862 - urllib3.connectionpool - Starting new HTTP connection (1): 103.156.57.66:3127
2021-06-30 21:17:02,374 - urllib3.connectionpool - Starting new HTTP connection (1): 94.74.180.21:8080
2021-06-30 21:17:02,886 - urllib3.connectionpool - Starting new HTTP connection (1): 178.134.155.82:48146
2021-06-30 21:17:03,642 - urllib3.connectionpool - Starting new HTTP connection (1): 119.81.189.194:80
2021-06-30 21:17:03,892 - urllib3.connectionpool - http://119.81.189.194:80 "GET http://www.google.com/ HTTP/1.1" 403 0
2021-06-30 21:17:03,899 - urllib3.connectionpool - Starting new HTTP connection (1): 119.81.189.194:80
2021-06-30 21:17:04,138 - urllib3.connectionpool - http://119.81.189.194:80 "GET http://www.google.com/ HTTP/1.1" 403 0
2021-06-30 21:17:04,145 - urllib3.connectionpool - Starting new HTTPS connection (1): www.snipes.it:443
2021-06-30 21:17:05,675 - urllib3.connectionpool - https://www.snipes.it:443 "GET /c/new HTTP/1.1" 200 None
2021-06-30 21:17:06,668 - root - list index out of range
2021-06-30 21:17:06,669 - urllib3.connectionpool - Starting new HTTPS connection (1): www.sslproxies.org:443
2021-06-30 21:17:07,393 - urllib3.connectionpool - https://www.sslproxies.org:443 "GET / HTTP/1.1" 200 None
2021-06-30 21:17:07,422 - urllib3.connectionpool - Starting new HTTP connection (1): 103.112.163.237:8080
2021-06-30 21:17:07,942 - urllib3.connectionpool - Starting new HTTP connection (1): 196.216.220.204:36739
2021-06-30 21:17:08,456 - urllib3.connectionpool - Starting new HTTP connection (1): 103.130.141.98:8080
2021-06-30 21:17:09,258 - urllib3.connectionpool - Starting new HTTP connection (1): 201.132.155.198:8080
2021-06-30 21:17:09,770 - urllib3.connectionpool - Starting new HTTP connection (1): 178.134.155.82:48146
2021-06-30 21:17:30,949 - dotenv.main - Python-dotenv could not parse statement starting at line 14
2021-06-30 21:17:30,950 - root - Successfully started monitor
2021-06-30 21:17:30,954 - urllib3.connectionpool - Starting new HTTPS connection (1): discord.com:443
2021-06-30 21:17:31,485 - urllib3.connectionpool - https://discord.com:443 "POST /api/webhooks/850392839053639690/65cKLltyuopds0GR5ElwNaeKmhGKmEuXlILxyTidy5Yup0ZfrMMYbNIXK21qa8kcHlKk HTTP/1.1" 204 0
2021-06-30 21:17:31,491 - root - Payload delivered successfully, code 204.
2021-06-30 21:17:31,501 - urllib3.connectionpool - Starting new HTTPS connection (1): www.sslproxies.org:443
2021-06-30 21:17:31,673 - urllib3.connectionpool - https://www.sslproxies.org:443 "GET / HTTP/1.1" 200 None
2021-06-30 21:17:31,689 - urllib3.connectionpool - Starting new HTTPS connection (1): www.sslproxies.org:443
2021-06-30 21:17:31,910 - urllib3.connectionpool - https://www.sslproxies.org:443 "GET / HTTP/1.1" 200 None
2021-06-30 21:17:31,947 - urllib3.connectionpool - Starting new HTTP connection (1): 149.56.47.132:443
2021-06-30 21:17:32,460 - urllib3.connectionpool - Starting new HTTP connection (1): 149.202.78.76:3128
2021-06-30 21:17:32,976 - urllib3.connectionpool - Starting new HTTP connection (1): 47.242.133.230:8083
2021-06-30 21:17:33,622 - urllib3.connectionpool - Starting new HTTP connection (1): 3.213.139.74:8888
2021-06-30 21:17:34,392 - urllib3.connectionpool - Starting new HTTP connection (1): 162.243.167.58:3128
2021-06-30 21:17:34,904 - urllib3.connectionpool - Starting new HTTP connection (1): 213.108.5.226:3128
2021-06-30 21:17:35,410 - urllib3.connectionpool - Starting new HTTP connection (1): 177.94.212.123:443
2021-06-30 21:17:35,924 - urllib3.connectionpool - Starting new HTTP connection (1): 46.8.247.3:50967
2021-06-30 21:17:36,443 - urllib3.connectionpool - Starting new HTTP connection (1): 12.218.209.130:53281
2021-06-30 21:17:36,956 - urllib3.connectionpool - Starting new HTTP connection (1): 113.160.206.37:55138
2021-06-30 21:17:37,469 - urllib3.connectionpool - Starting new HTTP connection (1): 51.210.151.72:443
2021-06-30 21:17:37,983 - urllib3.connectionpool - Starting new HTTP connection (1): 173.230.157.200:3128
2021-06-30 21:17:38,496 - urllib3.connectionpool - Starting new HTTP connection (1): 51.222.21.92:32768
2021-06-30 21:17:39,010 - urllib3.connectionpool - Starting new HTTP connection (1): 202.57.35.74:38629
2021-06-30 21:17:39,521 - urllib3.connectionpool - Starting new HTTP connection (1): 47.242.138.117:8083
2021-06-30 21:17:40,037 - urllib3.connectionpool - http://47.242.138.117:8083 "GET http://www.google.com/ HTTP/1.1" 302 313
2021-06-30 21:17:40,199 - urllib3.connectionpool - http://47.242.138.117:8083 "GET http://www.google.com/sorry/index?continue=http://www.google.com/&q=EgQv8op1GJ2k8oYGIhC2uHFpLeGFCtaaMYnF0oD6MgFy HTTP/1.1" 429 2770
2021-06-30 21:17:40,205 - urllib3.connectionpool - Starting new HTTP connection (1): 47.242.138.117:8083
2021-06-30 21:17:40,853 - urllib3.connectionpool - Starting new HTTP connection (1): 79.143.87.138:9090
2021-06-30 21:17:41,367 - urllib3.connectionpool - Starting new HTTP connection (1): 103.78.73.90:3128
2021-06-30 21:17:41,874 - urllib3.connectionpool - Starting new HTTP connection (1): 103.1.93.184:55443
2021-06-30 21:17:42,385 - urllib3.connectionpool - Starting new HTTP connection (1): 219.92.3.149:8080
2021-06-30 21:17:43,114 - urllib3.connectionpool - Starting new HTTP connection (1): 169.57.1.84:8123
2021-06-30 21:17:43,765 - urllib3.connectionpool - http://169.57.1.84:8123 "GET http://www.google.com/ HTTP/1.1" 403 3487
2021-06-30 21:17:43,772 - urllib3.connectionpool - Starting new HTTP connection (1): 169.57.1.84:8123
2021-06-30 21:17:44,417 - urllib3.connectionpool - http://169.57.1.84:8123 "GET http://www.google.com/ HTTP/1.1" 403 3487
2021-06-30 21:17:44,424 - urllib3.connectionpool - Starting new HTTPS connection (1): www.snipes.it:443
2021-06-30 21:17:45,854 - urllib3.connectionpool - https://www.snipes.it:443 "GET /c/new HTTP/1.1" 200 None
2021-06-30 21:17:46,694 - root - list index out of range
2021-06-30 21:17:46,696 - urllib3.connectionpool - Starting new HTTPS connection (1): www.sslproxies.org:443
2021-06-30 21:17:46,872 - urllib3.connectionpool - https://www.sslproxies.org:443 "GET / HTTP/1.1" 200 None
2021-06-30 21:17:46,904 - urllib3.connectionpool - Starting new HTTP connection (1): 182.253.234.140:44922
2021-06-30 21:17:47,426 - urllib3.connectionpool - Starting new HTTP connection (1): 79.143.87.117:9090
2021-06-30 21:17:47,935 - urllib3.connectionpool - Starting new HTTP connection (1): 103.78.73.90:3128
2021-06-30 21:17:48,447 - urllib3.connectionpool - Starting new HTTP connection (1): 119.81.189.194:80
2021-06-30 21:17:48,688 - urllib3.connectionpool - http://119.81.189.194:80 "GET http://www.google.com/ HTTP/1.1" 403 0
2021-06-30 21:17:48,695 - urllib3.connectionpool - Starting new HTTP connection (1): 119.81.189.194:80
2021-06-30 21:17:48,939 - urllib3.connectionpool - http://119.81.189.194:80 "GET http://www.google.com/ HTTP/1.1" 403 0
2021-06-30 21:17:48,947 - urllib3.connectionpool - Starting new HTTPS connection (1): www.snipes.it:443
2021-06-30 21:17:50,490 - urllib3.connectionpool - https://www.snipes.it:443 "GET /c/new HTTP/1.1" 200 None
2021-06-30 21:17:52,169 - root - list index out of range
2021-06-30 21:17:52,171 - urllib3.connectionpool - Starting new HTTPS connection (1): www.sslproxies.org:443
2021-06-30 21:17:52,373 - urllib3.connectionpool - https://www.sslproxies.org:443 "GET / HTTP/1.1" 200 None
2021-06-30 21:17:52,414 - urllib3.connectionpool - Starting new HTTP connection (1): 47.242.21.77:8083
2021-06-30 21:17:52,744 - urllib3.connectionpool - http://47.242.21.77:8083 "GET http://www.google.com/ HTTP/1.1" 200 6023
2021-06-30 21:17:52,752 - urllib3.connectionpool - Starting new HTTP connection (1): 47.242.21.77:8083
2021-06-30 21:17:52,980 - urllib3.connectionpool - Starting new HTTP connection (1): 34.70.80.97:8080
2021-06-30 21:17:53,725 - urllib3.connectionpool - http://34.70.80.97:8080 "GET http://www.google.com/ HTTP/1.1" 200 6108
2021-06-30 21:17:53,734 - urllib3.connectionpool - Starting new HTTP connection (1): 34.70.80.97:8080
2021-06-30 21:23:46,730 - dotenv.main - Python-dotenv could not parse statement starting at line 14
2021-06-30 21:23:46,732 - root - Successfully started monitor
2021-06-30 21:23:46,735 - urllib3.connectionpool - Starting new HTTPS connection (1): discord.com:443
2021-06-30 21:23:47,282 - urllib3.connectionpool - https://discord.com:443 "POST /api/webhooks/850392839053639690/65cKLltyuopds0GR5ElwNaeKmhGKmEuXlILxyTidy5Yup0ZfrMMYbNIXK21qa8kcHlKk HTTP/1.1" 204 0
2021-06-30 21:23:47,286 - root - Payload delivered successfully, code 204.
2021-06-30 21:23:47,290 - urllib3.connectionpool - Starting new HTTPS connection (1): www.sslproxies.org:443
2021-06-30 21:23:48,269 - urllib3.connectionpool - https://www.sslproxies.org:443 "GET / HTTP/1.1" 200 None
2021-06-30 21:23:48,284 - urllib3.connectionpool - Starting new HTTPS connection (1): www.sslproxies.org:443
2021-06-30 21:23:48,482 - urllib3.connectionpool - https://www.sslproxies.org:443 "GET / HTTP/1.1" 200 None
2021-06-30 21:23:48,516 - urllib3.connectionpool - Starting new HTTP connection (1): 45.235.110.67:53281
2021-06-30 21:23:49,025 - urllib3.connectionpool - Starting new HTTP connection (1): 35.206.153.177:3128
2021-06-30 21:23:49,537 - urllib3.connectionpool - Starting new HTTP connection (1): 8.210.227.141:8083
2021-06-30 21:23:50,181 - urllib3.connectionpool - Starting new HTTP connection (1): 41.217.219.53:31398
2021-06-30 21:23:50,697 - urllib3.connectionpool - Starting new HTTP connection (1): 20.97.28.47:8080
2021-06-30 21:23:51,212 - urllib3.connectionpool - Starting new HTTP connection (1): 27.116.51.178:6666
2021-06-30 21:23:51,721 - urllib3.connectionpool - Starting new HTTP connection (1): 46.8.247.3:50967
2021-06-30 21:23:52,231 - urllib3.connectionpool - Starting new HTTP connection (1): 23.251.138.105:8080
2021-06-30 21:23:52,742 - urllib3.connectionpool - Starting new HTTP connection (1): 213.230.97.10:3128
2021-06-30 21:23:53,513 - urllib3.connectionpool - Starting new HTTP connection (1): 14.207.120.81:8080
2021-06-30 21:23:54,073 - urllib3.connectionpool - http://14.207.120.81:8080 "GET http://www.google.com/ HTTP/1.1" 200 6396
2021-06-30 21:23:54,078 - urllib3.connectionpool - Starting new HTTP connection (1): 14.207.120.81:8080
2021-06-30 21:23:54,596 - urllib3.connectionpool - Starting new HTTP connection (1): 51.222.21.93:32768
2021-06-30 21:23:55,107 - urllib3.connectionpool - Starting new HTTP connection (1): 36.73.203.154:3128
2021-06-30 21:23:55,618 - urllib3.connectionpool - Starting new HTTP connection (1): 185.189.199.75:23500
2021-06-30 21:23:56,131 - urllib3.connectionpool - Starting new HTTP connection (1): 27.112.70.151:8083
2021-06-30 21:23:56,645 - urllib3.connectionpool - Starting new HTTP connection (1): 217.79.181.109:443
2021-06-30 21:23:57,176 - urllib3.connectionpool - Starting new HTTP connection (1): 77.77.215.6:8080
2021-06-30 21:23:57,697 - urllib3.connectionpool - Starting new HTTP connection (1): 43.224.10.23:6666
2021-06-30 21:23:58,208 - urllib3.connectionpool - Starting new HTTP connection (1): 103.105.212.106:53281
2021-06-30 21:23:58,725 - urllib3.connectionpool - Starting new HTTP connection (1): 182.52.51.10:61124
2021-06-30 21:23:59,235 - urllib3.connectionpool - Starting new HTTP connection (1): 177.94.212.123:443
2021-06-30 21:23:59,748 - urllib3.connectionpool - Starting new HTTP connection (1): 18.221.9.126:80
2021-06-30 21:24:00,257 - urllib3.connectionpool - Starting new HTTP connection (1): 103.112.163.237:8080
2021-06-30 21:24:00,768 - urllib3.connectionpool - Starting new HTTP connection (1): 51.222.21.95:32768
2021-06-30 21:24:01,542 - urllib3.connectionpool - Starting new HTTP connection (1): 208.80.28.208:8080
2021-06-30 21:24:02,050 - urllib3.connectionpool - Starting new HTTP connection (1): 201.249.161.51:999
2021-06-30 21:24:02,568 - urllib3.connectionpool - Starting new HTTP connection (1): 190.152.5.126:53040
2021-06-30 21:24:03,085 - urllib3.connectionpool - Starting new HTTP connection (1): 101.53.158.48:9300
2021-06-30 21:24:03,597 - urllib3.connectionpool - Starting new HTTP connection (1): 51.79.157.202:443
2021-06-30 21:24:04,205 - urllib3.connectionpool - Starting new HTTP connection (1): 103.6.104.105:38898
2021-06-30 21:24:04,723 - urllib3.connectionpool - Starting new HTTP connection (1): 103.78.73.91:3128
2021-06-30 21:24:05,234 - urllib3.connectionpool - Starting new HTTP connection (1): 34.94.40.85:80
2021-06-30 21:24:05,744 - urllib3.connectionpool - Starting new HTTP connection (1): 65.21.3.120:80
2021-06-30 21:24:06,441 - urllib3.connectionpool - Starting new HTTP connection (1): 14.192.31.65:50838
2021-06-30 21:24:06,950 - urllib3.connectionpool - Starting new HTTP connection (1): 103.158.69.178:3128
2021-06-30 21:24:07,459 - urllib3.connectionpool - Starting new HTTP connection (1): 181.129.43.3:8080
2021-06-30 21:24:08,291 - urllib3.connectionpool - Starting new HTTP connection (1): 8.210.234.204:8083
2021-06-30 21:24:08,540 - urllib3.connectionpool - Starting new HTTP connection (1): 103.122.186.57:80
2021-06-30 21:24:09,351 - urllib3.connectionpool - Starting new HTTP connection (1): 103.160.54.86:8181
2021-06-30 21:24:09,865 - urllib3.connectionpool - Starting new HTTP connection (1): 8.210.157.49:17309
2021-06-30 21:24:10,516 - urllib3.connectionpool - Starting new HTTP connection (1): 34.70.80.97:8080
2021-06-30 21:24:11,194 - urllib3.connectionpool - http://34.70.80.97:8080 "GET http://www.google.com/ HTTP/1.1" 200 6108
2021-06-30 21:24:11,202 - urllib3.connectionpool - Starting new HTTP connection (1): 34.70.80.97:8080
2021-06-30 21:24:11,948 - urllib3.connectionpool - http://34.70.80.97:8080 "GET http://www.google.com/ HTTP/1.1" 200 6091
2021-06-30 21:24:11,956 - urllib3.connectionpool - Starting new HTTPS connection (1): www.snipes.it:443
2021-06-30 21:24:14,195 - urllib3.connectionpool - https://www.snipes.it:443 "GET /c/new HTTP/1.1" 200 None
2021-06-30 21:24:15,000 - root - 'NoneType' object has no attribute 'text'
2021-06-30 21:24:15,001 - urllib3.connectionpool - Starting new HTTPS connection (1): www.sslproxies.org:443
2021-06-30 21:24:15,194 - urllib3.connectionpool - https://www.sslproxies.org:443 "GET / HTTP/1.1" 200 None
2021-06-30 21:24:15,225 - urllib3.connectionpool - Starting new HTTP connection (1): 65.21.3.120:80
2021-06-30 21:24:15,916 - urllib3.connectionpool - Starting new HTTP connection (1): 190.152.5.126:53040
2021-06-30 21:24:16,429 - urllib3.connectionpool - Starting new HTTP connection (1): 181.129.43.3:8080
2021-06-30 21:24:16,939 - urllib3.connectionpool - Starting new HTTP connection (1): 2.50.152.79:53281
2021-06-30 21:24:17,446 - urllib3.connectionpool - Starting new HTTP connection (1): 14.192.31.65:50838
2021-06-30 21:24:17,962 - urllib3.connectionpool - Starting new HTTP connection (1): 34.70.80.97:8080
2021-06-30 21:24:18,651 - urllib3.connectionpool - http://34.70.80.97:8080 "GET http://www.google.com/ HTTP/1.1" 200 6118
2021-06-30 21:24:18,660 - urllib3.connectionpool - Starting new HTTP connection (1): 34.70.80.97:8080
2021-06-30 21:24:19,405 - urllib3.connectionpool - http://34.70.80.97:8080 "GET http://www.google.com/ HTTP/1.1" 200 6148
2021-06-30 21:24:19,413 - urllib3.connectionpool - Starting new HTTPS connection (1): www.snipes.it:443
2021-06-30 21:24:21,005 - urllib3.connectionpool - https://www.snipes.it:443 "GET /c/new HTTP/1.1" 200 None
2021-06-30 21:24:21,842 - root - 'NoneType' object has no attribute 'text'
2021-06-30 21:24:21,843 - urllib3.connectionpool - Starting new HTTPS connection (1): www.sslproxies.org:443
2021-06-30 21:24:22,027 - urllib3.connectionpool - https://www.sslproxies.org:443 "GET / HTTP/1.1" 200 None
2021-06-30 21:24:22,059 - urllib3.connectionpool - Starting new HTTP connection (1): 8.210.235.26:8083
2021-06-30 21:24:22,368 - urllib3.connectionpool - http://8.210.235.26:8083 "GET http://www.google.com/ HTTP/1.1" 200 6070
2021-06-30 21:24:22,378 - urllib3.connectionpool - Starting new HTTP connection (1): 8.210.235.26:8083
2021-06-30 21:24:22,701 - urllib3.connectionpool - http://8.210.235.26:8083 "GET http://www.google.com/ HTTP/1.1" 200 6075
2021-06-30 21:24:22,706 - urllib3.connectionpool - Starting new HTTPS connection (1): www.snipes.it:443
2021-06-30 21:24:45,426 - dotenv.main - Python-dotenv could not parse statement starting at line 14
2021-06-30 21:24:45,426 - root - Successfully started monitor
2021-06-30 21:24:45,432 - urllib3.connectionpool - Starting new HTTPS connection (1): discord.com:443
2021-06-30 21:24:46,025 - urllib3.connectionpool - https://discord.com:443 "POST /api/webhooks/850392839053639690/65cKLltyuopds0GR5ElwNaeKmhGKmEuXlILxyTidy5Yup0ZfrMMYbNIXK21qa8kcHlKk HTTP/1.1" 204 0
2021-06-30 21:24:46,028 - root - Payload delivered successfully, code 204.
2021-06-30 21:24:46,031 - urllib3.connectionpool - Starting new HTTPS connection (1): www.sslproxies.org:443
2021-06-30 21:24:46,208 - urllib3.connectionpool - https://www.sslproxies.org:443 "GET / HTTP/1.1" 200 None
2021-06-30 21:24:46,221 - urllib3.connectionpool - Starting new HTTPS connection (1): www.sslproxies.org:443
2021-06-30 21:24:46,399 - urllib3.connectionpool - https://www.sslproxies.org:443 "GET / HTTP/1.1" 200 None
2021-06-30 21:24:46,409 - urllib3.connectionpool - Starting new HTTP connection (1): 178.32.116.64:3128
2021-06-30 21:24:47,087 - urllib3.connectionpool - Starting new HTTP connection (1): 14.192.31.65:50838
2021-06-30 21:24:47,598 - urllib3.connectionpool - Starting new HTTP connection (1): 103.6.104.105:38898
2021-06-30 21:24:48,116 - urllib3.connectionpool - Starting new HTTP connection (1): 203.150.176.121:8080
2021-06-30 21:24:48,632 - urllib3.connectionpool - Starting new HTTP connection (1): 181.129.43.3:8080
2021-06-30 21:24:49,145 - urllib3.connectionpool - Starting new HTTP connection (1): 8.210.172.60:8083
2021-06-30 21:24:49,694 - urllib3.connectionpool - http://8.210.172.60:8083 "GET http://www.google.com/ HTTP/1.1" 302 313
2021-06-30 21:24:49,852 - urllib3.connectionpool - http://8.210.172.60:8083 "GET http://www.google.com/sorry/index?continue=http://www.google.com/&q=EgQI0qw8GMun8oYGIhBfbHMZ82daq6RWAV0czt2BMgFy HTTP/1.1" 429 2768
2021-06-30 21:24:49,859 - urllib3.connectionpool - Starting new HTTP connection (1): 8.210.172.60:8083
2021-06-30 21:24:50,419 - urllib3.connectionpool - http://8.210.172.60:8083 "GET http://www.google.com/ HTTP/1.1" 302 313
2021-06-30 21:24:50,582 - urllib3.connectionpool - http://8.210.172.60:8083 "GET http://www.google.com/sorry/index?continue=http://www.google.com/&q=EgQI0qw8GMun8oYGIhBfbHMZ82daq6RWAV0czt2BMgFy HTTP/1.1" 429 2768
2021-06-30 21:24:50,588 - urllib3.connectionpool - Starting new HTTPS connection (1): www.snipes.it:443
2021-06-30 21:24:52,310 - urllib3.connectionpool - https://www.snipes.it:443 "GET /c/new HTTP/1.1" 200 None
2021-06-30 21:24:59,891 - dotenv.main - Python-dotenv could not parse statement starting at line 14
2021-06-30 21:24:59,891 - root - Successfully started monitor
2021-06-30 21:24:59,894 - urllib3.connectionpool - Starting new HTTPS connection (1): discord.com:443
2021-06-30 21:25:00,451 - urllib3.connectionpool - https://discord.com:443 "POST /api/webhooks/850392839053639690/65cKLltyuopds0GR5ElwNaeKmhGKmEuXlILxyTidy5Yup0ZfrMMYbNIXK21qa8kcHlKk HTTP/1.1" 204 0
2021-06-30 21:25:00,455 - root - Payload delivered successfully, code 204.
2021-06-30 21:25:00,461 - urllib3.connectionpool - Starting new HTTPS connection (1): www.sslproxies.org:443
2021-06-30 21:25:00,632 - urllib3.connectionpool - https://www.sslproxies.org:443 "GET / HTTP/1.1" 200 None
2021-06-30 21:25:00,654 - urllib3.connectionpool - Starting new HTTPS connection (1): www.sslproxies.org:443
2021-06-30 21:25:00,823 - urllib3.connectionpool - https://www.sslproxies.org:443 "GET / HTTP/1.1" 200 None
2021-06-30 21:25:00,853 - urllib3.connectionpool - Starting new HTTP connection (1): 47.241.247.220:8000
2021-06-30 21:25:01,157 - urllib3.connectionpool - http://47.241.247.220:8000 "GET http://www.google.com/ HTTP/1.1" 200 None
2021-06-30 21:25:01,161 - urllib3.connectionpool - Starting new HTTP connection (1): 47.241.247.220:8000
2021-06-30 21:25:01,776 - urllib3.connectionpool - Starting new HTTP connection (1): 103.78.73.91:3128
2021-06-30 21:25:02,289 - urllib3.connectionpool - Starting new HTTP connection (1): 191.100.20.187:8080
2021-06-30 21:25:02,801 - urllib3.connectionpool - Starting new HTTP connection (1): 103.112.163.237:8080
2021-06-30 21:25:03,313 - urllib3.connectionpool - Starting new HTTP connection (1): 43.224.10.23:6666
2021-06-30 21:25:03,821 - urllib3.connectionpool - Starting new HTTP connection (1): 18.221.9.126:80
2021-06-30 21:25:04,333 - urllib3.connectionpool - Starting new HTTP connection (1): 27.116.51.178:6666
2021-06-30 21:25:04,843 - urllib3.connectionpool - Starting new HTTP connection (1): 103.240.77.98:30093
2021-06-30 21:25:05,355 - urllib3.connectionpool - Starting new HTTP connection (1): 218.16.62.152:3128
2021-06-30 21:25:05,868 - urllib3.connectionpool - Starting new HTTP connection (1): 162.243.167.58:3128
2021-06-30 21:25:06,641 - urllib3.connectionpool - Starting new HTTP connection (1): 51.222.21.93:32768
2021-06-30 21:25:07,403 - urllib3.connectionpool - Starting new HTTP connection (1): 47.242.21.77:8083
2021-06-30 21:25:08,052 - urllib3.connectionpool - Starting new HTTP connection (1): 34.94.40.85:80
2021-06-30 21:25:08,855 - urllib3.connectionpool - Starting new HTTP connection (1): 103.6.104.105:38898
2021-06-30 21:25:09,366 - urllib3.connectionpool - Starting new HTTP connection (1): 77.77.215.6:8080
2021-06-30 21:25:09,876 - urllib3.connectionpool - Starting new HTTP connection (1): 196.216.220.204:36739
2021-06-30 21:25:10,386 - urllib3.connectionpool - Starting new HTTP connection (1): 103.130.141.98:8080
2021-06-30 21:25:10,899 - urllib3.connectionpool - Starting new HTTP connection (1): 14.207.120.81:8080
2021-06-30 21:25:11,413 - urllib3.connectionpool - Starting new HTTP connection (1): 208.80.28.208:8080
2021-06-30 21:25:11,936 - urllib3.connectionpool - Starting new HTTP connection (1): 27.112.70.151:8083
2021-06-30 21:25:12,447 - urllib3.connectionpool - Starting new HTTP connection (1): 8.210.234.204:8083
2021-06-30 21:25:12,769 - urllib3.connectionpool - http://8.210.234.204:8083 "GET http://www.google.com/ HTTP/1.1" 200 6056
2021-06-30 21:25:12,778 - urllib3.connectionpool - Starting new HTTP connection (1): 8.210.234.204:8083
2021-06-30 21:25:13,073 - urllib3.connectionpool - http://8.210.234.204:8083 "GET http://www.google.com/ HTTP/1.1" 200 6078
2021-06-30 21:25:13,081 - urllib3.connectionpool - Starting new HTTPS connection (1): www.snipes.it:443
2021-06-30 21:25:14,732 - urllib3.connectionpool - https://www.snipes.it:443 "GET /c/new HTTP/1.1" 200 None
2021-06-30 21:25:25,625 - urllib3.connectionpool - Starting new HTTPS connection (1): www.snipes.it:443
2021-06-30 21:25:27,148 - urllib3.connectionpool - https://www.snipes.it:443 "GET /c/new HTTP/1.1" 200 None
2021-06-30 21:27:13,853 - dotenv.main - Python-dotenv could not parse statement starting at line 14
2021-06-30 21:27:13,855 - root - Successfully started monitor
2021-06-30 21:27:13,858 - urllib3.connectionpool - Starting new HTTPS connection (1): discord.com:443
2021-06-30 21:27:14,369 - urllib3.connectionpool - https://discord.com:443 "POST /api/webhooks/850392839053639690/65cKLltyuopds0GR5ElwNaeKmhGKmEuXlILxyTidy5Yup0ZfrMMYbNIXK21qa8kcHlKk HTTP/1.1" 204 0
2021-06-30 21:27:14,380 - root - Payload delivered successfully, code 204.
2021-06-30 21:27:14,388 - urllib3.connectionpool - Starting new HTTPS connection (1): www.sslproxies.org:443
2021-06-30 21:27:14,664 - urllib3.connectionpool - https://www.sslproxies.org:443 "GET / HTTP/1.1" 200 None
2021-06-30 21:27:14,679 - urllib3.connectionpool - Starting new HTTPS connection (1): www.sslproxies.org:443
2021-06-30 21:27:14,977 - urllib3.connectionpool - https://www.sslproxies.org:443 "GET / HTTP/1.1" 200 None
2021-06-30 21:27:14,996 - urllib3.connectionpool - Starting new HTTP connection (1): 47.242.38.22:8083
2021-06-30 21:27:15,650 - urllib3.connectionpool - Starting new HTTP connection (1): 8.210.157.49:17309
2021-06-30 21:27:16,288 - urllib3.connectionpool - Starting new HTTP connection (1): 8.210.172.60:8083
2021-06-30 21:27:16,931 - urllib3.connectionpool - Starting new HTTP connection (1): 20.97.28.47:8080
2021-06-30 21:27:17,439 - urllib3.connectionpool - Starting new HTTP connection (1): 14.207.120.81:8080
2021-06-30 21:27:17,951 - urllib3.connectionpool - Starting new HTTP connection (1): 45.235.110.67:53281
2021-06-30 21:27:18,467 - urllib3.connectionpool - Starting new HTTP connection (1): 103.83.118.10:55443
2021-06-30 21:27:18,977 - urllib3.connectionpool - Starting new HTTP connection (1): 47.242.21.77:8083
2021-06-30 21:27:19,612 - urllib3.connectionpool - Starting new HTTP connection (1): 202.169.229.139:53281
2021-06-30 21:27:20,055 - urllib3.connectionpool - Starting new HTTP connection (1): 79.143.87.138:9090
2021-06-30 21:27:20,568 - urllib3.connectionpool - Starting new HTTP connection (1): 213.230.68.208:3128
2021-06-30 21:27:21,079 - urllib3.connectionpool - Starting new HTTP connection (1): 177.94.212.123:443
2021-06-30 21:27:21,590 - urllib3.connectionpool - Starting new HTTP connection (1): 178.32.116.64:3128
2021-06-30 21:27:21,977 - urllib3.connectionpool - http://178.32.116.64:3128 "GET http://www.google.com/ HTTP/1.1" 200 5715
2021-06-30 21:27:21,986 - urllib3.connectionpool - Starting new HTTP connection (1): 34.94.40.85:80
2021-06-30 21:27:22,794 - urllib3.connectionpool - Starting new HTTP connection (1): 201.132.155.198:8080
2021-06-30 21:27:23,306 - urllib3.connectionpool - Starting new HTTP connection (1): 51.210.151.72:443
2021-06-30 21:27:23,817 - urllib3.connectionpool - Starting new HTTP connection (1): 218.16.62.152:3128
2021-06-30 21:27:24,614 - urllib3.connectionpool - Starting new HTTP connection (1): 182.52.236.134:8080
2021-06-30 21:27:25,122 - urllib3.connectionpool - Starting new HTTP connection (1): 185.189.199.75:23500
2021-06-30 21:27:25,634 - urllib3.connectionpool - Starting new HTTP connection (1): 103.240.77.98:30093
2021-06-30 21:27:26,149 - urllib3.connectionpool - Starting new HTTP connection (1): 51.222.21.93:32768
2021-06-30 21:27:26,788 - urllib3.connectionpool - http://51.222.21.93:32768 "GET http://www.google.com/ HTTP/1.1" 200 16312
2021-06-30 21:27:26,797 - urllib3.connectionpool - Starting new HTTP connection (1): 51.222.21.93:32768
2021-06-30 21:27:27,540 - urllib3.connectionpool - Starting new HTTP connection (1): 47.242.77.198:8083
2021-06-30 21:27:27,853 - urllib3.connectionpool - http://47.242.77.198:8083 "GET http://www.google.com/ HTTP/1.1" 200 6040
2021-06-30 21:27:27,862 - urllib3.connectionpool - Starting new HTTP connection (1): 47.242.77.198:8083
2021-06-30 21:27:28,172 - urllib3.connectionpool - http://47.242.77.198:8083 "GET http://www.google.com/ HTTP/1.1" 200 6069
2021-06-30 21:27:28,180 - urllib3.connectionpool - Starting new HTTPS connection (1): www.snipes.it:443
2021-06-30 21:27:29,772 - urllib3.connectionpool - https://www.snipes.it:443 "GET /c/new HTTP/1.1" 200 None
2021-06-30 21:27:30,666 - root - list index out of range
2021-06-30 21:27:30,668 - urllib3.connectionpool - Starting new HTTPS connection (1): www.sslproxies.org:443
2021-06-30 21:27:30,847 - urllib3.connectionpool - https://www.sslproxies.org:443 "GET / HTTP/1.1" 200 None
2021-06-30 21:27:30,879 - urllib3.connectionpool - Starting new HTTP connection (1): 12.218.209.130:53281
2021-06-30 21:27:31,392 - urllib3.connectionpool - Starting new HTTP connection (1): 169.57.1.85:80
2021-06-30 21:27:32,034 - urllib3.connectionpool - http://169.57.1.85:80 "GET http://www.google.com/ HTTP/1.1" 403 3487
2021-06-30 21:27:32,041 - urllib3.connectionpool - Starting new HTTP connection (1): 169.57.1.85:80
2021-06-30 21:27:32,667 - urllib3.connectionpool - http://169.57.1.85:80 "GET http://www.google.com/ HTTP/1.1" 403 3487
2021-06-30 21:27:32,674 - urllib3.connectionpool - Starting new HTTPS connection (1): www.snipes.it:443
2021-06-30 21:27:34,294 - urllib3.connectionpool - https://www.snipes.it:443 "GET /c/new HTTP/1.1" 200 None
2021-06-30 21:28:01,367 - dotenv.main - Python-dotenv could not parse statement starting at line 14
2021-06-30 21:28:01,368 - root - Successfully started monitor
2021-06-30 21:28:01,371 - urllib3.connectionpool - Starting new HTTPS connection (1): discord.com:443
2021-06-30 21:28:02,155 - urllib3.connectionpool - https://discord.com:443 "POST /api/webhooks/850392839053639690/65cKLltyuopds0GR5ElwNaeKmhGKmEuXlILxyTidy5Yup0ZfrMMYbNIXK21qa8kcHlKk HTTP/1.1" 204 0
2021-06-30 21:28:02,163 - root - Payload delivered successfully, code 204.
2021-06-30 21:28:02,173 - urllib3.connectionpool - Starting new HTTPS connection (1): www.sslproxies.org:443
2021-06-30 21:28:02,668 - urllib3.connectionpool - https://www.sslproxies.org:443 "GET / HTTP/1.1" 200 None
2021-06-30 21:28:02,704 - urllib3.connectionpool - Starting new HTTPS connection (1): www.sslproxies.org:443
2021-06-30 21:28:03,080 - urllib3.connectionpool - https://www.sslproxies.org:443 "GET / HTTP/1.1" 200 None
2021-06-30 21:28:03,091 - urllib3.connectionpool - Starting new HTTP connection (1): 169.57.1.84:8123
2021-06-30 21:28:03,897 - urllib3.connectionpool - http://169.57.1.84:8123 "GET http://www.google.com/ HTTP/1.1" 403 3487
2021-06-30 21:28:03,900 - urllib3.connectionpool - Starting new HTTP connection (1): 169.57.1.84:8123
2021-06-30 21:28:04,619 - urllib3.connectionpool - http://169.57.1.84:8123 "GET http://www.google.com/ HTTP/1.1" 403 3487
2021-06-30 21:28:04,625 - urllib3.connectionpool - Starting new HTTPS connection (1): www.snipes.it:443
2021-06-30 21:28:06,784 - urllib3.connectionpool - https://www.snipes.it:443 "GET /c/new HTTP/1.1" 200 None
2021-06-30 21:28:07,436 - root - list index out of range
2021-06-30 21:28:07,437 - urllib3.connectionpool - Starting new HTTPS connection (1): www.sslproxies.org:443
2021-06-30 21:28:07,757 - urllib3.connectionpool - https://www.sslproxies.org:443 "GET / HTTP/1.1" 200 None
2021-06-30 21:28:07,801 - urllib3.connectionpool - Starting new HTTP connection (1): 182.52.51.10:61124
2021-06-30 21:28:08,315 - urllib3.connectionpool - Starting new HTTP connection (1): 51.222.21.93:32768
2021-06-30 21:28:08,832 - urllib3.connectionpool - Starting new HTTP connection (1): 103.105.212.106:53281
2021-06-30 21:28:09,350 - urllib3.connectionpool - Starting new HTTP connection (1): 180.179.98.22:3128
2021-06-30 21:28:09,861 - urllib3.connectionpool - Starting new HTTP connection (1): 79.143.87.138:9090
2021-06-30 21:28:10,376 - urllib3.connectionpool - Starting new HTTP connection (1): 160.19.232.85:3128
2021-06-30 21:28:11,231 - urllib3.connectionpool - Starting new HTTP connection (1): 103.6.184.222:39241
2021-06-30 21:28:11,742 - urllib3.connectionpool - Starting new HTTP connection (1): 43.229.252.28:53281
2021-06-30 21:28:12,253 - urllib3.connectionpool - Starting new HTTP connection (1): 169.57.1.85:80
2021-06-30 21:28:13,099 - urllib3.connectionpool - Starting new HTTP connection (1): 182.52.236.134:8080
2021-06-30 21:28:13,610 - urllib3.connectionpool - Starting new HTTP connection (1): 162.243.167.58:3128
2021-06-30 21:28:14,118 - urllib3.connectionpool - Starting new HTTP connection (1): 8.210.157.87:8083
2021-06-30 21:28:14,738 - urllib3.connectionpool - Starting new HTTP connection (1): 103.130.141.98:8080
2021-06-30 21:29:24,673 - dotenv.main - Python-dotenv could not parse statement starting at line 14
2021-06-30 21:29:24,674 - root - Successfully started monitor
2021-06-30 21:29:24,677 - urllib3.connectionpool - Starting new HTTPS connection (1): discord.com:443
2021-06-30 21:29:25,243 - urllib3.connectionpool - https://discord.com:443 "POST /api/webhooks/850392839053639690/65cKLltyuopds0GR5ElwNaeKmhGKmEuXlILxyTidy5Yup0ZfrMMYbNIXK21qa8kcHlKk HTTP/1.1" 204 0
2021-06-30 21:29:25,250 - root - Payload delivered successfully, code 204.
2021-06-30 21:29:25,258 - urllib3.connectionpool - Starting new HTTPS connection (1): www.sslproxies.org:443
2021-06-30 21:29:25,604 - urllib3.connectionpool - https://www.sslproxies.org:443 "GET / HTTP/1.1" 200 None
2021-06-30 21:29:25,629 - urllib3.connectionpool - Starting new HTTPS connection (1): www.sslproxies.org:443
2021-06-30 21:29:25,996 - urllib3.connectionpool - https://www.sslproxies.org:443 "GET / HTTP/1.1" 200 None
2021-06-30 21:29:26,009 - urllib3.connectionpool - Starting new HTTP connection (1): 8.210.157.49:17309
2021-06-30 21:29:26,660 - urllib3.connectionpool - Starting new HTTP connection (1): 202.75.97.82:47009
2021-06-30 21:29:27,177 - urllib3.connectionpool - Starting new HTTP connection (1): 191.100.20.187:8080
2021-06-30 21:29:27,691 - urllib3.connectionpool - Starting new HTTP connection (1): 51.222.21.93:32768
2021-06-30 21:29:28,203 - urllib3.connectionpool - Starting new HTTP connection (1): 45.235.110.67:53281
2021-06-30 21:29:28,716 - urllib3.connectionpool - Starting new HTTP connection (1): 134.122.123.66:3128
2021-06-30 21:29:29,225 - urllib3.connectionpool - Starting new HTTP connection (1): 169.57.1.85:80
2021-06-30 21:29:29,847 - urllib3.connectionpool - http://169.57.1.85:80 "GET http://www.google.com/ HTTP/1.1" 403 3487
2021-06-30 21:29:29,851 - urllib3.connectionpool - Starting new HTTP connection (1): 169.57.1.85:80
2021-06-30 21:29:30,463 - urllib3.connectionpool - http://169.57.1.85:80 "GET http://www.google.com/ HTTP/1.1" 403 3487
2021-06-30 21:29:30,465 - urllib3.connectionpool - Starting new HTTPS connection (1): www.snipes.it:443
2021-06-30 21:29:31,981 - urllib3.connectionpool - https://www.snipes.it:443 "GET /c/new HTTP/1.1" 200 None
2021-06-30 21:29:32,888 - root - list index out of range
2021-06-30 21:29:32,890 - urllib3.connectionpool - Starting new HTTPS connection (1): www.sslproxies.org:443
2021-06-30 21:29:33,239 - urllib3.connectionpool - https://www.sslproxies.org:443 "GET / HTTP/1.1" 200 None
2021-06-30 21:29:33,273 - urllib3.connectionpool - Starting new HTTP connection (1): 41.217.219.53:31398
2021-06-30 21:29:33,783 - urllib3.connectionpool - Starting new HTTP connection (1): 182.52.236.134:8080
2021-06-30 21:29:34,306 - urllib3.connectionpool - Starting new HTTP connection (1): 185.189.199.75:23500
2021-06-30 21:29:34,821 - urllib3.connectionpool - Starting new HTTP connection (1): 8.210.234.204:8083
2021-06-30 21:29:35,138 - urllib3.connectionpool - http://8.210.234.204:8083 "GET http://www.google.com/ HTTP/1.1" 200 6067
2021-06-30 21:29:35,144 - urllib3.connectionpool - Starting new HTTP connection (1): 8.210.234.204:8083
2021-06-30 21:29:35,456 - urllib3.connectionpool - http://8.210.234.204:8083 "GET http://www.google.com/ HTTP/1.1" 200 6058
2021-06-30 21:29:35,462 - urllib3.connectionpool - Starting new HTTPS connection (1): www.snipes.it:443
2021-06-30 21:31:07,428 - dotenv.main - Python-dotenv could not parse statement starting at line 14
2021-06-30 21:31:07,428 - root - Successfully started monitor
2021-06-30 21:31:07,431 - urllib3.connectionpool - Starting new HTTPS connection (1): discord.com:443
2021-06-30 21:31:07,988 - urllib3.connectionpool - https://discord.com:443 "POST /api/webhooks/850392839053639690/65cKLltyuopds0GR5ElwNaeKmhGKmEuXlILxyTidy5Yup0ZfrMMYbNIXK21qa8kcHlKk HTTP/1.1" 204 0
2021-06-30 21:31:07,994 - root - Payload delivered successfully, code 204.
2021-06-30 21:31:08,002 - urllib3.connectionpool - Starting new HTTPS connection (1): www.sslproxies.org:443
2021-06-30 21:31:08,312 - urllib3.connectionpool - https://www.sslproxies.org:443 "GET / HTTP/1.1" 200 None
2021-06-30 21:31:08,344 - urllib3.connectionpool - Starting new HTTPS connection (1): www.sslproxies.org:443
2021-06-30 21:31:08,645 - urllib3.connectionpool - https://www.sslproxies.org:443 "GET / HTTP/1.1" 200 None
2021-06-30 21:31:08,675 - urllib3.connectionpool - Starting new HTTP connection (1): 45.235.216.112:8080
2021-06-30 21:31:09,565 - urllib3.connectionpool - Starting new HTTP connection (1): 202.57.35.74:38629
2021-06-30 21:31:10,077 - urllib3.connectionpool - Starting new HTTP connection (1): 8.210.235.26:8083
2021-06-30 21:31:10,368 - urllib3.connectionpool - http://8.210.235.26:8083 "GET http://www.google.com/ HTTP/1.1" 200 6075
2021-06-30 21:31:10,376 - urllib3.connectionpool - Starting new HTTP connection (1): 8.210.235.26:8083
2021-06-30 21:31:10,695 - urllib3.connectionpool - http://8.210.235.26:8083 "GET http://www.google.com/ HTTP/1.1" 200 6059
2021-06-30 21:31:10,704 - urllib3.connectionpool - Starting new HTTPS connection (1): www.snipes.it:443
2021-06-30 21:31:12,340 - urllib3.connectionpool - https://www.snipes.it:443 "GET /c/new HTTP/1.1" 200 None
2021-06-30 21:31:13,163 - root - 'NoneType' object is not subscriptable
2021-06-30 21:31:13,165 - urllib3.connectionpool - Starting new HTTPS connection (1): www.sslproxies.org:443
2021-06-30 21:31:13,504 - urllib3.connectionpool - https://www.sslproxies.org:443 "GET / HTTP/1.1" 200 None
2021-06-30 21:31:13,528 - urllib3.connectionpool - Starting new HTTP connection (1): 47.242.38.22:8083
2021-06-30 21:31:14,017 - urllib3.connectionpool - http://47.242.38.22:8083 "GET http://www.google.com/ HTTP/1.1" 302 313
2021-06-30 21:31:14,169 - urllib3.connectionpool - http://47.242.38.22:8083 "GET http://www.google.com/sorry/index?continue=http://www.google.com/&q=EgQv8iYWGMuq8oYGIhDXU0uBj1mQgug3NGCSh4NjMgFy HTTP/1.1" 429 2768
2021-06-30 21:31:14,171 - urllib3.connectionpool - Starting new HTTP connection (1): 47.242.38.22:8083
2021-06-30 21:31:14,722 - urllib3.connectionpool - http://47.242.38.22:8083 "GET http://www.google.com/ HTTP/1.1" 302 313
2021-06-30 21:31:27,548 - dotenv.main - Python-dotenv could not parse statement starting at line 14
2021-06-30 21:31:27,548 - root - Successfully started monitor
2021-06-30 21:31:27,552 - urllib3.connectionpool - Starting new HTTPS connection (1): discord.com:443
2021-06-30 21:31:28,143 - urllib3.connectionpool - https://discord.com:443 "POST /api/webhooks/850392839053639690/65cKLltyuopds0GR5ElwNaeKmhGKmEuXlILxyTidy5Yup0ZfrMMYbNIXK21qa8kcHlKk HTTP/1.1" 204 0
2021-06-30 21:31:28,149 - root - Payload delivered successfully, code 204.
2021-06-30 21:31:28,158 - urllib3.connectionpool - Starting new HTTPS connection (1): www.sslproxies.org:443
2021-06-30 21:31:28,437 - urllib3.connectionpool - https://www.sslproxies.org:443 "GET / HTTP/1.1" 200 None
2021-06-30 21:31:28,459 - urllib3.connectionpool - Starting new HTTPS connection (1): www.sslproxies.org:443
2021-06-30 21:31:28,807 - urllib3.connectionpool - https://www.sslproxies.org:443 "GET / HTTP/1.1" 200 None
2021-06-30 21:31:28,844 - urllib3.connectionpool - Starting new HTTP connection (1): 103.112.163.237:8080
2021-06-30 21:31:29,350 - urllib3.connectionpool - Starting new HTTP connection (1): 177.94.212.123:443
2021-06-30 21:31:29,866 - urllib3.connectionpool - Starting new HTTP connection (1): 12.218.209.130:53281
2021-06-30 21:31:30,374 - urllib3.connectionpool - Starting new HTTP connection (1): 14.192.31.65:50838
2021-06-30 21:31:30,887 - urllib3.connectionpool - Starting new HTTP connection (1): 213.230.97.10:3128
2021-06-30 21:31:31,650 - urllib3.connectionpool - Starting new HTTP connection (1): 8.210.172.60:8083
2021-06-30 21:31:32,442 - urllib3.connectionpool - Starting new HTTP connection (1): 138.99.164.90:3128
2021-06-30 21:31:32,950 - urllib3.connectionpool - Starting new HTTP connection (1): 149.202.78.76:3128
2021-06-30 21:31:33,463 - urllib3.connectionpool - Starting new HTTP connection (1): 3.213.139.74:8888
2021-06-30 21:31:34,421 - urllib3.connectionpool - Starting new HTTP connection (1): 85.15.152.39:3128
2021-06-30 21:31:34,934 - urllib3.connectionpool - Starting new HTTP connection (1): 46.8.247.3:50967
2021-06-30 21:31:35,447 - urllib3.connectionpool - Starting new HTTP connection (1): 217.182.13.59:43567
2021-06-30 21:31:35,962 - urllib3.connectionpool - Starting new HTTP connection (1): 8.210.157.87:8083
2021-06-30 21:31:36,614 - urllib3.connectionpool - http://8.210.157.87:8083 "GET http://www.google.com/ HTTP/1.1" 302 313
2021-06-30 21:31:36,773 - urllib3.connectionpool - http://8.210.157.87:8083 "GET http://www.google.com/sorry/index?continue=http://www.google.com/&q=EgQI0p1XGOGq8oYGIhBBuGNadC3nr6cLvYqCpblQMgFy HTTP/1.1" 429 2768
2021-06-30 21:31:36,780 - urllib3.connectionpool - Starting new HTTP connection (1): 8.210.157.87:8083
2021-06-30 21:31:37,380 - urllib3.connectionpool - http://8.210.157.87:8083 "GET http://www.google.com/ HTTP/1.1" 302 313
2021-06-30 21:31:37,639 - urllib3.connectionpool - http://8.210.157.87:8083 "GET http://www.google.com/sorry/index?continue=http://www.google.com/&q=EgQI0p1XGOKq8oYGIhCCTDnIsyAl_VhuPBHAEkckMgFy HTTP/1.1" 429 2768
2021-06-30 21:31:37,646 - urllib3.connectionpool - Starting new HTTPS connection (1): www.snipes.it:443
2021-06-30 21:31:39,424 - urllib3.connectionpool - https://www.snipes.it:443 "GET /c/new HTTP/1.1" 200 None
2021-06-30 21:31:40,245 - root - 'NoneType' object is not subscriptable
2021-06-30 21:31:40,247 - urllib3.connectionpool - Starting new HTTPS connection (1): www.sslproxies.org:443
2021-06-30 21:31:40,532 - urllib3.connectionpool - https://www.sslproxies.org:443 "GET / HTTP/1.1" 200 None
2021-06-30 21:31:40,567 - urllib3.connectionpool - Starting new HTTP connection (1): 8.210.234.204:8083
2021-06-30 21:31:40,800 - urllib3.connectionpool - Starting new HTTP connection (1): 103.6.184.222:39241
2021-06-30 21:31:41,309 - urllib3.connectionpool - Starting new HTTP connection (1): 213.230.69.193:3128
2021-06-30 21:31:41,793 - urllib3.connectionpool - http://213.230.69.193:3128 "GET http://www.google.com/ HTTP/1.1" 504 None
2021-06-30 21:31:41,796 - urllib3.connectionpool - Starting new HTTP connection (1): 51.222.21.95:32768
2021-06-30 21:31:42,314 - urllib3.connectionpool - Starting new HTTP connection (1): 47.242.29.194:8083
2021-06-30 21:31:42,583 - urllib3.connectionpool - Starting new HTTP connection (1): 103.112.163.237:8080
2021-06-30 21:32:57,768 - dotenv.main - Python-dotenv could not parse statement starting at line 14
2021-06-30 21:32:57,769 - root - Successfully started monitor
2021-06-30 21:32:57,772 - urllib3.connectionpool - Starting new HTTPS connection (1): discord.com:443
2021-06-30 21:32:58,306 - urllib3.connectionpool - https://discord.com:443 "POST /api/webhooks/850392839053639690/65cKLltyuopds0GR5ElwNaeKmhGKmEuXlILxyTidy5Yup0ZfrMMYbNIXK21qa8kcHlKk HTTP/1.1" 204 0
2021-06-30 21:32:58,314 - root - Payload delivered successfully, code 204.
2021-06-30 21:32:58,322 - urllib3.connectionpool - Starting new HTTPS connection (1): www.sslproxies.org:443
2021-06-30 21:32:58,605 - urllib3.connectionpool - https://www.sslproxies.org:443 "GET / HTTP/1.1" 200 None
2021-06-30 21:32:58,633 - urllib3.connectionpool - Starting new HTTPS connection (1): www.sslproxies.org:443
2021-06-30 21:32:58,923 - urllib3.connectionpool - https://www.sslproxies.org:443 "GET / HTTP/1.1" 200 None
2021-06-30 21:32:58,950 - urllib3.connectionpool - Starting new HTTP connection (1): 47.242.21.77:8083
2021-06-30 21:32:59,261 - urllib3.connectionpool - http://47.242.21.77:8083 "GET http://www.google.com/ HTTP/1.1" 200 6079
2021-06-30 21:32:59,264 - urllib3.connectionpool - Starting new HTTP connection (1): 47.242.21.77:8083
2021-06-30 21:32:59,503 - urllib3.connectionpool - Starting new HTTP connection (1): 112.195.241.152:3256
2021-06-30 21:33:00,022 - urllib3.connectionpool - Starting new HTTP connection (1): 208.80.28.208:8080
2021-06-30 21:33:00,532 - urllib3.connectionpool - Starting new HTTP connection (1): 51.222.21.93:32768
2021-06-30 21:33:01,046 - urllib3.connectionpool - Starting new HTTP connection (1): 51.222.21.95:32768
2021-06-30 21:33:01,556 - urllib3.connectionpool - Starting new HTTP connection (1): 103.158.69.178:3128
2021-06-30 21:33:02,067 - urllib3.connectionpool - Starting new HTTP connection (1): 168.70.58.12:9265
2021-06-30 21:33:02,780 - urllib3.connectionpool - Starting new HTTP connection (1): 223.255.133.34:8080
2021-06-30 21:33:03,423 - urllib3.connectionpool - Starting new HTTP connection (1): 101.53.158.48:9300
2021-06-30 21:33:03,943 - urllib3.connectionpool - Starting new HTTP connection (1): 202.75.97.82:47009
2021-06-30 21:33:04,452 - urllib3.connectionpool - Starting new HTTP connection (1): 1.20.217.52:8080
2021-06-30 21:33:04,967 - urllib3.connectionpool - Starting new HTTP connection (1): 178.32.116.64:3128
2021-06-30 21:33:05,635 - urllib3.connectionpool - Starting new HTTP connection (1): 2.50.152.79:53281
2021-06-30 21:33:06,021 - urllib3.connectionpool - Starting new HTTP connection (1): 43.224.10.23:6666
2021-06-30 21:33:06,537 - urllib3.connectionpool - Starting new HTTP connection (1): 181.129.43.3:8080
2021-06-30 21:33:07,057 - urllib3.connectionpool - Starting new HTTP connection (1): 49.12.2.178:3128
2021-06-30 21:33:07,567 - urllib3.connectionpool - Starting new HTTP connection (1): 177.94.212.123:443
2021-06-30 21:33:08,081 - urllib3.connectionpool - Starting new HTTP connection (1): 218.16.62.152:3128
2021-06-30 21:33:08,590 - urllib3.connectionpool - Starting new HTTP connection (1): 201.249.161.51:999
2021-06-30 21:33:09,101 - urllib3.connectionpool - Starting new HTTP connection (1): 34.94.40.85:80
2021-06-30 21:33:09,617 - urllib3.connectionpool - Starting new HTTP connection (1): 104.237.226.37:5678
2021-06-30 21:33:10,129 - urllib3.connectionpool - Starting new HTTP connection (1): 8.210.172.60:8083
2021-06-30 21:33:10,614 - urllib3.connectionpool - http://8.210.172.60:8083 "GET http://www.google.com/ HTTP/1.1" 302 313
2021-06-30 21:33:10,776 - urllib3.connectionpool - http://8.210.172.60:8083 "GET http://www.google.com/sorry/index?continue=http://www.google.com/&q=EgQI0qw8GMCr8oYGIhDYVPSnQa0QAvCxd_hXe7FJMgFy HTTP/1.1" 429 2768
2021-06-30 21:33:10,779 - urllib3.connectionpool - Starting new HTTP connection (1): 8.210.172.60:8083
2021-06-30 21:33:11,411 - urllib3.connectionpool - Starting new HTTP connection (1): 182.253.234.140:44922
2021-06-30 21:33:11,922 - urllib3.connectionpool - Starting new HTTP connection (1): 134.122.123.66:3128
2021-06-30 21:33:12,442 - urllib3.connectionpool - Starting new HTTP connection (1): 77.77.215.6:8080
2021-06-30 21:33:12,955 - urllib3.connectionpool - Starting new HTTP connection (1): 47.242.29.194:8083
2021-06-30 21:33:13,196 - urllib3.connectionpool - Starting new HTTP connection (1): 45.235.110.67:53281
2021-06-30 21:33:13,714 - urllib3.connectionpool - Starting new HTTP connection (1): 8.210.157.49:17309
2021-06-30 21:33:14,330 - urllib3.connectionpool - Starting new HTTP connection (1): 213.230.97.169:3128
2021-06-30 21:33:15,098 - urllib3.connectionpool - Starting new HTTP connection (1): 54.169.226.255:80
2021-06-30 21:33:15,710 - urllib3.connectionpool - Starting new HTTP connection (1): 103.156.57.66:3127
2021-06-30 21:33:16,223 - urllib3.connectionpool - Starting new HTTP connection (1): 51.79.157.202:443
2021-06-30 21:33:16,844 - urllib3.connectionpool - Starting new HTTP connection (1): 84.54.82.234:3128
2021-06-30 21:33:17,358 - urllib3.connectionpool - Starting new HTTP connection (1): 103.26.130.156:55443
2021-06-30 21:33:17,870 - urllib3.connectionpool - Starting new HTTP connection (1): 3.213.139.74:8888
2021-06-30 21:33:18,565 - urllib3.connectionpool - http://3.213.139.74:8888 "GET http://www.google.com/ HTTP/1.1" 200 5855
2021-06-30 21:33:18,574 - urllib3.connectionpool - Starting new HTTP connection (1): 190.152.5.126:53040
2021-06-30 21:33:19,079 - urllib3.connectionpool - Starting new HTTP connection (1): 202.154.180.53:46717
2021-06-30 21:33:19,594 - urllib3.connectionpool - Starting new HTTP connection (1): 103.6.184.222:39241
2021-06-30 21:33:20,113 - urllib3.connectionpool - Starting new HTTP connection (1): 162.243.167.58:3128
2021-06-30 21:33:20,626 - urllib3.connectionpool - Starting new HTTP connection (1): 37.57.216.2:2222
2021-06-30 21:33:21,148 - urllib3.connectionpool - Starting new HTTP connection (1): 34.70.80.97:8080
2021-06-30 21:33:21,838 - urllib3.connectionpool - http://34.70.80.97:8080 "GET http://www.google.com/ HTTP/1.1" 200 6096
2021-06-30 21:33:21,842 - urllib3.connectionpool - Starting new HTTP connection (1): 34.70.80.97:8080
2021-06-30 21:33:22,574 - urllib3.connectionpool - http://34.70.80.97:8080 "GET http://www.google.com/ HTTP/1.1" 200 5866
2021-06-30 21:33:22,576 - urllib3.connectionpool - Starting new HTTPS connection (1): www.snipes.it:443
2021-06-30 21:33:24,119 - urllib3.connectionpool - https://www.snipes.it:443 "GET /c/new HTTP/1.1" 200 None
2021-06-30 21:33:25,004 - urllib3.connectionpool - Starting new HTTPS connection (1): discord.com:443
2021-06-30 21:33:25,559 - urllib3.connectionpool - https://discord.com:443 "POST /api/webhooks/850392839053639690/65cKLltyuopds0GR5ElwNaeKmhGKmEuXlILxyTidy5Yup0ZfrMMYbNIXK21qa8kcHlKk HTTP/1.1" 204 0
2021-06-30 21:33:25,566 - root - Payload delivered successfully, code 204.
2021-06-30 21:33:25,570 - urllib3.connectionpool - Starting new HTTPS connection (1): discord.com:443
2021-06-30 21:33:26,212 - urllib3.connectionpool - https://discord.com:443 "POST /api/webhooks/850392839053639690/65cKLltyuopds0GR5ElwNaeKmhGKmEuXlILxyTidy5Yup0ZfrMMYbNIXK21qa8kcHlKk HTTP/1.1" 204 0
2021-06-30 21:33:26,223 - root - Payload delivered successfully, code 204.
2021-06-30 21:33:26,229 - urllib3.connectionpool - Starting new HTTPS connection (1): discord.com:443
2021-06-30 21:33:26,774 - urllib3.connectionpool - https://discord.com:443 "POST /api/webhooks/850392839053639690/65cKLltyuopds0GR5ElwNaeKmhGKmEuXlILxyTidy5Yup0ZfrMMYbNIXK21qa8kcHlKk HTTP/1.1" 204 0
2021-06-30 21:33:26,785 - root - Payload delivered successfully, code 204.
2021-06-30 21:33:26,796 - urllib3.connectionpool - Starting new HTTPS connection (1): discord.com:443
2021-06-30 21:33:27,391 - urllib3.connectionpool - https://discord.com:443 "POST /api/webhooks/850392839053639690/65cKLltyuopds0GR5ElwNaeKmhGKmEuXlILxyTidy5Yup0ZfrMMYbNIXK21qa8kcHlKk HTTP/1.1" 204 0
2021-06-30 21:33:27,393 - root - Payload delivered successfully, code 204.
2021-06-30 21:33:27,396 - urllib3.connectionpool - Starting new HTTPS connection (1): discord.com:443
2021-06-30 21:33:27,938 - urllib3.connectionpool - https://discord.com:443 "POST /api/webhooks/850392839053639690/65cKLltyuopds0GR5ElwNaeKmhGKmEuXlILxyTidy5Yup0ZfrMMYbNIXK21qa8kcHlKk HTTP/1.1" 204 0
2021-06-30 21:33:27,947 - root - Payload delivered successfully, code 204.
2021-06-30 21:33:27,960 - urllib3.connectionpool - Starting new HTTPS connection (1): discord.com:443
2021-06-30 21:33:28,491 - urllib3.connectionpool - https://discord.com:443 "POST /api/webhooks/850392839053639690/65cKLltyuopds0GR5ElwNaeKmhGKmEuXlILxyTidy5Yup0ZfrMMYbNIXK21qa8kcHlKk HTTP/1.1" 204 0
2021-06-30 21:33:28,501 - root - Payload delivered successfully, code 204.
2021-06-30 21:33:28,507 - urllib3.connectionpool - Starting new HTTPS connection (1): discord.com:443
2021-06-30 21:33:29,049 - urllib3.connectionpool - https://discord.com:443 "POST /api/webhooks/850392839053639690/65cKLltyuopds0GR5ElwNaeKmhGKmEuXlILxyTidy5Yup0ZfrMMYbNIXK21qa8kcHlKk HTTP/1.1" 204 0
2021-06-30 21:33:29,059 - root - Payload delivered successfully, code 204.
2021-06-30 21:33:29,067 - urllib3.connectionpool - Starting new HTTPS connection (1): discord.com:443
2021-06-30 21:33:29,652 - urllib3.connectionpool - https://discord.com:443 "POST /api/webhooks/850392839053639690/65cKLltyuopds0GR5ElwNaeKmhGKmEuXlILxyTidy5Yup0ZfrMMYbNIXK21qa8kcHlKk HTTP/1.1" 204 0
2021-06-30 21:33:29,655 - root - Payload delivered successfully, code 204.
2021-06-30 21:33:29,657 - urllib3.connectionpool - Starting new HTTPS connection (1): discord.com:443
2021-06-30 21:33:30,162 - urllib3.connectionpool - https://discord.com:443 "POST /api/webhooks/850392839053639690/65cKLltyuopds0GR5ElwNaeKmhGKmEuXlILxyTidy5Yup0ZfrMMYbNIXK21qa8kcHlKk HTTP/1.1" 204 0
2021-06-30 21:33:30,169 - root - Payload delivered successfully, code 204.
2021-06-30 21:33:30,173 - urllib3.connectionpool - Starting new HTTPS connection (1): discord.com:443
2021-06-30 21:33:30,835 - urllib3.connectionpool - https://discord.com:443 "POST /api/webhooks/850392839053639690/65cKLltyuopds0GR5ElwNaeKmhGKmEuXlILxyTidy5Yup0ZfrMMYbNIXK21qa8kcHlKk HTTP/1.1" 204 0
2021-06-30 21:33:30,837 - root - Payload delivered successfully, code 204.
2021-06-30 21:33:30,840 - urllib3.connectionpool - Starting new HTTPS connection (1): discord.com:443
2021-06-30 21:33:31,379 - urllib3.connectionpool - https://discord.com:443 "POST /api/webhooks/850392839053639690/65cKLltyuopds0GR5ElwNaeKmhGKmEuXlILxyTidy5Yup0ZfrMMYbNIXK21qa8kcHlKk HTTP/1.1" 204 0
2021-06-30 21:33:31,381 - root - Payload delivered successfully, code 204.
2021-06-30 21:33:31,384 - urllib3.connectionpool - Starting new HTTPS connection (1): discord.com:443
2021-06-30 21:33:31,915 - urllib3.connectionpool - https://discord.com:443 "POST /api/webhooks/850392839053639690/65cKLltyuopds0GR5ElwNaeKmhGKmEuXlILxyTidy5Yup0ZfrMMYbNIXK21qa8kcHlKk HTTP/1.1" 204 0
2021-06-30 21:33:31,919 - root - Payload delivered successfully, code 204.
2021-06-30 21:33:31,923 - urllib3.connectionpool - Starting new HTTPS connection (1): discord.com:443
2021-06-30 21:33:32,419 - urllib3.connectionpool - https://discord.com:443 "POST /api/webhooks/850392839053639690/65cKLltyuopds0GR5ElwNaeKmhGKmEuXlILxyTidy5Yup0ZfrMMYbNIXK21qa8kcHlKk HTTP/1.1" 204 0
2021-06-30 21:33:32,425 - root - Payload delivered successfully, code 204.
2021-06-30 21:33:32,432 - urllib3.connectionpool - Starting new HTTPS connection (1): discord.com:443
2021-06-30 21:33:32,980 - urllib3.connectionpool - https://discord.com:443 "POST /api/webhooks/850392839053639690/65cKLltyuopds0GR5ElwNaeKmhGKmEuXlILxyTidy5Yup0ZfrMMYbNIXK21qa8kcHlKk HTTP/1.1" 204 0
2021-06-30 21:33:32,986 - root - Payload delivered successfully, code 204.
2021-06-30 21:33:32,996 - urllib3.connectionpool - Starting new HTTPS connection (1): discord.com:443
2021-06-30 21:33:33,565 - urllib3.connectionpool - https://discord.com:443 "POST /api/webhooks/850392839053639690/65cKLltyuopds0GR5ElwNaeKmhGKmEuXlILxyTidy5Yup0ZfrMMYbNIXK21qa8kcHlKk HTTP/1.1" 204 0
2021-06-30 21:33:33,571 - root - Payload delivered successfully, code 204.
2021-06-30 21:33:33,575 - urllib3.connectionpool - Starting new HTTPS connection (1): discord.com:443
2021-06-30 21:33:34,096 - urllib3.connectionpool - https://discord.com:443 "POST /api/webhooks/850392839053639690/65cKLltyuopds0GR5ElwNaeKmhGKmEuXlILxyTidy5Yup0ZfrMMYbNIXK21qa8kcHlKk HTTP/1.1" 204 0
2021-06-30 21:33:34,103 - root - Payload delivered successfully, code 204.
2021-06-30 21:33:34,112 - urllib3.connectionpool - Starting new HTTPS connection (1): discord.com:443
2021-06-30 21:33:34,664 - urllib3.connectionpool - https://discord.com:443 "POST /api/webhooks/850392839053639690/65cKLltyuopds0GR5ElwNaeKmhGKmEuXlILxyTidy5Yup0ZfrMMYbNIXK21qa8kcHlKk HTTP/1.1" 204 0
2021-06-30 21:33:34,671 - root - Payload delivered successfully, code 204.
2021-06-30 21:33:34,681 - urllib3.connectionpool - Starting new HTTPS connection (1): discord.com:443
2021-06-30 21:33:35,194 - urllib3.connectionpool - https://discord.com:443 "POST /api/webhooks/850392839053639690/65cKLltyuopds0GR5ElwNaeKmhGKmEuXlILxyTidy5Yup0ZfrMMYbNIXK21qa8kcHlKk HTTP/1.1" 204 0
2021-06-30 21:33:35,197 - root - Payload delivered successfully, code 204.
2021-06-30 21:33:35,201 - urllib3.connectionpool - Starting new HTTPS connection (1): discord.com:443
2021-06-30 21:33:36,752 - urllib3.connectionpool - https://discord.com:443 "POST /api/webhooks/850392839053639690/65cKLltyuopds0GR5ElwNaeKmhGKmEuXlILxyTidy5Yup0ZfrMMYbNIXK21qa8kcHlKk HTTP/1.1" 204 0
2021-06-30 21:33:36,759 - root - Payload delivered successfully, code 204.
2021-06-30 21:33:36,767 - urllib3.connectionpool - Starting new HTTPS connection (1): discord.com:443
2021-06-30 21:33:37,316 - urllib3.connectionpool - https://discord.com:443 "POST /api/webhooks/850392839053639690/65cKLltyuopds0GR5ElwNaeKmhGKmEuXlILxyTidy5Yup0ZfrMMYbNIXK21qa8kcHlKk HTTP/1.1" 204 0
2021-06-30 21:33:37,319 - root - Payload delivered successfully, code 204.
2021-06-30 21:33:37,323 - urllib3.connectionpool - Starting new HTTPS connection (1): discord.com:443
2021-06-30 21:33:37,917 - urllib3.connectionpool - https://discord.com:443 "POST /api/webhooks/850392839053639690/65cKLltyuopds0GR5ElwNaeKmhGKmEuXlILxyTidy5Yup0ZfrMMYbNIXK21qa8kcHlKk HTTP/1.1" 204 0
2021-06-30 21:33:37,919 - root - Payload delivered successfully, code 204.
2021-06-30 21:33:37,922 - urllib3.connectionpool - Starting new HTTPS connection (1): discord.com:443
2021-06-30 21:33:38,464 - urllib3.connectionpool - https://discord.com:443 "POST /api/webhooks/850392839053639690/65cKLltyuopds0GR5ElwNaeKmhGKmEuXlILxyTidy5Yup0ZfrMMYbNIXK21qa8kcHlKk HTTP/1.1" 204 0
2021-06-30 21:33:38,472 - root - Payload delivered successfully, code 204.
2021-06-30 21:33:38,484 - urllib3.connectionpool - Starting new HTTPS connection (1): discord.com:443
2021-06-30 21:33:39,021 - urllib3.connectionpool - https://discord.com:443 "POST /api/webhooks/850392839053639690/65cKLltyuopds0GR5ElwNaeKmhGKmEuXlILxyTidy5Yup0ZfrMMYbNIXK21qa8kcHlKk HTTP/1.1" 204 0
2021-06-30 21:33:39,028 - root - Payload delivered successfully, code 204.
2021-06-30 21:33:39,033 - urllib3.connectionpool - Starting new HTTPS connection (1): discord.com:443
2021-06-30 22:55:56,098 - dotenv.main - Python-dotenv could not parse statement starting at line 14
2021-06-30 22:55:56,099 - root - Successfully started monitor
2021-06-30 22:55:56,102 - urllib3.connectionpool - Starting new HTTPS connection (1): discord.com:443
2021-06-30 22:55:57,181 - urllib3.connectionpool - https://discord.com:443 "POST /api/webhooks/850392839053639690/65cKLltyuopds0GR5ElwNaeKmhGKmEuXlILxyTidy5Yup0ZfrMMYbNIXK21qa8kcHlKk HTTP/1.1" 204 0
2021-06-30 22:55:57,183 - root - Payload delivered successfully, code 204.
2021-06-30 22:55:57,185 - urllib3.connectionpool - Starting new HTTPS connection (1): www.sslproxies.org:443
2021-06-30 22:55:57,847 - urllib3.connectionpool - https://www.sslproxies.org:443 "GET / HTTP/1.1" 200 None
2021-06-30 22:55:57,897 - urllib3.connectionpool - Starting new HTTPS connection (1): www.sslproxies.org:443
2021-06-30 22:55:58,320 - urllib3.connectionpool - https://www.sslproxies.org:443 "GET / HTTP/1.1" 200 None
2021-06-30 22:55:58,329 - urllib3.connectionpool - Starting new HTTP connection (1): 144.217.101.245:3129
2021-06-30 22:55:59,137 - urllib3.connectionpool - Starting new HTTP connection (1): 47.242.38.22:8083
2021-06-30 22:55:59,768 - urllib3.connectionpool - http://47.242.38.22:8083 "GET http://www.google.com/ HTTP/1.1" 302 313
2021-06-30 22:55:59,938 - urllib3.connectionpool - http://47.242.38.22:8083 "GET http://www.google.com/sorry/index?continue=http://www.google.com/&q=EgQv8iYWGKjS8oYGIhAMQJA6WrMPX3Zzh4-vpD1fMgFy HTTP/1.1" 429 2768
2021-06-30 22:55:59,943 - urllib3.connectionpool - Starting new HTTP connection (1): 47.242.38.22:8083
2021-06-30 22:56:00,596 - urllib3.connectionpool - Starting new HTTP connection (1): 213.230.126.144:3128
2021-06-30 22:56:01,109 - urllib3.connectionpool - Starting new HTTP connection (1): 200.6.217.3:8080
2021-06-30 22:56:01,624 - urllib3.connectionpool - Starting new HTTP connection (1): 27.112.70.151:8083
2021-06-30 22:56:02,139 - urllib3.connectionpool - Starting new HTTP connection (1): 159.65.69.186:9300
2021-06-30 22:56:02,913 - urllib3.connectionpool - Starting new HTTP connection (1): 51.222.21.92:32768
2021-06-30 22:56:03,431 - urllib3.connectionpool - Starting new HTTP connection (1): 8.210.227.141:8083
2021-06-30 22:56:03,967 - urllib3.connectionpool - http://8.210.227.141:8083 "GET http://www.google.com/ HTTP/1.1" 302 313
2021-06-30 22:56:04,125 - urllib3.connectionpool - http://8.210.227.141:8083 "GET http://www.google.com/sorry/index?continue=http://www.google.com/&q=EgQI0uONGK3S8oYGIhDx11vq7ceUy9zpaLHfQ4jgMgFy HTTP/1.1" 429 2769
2021-06-30 22:56:04,131 - urllib3.connectionpool - Starting new HTTP connection (1): 8.210.227.141:8083
2021-06-30 22:56:04,621 - urllib3.connectionpool - http://8.210.227.141:8083 "GET http://www.google.com/ HTTP/1.1" 302 313
2021-06-30 22:56:04,780 - urllib3.connectionpool - http://8.210.227.141:8083 "GET http://www.google.com/sorry/index?continue=http://www.google.com/&q=EgQI0uONGK3S8oYGIhDx11vq7ceUy9zpaLHfQ4jgMgFy HTTP/1.1" 429 2769
2021-06-30 22:56:04,784 - urllib3.connectionpool - Starting new HTTPS connection (1): www.snipes.it:443
2021-06-30 22:56:06,654 - urllib3.connectionpool - https://www.snipes.it:443 "GET /c/new HTTP/1.1" 200 None
2021-06-30 22:56:07,546 - root - 'NoneType' object is not subscriptable
2021-06-30 22:56:07,548 - urllib3.connectionpool - Starting new HTTPS connection (1): www.sslproxies.org:443
2021-06-30 22:56:07,939 - urllib3.connectionpool - https://www.sslproxies.org:443 "GET / HTTP/1.1" 200 None
2021-06-30 22:56:07,958 - urllib3.connectionpool - Starting new HTTP connection (1): 94.79.189.139:80
2021-06-30 22:56:08,471 - urllib3.connectionpool - Starting new HTTP connection (1): 186.225.45.13:45974
2021-06-30 22:56:08,982 - urllib3.connectionpool - Starting new HTTP connection (1): 185.189.199.75:23500
2021-06-30 22:56:09,489 - urllib3.connectionpool - Starting new HTTP connection (1): 34.94.40.85:80
2021-06-30 22:56:10,135 - urllib3.connectionpool - http://34.94.40.85:80 "GET http://www.google.com/ HTTP/1.1" 200 6051
2021-06-30 22:56:10,144 - urllib3.connectionpool - Starting new HTTP connection (1): 34.94.40.85:80
2021-06-30 22:56:10,783 - urllib3.connectionpool - http://34.94.40.85:80 "GET http://www.google.com/ HTTP/1.1" 200 5696
2021-06-30 22:56:10,791 - urllib3.connectionpool - Starting new HTTPS connection (1): www.snipes.it:443
2021-06-30 22:56:12,303 - urllib3.connectionpool - https://www.snipes.it:443 "GET /c/new HTTP/1.1" 200 None
2021-06-30 22:56:13,197 - root - 'NoneType' object is not subscriptable
2021-06-30 22:56:13,199 - urllib3.connectionpool - Starting new HTTPS connection (1): www.sslproxies.org:443
2021-06-30 22:56:13,583 - urllib3.connectionpool - https://www.sslproxies.org:443 "GET / HTTP/1.1" 200 None
2021-06-30 22:56:13,648 - urllib3.connectionpool - Starting new HTTP connection (1): 103.115.164.99:8080
2021-06-30 22:56:14,550 - urllib3.connectionpool - Starting new HTTP connection (1): 51.210.151.72:443
2021-06-30 22:56:43,535 - dotenv.main - Python-dotenv could not parse statement starting at line 14
2021-06-30 22:56:43,535 - root - Successfully started monitor
2021-06-30 22:56:43,539 - urllib3.connectionpool - Starting new HTTPS connection (1): discord.com:443
2021-06-30 22:56:44,182 - urllib3.connectionpool - https://discord.com:443 "POST /api/webhooks/850392839053639690/65cKLltyuopds0GR5ElwNaeKmhGKmEuXlILxyTidy5Yup0ZfrMMYbNIXK21qa8kcHlKk HTTP/1.1" 204 0
2021-06-30 22:56:44,184 - root - Payload delivered successfully, code 204.
2021-06-30 22:56:44,186 - urllib3.connectionpool - Starting new HTTPS connection (1): www.sslproxies.org:443
2021-06-30 22:56:44,554 - urllib3.connectionpool - https://www.sslproxies.org:443 "GET / HTTP/1.1" 200 None
2021-06-30 22:56:44,591 - urllib3.connectionpool - Starting new HTTPS connection (1): www.sslproxies.org:443
2021-06-30 22:56:44,956 - urllib3.connectionpool - https://www.sslproxies.org:443 "GET / HTTP/1.1" 200 None
2021-06-30 22:56:44,998 - urllib3.connectionpool - Starting new HTTP connection (1): 47.243.163.226:8080
2021-06-30 22:56:45,655 - urllib3.connectionpool - Starting new HTTP connection (1): 79.143.87.134:9090
2021-06-30 22:56:46,166 - urllib3.connectionpool - Starting new HTTP connection (1): 169.57.1.84:8123
2021-06-30 22:56:46,821 - urllib3.connectionpool - http://169.57.1.84:8123 "GET http://www.google.com/ HTTP/1.1" 403 3487
2021-06-30 22:56:46,824 - urllib3.connectionpool - Starting new HTTP connection (1): 169.57.1.84:8123
2021-06-30 22:56:47,665 - urllib3.connectionpool - Starting new HTTP connection (1): 89.20.48.116:8080
2021-06-30 22:56:48,178 - urllib3.connectionpool - Starting new HTTP connection (1): 218.32.246.84:8118
2021-06-30 22:56:48,932 - urllib3.connectionpool - Starting new HTTP connection (1): 47.242.138.117:8083
2021-06-30 22:56:49,440 - urllib3.connectionpool - http://47.242.138.117:8083 "GET http://www.google.com/ HTTP/1.1" 302 313
2021-06-30 22:56:49,604 - urllib3.connectionpool - http://47.242.138.117:8083 "GET http://www.google.com/sorry/index?continue=http://www.google.com/&q=EgQv8op1GNrS8oYGIhCV9ef79gSwDUwbTUZQqrmyMgFy HTTP/1.1" 429 2770
2021-06-30 22:56:49,613 - urllib3.connectionpool - Starting new HTTP connection (1): 47.242.138.117:8083
2021-06-30 22:56:50,114 - urllib3.connectionpool - http://47.242.138.117:8083 "GET http://www.google.com/ HTTP/1.1" 302 313
2021-06-30 22:56:50,265 - urllib3.connectionpool - http://47.242.138.117:8083 "GET http://www.google.com/sorry/index?continue=http://www.google.com/&q=EgQv8op1GNvS8oYGIhDi5UfVIRunZFXut0l5j1-QMgFy HTTP/1.1" 429 2770
2021-06-30 22:56:50,271 - urllib3.connectionpool - Starting new HTTPS connection (1): www.snipes.it:443
2021-06-30 22:56:51,988 - urllib3.connectionpool - https://www.snipes.it:443 "GET /c/new HTTP/1.1" 200 None
2021-06-30 22:56:52,762 - urllib3.connectionpool - Starting new HTTPS connection (1): discord.com:443
2021-06-30 22:56:53,280 - urllib3.connectionpool - https://discord.com:443 "POST /api/webhooks/850392839053639690/65cKLltyuopds0GR5ElwNaeKmhGKmEuXlILxyTidy5Yup0ZfrMMYbNIXK21qa8kcHlKk HTTP/1.1" 204 0
2021-06-30 22:56:53,284 - root - Payload delivered successfully, code 204.
2021-06-30 22:56:53,290 - urllib3.connectionpool - Starting new HTTPS connection (1): discord.com:443
2021-06-30 22:56:53,784 - urllib3.connectionpool - https://discord.com:443 "POST /api/webhooks/850392839053639690/65cKLltyuopds0GR5ElwNaeKmhGKmEuXlILxyTidy5Yup0ZfrMMYbNIXK21qa8kcHlKk HTTP/1.1" 204 0
2021-06-30 22:56:53,786 - root - Payload delivered successfully, code 204.
2021-06-30 22:56:53,789 - urllib3.connectionpool - Starting new HTTPS connection (1): discord.com:443
2021-06-30 22:56:54,308 - urllib3.connectionpool - https://discord.com:443 "POST /api/webhooks/850392839053639690/65cKLltyuopds0GR5ElwNaeKmhGKmEuXlILxyTidy5Yup0ZfrMMYbNIXK21qa8kcHlKk HTTP/1.1" 204 0
2021-06-30 22:56:54,310 - root - Payload delivered successfully, code 204.
2021-06-30 22:56:54,312 - urllib3.connectionpool - Starting new HTTPS connection (1): discord.com:443
2021-06-30 22:56:55,171 - urllib3.connectionpool - https://discord.com:443 "POST /api/webhooks/850392839053639690/65cKLltyuopds0GR5ElwNaeKmhGKmEuXlILxyTidy5Yup0ZfrMMYbNIXK21qa8kcHlKk HTTP/1.1" 204 0
2021-06-30 22:56:55,173 - root - Payload delivered successfully, code 204.
2021-06-30 22:56:55,174 - urllib3.connectionpool - Starting new HTTPS connection (1): discord.com:443
2021-06-30 22:56:56,006 - urllib3.connectionpool - https://discord.com:443 "POST /api/webhooks/850392839053639690/65cKLltyuopds0GR5ElwNaeKmhGKmEuXlILxyTidy5Yup0ZfrMMYbNIXK21qa8kcHlKk HTTP/1.1" 204 0
2021-06-30 22:56:56,015 - root - Payload delivered successfully, code 204.
2021-06-30 22:56:56,029 - urllib3.connectionpool - Starting new HTTPS connection (1): discord.com:443
2021-06-30 22:56:56,590 - urllib3.connectionpool - https://discord.com:443 "POST /api/webhooks/850392839053639690/65cKLltyuopds0GR5ElwNaeKmhGKmEuXlILxyTidy5Yup0ZfrMMYbNIXK21qa8kcHlKk HTTP/1.1" 204 0
2021-06-30 22:56:56,601 - root - Payload delivered successfully, code 204.
2021-06-30 22:56:56,608 - urllib3.connectionpool - Starting new HTTPS connection (1): discord.com:443
2021-06-30 23:00:38,832 - dotenv.main - Python-dotenv could not parse statement starting at line 14
2021-06-30 23:00:38,834 - root - Successfully started monitor
2021-06-30 23:00:38,837 - urllib3.connectionpool - Starting new HTTPS connection (1): discord.com:443
2021-06-30 23:00:39,603 - urllib3.connectionpool - https://discord.com:443 "POST /api/webhooks/850392839053639690/65cKLltyuopds0GR5ElwNaeKmhGKmEuXlILxyTidy5Yup0ZfrMMYbNIXK21qa8kcHlKk HTTP/1.1" 204 0
2021-06-30 23:00:39,607 - root - Payload delivered successfully, code 204.
2021-06-30 23:00:39,612 - urllib3.connectionpool - Starting new HTTPS connection (1): www.sslproxies.org:443
2021-06-30 23:00:39,920 - urllib3.connectionpool - https://www.sslproxies.org:443 "GET / HTTP/1.1" 200 None
2021-06-30 23:00:39,944 - urllib3.connectionpool - Starting new HTTPS connection (1): www.sslproxies.org:443
2021-06-30 23:00:40,297 - urllib3.connectionpool - https://www.sslproxies.org:443 "GET / HTTP/1.1" 200 None
2021-06-30 23:00:40,341 - urllib3.connectionpool - Starting new HTTP connection (1): 47.242.29.194:8083
2021-06-30 23:00:40,580 - urllib3.connectionpool - Starting new HTTP connection (1): 51.79.157.202:443
2021-06-30 23:00:41,208 - urllib3.connectionpool - Starting new HTTP connection (1): 169.57.1.84:8123
2021-06-30 23:00:41,854 - urllib3.connectionpool - http://169.57.1.84:8123 "GET http://www.google.com/ HTTP/1.1" 403 3487
2021-06-30 23:00:41,861 - urllib3.connectionpool - Starting new HTTP connection (1): 169.57.1.84:8123
2021-06-30 23:00:42,501 - urllib3.connectionpool - http://169.57.1.84:8123 "GET http://www.google.com/ HTTP/1.1" 403 3487
2021-06-30 23:00:42,508 - urllib3.connectionpool - Starting new HTTPS connection (1): www.snipes.it:443
2021-06-30 23:00:43,986 - urllib3.connectionpool - https://www.snipes.it:443 "GET /c/new HTTP/1.1" 200 None
2021-06-30 23:00:44,826 - root - unhashable type: 'dict'
2021-06-30 23:00:44,827 - urllib3.connectionpool - Starting new HTTPS connection (1): www.sslproxies.org:443
2021-06-30 23:00:45,208 - urllib3.connectionpool - https://www.sslproxies.org:443 "GET / HTTP/1.1" 200 None
2021-06-30 23:00:45,239 - urllib3.connectionpool - Starting new HTTP connection (1): 43.229.252.28:53281
2021-06-30 23:00:45,751 - urllib3.connectionpool - Starting new HTTP connection (1): 36.67.66.202:47275
2021-06-30 23:00:46,262 - urllib3.connectionpool - Starting new HTTP connection (1): 47.243.163.226:8080
2021-06-30 23:00:46,916 - urllib3.connectionpool - Starting new HTTP connection (1): 94.228.192.197:8087
2021-06-30 23:00:47,430 - urllib3.connectionpool - Starting new HTTP connection (1): 213.32.11.155:43567
2021-06-30 23:01:12,930 - dotenv.main - Python-dotenv could not parse statement starting at line 14
2021-06-30 23:01:12,931 - root - Successfully started monitor
2021-06-30 23:01:12,935 - urllib3.connectionpool - Starting new HTTPS connection (1): discord.com:443
2021-06-30 23:01:13,535 - urllib3.connectionpool - https://discord.com:443 "POST /api/webhooks/850392839053639690/65cKLltyuopds0GR5ElwNaeKmhGKmEuXlILxyTidy5Yup0ZfrMMYbNIXK21qa8kcHlKk HTTP/1.1" 204 0
2021-06-30 23:01:13,538 - root - Payload delivered successfully, code 204.
2021-06-30 23:01:13,542 - urllib3.connectionpool - Starting new HTTPS connection (1): www.sslproxies.org:443
2021-06-30 23:01:14,519 - urllib3.connectionpool - https://www.sslproxies.org:443 "GET / HTTP/1.1" 200 None
2021-06-30 23:01:14,552 - urllib3.connectionpool - Starting new HTTPS connection (1): www.sslproxies.org:443
2021-06-30 23:01:14,722 - urllib3.connectionpool - https://www.sslproxies.org:443 "GET / HTTP/1.1" 200 None
2021-06-30 23:01:15,142 - urllib3.connectionpool - Starting new HTTP connection (1): 103.250.166.17:6666
2021-06-30 23:01:15,662 - urllib3.connectionpool - Starting new HTTP connection (1): 85.185.159.75:8080
2021-06-30 23:01:16,169 - urllib3.connectionpool - Starting new HTTP connection (1): 49.12.2.178:3128
2021-06-30 23:01:16,682 - urllib3.connectionpool - Starting new HTTP connection (1): 103.73.74.22:2021
2021-06-30 23:01:17,196 - urllib3.connectionpool - Starting new HTTP connection (1): 51.222.21.92:32768
2021-06-30 23:01:17,707 - urllib3.connectionpool - Starting new HTTP connection (1): 202.29.220.202:52145
2021-06-30 23:01:18,221 - urllib3.connectionpool - Starting new HTTP connection (1): 220.130.181.92:8118
2021-06-30 23:01:18,732 - urllib3.connectionpool - Starting new HTTP connection (1): 51.79.157.83:443
2021-06-30 23:01:19,240 - urllib3.connectionpool - Starting new HTTP connection (1): 45.112.124.133:8080
2021-06-30 23:01:19,751 - urllib3.connectionpool - Starting new HTTP connection (1): 169.57.1.85:80
2021-06-30 23:01:20,396 - urllib3.connectionpool - http://169.57.1.85:80 "GET http://www.google.com/ HTTP/1.1" 403 3487
2021-06-30 23:01:20,403 - urllib3.connectionpool - Starting new HTTP connection (1): 169.57.1.85:80
2021-06-30 23:01:21,064 - urllib3.connectionpool - http://169.57.1.85:80 "GET http://www.google.com/ HTTP/1.1" 403 3487
2021-06-30 23:01:21,071 - urllib3.connectionpool - Starting new HTTPS connection (1): www.snipes.it:443
2021-06-30 23:01:23,241 - urllib3.connectionpool - https://www.snipes.it:443 "GET /c/new HTTP/1.1" 200 None
2021-06-30 23:01:24,108 - urllib3.connectionpool - Starting new HTTPS connection (1): discord.com:443
2021-06-30 23:01:24,619 - urllib3.connectionpool - https://discord.com:443 "POST /api/webhooks/850392839053639690/65cKLltyuopds0GR5ElwNaeKmhGKmEuXlILxyTidy5Yup0ZfrMMYbNIXK21qa8kcHlKk HTTP/1.1" 204 0
2021-06-30 23:01:24,622 - root - Payload delivered successfully, code 204.
2021-06-30 23:01:24,626 - urllib3.connectionpool - Starting new HTTPS connection (1): discord.com:443
2021-06-30 23:01:25,115 - urllib3.connectionpool - https://discord.com:443 "POST /api/webhooks/850392839053639690/65cKLltyuopds0GR5ElwNaeKmhGKmEuXlILxyTidy5Yup0ZfrMMYbNIXK21qa8kcHlKk HTTP/1.1" 204 0
2021-06-30 23:01:25,120 - root - Payload delivered successfully, code 204.
2021-06-30 23:01:25,126 - urllib3.connectionpool - Starting new HTTPS connection (1): discord.com:443
2021-06-30 23:01:25,643 - urllib3.connectionpool - https://discord.com:443 "POST /api/webhooks/850392839053639690/65cKLltyuopds0GR5ElwNaeKmhGKmEuXlILxyTidy5Yup0ZfrMMYbNIXK21qa8kcHlKk HTTP/1.1" 204 0
2021-06-30 23:01:25,647 - root - Payload delivered successfully, code 204.
2021-06-30 23:01:25,649 - urllib3.connectionpool - Starting new HTTPS connection (1): discord.com:443
2021-06-30 23:01:26,164 - urllib3.connectionpool - https://discord.com:443 "POST /api/webhooks/850392839053639690/65cKLltyuopds0GR5ElwNaeKmhGKmEuXlILxyTidy5Yup0ZfrMMYbNIXK21qa8kcHlKk HTTP/1.1" 204 0
2021-06-30 23:01:26,177 - root - Payload delivered successfully, code 204.
2021-06-30 23:01:26,186 - urllib3.connectionpool - Starting new HTTPS connection (1): discord.com:443
2021-06-30 23:01:26,761 - urllib3.connectionpool - https://discord.com:443 "POST /api/webhooks/850392839053639690/65cKLltyuopds0GR5ElwNaeKmhGKmEuXlILxyTidy5Yup0ZfrMMYbNIXK21qa8kcHlKk HTTP/1.1" 204 0
2021-06-30 23:01:26,773 - root - Payload delivered successfully, code 204.
2021-06-30 23:01:26,784 - urllib3.connectionpool - Starting new HTTPS connection (1): discord.com:443
2021-06-30 23:01:27,286 - urllib3.connectionpool - https://discord.com:443 "POST /api/webhooks/850392839053639690/65cKLltyuopds0GR5ElwNaeKmhGKmEuXlILxyTidy5Yup0ZfrMMYbNIXK21qa8kcHlKk HTTP/1.1" 204 0
2021-06-30 23:01:27,293 - root - Payload delivered successfully, code 204.
2021-06-30 23:01:27,299 - urllib3.connectionpool - Starting new HTTPS connection (1): discord.com:443
2021-06-30 23:01:27,800 - urllib3.connectionpool - https://discord.com:443 "POST /api/webhooks/850392839053639690/65cKLltyuopds0GR5ElwNaeKmhGKmEuXlILxyTidy5Yup0ZfrMMYbNIXK21qa8kcHlKk HTTP/1.1" 204 0
2021-06-30 23:01:27,805 - root - Payload delivered successfully, code 204.
2021-06-30 23:01:27,807 - urllib3.connectionpool - Starting new HTTPS connection (1): discord.com:443
2021-06-30 23:01:28,339 - urllib3.connectionpool - https://discord.com:443 "POST /api/webhooks/850392839053639690/65cKLltyuopds0GR5ElwNaeKmhGKmEuXlILxyTidy5Yup0ZfrMMYbNIXK21qa8kcHlKk HTTP/1.1" 204 0
2021-06-30 23:01:28,340 - root - Payload delivered successfully, code 204.
2021-06-30 23:01:28,342 - urllib3.connectionpool - Starting new HTTPS connection (1): discord.com:443
2021-06-30 23:01:28,864 - urllib3.connectionpool - https://discord.com:443 "POST /api/webhooks/850392839053639690/65cKLltyuopds0GR5ElwNaeKmhGKmEuXlILxyTidy5Yup0ZfrMMYbNIXK21qa8kcHlKk HTTP/1.1" 204 0
2021-06-30 23:01:28,876 - root - Payload delivered successfully, code 204.
2021-06-30 23:01:28,885 - urllib3.connectionpool - Starting new HTTPS connection (1): discord.com:443
2021-06-30 23:06:49,356 - dotenv.main - Python-dotenv could not parse statement starting at line 14
2021-06-30 23:06:49,357 - root - Successfully started monitor
2021-06-30 23:06:49,361 - urllib3.connectionpool - Starting new HTTPS connection (1): discord.com:443
2021-06-30 23:06:49,893 - urllib3.connectionpool - https://discord.com:443 "POST /api/webhooks/850392839053639690/65cKLltyuopds0GR5ElwNaeKmhGKmEuXlILxyTidy5Yup0ZfrMMYbNIXK21qa8kcHlKk HTTP/1.1" 204 0
2021-06-30 23:06:49,897 - root - Payload delivered successfully, code 204.
2021-06-30 23:06:49,901 - urllib3.connectionpool - Starting new HTTPS connection (1): www.sslproxies.org:443
2021-06-30 23:06:50,263 - urllib3.connectionpool - https://www.sslproxies.org:443 "GET / HTTP/1.1" 200 None
2021-06-30 23:06:50,294 - urllib3.connectionpool - Starting new HTTPS connection (1): www.sslproxies.org:443
2021-06-30 23:06:50,559 - urllib3.connectionpool - https://www.sslproxies.org:443 "GET / HTTP/1.1" 200 None
2021-06-30 23:06:50,570 - urllib3.connectionpool - Starting new HTTP connection (1): 160.16.153.115:3128
2021-06-30 23:06:51,233 - urllib3.connectionpool - Starting new HTTP connection (1): 45.112.124.133:8080
2021-06-30 23:06:51,751 - urllib3.connectionpool - Starting new HTTP connection (1): 203.150.176.121:8080
2021-06-30 23:06:52,168 - urllib3.connectionpool - http://203.150.176.121:8080 "GET http://www.google.com/ HTTP/1.1" 200 6403
2021-06-30 23:06:52,175 - urllib3.connectionpool - Starting new HTTP connection (1): 203.150.176.121:8080
2021-06-30 23:06:52,815 - urllib3.connectionpool - Starting new HTTP connection (1): 115.242.208.58:8080
2021-06-30 23:06:53,318 - urllib3.connectionpool - Starting new HTTP connection (1): 172.107.159.194:443
2021-06-30 23:06:53,937 - urllib3.connectionpool - Starting new HTTP connection (1): 169.57.1.85:80
2021-06-30 23:06:54,571 - urllib3.connectionpool - http://169.57.1.85:80 "GET http://www.google.com/ HTTP/1.1" 403 3487
2021-06-30 23:06:54,576 - urllib3.connectionpool - Starting new HTTP connection (1): 169.57.1.85:80
2021-06-30 23:06:55,278 - urllib3.connectionpool - http://169.57.1.85:80 "GET http://www.google.com/ HTTP/1.1" 403 3487
2021-06-30 23:06:55,282 - urllib3.connectionpool - Starting new HTTPS connection (1): www.snipes.it:443
2021-06-30 23:06:58,069 - urllib3.connectionpool - https://www.snipes.it:443 "GET /c/new HTTP/1.1" 200 None
2021-06-30 23:06:58,877 - root - 'NoneType' object is not subscriptable
2021-06-30 23:06:58,878 - urllib3.connectionpool - Starting new HTTPS connection (1): www.sslproxies.org:443
2021-06-30 23:06:59,150 - urllib3.connectionpool - https://www.sslproxies.org:443 "GET / HTTP/1.1" 200 None
2021-06-30 23:06:59,276 - urllib3.connectionpool - Starting new HTTP connection (1): 203.150.176.121:8080
2021-06-30 23:06:59,790 - urllib3.connectionpool - Starting new HTTP connection (1): 81.163.57.147:41258
2021-06-30 23:07:00,302 - urllib3.connectionpool - Starting new HTTP connection (1): 220.130.181.103:8118
2021-06-30 23:07:14,662 - dotenv.main - Python-dotenv could not parse statement starting at line 14
2021-06-30 23:07:14,664 - root - Successfully started monitor
2021-06-30 23:07:14,669 - urllib3.connectionpool - Starting new HTTPS connection (1): discord.com:443
2021-06-30 23:07:15,153 - urllib3.connectionpool - https://discord.com:443 "POST /api/webhooks/850392839053639690/65cKLltyuopds0GR5ElwNaeKmhGKmEuXlILxyTidy5Yup0ZfrMMYbNIXK21qa8kcHlKk HTTP/1.1" 204 0
2021-06-30 23:07:15,155 - root - Payload delivered successfully, code 204.
2021-06-30 23:07:15,157 - urllib3.connectionpool - Starting new HTTPS connection (1): www.sslproxies.org:443
2021-06-30 23:07:15,423 - urllib3.connectionpool - https://www.sslproxies.org:443 "GET / HTTP/1.1" 200 None
2021-06-30 23:07:15,470 - urllib3.connectionpool - Starting new HTTPS connection (1): www.sslproxies.org:443
2021-06-30 23:07:15,791 - urllib3.connectionpool - https://www.sslproxies.org:443 "GET / HTTP/1.1" 200 None
2021-06-30 23:07:15,818 - urllib3.connectionpool - Starting new HTTP connection (1): 64.227.19.252:3128
2021-06-30 23:07:16,340 - urllib3.connectionpool - Starting new HTTP connection (1): 78.128.124.9:50246
2021-06-30 23:07:16,855 - urllib3.connectionpool - Starting new HTTP connection (1): 27.76.180.53:6666
2021-06-30 23:07:17,370 - urllib3.connectionpool - Starting new HTTP connection (1): 150.129.207.84:30093
2021-06-30 23:07:17,944 - urllib3.connectionpool - http://150.129.207.84:30093 "GET http://www.google.com/ HTTP/1.1" 200 6163
2021-06-30 23:07:17,954 - urllib3.connectionpool - Starting new HTTP connection (1): 150.129.207.84:30093
2021-06-30 23:07:18,316 - urllib3.connectionpool - http://150.129.207.84:30093 "GET http://www.google.com/ HTTP/1.1" 200 6145
2021-06-30 23:07:18,320 - urllib3.connectionpool - Starting new HTTPS connection (1): www.snipes.it:443
2021-06-30 23:07:19,850 - urllib3.connectionpool - https://www.snipes.it:443 "GET /c/new HTTP/1.1" 200 None
2021-06-30 23:07:20,708 - root - 'NoneType' object is not subscriptable
2021-06-30 23:07:20,710 - urllib3.connectionpool - Starting new HTTPS connection (1): www.sslproxies.org:443
2021-06-30 23:07:21,071 - urllib3.connectionpool - https://www.sslproxies.org:443 "GET / HTTP/1.1" 200 None
2021-06-30 23:07:21,096 - urllib3.connectionpool - Starting new HTTP connection (1): 178.32.116.64:3128
2021-06-30 23:07:21,462 - urllib3.connectionpool - http://178.32.116.64:3128 "GET http://www.google.com/ HTTP/1.1" 200 5730
2021-06-30 23:07:21,465 - urllib3.connectionpool - Starting new HTTP connection (1): 178.32.116.64:3128
2021-06-30 23:07:21,844 - urllib3.connectionpool - http://178.32.116.64:3128 "GET http://www.google.com/ HTTP/1.1" 200 5691
2021-06-30 23:07:21,853 - urllib3.connectionpool - Starting new HTTPS connection (1): www.snipes.it:443
2021-06-30 23:12:48,125 - dotenv.main - Python-dotenv could not parse statement starting at line 14
2021-06-30 23:12:48,126 - root - Successfully started monitor
2021-06-30 23:12:48,131 - urllib3.connectionpool - Starting new HTTPS connection (1): discord.com:443
2021-06-30 23:12:48,714 - urllib3.connectionpool - https://discord.com:443 "POST /api/webhooks/850392839053639690/65cKLltyuopds0GR5ElwNaeKmhGKmEuXlILxyTidy5Yup0ZfrMMYbNIXK21qa8kcHlKk HTTP/1.1" 204 0
2021-06-30 23:12:48,717 - root - Payload delivered successfully, code 204.
2021-06-30 23:12:48,719 - urllib3.connectionpool - Starting new HTTPS connection (1): www.sslproxies.org:443
2021-06-30 23:12:49,724 - urllib3.connectionpool - https://www.sslproxies.org:443 "GET / HTTP/1.1" 200 None
2021-06-30 23:12:49,751 - urllib3.connectionpool - Starting new HTTPS connection (1): www.sslproxies.org:443
2021-06-30 23:12:49,901 - urllib3.connectionpool - https://www.sslproxies.org:443 "GET / HTTP/1.1" 200 None
2021-06-30 23:12:49,923 - urllib3.connectionpool - Starting new HTTP connection (1): 185.175.119.206:36442
2021-06-30 23:12:50,437 - urllib3.connectionpool - Starting new HTTP connection (1): 220.130.181.92:8118
2021-06-30 23:12:50,947 - urllib3.connectionpool - Starting new HTTP connection (1): 36.67.66.202:47275
2021-06-30 23:12:51,465 - urllib3.connectionpool - Starting new HTTP connection (1): 23.251.138.105:8080
2021-06-30 23:12:51,982 - urllib3.connectionpool - Starting new HTTP connection (1): 208.80.28.208:8080
2021-06-30 23:12:52,489 - urllib3.connectionpool - Starting new HTTP connection (1): 187.130.139.197:8080
2021-06-30 23:12:53,011 - urllib3.connectionpool - Starting new HTTP connection (1): 51.79.157.202:443
2021-06-30 23:12:53,521 - urllib3.connectionpool - Starting new HTTP connection (1): 81.163.57.147:41258
2021-06-30 23:12:54,031 - urllib3.connectionpool - Starting new HTTP connection (1): 1.20.217.52:8080
2021-06-30 23:12:54,544 - urllib3.connectionpool - Starting new HTTP connection (1): 116.58.232.252:45599
2021-06-30 23:12:55,051 - urllib3.connectionpool - Starting new HTTP connection (1): 160.16.56.24:3128
2021-06-30 23:12:55,567 - urllib3.connectionpool - Starting new HTTP connection (1): 119.81.189.194:80
2021-06-30 23:12:55,966 - urllib3.connectionpool - http://119.81.189.194:80 "GET http://www.google.com/ HTTP/1.1" 403 0
2021-06-30 23:12:55,970 - urllib3.connectionpool - Starting new HTTP connection (1): 119.81.189.194:80
2021-06-30 23:12:56,378 - urllib3.connectionpool - http://119.81.189.194:80 "GET http://www.google.com/ HTTP/1.1" 403 0
2021-06-30 23:12:56,385 - urllib3.connectionpool - Starting new HTTPS connection (1): www.snipes.it:443
2021-06-30 23:12:58,432 - urllib3.connectionpool - https://www.snipes.it:443 "GET /c/new HTTP/1.1" 200 None
2021-06-30 23:12:59,303 - urllib3.connectionpool - Starting new HTTPS connection (1): discord.com:443
2021-06-30 23:12:59,808 - urllib3.connectionpool - https://discord.com:443 "POST /api/webhooks/850392839053639690/65cKLltyuopds0GR5ElwNaeKmhGKmEuXlILxyTidy5Yup0ZfrMMYbNIXK21qa8kcHlKk HTTP/1.1" 204 0
2021-06-30 23:12:59,819 - root - Payload delivered successfully, code 204.
2021-06-30 23:12:59,829 - urllib3.connectionpool - Starting new HTTPS connection (1): discord.com:443
2021-06-30 23:13:00,352 - urllib3.connectionpool - https://discord.com:443 "POST /api/webhooks/850392839053639690/65cKLltyuopds0GR5ElwNaeKmhGKmEuXlILxyTidy5Yup0ZfrMMYbNIXK21qa8kcHlKk HTTP/1.1" 204 0
2021-06-30 23:13:00,354 - root - Payload delivered successfully, code 204.
2021-06-30 23:13:00,358 - urllib3.connectionpool - Starting new HTTPS connection (1): discord.com:443
2021-06-30 23:13:00,937 - urllib3.connectionpool - https://discord.com:443 "POST /api/webhooks/850392839053639690/65cKLltyuopds0GR5ElwNaeKmhGKmEuXlILxyTidy5Yup0ZfrMMYbNIXK21qa8kcHlKk HTTP/1.1" 204 0
2021-06-30 23:13:00,939 - root - Payload delivered successfully, code 204.
2021-06-30 23:13:00,941 - urllib3.connectionpool - Starting new HTTPS connection (1): discord.com:443
2021-06-30 23:13:01,458 - urllib3.connectionpool - https://discord.com:443 "POST /api/webhooks/850392839053639690/65cKLltyuopds0GR5ElwNaeKmhGKmEuXlILxyTidy5Yup0ZfrMMYbNIXK21qa8kcHlKk HTTP/1.1" 204 0
2021-06-30 23:13:01,466 - root - Payload delivered successfully, code 204.
2021-06-30 23:13:01,472 - urllib3.connectionpool - Starting new HTTPS connection (1): discord.com:443
2021-06-30 23:13:01,967 - urllib3.connectionpool - https://discord.com:443 "POST /api/webhooks/850392839053639690/65cKLltyuopds0GR5ElwNaeKmhGKmEuXlILxyTidy5Yup0ZfrMMYbNIXK21qa8kcHlKk HTTP/1.1" 204 0
2021-06-30 23:13:01,972 - root - Payload delivered successfully, code 204.
2021-06-30 23:13:01,982 - urllib3.connectionpool - Starting new HTTPS connection (1): discord.com:443
2021-06-30 23:13:02,474 - urllib3.connectionpool - https://discord.com:443 "POST /api/webhooks/850392839053639690/65cKLltyuopds0GR5ElwNaeKmhGKmEuXlILxyTidy5Yup0ZfrMMYbNIXK21qa8kcHlKk HTTP/1.1" 204 0
2021-06-30 23:13:02,484 - root - Payload delivered successfully, code 204.
2021-06-30 23:13:02,492 - urllib3.connectionpool - Starting new HTTPS connection (1): discord.com:443
2021-06-30 23:13:03,035 - urllib3.connectionpool - https://discord.com:443 "POST /api/webhooks/850392839053639690/65cKLltyuopds0GR5ElwNaeKmhGKmEuXlILxyTidy5Yup0ZfrMMYbNIXK21qa8kcHlKk HTTP/1.1" 204 0
2021-06-30 23:13:03,048 - root - Payload delivered successfully, code 204.
2021-06-30 23:13:03,054 - urllib3.connectionpool - Starting new HTTPS connection (1): discord.com:443
2021-06-30 23:13:03,572 - urllib3.connectionpool - https://discord.com:443 "POST /api/webhooks/850392839053639690/65cKLltyuopds0GR5ElwNaeKmhGKmEuXlILxyTidy5Yup0ZfrMMYbNIXK21qa8kcHlKk HTTP/1.1" 204 0
2021-06-30 23:13:03,578 - root - Payload delivered successfully, code 204.
2021-06-30 23:13:03,582 - urllib3.connectionpool - Starting new HTTPS connection (1): discord.com:443
2021-06-30 23:13:04,101 - urllib3.connectionpool - https://discord.com:443 "POST /api/webhooks/850392839053639690/65cKLltyuopds0GR5ElwNaeKmhGKmEuXlILxyTidy5Yup0ZfrMMYbNIXK21qa8kcHlKk HTTP/1.1" 204 0
2021-06-30 23:13:04,103 - root - Payload delivered successfully, code 204.
2021-06-30 23:13:04,105 - urllib3.connectionpool - Starting new HTTPS connection (1): discord.com:443
2021-06-30 23:13:04,584 - urllib3.connectionpool - https://discord.com:443 "POST /api/webhooks/850392839053639690/65cKLltyuopds0GR5ElwNaeKmhGKmEuXlILxyTidy5Yup0ZfrMMYbNIXK21qa8kcHlKk HTTP/1.1" 204 0
2021-06-30 23:13:04,592 - root - Payload delivered successfully, code 204.
2021-06-30 23:13:04,602 - urllib3.connectionpool - Starting new HTTPS connection (1): discord.com:443
2021-06-30 23:13:05,075 - urllib3.connectionpool - https://discord.com:443 "POST /api/webhooks/850392839053639690/65cKLltyuopds0GR5ElwNaeKmhGKmEuXlILxyTidy5Yup0ZfrMMYbNIXK21qa8kcHlKk HTTP/1.1" 204 0
2021-06-30 23:13:05,078 - root - Payload delivered successfully, code 204.
2021-06-30 23:13:05,082 - urllib3.connectionpool - Starting new HTTPS connection (1): discord.com:443
2021-06-30 23:13:16,883 - dotenv.main - Python-dotenv could not parse statement starting at line 14
2021-06-30 23:13:16,884 - root - Successfully started monitor
2021-06-30 23:13:16,887 - urllib3.connectionpool - Starting new HTTPS connection (1): discord.com:443
2021-06-30 23:13:17,409 - urllib3.connectionpool - https://discord.com:443 "POST /api/webhooks/850392839053639690/65cKLltyuopds0GR5ElwNaeKmhGKmEuXlILxyTidy5Yup0ZfrMMYbNIXK21qa8kcHlKk HTTP/1.1" 204 0
2021-06-30 23:13:17,413 - root - Payload delivered successfully, code 204.
2021-06-30 23:13:17,418 - urllib3.connectionpool - Starting new HTTPS connection (1): www.sslproxies.org:443
2021-06-30 23:13:17,554 - urllib3.connectionpool - https://www.sslproxies.org:443 "GET / HTTP/1.1" 200 None
2021-06-30 23:13:17,566 - urllib3.connectionpool - Starting new HTTPS connection (1): www.sslproxies.org:443
2021-06-30 23:13:17,706 - urllib3.connectionpool - https://www.sslproxies.org:443 "GET / HTTP/1.1" 200 None
2021-06-30 23:13:17,734 - urllib3.connectionpool - Starting new HTTP connection (1): 51.210.151.72:443
2021-06-30 23:13:18,408 - urllib3.connectionpool - Starting new HTTP connection (1): 8.210.234.204:8083
2021-06-30 23:13:18,635 - urllib3.connectionpool - Starting new HTTP connection (1): 169.57.1.85:80
2021-06-30 23:13:19,486 - urllib3.connectionpool - Starting new HTTP connection (1): 51.79.157.202:443
2021-06-30 23:13:20,072 - urllib3.connectionpool - Starting new HTTP connection (1): 47.242.133.230:8083
2021-06-30 23:13:20,559 - urllib3.connectionpool - http://47.242.133.230:8083 "GET http://www.google.com/ HTTP/1.1" 302 313
2021-06-30 23:13:20,708 - urllib3.connectionpool - http://47.242.133.230:8083 "GET http://www.google.com/sorry/index?continue=http://www.google.com/&q=EgQv8oXmGLna8oYGIhD4S4fAROnhR5AolCYSsFw9MgFy HTTP/1.1" 429 2770
2021-06-30 23:13:20,711 - urllib3.connectionpool - Starting new HTTP connection (1): 47.242.133.230:8083
2021-06-30 23:13:21,292 - urllib3.connectionpool - http://47.242.133.230:8083 "GET http://www.google.com/ HTTP/1.1" 302 313
2021-06-30 23:13:21,445 - urllib3.connectionpool - http://47.242.133.230:8083 "GET http://www.google.com/sorry/index?continue=http://www.google.com/&q=EgQv8oXmGLra8oYGIhDrLPRmZaucuKB-EHCozBLNMgFy HTTP/1.1" 429 2770
2021-06-30 23:13:21,453 - urllib3.connectionpool - Starting new HTTPS connection (1): www.snipes.it:443
2021-06-30 23:13:22,972 - urllib3.connectionpool - https://www.snipes.it:443 "GET /c/new HTTP/1.1" 200 None
2021-06-30 23:13:23,833 - urllib3.connectionpool - Starting new HTTPS connection (1): discord.com:443
2021-06-30 23:13:24,326 - urllib3.connectionpool - https://discord.com:443 "POST /api/webhooks/850392839053639690/65cKLltyuopds0GR5ElwNaeKmhGKmEuXlILxyTidy5Yup0ZfrMMYbNIXK21qa8kcHlKk HTTP/1.1" 204 0
2021-06-30 23:13:24,330 - root - Payload delivered successfully, code 204.
2021-06-30 23:13:24,336 - urllib3.connectionpool - Starting new HTTPS connection (1): discord.com:443
2021-06-30 23:13:24,843 - urllib3.connectionpool - https://discord.com:443 "POST /api/webhooks/850392839053639690/65cKLltyuopds0GR5ElwNaeKmhGKmEuXlILxyTidy5Yup0ZfrMMYbNIXK21qa8kcHlKk HTTP/1.1" 204 0
2021-06-30 23:13:24,848 - root - Payload delivered successfully, code 204.
2021-06-30 23:13:24,855 - urllib3.connectionpool - Starting new HTTPS connection (1): discord.com:443
2021-06-30 23:13:25,351 - urllib3.connectionpool - https://discord.com:443 "POST /api/webhooks/850392839053639690/65cKLltyuopds0GR5ElwNaeKmhGKmEuXlILxyTidy5Yup0ZfrMMYbNIXK21qa8kcHlKk HTTP/1.1" 204 0
2021-06-30 23:13:25,353 - root - Payload delivered successfully, code 204.
2021-06-30 23:13:25,357 - urllib3.connectionpool - Starting new HTTPS connection (1): discord.com:443
2021-06-30 23:13:25,827 - urllib3.connectionpool - https://discord.com:443 "POST /api/webhooks/850392839053639690/65cKLltyuopds0GR5ElwNaeKmhGKmEuXlILxyTidy5Yup0ZfrMMYbNIXK21qa8kcHlKk HTTP/1.1" 204 0
2021-06-30 23:13:25,833 - root - Payload delivered successfully, code 204.
2021-06-30 23:13:25,841 - urllib3.connectionpool - Starting new HTTPS connection (1): discord.com:443
2021-06-30 23:13:26,304 - urllib3.connectionpool - https://discord.com:443 "POST /api/webhooks/850392839053639690/65cKLltyuopds0GR5ElwNaeKmhGKmEuXlILxyTidy5Yup0ZfrMMYbNIXK21qa8kcHlKk HTTP/1.1" 204 0
2021-06-30 23:13:26,308 - root - Payload delivered successfully, code 204.
2021-06-30 23:13:26,312 - urllib3.connectionpool - Starting new HTTPS connection (1): discord.com:443
2021-06-30 23:13:26,766 - urllib3.connectionpool - https://discord.com:443 "POST /api/webhooks/850392839053639690/65cKLltyuopds0GR5ElwNaeKmhGKmEuXlILxyTidy5Yup0ZfrMMYbNIXK21qa8kcHlKk HTTP/1.1" 204 0
2021-06-30 23:13:26,770 - root - Payload delivered successfully, code 204.
2021-06-30 23:13:26,775 - urllib3.connectionpool - Starting new HTTPS connection (1): discord.com:443
2021-06-30 23:13:27,297 - urllib3.connectionpool - https://discord.com:443 "POST /api/webhooks/850392839053639690/65cKLltyuopds0GR5ElwNaeKmhGKmEuXlILxyTidy5Yup0ZfrMMYbNIXK21qa8kcHlKk HTTP/1.1" 204 0
2021-06-30 23:13:27,299 - root - Payload delivered successfully, code 204.
2021-06-30 23:13:27,301 - urllib3.connectionpool - Starting new HTTPS connection (1): discord.com:443
2021-06-30 23:13:27,776 - urllib3.connectionpool - https://discord.com:443 "POST /api/webhooks/850392839053639690/65cKLltyuopds0GR5ElwNaeKmhGKmEuXlILxyTidy5Yup0ZfrMMYbNIXK21qa8kcHlKk HTTP/1.1" 204 0
2021-06-30 23:13:27,779 - root - Payload delivered successfully, code 204.
2021-06-30 23:13:27,781 - urllib3.connectionpool - Starting new HTTPS connection (1): discord.com:443
2021-06-30 23:13:28,243 - urllib3.connectionpool - https://discord.com:443 "POST /api/webhooks/850392839053639690/65cKLltyuopds0GR5ElwNaeKmhGKmEuXlILxyTidy5Yup0ZfrMMYbNIXK21qa8kcHlKk HTTP/1.1" 204 0
2021-06-30 23:13:28,246 - root - Payload delivered successfully, code 204.
2021-06-30 23:13:28,249 - urllib3.connectionpool - Starting new HTTPS connection (1): discord.com:443
2021-06-30 23:13:28,739 - urllib3.connectionpool - https://discord.com:443 "POST /api/webhooks/850392839053639690/65cKLltyuopds0GR5ElwNaeKmhGKmEuXlILxyTidy5Yup0ZfrMMYbNIXK21qa8kcHlKk HTTP/1.1" 204 0
2021-06-30 23:13:28,741 - root - Payload delivered successfully, code 204.
2021-06-30 23:13:28,743 - urllib3.connectionpool - Starting new HTTPS connection (1): discord.com:443
2021-06-30 23:13:29,194 - urllib3.connectionpool - https://discord.com:443 "POST /api/webhooks/850392839053639690/65cKLltyuopds0GR5ElwNaeKmhGKmEuXlILxyTidy5Yup0ZfrMMYbNIXK21qa8kcHlKk HTTP/1.1" 204 0
2021-06-30 23:13:29,197 - root - Payload delivered successfully, code 204.
2021-06-30 23:13:29,198 - urllib3.connectionpool - Starting new HTTPS connection (1): discord.com:443
2021-06-30 23:13:29,689 - urllib3.connectionpool - https://discord.com:443 "POST /api/webhooks/850392839053639690/65cKLltyuopds0GR5ElwNaeKmhGKmEuXlILxyTidy5Yup0ZfrMMYbNIXK21qa8kcHlKk HTTP/1.1" 204 0
2021-06-30 23:13:29,691 - root - Payload delivered successfully, code 204.
2021-06-30 23:13:29,693 - urllib3.connectionpool - Starting new HTTPS connection (1): discord.com:443
2021-06-30 23:13:30,153 - urllib3.connectionpool - https://discord.com:443 "POST /api/webhooks/850392839053639690/65cKLltyuopds0GR5ElwNaeKmhGKmEuXlILxyTidy5Yup0ZfrMMYbNIXK21qa8kcHlKk HTTP/1.1" 204 0
2021-06-30 23:13:30,159 - root - Payload delivered successfully, code 204.
2021-06-30 23:13:30,167 - urllib3.connectionpool - Starting new HTTPS connection (1): discord.com:443
2021-06-30 23:15:16,458 - dotenv.main - Python-dotenv could not parse statement starting at line 14
2021-06-30 23:15:16,458 - root - Successfully started monitor
2021-06-30 23:15:16,464 - urllib3.connectionpool - Starting new HTTPS connection (1): discord.com:443
2021-06-30 23:15:17,413 - urllib3.connectionpool - https://discord.com:443 "POST /api/webhooks/850392839053639690/65cKLltyuopds0GR5ElwNaeKmhGKmEuXlILxyTidy5Yup0ZfrMMYbNIXK21qa8kcHlKk HTTP/1.1" 204 0
2021-06-30 23:15:17,422 - root - Payload delivered successfully, code 204.
2021-06-30 23:15:17,428 - urllib3.connectionpool - Starting new HTTPS connection (1): www.sslproxies.org:443
2021-06-30 23:15:17,674 - urllib3.connectionpool - https://www.sslproxies.org:443 "GET / HTTP/1.1" 200 None
2021-06-30 23:15:17,688 - urllib3.connectionpool - Starting new HTTPS connection (1): www.sslproxies.org:443
2021-06-30 23:15:17,967 - urllib3.connectionpool - https://www.sslproxies.org:443 "GET / HTTP/1.1" 200 None
2021-06-30 23:15:17,984 - urllib3.connectionpool - Starting new HTTP connection (1): 152.67.1.199:8000
2021-06-30 23:15:18,695 - urllib3.connectionpool - Starting new HTTP connection (1): 213.230.97.10:3128
2021-06-30 23:15:19,210 - urllib3.connectionpool - Starting new HTTP connection (1): 89.20.48.116:8080
2021-06-30 23:15:19,722 - urllib3.connectionpool - Starting new HTTP connection (1): 181.129.43.3:8080
2021-06-30 23:15:20,238 - urllib3.connectionpool - Starting new HTTP connection (1): 103.130.141.98:8080
2021-06-30 23:15:20,753 - urllib3.connectionpool - Starting new HTTP connection (1): 186.214.6.193:8080
2021-06-30 23:15:21,267 - urllib3.connectionpool - Starting new HTTP connection (1): 185.189.199.75:23500
2021-06-30 23:15:21,782 - urllib3.connectionpool - Starting new HTTP connection (1): 223.255.133.34:8080
2021-06-30 23:15:22,410 - urllib3.connectionpool - http://223.255.133.34:8080 "GET http://www.google.com/ HTTP/1.1" 403 1372
2021-06-30 23:15:22,416 - urllib3.connectionpool - Starting new HTTP connection (1): 220.130.181.92:8118
2021-06-30 23:15:23,049 - urllib3.connectionpool - Starting new HTTP connection (1): 41.217.219.53:31398
2021-06-30 23:15:23,564 - urllib3.connectionpool - Starting new HTTP connection (1): 27.112.70.151:8083
2021-06-30 23:15:24,076 - urllib3.connectionpool - Starting new HTTP connection (1): 103.158.69.178:3128
2021-06-30 23:15:24,588 - urllib3.connectionpool - Starting new HTTP connection (1): 47.242.138.117:8083
2021-06-30 23:15:25,102 - urllib3.connectionpool - http://47.242.138.117:8083 "GET http://www.google.com/ HTTP/1.1" 302 313
2021-06-30 23:15:25,258 - urllib3.connectionpool - http://47.242.138.117:8083 "GET http://www.google.com/sorry/index?continue=http://www.google.com/&q=EgQv8op1GLbb8oYGIhBNX2SWuodt9hoDXKQHdS4uMgFy HTTP/1.1" 429 2770
2021-06-30 23:15:25,265 - urllib3.connectionpool - Starting new HTTP connection (1): 47.242.138.117:8083
2021-06-30 23:15:25,911 - urllib3.connectionpool - Starting new HTTP connection (1): 103.6.104.105:38898
2021-06-30 23:15:26,426 - urllib3.connectionpool - Starting new HTTP connection (1): 43.229.252.28:53281
2021-06-30 23:15:26,936 - urllib3.connectionpool - Starting new HTTP connection (1): 103.250.166.17:6666
2021-06-30 23:15:27,444 - urllib3.connectionpool - Starting new HTTP connection (1): 161.202.226.194:80
2021-06-30 23:15:27,725 - urllib3.connectionpool - http://161.202.226.194:80 "GET http://www.google.com/ HTTP/1.1" 403 0
2021-06-30 23:15:27,732 - urllib3.connectionpool - Starting new HTTP connection (1): 161.202.226.194:80
2021-06-30 23:15:28,024 - urllib3.connectionpool - http://161.202.226.194:80 "GET http://www.google.com/ HTTP/1.1" 403 0
2021-06-30 23:15:28,027 - urllib3.connectionpool - Starting new HTTPS connection (1): www.snipes.it:443
2021-06-30 23:15:29,516 - urllib3.connectionpool - https://www.snipes.it:443 "GET /c/new HTTP/1.1" 200 None
2021-06-30 23:15:30,354 - urllib3.connectionpool - Starting new HTTPS connection (1): discord.com:443
2021-06-30 23:15:30,825 - urllib3.connectionpool - https://discord.com:443 "POST /api/webhooks/850392839053639690/65cKLltyuopds0GR5ElwNaeKmhGKmEuXlILxyTidy5Yup0ZfrMMYbNIXK21qa8kcHlKk HTTP/1.1" 204 0
2021-06-30 23:15:30,829 - root - Payload delivered successfully, code 204.
2021-06-30 23:15:30,832 - urllib3.connectionpool - Starting new HTTPS connection (1): discord.com:443
2021-06-30 23:15:31,317 - urllib3.connectionpool - https://discord.com:443 "POST /api/webhooks/850392839053639690/65cKLltyuopds0GR5ElwNaeKmhGKmEuXlILxyTidy5Yup0ZfrMMYbNIXK21qa8kcHlKk HTTP/1.1" 204 0
2021-06-30 23:15:31,323 - root - Payload delivered successfully, code 204.
2021-06-30 23:15:31,330 - urllib3.connectionpool - Starting new HTTPS connection (1): discord.com:443
2021-06-30 23:15:31,806 - urllib3.connectionpool - https://discord.com:443 "POST /api/webhooks/850392839053639690/65cKLltyuopds0GR5ElwNaeKmhGKmEuXlILxyTidy5Yup0ZfrMMYbNIXK21qa8kcHlKk HTTP/1.1" 204 0
2021-06-30 23:15:31,809 - root - Payload delivered successfully, code 204.
2021-06-30 23:15:31,811 - urllib3.connectionpool - Starting new HTTPS connection (1): discord.com:443
2021-06-30 23:15:32,293 - urllib3.connectionpool - https://discord.com:443 "POST /api/webhooks/850392839053639690/65cKLltyuopds0GR5ElwNaeKmhGKmEuXlILxyTidy5Yup0ZfrMMYbNIXK21qa8kcHlKk HTTP/1.1" 204 0
2021-06-30 23:15:32,296 - root - Payload delivered successfully, code 204.
2021-06-30 23:15:32,299 - urllib3.connectionpool - Starting new HTTPS connection (1): discord.com:443
2021-06-30 23:15:32,832 - urllib3.connectionpool - https://discord.com:443 "POST /api/webhooks/850392839053639690/65cKLltyuopds0GR5ElwNaeKmhGKmEuXlILxyTidy5Yup0ZfrMMYbNIXK21qa8kcHlKk HTTP/1.1" 204 0
2021-06-30 23:15:32,837 - root - Payload delivered successfully, code 204.
2021-06-30 23:15:32,842 - urllib3.connectionpool - Starting new HTTPS connection (1): discord.com:443
2021-06-30 23:15:33,334 - urllib3.connectionpool - https://discord.com:443 "POST /api/webhooks/850392839053639690/65cKLltyuopds0GR5ElwNaeKmhGKmEuXlILxyTidy5Yup0ZfrMMYbNIXK21qa8kcHlKk HTTP/1.1" 204 0
2021-06-30 23:15:33,340 - root - Payload delivered successfully, code 204.
2021-06-30 23:15:33,347 - urllib3.connectionpool - Starting new HTTPS connection (1): discord.com:443
2021-06-30 23:15:33,808 - urllib3.connectionpool - https://discord.com:443 "POST /api/webhooks/850392839053639690/65cKLltyuopds0GR5ElwNaeKmhGKmEuXlILxyTidy5Yup0ZfrMMYbNIXK21qa8kcHlKk HTTP/1.1" 204 0
2021-06-30 23:15:33,812 - root - Payload delivered successfully, code 204.
2021-06-30 23:15:33,816 - urllib3.connectionpool - Starting new HTTPS connection (1): discord.com:443
2021-06-30 23:15:34,268 - urllib3.connectionpool - https://discord.com:443 "POST /api/webhooks/850392839053639690/65cKLltyuopds0GR5ElwNaeKmhGKmEuXlILxyTidy5Yup0ZfrMMYbNIXK21qa8kcHlKk HTTP/1.1" 204 0
2021-06-30 23:15:34,272 - root - Payload delivered successfully, code 204.
2021-06-30 23:15:34,277 - urllib3.connectionpool - Starting new HTTPS connection (1): discord.com:443
2021-06-30 23:15:34,778 - urllib3.connectionpool - https://discord.com:443 "POST /api/webhooks/850392839053639690/65cKLltyuopds0GR5ElwNaeKmhGKmEuXlILxyTidy5Yup0ZfrMMYbNIXK21qa8kcHlKk HTTP/1.1" 204 0
2021-06-30 23:15:34,780 - root - Payload delivered successfully, code 204.
2021-06-30 23:15:34,782 - urllib3.connectionpool - Starting new HTTPS connection (1): discord.com:443
2021-06-30 23:15:35,299 - urllib3.connectionpool - https://discord.com:443 "POST /api/webhooks/850392839053639690/65cKLltyuopds0GR5ElwNaeKmhGKmEuXlILxyTidy5Yup0ZfrMMYbNIXK21qa8kcHlKk HTTP/1.1" 204 0
2021-06-30 23:15:35,302 - root - Payload delivered successfully, code 204.
2021-06-30 23:15:35,305 - urllib3.connectionpool - Starting new HTTPS connection (1): discord.com:443
2021-06-30 23:15:35,802 - urllib3.connectionpool - https://discord.com:443 "POST /api/webhooks/850392839053639690/65cKLltyuopds0GR5ElwNaeKmhGKmEuXlILxyTidy5Yup0ZfrMMYbNIXK21qa8kcHlKk HTTP/1.1" 204 0
2021-06-30 23:15:35,810 - root - Payload delivered successfully, code 204.
2021-06-30 23:15:35,819 - urllib3.connectionpool - Starting new HTTPS connection (1): discord.com:443
2021-06-30 23:15:36,298 - urllib3.connectionpool - https://discord.com:443 "POST /api/webhooks/850392839053639690/65cKLltyuopds0GR5ElwNaeKmhGKmEuXlILxyTidy5Yup0ZfrMMYbNIXK21qa8kcHlKk HTTP/1.1" 204 0
2021-06-30 23:15:36,302 - root - Payload delivered successfully, code 204.
2021-06-30 23:15:36,306 - urllib3.connectionpool - Starting new HTTPS connection (1): discord.com:443
2021-06-30 23:15:36,820 - urllib3.connectionpool - https://discord.com:443 "POST /api/webhooks/850392839053639690/65cKLltyuopds0GR5ElwNaeKmhGKmEuXlILxyTidy5Yup0ZfrMMYbNIXK21qa8kcHlKk HTTP/1.1" 204 0
2021-06-30 23:15:36,823 - root - Payload delivered successfully, code 204.
2021-06-30 23:15:36,825 - urllib3.connectionpool - Starting new HTTPS connection (1): discord.com:443
2021-06-30 23:15:37,302 - urllib3.connectionpool - https://discord.com:443 "POST /api/webhooks/850392839053639690/65cKLltyuopds0GR5ElwNaeKmhGKmEuXlILxyTidy5Yup0ZfrMMYbNIXK21qa8kcHlKk HTTP/1.1" 204 0
2021-06-30 23:15:37,307 - root - Payload delivered successfully, code 204.
2021-06-30 23:15:37,312 - urllib3.connectionpool - Starting new HTTPS connection (1): discord.com:443
2021-06-30 23:15:37,791 - urllib3.connectionpool - https://discord.com:443 "POST /api/webhooks/850392839053639690/65cKLltyuopds0GR5ElwNaeKmhGKmEuXlILxyTidy5Yup0ZfrMMYbNIXK21qa8kcHlKk HTTP/1.1" 204 0
2021-06-30 23:15:37,798 - root - Payload delivered successfully, code 204.
2021-06-30 23:15:37,806 - urllib3.connectionpool - Starting new HTTPS connection (1): discord.com:443
2021-06-30 23:15:38,274 - urllib3.connectionpool - https://discord.com:443 "POST /api/webhooks/850392839053639690/65cKLltyuopds0GR5ElwNaeKmhGKmEuXlILxyTidy5Yup0ZfrMMYbNIXK21qa8kcHlKk HTTP/1.1" 204 0
2021-06-30 23:15:38,277 - root - Payload delivered successfully, code 204.
2021-06-30 23:15:38,279 - urllib3.connectionpool - Starting new HTTPS connection (1): discord.com:443
2021-06-30 23:15:38,730 - urllib3.connectionpool - https://discord.com:443 "POST /api/webhooks/850392839053639690/65cKLltyuopds0GR5ElwNaeKmhGKmEuXlILxyTidy5Yup0ZfrMMYbNIXK21qa8kcHlKk HTTP/1.1" 204 0
2021-06-30 23:15:38,732 - root - Payload delivered successfully, code 204.
2021-06-30 23:15:38,735 - urllib3.connectionpool - Starting new HTTPS connection (1): discord.com:443
2021-06-30 23:15:39,216 - urllib3.connectionpool - https://discord.com:443 "POST /api/webhooks/850392839053639690/65cKLltyuopds0GR5ElwNaeKmhGKmEuXlILxyTidy5Yup0ZfrMMYbNIXK21qa8kcHlKk HTTP/1.1" 204 0
2021-06-30 23:15:39,222 - root - Payload delivered successfully, code 204.
2021-06-30 23:15:39,232 - urllib3.connectionpool - Starting new HTTPS connection (1): discord.com:443
2021-06-30 23:15:39,749 - urllib3.connectionpool - https://discord.com:443 "POST /api/webhooks/850392839053639690/65cKLltyuopds0GR5ElwNaeKmhGKmEuXlILxyTidy5Yup0ZfrMMYbNIXK21qa8kcHlKk HTTP/1.1" 204 0
2021-06-30 23:15:39,757 - root - Payload delivered successfully, code 204.
2021-06-30 23:15:39,764 - urllib3.connectionpool - Starting new HTTPS connection (1): discord.com:443
2021-06-30 23:15:40,287 - urllib3.connectionpool - https://discord.com:443 "POST /api/webhooks/850392839053639690/65cKLltyuopds0GR5ElwNaeKmhGKmEuXlILxyTidy5Yup0ZfrMMYbNIXK21qa8kcHlKk HTTP/1.1" 204 0
2021-06-30 23:15:40,289 - root - Payload delivered successfully, code 204.
2021-06-30 23:15:40,291 - urllib3.connectionpool - Starting new HTTPS connection (1): discord.com:443
2021-06-30 23:15:40,801 - urllib3.connectionpool - https://discord.com:443 "POST /api/webhooks/850392839053639690/65cKLltyuopds0GR5ElwNaeKmhGKmEuXlILxyTidy5Yup0ZfrMMYbNIXK21qa8kcHlKk HTTP/1.1" 204 0
2021-06-30 23:15:40,804 - root - Payload delivered successfully, code 204.
2021-06-30 23:15:40,809 - urllib3.connectionpool - Starting new HTTPS connection (1): discord.com:443
2021-06-30 23:15:41,347 - urllib3.connectionpool - https://discord.com:443 "POST /api/webhooks/850392839053639690/65cKLltyuopds0GR5ElwNaeKmhGKmEuXlILxyTidy5Yup0ZfrMMYbNIXK21qa8kcHlKk HTTP/1.1" 204 0
2021-06-30 23:15:41,357 - root - Payload delivered successfully, code 204.
2021-06-30 23:15:41,363 - urllib3.connectionpool - Starting new HTTPS connection (1): discord.com:443
2021-06-30 23:15:41,844 - urllib3.connectionpool - https://discord.com:443 "POST /api/webhooks/850392839053639690/65cKLltyuopds0GR5ElwNaeKmhGKmEuXlILxyTidy5Yup0ZfrMMYbNIXK21qa8kcHlKk HTTP/1.1" 204 0
2021-06-30 23:15:41,847 - root - Payload delivered successfully, code 204.
2021-06-30 23:15:41,853 - urllib3.connectionpool - Starting new HTTPS connection (1): discord.com:443
2021-06-30 23:15:42,336 - urllib3.connectionpool - https://discord.com:443 "POST /api/webhooks/850392839053639690/65cKLltyuopds0GR5ElwNaeKmhGKmEuXlILxyTidy5Yup0ZfrMMYbNIXK21qa8kcHlKk HTTP/1.1" 204 0
2021-06-30 23:15:42,338 - root - Payload delivered successfully, code 204.
2021-06-30 23:15:42,339 - urllib3.connectionpool - Starting new HTTPS connection (1): discord.com:443
2021-06-30 23:15:42,792 - urllib3.connectionpool - https://discord.com:443 "POST /api/webhooks/850392839053639690/65cKLltyuopds0GR5ElwNaeKmhGKmEuXlILxyTidy5Yup0ZfrMMYbNIXK21qa8kcHlKk HTTP/1.1" 204 0
2021-06-30 23:15:42,794 - root - Payload delivered successfully, code 204.
2021-06-30 23:15:42,796 - urllib3.connectionpool - Starting new HTTPS connection (1): discord.com:443
2021-06-30 23:15:43,670 - urllib3.connectionpool - https://discord.com:443 "POST /api/webhooks/850392839053639690/65cKLltyuopds0GR5ElwNaeKmhGKmEuXlILxyTidy5Yup0ZfrMMYbNIXK21qa8kcHlKk HTTP/1.1" 204 0
2021-06-30 23:15:43,671 - root - Payload delivered successfully, code 204.
2021-06-30 23:15:43,674 - urllib3.connectionpool - Starting new HTTPS connection (1): discord.com:443
2021-06-30 23:15:44,133 - urllib3.connectionpool - https://discord.com:443 "POST /api/webhooks/850392839053639690/65cKLltyuopds0GR5ElwNaeKmhGKmEuXlILxyTidy5Yup0ZfrMMYbNIXK21qa8kcHlKk HTTP/1.1" 204 0
2021-06-30 23:15:44,139 - root - Payload delivered successfully, code 204.
2021-06-30 23:15:44,145 - urllib3.connectionpool - Starting new HTTPS connection (1): discord.com:443
2021-06-30 23:15:44,651 - urllib3.connectionpool - https://discord.com:443 "POST /api/webhooks/850392839053639690/65cKLltyuopds0GR5ElwNaeKmhGKmEuXlILxyTidy5Yup0ZfrMMYbNIXK21qa8kcHlKk HTTP/1.1" 204 0
2021-06-30 23:15:44,653 - root - Payload delivered successfully, code 204.
2021-06-30 23:15:44,654 - urllib3.connectionpool - Starting new HTTPS connection (1): discord.com:443
2021-06-30 23:15:45,134 - urllib3.connectionpool - https://discord.com:443 "POST /api/webhooks/850392839053639690/65cKLltyuopds0GR5ElwNaeKmhGKmEuXlILxyTidy5Yup0ZfrMMYbNIXK21qa8kcHlKk HTTP/1.1" 204 0
2021-06-30 23:15:45,137 - root - Payload delivered successfully, code 204.
2021-06-30 23:15:45,139 - urllib3.connectionpool - Starting new HTTPS connection (1): discord.com:443
2021-06-30 23:15:45,636 - urllib3.connectionpool - https://discord.com:443 "POST /api/webhooks/850392839053639690/65cKLltyuopds0GR5ElwNaeKmhGKmEuXlILxyTidy5Yup0ZfrMMYbNIXK21qa8kcHlKk HTTP/1.1" 429 92
2021-06-30 23:15:45,639 - root - 429 Client Error: Too Many Requests for url: https://discord.com/api/webhooks/850392839053639690/65cKLltyuopds0GR5ElwNaeKmhGKmEuXlILxyTidy5Yup0ZfrMMYbNIXK21qa8kcHlKk
2021-06-30 23:15:45,641 - urllib3.connectionpool - Starting new HTTPS connection (1): discord.com:443
2021-06-30 23:24:20,509 - dotenv.main - Python-dotenv could not parse statement starting at line 14
2021-06-30 23:24:20,510 - root - Successfully started monitor
2021-06-30 23:24:20,514 - urllib3.connectionpool - Starting new HTTPS connection (1): discord.com:443
2021-06-30 23:24:21,032 - urllib3.connectionpool - https://discord.com:443 "POST /api/webhooks/850392839053639690/65cKLltyuopds0GR5ElwNaeKmhGKmEuXlILxyTidy5Yup0ZfrMMYbNIXK21qa8kcHlKk HTTP/1.1" 204 0
2021-06-30 23:24:21,035 - root - Payload delivered successfully, code 204.
2021-06-30 23:24:21,036 - urllib3.connectionpool - Starting new HTTPS connection (1): www.sslproxies.org:443
2021-06-30 23:24:21,896 - urllib3.connectionpool - https://www.sslproxies.org:443 "GET / HTTP/1.1" 200 None
2021-06-30 23:24:21,922 - urllib3.connectionpool - Starting new HTTPS connection (1): www.sslproxies.org:443
2021-06-30 23:24:22,056 - urllib3.connectionpool - https://www.sslproxies.org:443 "GET / HTTP/1.1" 200 None
2021-06-30 23:24:22,095 - urllib3.connectionpool - Starting new HTTP connection (1): 51.222.21.93:32768
2021-06-30 23:24:22,603 - urllib3.connectionpool - Starting new HTTP connection (1): 34.70.80.97:8080
2021-06-30 23:24:23,263 - urllib3.connectionpool - http://34.70.80.97:8080 "GET http://www.google.com/ HTTP/1.1" 200 5900
2021-06-30 23:24:23,274 - urllib3.connectionpool - Starting new HTTP connection (1): 34.70.80.97:8080
2021-06-30 23:24:23,995 - urllib3.connectionpool - http://34.70.80.97:8080 "GET http://www.google.com/ HTTP/1.1" 200 6084
2021-06-30 23:24:24,009 - urllib3.connectionpool - Starting new HTTPS connection (1): www.snipes.it:443
2021-06-30 23:24:25,456 - urllib3.connectionpool - https://www.snipes.it:443 "GET /c/new HTTP/1.1" 200 None
2021-06-30 23:24:26,334 - urllib3.connectionpool - Starting new HTTPS connection (1): discord.com:443
2021-06-30 23:24:26,822 - urllib3.connectionpool - https://discord.com:443 "POST /api/webhooks/850392839053639690/65cKLltyuopds0GR5ElwNaeKmhGKmEuXlILxyTidy5Yup0ZfrMMYbNIXK21qa8kcHlKk HTTP/1.1" 204 0
2021-06-30 23:24:26,829 - root - Payload delivered successfully, code 204.
2021-06-30 23:24:26,836 - urllib3.connectionpool - Starting new HTTPS connection (1): discord.com:443
2021-06-30 23:24:27,316 - urllib3.connectionpool - https://discord.com:443 "POST /api/webhooks/850392839053639690/65cKLltyuopds0GR5ElwNaeKmhGKmEuXlILxyTidy5Yup0ZfrMMYbNIXK21qa8kcHlKk HTTP/1.1" 204 0
2021-06-30 23:24:27,319 - root - Payload delivered successfully, code 204.
2021-06-30 23:24:27,323 - urllib3.connectionpool - Starting new HTTPS connection (1): discord.com:443
2021-06-30 23:24:27,841 - urllib3.connectionpool - https://discord.com:443 "POST /api/webhooks/850392839053639690/65cKLltyuopds0GR5ElwNaeKmhGKmEuXlILxyTidy5Yup0ZfrMMYbNIXK21qa8kcHlKk HTTP/1.1" 204 0
2021-06-30 23:24:27,843 - root - Payload delivered successfully, code 204.
2021-06-30 23:24:27,845 - urllib3.connectionpool - Starting new HTTPS connection (1): discord.com:443
2021-06-30 23:24:28,356 - urllib3.connectionpool - https://discord.com:443 "POST /api/webhooks/850392839053639690/65cKLltyuopds0GR5ElwNaeKmhGKmEuXlILxyTidy5Yup0ZfrMMYbNIXK21qa8kcHlKk HTTP/1.1" 204 0
2021-06-30 23:24:28,359 - root - Payload delivered successfully, code 204.
2021-06-30 23:24:28,364 - urllib3.connectionpool - Starting new HTTPS connection (1): discord.com:443
2021-06-30 23:24:28,852 - urllib3.connectionpool - https://discord.com:443 "POST /api/webhooks/850392839053639690/65cKLltyuopds0GR5ElwNaeKmhGKmEuXlILxyTidy5Yup0ZfrMMYbNIXK21qa8kcHlKk HTTP/1.1" 204 0
2021-06-30 23:24:28,856 - root - Payload delivered successfully, code 204.
2021-06-30 23:24:28,863 - urllib3.connectionpool - Starting new HTTPS connection (1): discord.com:443
2021-06-30 23:24:29,348 - urllib3.connectionpool - https://discord.com:443 "POST /api/webhooks/850392839053639690/65cKLltyuopds0GR5ElwNaeKmhGKmEuXlILxyTidy5Yup0ZfrMMYbNIXK21qa8kcHlKk HTTP/1.1" 204 0
2021-06-30 23:24:29,355 - root - Payload delivered successfully, code 204.
2021-06-30 23:24:29,361 - urllib3.connectionpool - Starting new HTTPS connection (1): discord.com:443
2021-06-30 23:24:29,859 - urllib3.connectionpool - https://discord.com:443 "POST /api/webhooks/850392839053639690/65cKLltyuopds0GR5ElwNaeKmhGKmEuXlILxyTidy5Yup0ZfrMMYbNIXK21qa8kcHlKk HTTP/1.1" 204 0
2021-06-30 23:24:29,866 - root - Payload delivered successfully, code 204.
2021-06-30 23:24:29,872 - urllib3.connectionpool - Starting new HTTPS connection (1): discord.com:443
2021-06-30 23:24:30,350 - urllib3.connectionpool - https://discord.com:443 "POST /api/webhooks/850392839053639690/65cKLltyuopds0GR5ElwNaeKmhGKmEuXlILxyTidy5Yup0ZfrMMYbNIXK21qa8kcHlKk HTTP/1.1" 204 0
2021-06-30 23:24:30,357 - root - Payload delivered successfully, code 204.
2021-06-30 23:24:30,364 - urllib3.connectionpool - Starting new HTTPS connection (1): discord.com:443
2021-06-30 23:24:30,863 - urllib3.connectionpool - https://discord.com:443 "POST /api/webhooks/850392839053639690/65cKLltyuopds0GR5ElwNaeKmhGKmEuXlILxyTidy5Yup0ZfrMMYbNIXK21qa8kcHlKk HTTP/1.1" 204 0
2021-06-30 23:24:30,866 - root - Payload delivered successfully, code 204.
2021-06-30 23:24:30,870 - urllib3.connectionpool - Starting new HTTPS connection (1): discord.com:443
2021-06-30 23:24:31,322 - urllib3.connectionpool - https://discord.com:443 "POST /api/webhooks/850392839053639690/65cKLltyuopds0GR5ElwNaeKmhGKmEuXlILxyTidy5Yup0ZfrMMYbNIXK21qa8kcHlKk HTTP/1.1" 204 0
2021-06-30 23:24:31,328 - root - Payload delivered successfully, code 204.
2021-06-30 23:24:31,334 - urllib3.connectionpool - Starting new HTTPS connection (1): discord.com:443
2021-06-30 23:24:31,908 - urllib3.connectionpool - https://discord.com:443 "POST /api/webhooks/850392839053639690/65cKLltyuopds0GR5ElwNaeKmhGKmEuXlILxyTidy5Yup0ZfrMMYbNIXK21qa8kcHlKk HTTP/1.1" 204 0
2021-06-30 23:24:31,910 - root - Payload delivered successfully, code 204.
2021-06-30 23:24:31,912 - urllib3.connectionpool - Starting new HTTPS connection (1): discord.com:443
2021-06-30 23:24:32,432 - urllib3.connectionpool - https://discord.com:443 "POST /api/webhooks/850392839053639690/65cKLltyuopds0GR5ElwNaeKmhGKmEuXlILxyTidy5Yup0ZfrMMYbNIXK21qa8kcHlKk HTTP/1.1" 204 0
2021-06-30 23:24:32,439 - root - Payload delivered successfully, code 204.
2021-06-30 23:24:32,451 - urllib3.connectionpool - Starting new HTTPS connection (1): discord.com:443
2021-06-30 23:24:32,920 - urllib3.connectionpool - https://discord.com:443 "POST /api/webhooks/850392839053639690/65cKLltyuopds0GR5ElwNaeKmhGKmEuXlILxyTidy5Yup0ZfrMMYbNIXK21qa8kcHlKk HTTP/1.1" 204 0
2021-06-30 23:24:32,927 - root - Payload delivered successfully, code 204.
2021-06-30 23:24:32,933 - urllib3.connectionpool - Starting new HTTPS connection (1): discord.com:443
2021-06-30 23:24:33,471 - urllib3.connectionpool - https://discord.com:443 "POST /api/webhooks/850392839053639690/65cKLltyuopds0GR5ElwNaeKmhGKmEuXlILxyTidy5Yup0ZfrMMYbNIXK21qa8kcHlKk HTTP/1.1" 204 0
2021-06-30 23:24:33,475 - root - Payload delivered successfully, code 204.
2021-06-30 23:24:33,480 - urllib3.connectionpool - Starting new HTTPS connection (1): discord.com:443
2021-06-30 23:24:33,966 - urllib3.connectionpool - https://discord.com:443 "POST /api/webhooks/850392839053639690/65cKLltyuopds0GR5ElwNaeKmhGKmEuXlILxyTidy5Yup0ZfrMMYbNIXK21qa8kcHlKk HTTP/1.1" 204 0
2021-06-30 23:24:33,972 - root - Payload delivered successfully, code 204.
2021-06-30 23:24:33,981 - urllib3.connectionpool - Starting new HTTPS connection (1): discord.com:443
2021-06-30 23:24:34,505 - urllib3.connectionpool - https://discord.com:443 "POST /api/webhooks/850392839053639690/65cKLltyuopds0GR5ElwNaeKmhGKmEuXlILxyTidy5Yup0ZfrMMYbNIXK21qa8kcHlKk HTTP/1.1" 204 0
2021-06-30 23:24:34,507 - root - Payload delivered successfully, code 204.
2021-06-30 23:24:34,509 - urllib3.connectionpool - Starting new HTTPS connection (1): discord.com:443
2021-06-30 23:24:34,982 - urllib3.connectionpool - https://discord.com:443 "POST /api/webhooks/850392839053639690/65cKLltyuopds0GR5ElwNaeKmhGKmEuXlILxyTidy5Yup0ZfrMMYbNIXK21qa8kcHlKk HTTP/1.1" 204 0
2021-06-30 23:24:34,991 - root - Payload delivered successfully, code 204.
2021-06-30 23:24:35,000 - urllib3.connectionpool - Starting new HTTPS connection (1): discord.com:443
2021-06-30 23:24:35,527 - urllib3.connectionpool - https://discord.com:443 "POST /api/webhooks/850392839053639690/65cKLltyuopds0GR5ElwNaeKmhGKmEuXlILxyTidy5Yup0ZfrMMYbNIXK21qa8kcHlKk HTTP/1.1" 204 0
2021-06-30 23:24:35,530 - root - Payload delivered successfully, code 204.
2021-06-30 23:24:35,535 - urllib3.connectionpool - Starting new HTTPS connection (1): discord.com:443
2021-06-30 23:25:13,141 - dotenv.main - Python-dotenv could not parse statement starting at line 14
2021-06-30 23:25:13,142 - root - Successfully started monitor
2021-06-30 23:25:13,145 - urllib3.connectionpool - Starting new HTTPS connection (1): discord.com:443
2021-06-30 23:25:13,670 - urllib3.connectionpool - https://discord.com:443 "POST /api/webhooks/850392839053639690/65cKLltyuopds0GR5ElwNaeKmhGKmEuXlILxyTidy5Yup0ZfrMMYbNIXK21qa8kcHlKk HTTP/1.1" 204 0
2021-06-30 23:25:13,676 - root - Payload delivered successfully, code 204.
2021-06-30 23:25:13,680 - urllib3.connectionpool - Starting new HTTPS connection (1): www.sslproxies.org:443
2021-06-30 23:25:13,824 - urllib3.connectionpool - https://www.sslproxies.org:443 "GET / HTTP/1.1" 200 None
2021-06-30 23:25:13,835 - urllib3.connectionpool - Starting new HTTPS connection (1): www.sslproxies.org:443
2021-06-30 23:25:13,965 - urllib3.connectionpool - https://www.sslproxies.org:443 "GET / HTTP/1.1" 200 None
2021-06-30 23:25:13,998 - urllib3.connectionpool - Starting new HTTP connection (1): 47.242.133.230:8083
2021-06-30 23:25:14,645 - urllib3.connectionpool - Starting new HTTP connection (1): 41.65.146.38:8080
2021-06-30 23:25:15,156 - urllib3.connectionpool - Starting new HTTP connection (1): 157.230.103.91:36635
2021-06-30 23:25:15,671 - urllib3.connectionpool - Starting new HTTP connection (1): 8.210.157.87:8083
2021-06-30 23:25:16,328 - urllib3.connectionpool - Starting new HTTP connection (1): 82.99.232.18:58689
2021-06-30 23:25:16,839 - urllib3.connectionpool - Starting new HTTP connection (1): 200.105.215.18:33630
2021-06-30 23:25:17,352 - urllib3.connectionpool - Starting new HTTP connection (1): 27.76.180.53:6666
2021-06-30 23:25:17,867 - urllib3.connectionpool - Starting new HTTP connection (1): 47.242.77.198:8083
2021-06-30 23:25:18,185 - urllib3.connectionpool - http://47.242.77.198:8083 "GET http://www.google.com/ HTTP/1.1" 200 6108
2021-06-30 23:25:18,195 - urllib3.connectionpool - Starting new HTTP connection (1): 47.242.77.198:8083
2021-06-30 23:25:18,509 - urllib3.connectionpool - http://47.242.77.198:8083 "GET http://www.google.com/ HTTP/1.1" 200 6048
2021-06-30 23:25:18,517 - urllib3.connectionpool - Starting new HTTPS connection (1): www.snipes.it:443
2021-06-30 23:25:19,981 - urllib3.connectionpool - https://www.snipes.it:443 "GET /c/new HTTP/1.1" 200 None
2021-06-30 23:25:20,818 - urllib3.connectionpool - Starting new HTTPS connection (1): discord.com:443
2021-06-30 23:25:21,271 - urllib3.connectionpool - https://discord.com:443 "POST /api/webhooks/850392839053639690/65cKLltyuopds0GR5ElwNaeKmhGKmEuXlILxyTidy5Yup0ZfrMMYbNIXK21qa8kcHlKk HTTP/1.1" 204 0
2021-06-30 23:25:21,278 - root - Payload delivered successfully, code 204.
2021-06-30 23:25:21,285 - urllib3.connectionpool - Starting new HTTPS connection (1): discord.com:443
2021-06-30 23:25:21,825 - urllib3.connectionpool - https://discord.com:443 "POST /api/webhooks/850392839053639690/65cKLltyuopds0GR5ElwNaeKmhGKmEuXlILxyTidy5Yup0ZfrMMYbNIXK21qa8kcHlKk HTTP/1.1" 204 0
2021-06-30 23:25:21,828 - root - Payload delivered successfully, code 204.
2021-06-30 23:25:21,830 - urllib3.connectionpool - Starting new HTTPS connection (1): discord.com:443
2021-06-30 23:25:22,291 - urllib3.connectionpool - https://discord.com:443 "POST /api/webhooks/850392839053639690/65cKLltyuopds0GR5ElwNaeKmhGKmEuXlILxyTidy5Yup0ZfrMMYbNIXK21qa8kcHlKk HTTP/1.1" 204 0
2021-06-30 23:25:22,294 - root - Payload delivered successfully, code 204.
2021-06-30 23:25:22,297 - urllib3.connectionpool - Starting new HTTPS connection (1): discord.com:443
2021-06-30 23:25:22,812 - urllib3.connectionpool - https://discord.com:443 "POST /api/webhooks/850392839053639690/65cKLltyuopds0GR5ElwNaeKmhGKmEuXlILxyTidy5Yup0ZfrMMYbNIXK21qa8kcHlKk HTTP/1.1" 204 0
2021-06-30 23:25:22,815 - root - Payload delivered successfully, code 204.
2021-06-30 23:25:22,819 - urllib3.connectionpool - Starting new HTTPS connection (1): discord.com:443
2021-06-30 23:25:23,315 - urllib3.connectionpool - https://discord.com:443 "POST /api/webhooks/850392839053639690/65cKLltyuopds0GR5ElwNaeKmhGKmEuXlILxyTidy5Yup0ZfrMMYbNIXK21qa8kcHlKk HTTP/1.1" 204 0
2021-06-30 23:25:23,318 - root - Payload delivered successfully, code 204.
2021-06-30 23:25:23,322 - urllib3.connectionpool - Starting new HTTPS connection (1): discord.com:443
2021-06-30 23:25:23,815 - urllib3.connectionpool - https://discord.com:443 "POST /api/webhooks/850392839053639690/65cKLltyuopds0GR5ElwNaeKmhGKmEuXlILxyTidy5Yup0ZfrMMYbNIXK21qa8kcHlKk HTTP/1.1" 204 0
2021-06-30 23:25:23,820 - root - Payload delivered successfully, code 204.
2021-06-30 23:25:23,827 - urllib3.connectionpool - Starting new HTTPS connection (1): discord.com:443
2021-06-30 23:25:24,269 - urllib3.connectionpool - https://discord.com:443 "POST /api/webhooks/850392839053639690/65cKLltyuopds0GR5ElwNaeKmhGKmEuXlILxyTidy5Yup0ZfrMMYbNIXK21qa8kcHlKk HTTP/1.1" 204 0
2021-06-30 23:25:24,277 - root - Payload delivered successfully, code 204.
2021-06-30 23:25:24,285 - urllib3.connectionpool - Starting new HTTPS connection (1): discord.com:443
2021-06-30 23:25:24,830 - urllib3.connectionpool - https://discord.com:443 "POST /api/webhooks/850392839053639690/65cKLltyuopds0GR5ElwNaeKmhGKmEuXlILxyTidy5Yup0ZfrMMYbNIXK21qa8kcHlKk HTTP/1.1" 204 0
2021-06-30 23:25:24,832 - root - Payload delivered successfully, code 204.
2021-06-30 23:25:24,834 - urllib3.connectionpool - Starting new HTTPS connection (1): discord.com:443
2021-06-30 23:25:25,352 - urllib3.connectionpool - https://discord.com:443 "POST /api/webhooks/850392839053639690/65cKLltyuopds0GR5ElwNaeKmhGKmEuXlILxyTidy5Yup0ZfrMMYbNIXK21qa8kcHlKk HTTP/1.1" 204 0
2021-06-30 23:25:25,357 - root - Payload delivered successfully, code 204.
2021-06-30 23:25:25,365 - urllib3.connectionpool - Starting new HTTPS connection (1): discord.com:443
2021-06-30 23:25:25,855 - urllib3.connectionpool - https://discord.com:443 "POST /api/webhooks/850392839053639690/65cKLltyuopds0GR5ElwNaeKmhGKmEuXlILxyTidy5Yup0ZfrMMYbNIXK21qa8kcHlKk HTTP/1.1" 204 0
2021-06-30 23:25:25,861 - root - Payload delivered successfully, code 204.
2021-06-30 23:25:25,868 - urllib3.connectionpool - Starting new HTTPS connection (1): discord.com:443
2021-06-30 23:25:26,410 - urllib3.connectionpool - https://discord.com:443 "POST /api/webhooks/850392839053639690/65cKLltyuopds0GR5ElwNaeKmhGKmEuXlILxyTidy5Yup0ZfrMMYbNIXK21qa8kcHlKk HTTP/1.1" 204 0
2021-06-30 23:25:26,416 - root - Payload delivered successfully, code 204.
2021-06-30 23:25:26,422 - urllib3.connectionpool - Starting new HTTPS connection (1): discord.com:443
2021-06-30 23:25:26,896 - urllib3.connectionpool - https://discord.com:443 "POST /api/webhooks/850392839053639690/65cKLltyuopds0GR5ElwNaeKmhGKmEuXlILxyTidy5Yup0ZfrMMYbNIXK21qa8kcHlKk HTTP/1.1" 204 0
2021-06-30 23:25:26,902 - root - Payload delivered successfully, code 204.
2021-06-30 23:25:26,911 - urllib3.connectionpool - Starting new HTTPS connection (1): discord.com:443
2021-06-30 23:25:27,505 - urllib3.connectionpool - https://discord.com:443 "POST /api/webhooks/850392839053639690/65cKLltyuopds0GR5ElwNaeKmhGKmEuXlILxyTidy5Yup0ZfrMMYbNIXK21qa8kcHlKk HTTP/1.1" 204 0
2021-06-30 23:25:27,508 - root - Payload delivered successfully, code 204.
2021-06-30 23:25:27,511 - urllib3.connectionpool - Starting new HTTPS connection (1): discord.com:443
2021-06-30 23:25:28,003 - urllib3.connectionpool - https://discord.com:443 "POST /api/webhooks/850392839053639690/65cKLltyuopds0GR5ElwNaeKmhGKmEuXlILxyTidy5Yup0ZfrMMYbNIXK21qa8kcHlKk HTTP/1.1" 204 0
2021-06-30 23:25:28,007 - root - Payload delivered successfully, code 204.
2021-06-30 23:25:28,011 - urllib3.connectionpool - Starting new HTTPS connection (1): discord.com:443
2021-06-30 23:25:28,505 - urllib3.connectionpool - https://discord.com:443 "POST /api/webhooks/850392839053639690/65cKLltyuopds0GR5ElwNaeKmhGKmEuXlILxyTidy5Yup0ZfrMMYbNIXK21qa8kcHlKk HTTP/1.1" 204 0
2021-06-30 23:25:28,507 - root - Payload delivered successfully, code 204.
2021-06-30 23:25:28,509 - urllib3.connectionpool - Starting new HTTPS connection (1): discord.com:443
2021-06-30 23:25:29,014 - urllib3.connectionpool - https://discord.com:443 "POST /api/webhooks/850392839053639690/65cKLltyuopds0GR5ElwNaeKmhGKmEuXlILxyTidy5Yup0ZfrMMYbNIXK21qa8kcHlKk HTTP/1.1" 204 0
2021-06-30 23:25:29,016 - root - Payload delivered successfully, code 204.
2021-06-30 23:25:29,018 - urllib3.connectionpool - Starting new HTTPS connection (1): discord.com:443
2021-06-30 23:25:29,492 - urllib3.connectionpool - https://discord.com:443 "POST /api/webhooks/850392839053639690/65cKLltyuopds0GR5ElwNaeKmhGKmEuXlILxyTidy5Yup0ZfrMMYbNIXK21qa8kcHlKk HTTP/1.1" 204 0
2021-06-30 23:25:29,498 - root - Payload delivered successfully, code 204.
2021-06-30 23:25:29,507 - urllib3.connectionpool - Starting new HTTPS connection (1): discord.com:443
2021-06-30 23:26:07,750 - dotenv.main - Python-dotenv could not parse statement starting at line 14
2021-06-30 23:26:07,750 - root - Successfully started monitor
2021-06-30 23:26:07,753 - urllib3.connectionpool - Starting new HTTPS connection (1): discord.com:443
2021-06-30 23:26:08,248 - urllib3.connectionpool - https://discord.com:443 "POST /api/webhooks/850392839053639690/65cKLltyuopds0GR5ElwNaeKmhGKmEuXlILxyTidy5Yup0ZfrMMYbNIXK21qa8kcHlKk HTTP/1.1" 204 0
2021-06-30 23:26:08,257 - root - Payload delivered successfully, code 204.
2021-06-30 23:26:08,263 - urllib3.connectionpool - Starting new HTTPS connection (1): www.sslproxies.org:443
2021-06-30 23:26:08,429 - urllib3.connectionpool - https://www.sslproxies.org:443 "GET / HTTP/1.1" 200 None
2021-06-30 23:26:08,448 - urllib3.connectionpool - Starting new HTTPS connection (1): www.sslproxies.org:443
2021-06-30 23:26:08,594 - urllib3.connectionpool - https://www.sslproxies.org:443 "GET / HTTP/1.1" 200 None
2021-06-30 23:26:08,603 - urllib3.connectionpool - Starting new HTTP connection (1): 34.70.80.97:8080
2021-06-30 23:26:09,115 - urllib3.connectionpool - Starting new HTTP connection (1): 213.230.90.106:3128
2021-06-30 23:26:09,632 - urllib3.connectionpool - Starting new HTTP connection (1): 118.70.12.171:53281
2021-06-30 23:26:10,147 - urllib3.connectionpool - Starting new HTTP connection (1): 54.169.226.255:80
2021-06-30 23:26:10,656 - urllib3.connectionpool - Starting new HTTP connection (1): 220.130.181.92:8118
2021-06-30 23:26:11,169 - urllib3.connectionpool - Starting new HTTP connection (1): 103.83.118.10:55443
2021-06-30 23:26:11,678 - urllib3.connectionpool - Starting new HTTP connection (1): 103.214.100.163:8083
2021-06-30 23:26:12,187 - urllib3.connectionpool - Starting new HTTP connection (1): 160.16.56.24:3128
2021-06-30 23:26:12,699 - urllib3.connectionpool - Starting new HTTP connection (1): 150.129.207.84:30093
2021-06-30 23:26:13,209 - urllib3.connectionpool - Starting new HTTP connection (1): 169.57.1.85:80
2021-06-30 23:26:13,836 - urllib3.connectionpool - http://169.57.1.85:80 "GET http://www.google.com/ HTTP/1.1" 403 3487
2021-06-30 23:26:13,843 - urllib3.connectionpool - Starting new HTTP connection (1): 169.57.1.85:80
2021-06-30 23:26:14,441 - urllib3.connectionpool - http://169.57.1.85:80 "GET http://www.google.com/ HTTP/1.1" 403 3487
2021-06-30 23:26:14,444 - urllib3.connectionpool - Starting new HTTPS connection (1): www.snipes.it:443
2021-06-30 23:26:15,855 - urllib3.connectionpool - https://www.snipes.it:443 "GET /c/new HTTP/1.1" 200 None
2021-06-30 23:26:16,669 - urllib3.connectionpool - Starting new HTTPS connection (1): discord.com:443
2021-06-30 23:26:17,257 - urllib3.connectionpool - https://discord.com:443 "POST /api/webhooks/850392839053639690/65cKLltyuopds0GR5ElwNaeKmhGKmEuXlILxyTidy5Yup0ZfrMMYbNIXK21qa8kcHlKk HTTP/1.1" 204 0
2021-06-30 23:26:17,264 - root - Payload delivered successfully, code 204.
2021-06-30 23:26:17,270 - urllib3.connectionpool - Starting new HTTPS connection (1): discord.com:443
2021-06-30 23:26:17,738 - urllib3.connectionpool - https://discord.com:443 "POST /api/webhooks/850392839053639690/65cKLltyuopds0GR5ElwNaeKmhGKmEuXlILxyTidy5Yup0ZfrMMYbNIXK21qa8kcHlKk HTTP/1.1" 204 0
2021-06-30 23:26:17,745 - root - Payload delivered successfully, code 204.
2021-06-30 23:26:17,751 - urllib3.connectionpool - Starting new HTTPS connection (1): discord.com:443
2021-06-30 23:26:18,282 - urllib3.connectionpool - https://discord.com:443 "POST /api/webhooks/850392839053639690/65cKLltyuopds0GR5ElwNaeKmhGKmEuXlILxyTidy5Yup0ZfrMMYbNIXK21qa8kcHlKk HTTP/1.1" 204 0
2021-06-30 23:26:18,291 - root - Payload delivered successfully, code 204.
2021-06-30 23:26:18,294 - urllib3.connectionpool - Starting new HTTPS connection (1): discord.com:443
2021-06-30 23:26:18,777 - urllib3.connectionpool - https://discord.com:443 "POST /api/webhooks/850392839053639690/65cKLltyuopds0GR5ElwNaeKmhGKmEuXlILxyTidy5Yup0ZfrMMYbNIXK21qa8kcHlKk HTTP/1.1" 204 0
2021-06-30 23:26:18,784 - root - Payload delivered successfully, code 204.
2021-06-30 23:26:18,791 - urllib3.connectionpool - Starting new HTTPS connection (1): discord.com:443
2021-06-30 23:26:19,287 - urllib3.connectionpool - https://discord.com:443 "POST /api/webhooks/850392839053639690/65cKLltyuopds0GR5ElwNaeKmhGKmEuXlILxyTidy5Yup0ZfrMMYbNIXK21qa8kcHlKk HTTP/1.1" 204 0
2021-06-30 23:26:19,293 - root - Payload delivered successfully, code 204.
2021-06-30 23:26:19,299 - urllib3.connectionpool - Starting new HTTPS connection (1): discord.com:443
2021-06-30 23:26:19,736 - urllib3.connectionpool - https://discord.com:443 "POST /api/webhooks/850392839053639690/65cKLltyuopds0GR5ElwNaeKmhGKmEuXlILxyTidy5Yup0ZfrMMYbNIXK21qa8kcHlKk HTTP/1.1" 204 0
2021-06-30 23:26:19,742 - root - Payload delivered successfully, code 204.
2021-06-30 23:26:19,754 - urllib3.connectionpool - Starting new HTTPS connection (1): discord.com:443
2021-06-30 23:26:20,243 - urllib3.connectionpool - https://discord.com:443 "POST /api/webhooks/850392839053639690/65cKLltyuopds0GR5ElwNaeKmhGKmEuXlILxyTidy5Yup0ZfrMMYbNIXK21qa8kcHlKk HTTP/1.1" 204 0
2021-06-30 23:26:20,246 - root - Payload delivered successfully, code 204.
2021-06-30 23:26:20,249 - urllib3.connectionpool - Starting new HTTPS connection (1): discord.com:443
2021-06-30 23:26:20,729 - urllib3.connectionpool - https://discord.com:443 "POST /api/webhooks/850392839053639690/65cKLltyuopds0GR5ElwNaeKmhGKmEuXlILxyTidy5Yup0ZfrMMYbNIXK21qa8kcHlKk HTTP/1.1" 204 0
2021-06-30 23:26:20,736 - root - Payload delivered successfully, code 204.
2021-06-30 23:26:20,743 - urllib3.connectionpool - Starting new HTTPS connection (1): discord.com:443
2021-06-30 23:26:21,306 - urllib3.connectionpool - https://discord.com:443 "POST /api/webhooks/850392839053639690/65cKLltyuopds0GR5ElwNaeKmhGKmEuXlILxyTidy5Yup0ZfrMMYbNIXK21qa8kcHlKk HTTP/1.1" 204 0
2021-06-30 23:26:21,308 - root - Payload delivered successfully, code 204.
2021-06-30 23:26:21,311 - urllib3.connectionpool - Starting new HTTPS connection (1): discord.com:443
2021-06-30 23:26:21,823 - urllib3.connectionpool - https://discord.com:443 "POST /api/webhooks/850392839053639690/65cKLltyuopds0GR5ElwNaeKmhGKmEuXlILxyTidy5Yup0ZfrMMYbNIXK21qa8kcHlKk HTTP/1.1" 204 0
2021-06-30 23:26:21,829 - root - Payload delivered successfully, code 204.
2021-06-30 23:26:21,834 - urllib3.connectionpool - Starting new HTTPS connection (1): discord.com:443
2021-06-30 23:26:22,376 - urllib3.connectionpool - https://discord.com:443 "POST /api/webhooks/850392839053639690/65cKLltyuopds0GR5ElwNaeKmhGKmEuXlILxyTidy5Yup0ZfrMMYbNIXK21qa8kcHlKk HTTP/1.1" 204 0
2021-06-30 23:26:22,380 - root - Payload delivered successfully, code 204.
2021-06-30 23:26:22,383 - urllib3.connectionpool - Starting new HTTPS connection (1): discord.com:443
2021-06-30 23:26:22,886 - urllib3.connectionpool - https://discord.com:443 "POST /api/webhooks/850392839053639690/65cKLltyuopds0GR5ElwNaeKmhGKmEuXlILxyTidy5Yup0ZfrMMYbNIXK21qa8kcHlKk HTTP/1.1" 204 0
2021-06-30 23:26:22,896 - root - Payload delivered successfully, code 204.
2021-06-30 23:26:22,903 - urllib3.connectionpool - Starting new HTTPS connection (1): discord.com:443
2021-06-30 23:26:23,391 - urllib3.connectionpool - https://discord.com:443 "POST /api/webhooks/850392839053639690/65cKLltyuopds0GR5ElwNaeKmhGKmEuXlILxyTidy5Yup0ZfrMMYbNIXK21qa8kcHlKk HTTP/1.1" 204 0
2021-06-30 23:26:23,398 - root - Payload delivered successfully, code 204.
2021-06-30 23:26:23,411 - urllib3.connectionpool - Starting new HTTPS connection (1): discord.com:443
2021-06-30 23:26:23,884 - urllib3.connectionpool - https://discord.com:443 "POST /api/webhooks/850392839053639690/65cKLltyuopds0GR5ElwNaeKmhGKmEuXlILxyTidy5Yup0ZfrMMYbNIXK21qa8kcHlKk HTTP/1.1" 204 0
2021-06-30 23:26:23,887 - root - Payload delivered successfully, code 204.
2021-06-30 23:26:23,890 - urllib3.connectionpool - Starting new HTTPS connection (1): discord.com:443
2021-06-30 23:26:24,435 - urllib3.connectionpool - https://discord.com:443 "POST /api/webhooks/850392839053639690/65cKLltyuopds0GR5ElwNaeKmhGKmEuXlILxyTidy5Yup0ZfrMMYbNIXK21qa8kcHlKk HTTP/1.1" 204 0
2021-06-30 23:26:24,437 - root - Payload delivered successfully, code 204.
2021-06-30 23:26:24,438 - urllib3.connectionpool - Starting new HTTPS connection (1): discord.com:443
2021-06-30 23:26:24,927 - urllib3.connectionpool - https://discord.com:443 "POST /api/webhooks/850392839053639690/65cKLltyuopds0GR5ElwNaeKmhGKmEuXlILxyTidy5Yup0ZfrMMYbNIXK21qa8kcHlKk HTTP/1.1" 204 0
2021-06-30 23:26:24,930 - root - Payload delivered successfully, code 204.
2021-06-30 23:26:24,934 - urllib3.connectionpool - Starting new HTTPS connection (1): discord.com:443
2021-06-30 23:26:25,586 - urllib3.connectionpool - https://discord.com:443 "POST /api/webhooks/850392839053639690/65cKLltyuopds0GR5ElwNaeKmhGKmEuXlILxyTidy5Yup0ZfrMMYbNIXK21qa8kcHlKk HTTP/1.1" 204 0
2021-06-30 23:26:25,588 - root - Payload delivered successfully, code 204.
2021-06-30 23:26:25,590 - urllib3.connectionpool - Starting new HTTPS connection (1): discord.com:443
2021-06-30 23:26:26,111 - urllib3.connectionpool - https://discord.com:443 "POST /api/webhooks/850392839053639690/65cKLltyuopds0GR5ElwNaeKmhGKmEuXlILxyTidy5Yup0ZfrMMYbNIXK21qa8kcHlKk HTTP/1.1" 204 0
2021-06-30 23:26:26,113 - root - Payload delivered successfully, code 204.
2021-06-30 23:26:26,116 - urllib3.connectionpool - Starting new HTTPS connection (1): discord.com:443
2021-06-30 23:26:26,583 - urllib3.connectionpool - https://discord.com:443 "POST /api/webhooks/850392839053639690/65cKLltyuopds0GR5ElwNaeKmhGKmEuXlILxyTidy5Yup0ZfrMMYbNIXK21qa8kcHlKk HTTP/1.1" 204 0
2021-06-30 23:26:26,585 - root - Payload delivered successfully, code 204.
2021-06-30 23:26:26,587 - urllib3.connectionpool - Starting new HTTPS connection (1): discord.com:443
2021-06-30 23:26:27,056 - urllib3.connectionpool - https://discord.com:443 "POST /api/webhooks/850392839053639690/65cKLltyuopds0GR5ElwNaeKmhGKmEuXlILxyTidy5Yup0ZfrMMYbNIXK21qa8kcHlKk HTTP/1.1" 204 0
2021-06-30 23:26:27,063 - root - Payload delivered successfully, code 204.
2021-06-30 23:26:27,070 - urllib3.connectionpool - Starting new HTTPS connection (1): discord.com:443
2021-06-30 23:26:27,597 - urllib3.connectionpool - https://discord.com:443 "POST /api/webhooks/850392839053639690/65cKLltyuopds0GR5ElwNaeKmhGKmEuXlILxyTidy5Yup0ZfrMMYbNIXK21qa8kcHlKk HTTP/1.1" 204 0
2021-06-30 23:26:27,600 - root - Payload delivered successfully, code 204.
2021-06-30 23:26:27,604 - urllib3.connectionpool - Starting new HTTPS connection (1): discord.com:443
2021-06-30 23:26:28,049 - urllib3.connectionpool - https://discord.com:443 "POST /api/webhooks/850392839053639690/65cKLltyuopds0GR5ElwNaeKmhGKmEuXlILxyTidy5Yup0ZfrMMYbNIXK21qa8kcHlKk HTTP/1.1" 204 0
2021-06-30 23:26:28,055 - root - Payload delivered successfully, code 204.
2021-06-30 23:26:28,063 - urllib3.connectionpool - Starting new HTTPS connection (1): discord.com:443
2021-06-30 23:26:28,588 - urllib3.connectionpool - https://discord.com:443 "POST /api/webhooks/850392839053639690/65cKLltyuopds0GR5ElwNaeKmhGKmEuXlILxyTidy5Yup0ZfrMMYbNIXK21qa8kcHlKk HTTP/1.1" 204 0
2021-06-30 23:26:28,590 - root - Payload delivered successfully, code 204.
2021-06-30 23:26:28,592 - urllib3.connectionpool - Starting new HTTPS connection (1): discord.com:443
2021-06-30 23:26:29,121 - urllib3.connectionpool - https://discord.com:443 "POST /api/webhooks/850392839053639690/65cKLltyuopds0GR5ElwNaeKmhGKmEuXlILxyTidy5Yup0ZfrMMYbNIXK21qa8kcHlKk HTTP/1.1" 204 0
2021-06-30 23:26:29,124 - root - Payload delivered successfully, code 204.
2021-06-30 23:26:29,128 - urllib3.connectionpool - Starting new HTTPS connection (1): discord.com:443
2021-06-30 23:26:29,641 - urllib3.connectionpool - https://discord.com:443 "POST /api/webhooks/850392839053639690/65cKLltyuopds0GR5ElwNaeKmhGKmEuXlILxyTidy5Yup0ZfrMMYbNIXK21qa8kcHlKk HTTP/1.1" 204 0
2021-06-30 23:26:29,646 - root - Payload delivered successfully, code 204.
2021-06-30 23:26:29,649 - urllib3.connectionpool - Starting new HTTPS connection (1): discord.com:443
2021-06-30 23:26:30,167 - urllib3.connectionpool - https://discord.com:443 "POST /api/webhooks/850392839053639690/65cKLltyuopds0GR5ElwNaeKmhGKmEuXlILxyTidy5Yup0ZfrMMYbNIXK21qa8kcHlKk HTTP/1.1" 204 0
2021-06-30 23:26:30,173 - root - Payload delivered successfully, code 204.
2021-06-30 23:26:30,178 - urllib3.connectionpool - Starting new HTTPS connection (1): discord.com:443
2021-06-30 23:26:30,685 - urllib3.connectionpool - https://discord.com:443 "POST /api/webhooks/850392839053639690/65cKLltyuopds0GR5ElwNaeKmhGKmEuXlILxyTidy5Yup0ZfrMMYbNIXK21qa8kcHlKk HTTP/1.1" 204 0
2021-06-30 23:26:30,687 - root - Payload delivered successfully, code 204.
2021-06-30 23:26:30,689 - urllib3.connectionpool - Starting new HTTPS connection (1): discord.com:443
2021-06-30 23:26:31,296 - urllib3.connectionpool - https://discord.com:443 "POST /api/webhooks/850392839053639690/65cKLltyuopds0GR5ElwNaeKmhGKmEuXlILxyTidy5Yup0ZfrMMYbNIXK21qa8kcHlKk HTTP/1.1" 204 0
2021-06-30 23:26:31,302 - root - Payload delivered successfully, code 204.
2021-06-30 23:26:31,307 - urllib3.connectionpool - Starting new HTTPS connection (1): discord.com:443
2021-06-30 23:26:31,799 - urllib3.connectionpool - https://discord.com:443 "POST /api/webhooks/850392839053639690/65cKLltyuopds0GR5ElwNaeKmhGKmEuXlILxyTidy5Yup0ZfrMMYbNIXK21qa8kcHlKk HTTP/1.1" 204 0
2021-06-30 23:26:31,806 - root - Payload delivered successfully, code 204.
2021-06-30 23:26:31,816 - urllib3.connectionpool - Starting new HTTPS connection (1): discord.com:443
2021-06-30 23:26:32,336 - urllib3.connectionpool - https://discord.com:443 "POST /api/webhooks/850392839053639690/65cKLltyuopds0GR5ElwNaeKmhGKmEuXlILxyTidy5Yup0ZfrMMYbNIXK21qa8kcHlKk HTTP/1.1" 204 0
2021-06-30 23:26:32,339 - root - Payload delivered successfully, code 204.
2021-06-30 23:26:32,342 - urllib3.connectionpool - Starting new HTTPS connection (1): discord.com:443
2021-06-30 23:26:32,846 - urllib3.connectionpool - https://discord.com:443 "POST /api/webhooks/850392839053639690/65cKLltyuopds0GR5ElwNaeKmhGKmEuXlILxyTidy5Yup0ZfrMMYbNIXK21qa8kcHlKk HTTP/1.1" 204 0
2021-06-30 23:26:32,848 - root - Payload delivered successfully, code 204.
2021-06-30 23:26:32,850 - urllib3.connectionpool - Starting new HTTPS connection (1): discord.com:443
2021-06-30 23:26:33,323 - urllib3.connectionpool - https://discord.com:443 "POST /api/webhooks/850392839053639690/65cKLltyuopds0GR5ElwNaeKmhGKmEuXlILxyTidy5Yup0ZfrMMYbNIXK21qa8kcHlKk HTTP/1.1" 204 0
2021-06-30 23:26:33,329 - root - Payload delivered successfully, code 204.
2021-06-30 23:26:33,336 - urllib3.connectionpool - Starting new HTTPS connection (1): discord.com:443
2021-06-30 23:26:33,828 - urllib3.connectionpool - https://discord.com:443 "POST /api/webhooks/850392839053639690/65cKLltyuopds0GR5ElwNaeKmhGKmEuXlILxyTidy5Yup0ZfrMMYbNIXK21qa8kcHlKk HTTP/1.1" 204 0
2021-06-30 23:26:33,830 - root - Payload delivered successfully, code 204.
2021-06-30 23:26:33,833 - urllib3.connectionpool - Starting new HTTPS connection (1): discord.com:443
2021-06-30 23:26:34,345 - urllib3.connectionpool - https://discord.com:443 "POST /api/webhooks/850392839053639690/65cKLltyuopds0GR5ElwNaeKmhGKmEuXlILxyTidy5Yup0ZfrMMYbNIXK21qa8kcHlKk HTTP/1.1" 204 0
2021-06-30 23:26:34,351 - root - Payload delivered successfully, code 204.
2021-06-30 23:26:34,359 - urllib3.connectionpool - Starting new HTTPS connection (1): discord.com:443
2021-06-30 23:26:34,867 - urllib3.connectionpool - https://discord.com:443 "POST /api/webhooks/850392839053639690/65cKLltyuopds0GR5ElwNaeKmhGKmEuXlILxyTidy5Yup0ZfrMMYbNIXK21qa8kcHlKk HTTP/1.1" 204 0
2021-06-30 23:26:34,869 - root - Payload delivered successfully, code 204.
2021-06-30 23:26:34,871 - urllib3.connectionpool - Starting new HTTPS connection (1): discord.com:443
2021-06-30 23:26:35,386 - urllib3.connectionpool - https://discord.com:443 "POST /api/webhooks/850392839053639690/65cKLltyuopds0GR5ElwNaeKmhGKmEuXlILxyTidy5Yup0ZfrMMYbNIXK21qa8kcHlKk HTTP/1.1" 204 0
2021-06-30 23:26:35,389 - root - Payload delivered successfully, code 204.
2021-06-30 23:26:35,395 - urllib3.connectionpool - Starting new HTTPS connection (1): discord.com:443
2021-06-30 23:26:35,983 - urllib3.connectionpool - https://discord.com:443 "POST /api/webhooks/850392839053639690/65cKLltyuopds0GR5ElwNaeKmhGKmEuXlILxyTidy5Yup0ZfrMMYbNIXK21qa8kcHlKk HTTP/1.1" 204 0
2021-06-30 23:26:35,993 - root - Payload delivered successfully, code 204.
2021-06-30 23:26:36,008 - urllib3.connectionpool - Starting new HTTPS connection (1): discord.com:443
2021-06-30 23:27:11,023 - dotenv.main - Python-dotenv could not parse statement starting at line 14
2021-06-30 23:27:11,024 - root - Successfully started monitor
2021-06-30 23:27:11,027 - urllib3.connectionpool - Starting new HTTPS connection (1): discord.com:443
2021-06-30 23:27:11,563 - urllib3.connectionpool - https://discord.com:443 "POST /api/webhooks/850392839053639690/65cKLltyuopds0GR5ElwNaeKmhGKmEuXlILxyTidy5Yup0ZfrMMYbNIXK21qa8kcHlKk HTTP/1.1" 204 0
2021-06-30 23:27:11,566 - root - Payload delivered successfully, code 204.
2021-06-30 23:27:11,569 - urllib3.connectionpool - Starting new HTTPS connection (1): www.sslproxies.org:443
2021-06-30 23:27:11,707 - urllib3.connectionpool - https://www.sslproxies.org:443 "GET / HTTP/1.1" 200 None
2021-06-30 23:27:11,719 - urllib3.connectionpool - Starting new HTTPS connection (1): www.sslproxies.org:443
2021-06-30 23:27:11,865 - urllib3.connectionpool - https://www.sslproxies.org:443 "GET / HTTP/1.1" 200 None
2021-06-30 23:27:11,882 - urllib3.connectionpool - Starting new HTTP connection (1): 34.94.40.85:80
2021-06-30 23:27:12,657 - urllib3.connectionpool - Starting new HTTP connection (1): 160.16.56.24:3128
2021-06-30 23:27:13,170 - urllib3.connectionpool - Starting new HTTP connection (1): 149.202.78.76:3128
2021-06-30 23:27:13,860 - urllib3.connectionpool - Starting new HTTP connection (1): 54.169.226.255:80
2021-06-30 23:27:14,468 - urllib3.connectionpool - Starting new HTTP connection (1): 14.207.120.81:8080
2021-06-30 23:27:14,984 - urllib3.connectionpool - Starting new HTTP connection (1): 36.89.18.217:8080
2021-06-30 23:27:15,500 - urllib3.connectionpool - Starting new HTTP connection (1): 189.85.89.98:80
2021-06-30 23:27:16,009 - urllib3.connectionpool - Starting new HTTP connection (1): 83.167.203.174:50128
2021-06-30 23:27:16,530 - urllib3.connectionpool - Starting new HTTP connection (1): 185.175.119.206:36442
2021-06-30 23:27:17,050 - urllib3.connectionpool - Starting new HTTP connection (1): 35.206.153.177:3128
2021-06-30 23:27:17,557 - urllib3.connectionpool - Starting new HTTP connection (1): 82.99.232.18:58689
2021-06-30 23:27:18,072 - urllib3.connectionpool - Starting new HTTP connection (1): 160.16.226.31:3128
2021-06-30 23:27:18,751 - urllib3.connectionpool - Starting new HTTP connection (1): 213.230.126.144:3128
2021-06-30 23:27:19,463 - urllib3.connectionpool - http://213.230.126.144:3128 "GET http://www.google.com/ HTTP/1.1" 200 5816
2021-06-30 23:27:19,471 - urllib3.connectionpool - Starting new HTTP connection (1): 213.230.126.144:3128
2021-06-30 23:27:19,989 - urllib3.connectionpool - Starting new HTTP connection (1): 103.130.141.98:8080
2021-06-30 23:27:20,500 - urllib3.connectionpool - Starting new HTTP connection (1): 119.81.189.194:80
2021-06-30 23:27:20,744 - urllib3.connectionpool - http://119.81.189.194:80 "GET http://www.google.com/ HTTP/1.1" 403 0
2021-06-30 23:27:20,751 - urllib3.connectionpool - Starting new HTTP connection (1): 119.81.189.194:80
2021-06-30 23:27:21,005 - urllib3.connectionpool - http://119.81.189.194:80 "GET http://www.google.com/ HTTP/1.1" 403 0
2021-06-30 23:27:21,012 - urllib3.connectionpool - Starting new HTTPS connection (1): www.snipes.it:443
2021-06-30 23:27:22,541 - urllib3.connectionpool - https://www.snipes.it:443 "GET /c/new HTTP/1.1" 200 None
2021-06-30 23:27:23,393 - urllib3.connectionpool - Starting new HTTPS connection (1): discord.com:443
2021-06-30 23:27:24,089 - urllib3.connectionpool - https://discord.com:443 "POST /api/webhooks/850392839053639690/65cKLltyuopds0GR5ElwNaeKmhGKmEuXlILxyTidy5Yup0ZfrMMYbNIXK21qa8kcHlKk HTTP/1.1" 204 0
2021-06-30 23:27:24,091 - root - Payload delivered successfully, code 204.
2021-06-30 23:27:24,091 - urllib3.connectionpool - Starting new HTTPS connection (1): discord.com:443
2021-06-30 23:27:24,588 - urllib3.connectionpool - https://discord.com:443 "POST /api/webhooks/850392839053639690/65cKLltyuopds0GR5ElwNaeKmhGKmEuXlILxyTidy5Yup0ZfrMMYbNIXK21qa8kcHlKk HTTP/1.1" 204 0
2021-06-30 23:27:24,593 - root - Payload delivered successfully, code 204.
2021-06-30 23:27:24,599 - urllib3.connectionpool - Starting new HTTPS connection (1): discord.com:443
2021-06-30 23:27:25,061 - urllib3.connectionpool - https://discord.com:443 "POST /api/webhooks/850392839053639690/65cKLltyuopds0GR5ElwNaeKmhGKmEuXlILxyTidy5Yup0ZfrMMYbNIXK21qa8kcHlKk HTTP/1.1" 204 0
2021-06-30 23:27:25,069 - root - Payload delivered successfully, code 204.
2021-06-30 23:27:25,073 - urllib3.connectionpool - Starting new HTTPS connection (1): discord.com:443
2021-06-30 23:27:25,577 - urllib3.connectionpool - https://discord.com:443 "POST /api/webhooks/850392839053639690/65cKLltyuopds0GR5ElwNaeKmhGKmEuXlILxyTidy5Yup0ZfrMMYbNIXK21qa8kcHlKk HTTP/1.1" 204 0
2021-06-30 23:27:25,582 - root - Payload delivered successfully, code 204.
2021-06-30 23:27:25,585 - urllib3.connectionpool - Starting new HTTPS connection (1): discord.com:443
2021-06-30 23:27:26,092 - urllib3.connectionpool - https://discord.com:443 "POST /api/webhooks/850392839053639690/65cKLltyuopds0GR5ElwNaeKmhGKmEuXlILxyTidy5Yup0ZfrMMYbNIXK21qa8kcHlKk HTTP/1.1" 204 0
2021-06-30 23:27:26,095 - root - Payload delivered successfully, code 204.
2021-06-30 23:27:26,099 - urllib3.connectionpool - Starting new HTTPS connection (1): discord.com:443
2021-06-30 23:27:26,654 - urllib3.connectionpool - https://discord.com:443 "POST /api/webhooks/850392839053639690/65cKLltyuopds0GR5ElwNaeKmhGKmEuXlILxyTidy5Yup0ZfrMMYbNIXK21qa8kcHlKk HTTP/1.1" 204 0
2021-06-30 23:27:26,659 - root - Payload delivered successfully, code 204.
2021-06-30 23:27:26,662 - urllib3.connectionpool - Starting new HTTPS connection (1): discord.com:443
2021-06-30 23:27:27,124 - urllib3.connectionpool - https://discord.com:443 "POST /api/webhooks/850392839053639690/65cKLltyuopds0GR5ElwNaeKmhGKmEuXlILxyTidy5Yup0ZfrMMYbNIXK21qa8kcHlKk HTTP/1.1" 204 0
2021-06-30 23:27:27,131 - root - Payload delivered successfully, code 204.
2021-06-30 23:27:27,138 - urllib3.connectionpool - Starting new HTTPS connection (1): discord.com:443
2021-06-30 23:27:27,650 - urllib3.connectionpool - https://discord.com:443 "POST /api/webhooks/850392839053639690/65cKLltyuopds0GR5ElwNaeKmhGKmEuXlILxyTidy5Yup0ZfrMMYbNIXK21qa8kcHlKk HTTP/1.1" 204 0
2021-06-30 23:27:27,653 - root - Payload delivered successfully, code 204.
2021-06-30 23:27:27,655 - urllib3.connectionpool - Starting new HTTPS connection (1): discord.com:443
2021-06-30 23:27:28,199 - urllib3.connectionpool - https://discord.com:443 "POST /api/webhooks/850392839053639690/65cKLltyuopds0GR5ElwNaeKmhGKmEuXlILxyTidy5Yup0ZfrMMYbNIXK21qa8kcHlKk HTTP/1.1" 204 0
2021-06-30 23:27:28,203 - root - Payload delivered successfully, code 204.
2021-06-30 23:27:28,209 - urllib3.connectionpool - Starting new HTTPS connection (1): discord.com:443
2021-06-30 23:27:28,711 - urllib3.connectionpool - https://discord.com:443 "POST /api/webhooks/850392839053639690/65cKLltyuopds0GR5ElwNaeKmhGKmEuXlILxyTidy5Yup0ZfrMMYbNIXK21qa8kcHlKk HTTP/1.1" 204 0
2021-06-30 23:27:28,717 - root - Payload delivered successfully, code 204.
2021-06-30 23:27:28,724 - urllib3.connectionpool - Starting new HTTPS connection (1): discord.com:443
2021-06-30 23:27:29,204 - urllib3.connectionpool - https://discord.com:443 "POST /api/webhooks/850392839053639690/65cKLltyuopds0GR5ElwNaeKmhGKmEuXlILxyTidy5Yup0ZfrMMYbNIXK21qa8kcHlKk HTTP/1.1" 204 0
2021-06-30 23:27:29,211 - root - Payload delivered successfully, code 204.
2021-06-30 23:27:29,217 - urllib3.connectionpool - Starting new HTTPS connection (1): discord.com:443
2021-06-30 23:27:29,702 - urllib3.connectionpool - https://discord.com:443 "POST /api/webhooks/850392839053639690/65cKLltyuopds0GR5ElwNaeKmhGKmEuXlILxyTidy5Yup0ZfrMMYbNIXK21qa8kcHlKk HTTP/1.1" 204 0
2021-06-30 23:27:29,708 - root - Payload delivered successfully, code 204.
2021-06-30 23:27:29,719 - urllib3.connectionpool - Starting new HTTPS connection (1): discord.com:443
2021-06-30 23:27:30,279 - urllib3.connectionpool - https://discord.com:443 "POST /api/webhooks/850392839053639690/65cKLltyuopds0GR5ElwNaeKmhGKmEuXlILxyTidy5Yup0ZfrMMYbNIXK21qa8kcHlKk HTTP/1.1" 204 0
2021-06-30 23:27:30,285 - root - Payload delivered successfully, code 204.
2021-06-30 23:27:30,292 - urllib3.connectionpool - Starting new HTTPS connection (1): discord.com:443
2021-06-30 23:27:30,793 - urllib3.connectionpool - https://discord.com:443 "POST /api/webhooks/850392839053639690/65cKLltyuopds0GR5ElwNaeKmhGKmEuXlILxyTidy5Yup0ZfrMMYbNIXK21qa8kcHlKk HTTP/1.1" 204 0
2021-06-30 23:27:30,796 - root - Payload delivered successfully, code 204.
2021-06-30 23:27:30,800 - urllib3.connectionpool - Starting new HTTPS connection (1): discord.com:443
2021-06-30 23:27:31,551 - urllib3.connectionpool - https://discord.com:443 "POST /api/webhooks/850392839053639690/65cKLltyuopds0GR5ElwNaeKmhGKmEuXlILxyTidy5Yup0ZfrMMYbNIXK21qa8kcHlKk HTTP/1.1" 204 0
2021-06-30 23:27:31,557 - root - Payload delivered successfully, code 204.
2021-06-30 23:27:31,565 - urllib3.connectionpool - Starting new HTTPS connection (1): discord.com:443
2021-06-30 23:27:32,098 - urllib3.connectionpool - https://discord.com:443 "POST /api/webhooks/850392839053639690/65cKLltyuopds0GR5ElwNaeKmhGKmEuXlILxyTidy5Yup0ZfrMMYbNIXK21qa8kcHlKk HTTP/1.1" 204 0
2021-06-30 23:27:32,100 - root - Payload delivered successfully, code 204.
2021-06-30 23:27:32,102 - urllib3.connectionpool - Starting new HTTPS connection (1): discord.com:443
2021-06-30 23:27:32,634 - urllib3.connectionpool - https://discord.com:443 "POST /api/webhooks/850392839053639690/65cKLltyuopds0GR5ElwNaeKmhGKmEuXlILxyTidy5Yup0ZfrMMYbNIXK21qa8kcHlKk HTTP/1.1" 204 0
2021-06-30 23:27:32,638 - root - Payload delivered successfully, code 204.
2021-06-30 23:27:32,643 - urllib3.connectionpool - Starting new HTTPS connection (1): discord.com:443
2021-06-30 23:27:33,230 - urllib3.connectionpool - https://discord.com:443 "POST /api/webhooks/850392839053639690/65cKLltyuopds0GR5ElwNaeKmhGKmEuXlILxyTidy5Yup0ZfrMMYbNIXK21qa8kcHlKk HTTP/1.1" 204 0
2021-06-30 23:27:33,234 - root - Payload delivered successfully, code 204.
2021-06-30 23:27:33,238 - urllib3.connectionpool - Starting new HTTPS connection (1): discord.com:443
2021-06-30 23:27:33,783 - urllib3.connectionpool - https://discord.com:443 "POST /api/webhooks/850392839053639690/65cKLltyuopds0GR5ElwNaeKmhGKmEuXlILxyTidy5Yup0ZfrMMYbNIXK21qa8kcHlKk HTTP/1.1" 204 0
2021-06-30 23:27:33,791 - root - Payload delivered successfully, code 204.
2021-06-30 23:27:33,798 - urllib3.connectionpool - Starting new HTTPS connection (1): discord.com:443
2021-06-30 23:27:34,288 - urllib3.connectionpool - https://discord.com:443 "POST /api/webhooks/850392839053639690/65cKLltyuopds0GR5ElwNaeKmhGKmEuXlILxyTidy5Yup0ZfrMMYbNIXK21qa8kcHlKk HTTP/1.1" 204 0
2021-06-30 23:27:34,290 - root - Payload delivered successfully, code 204.
2021-06-30 23:27:34,292 - urllib3.connectionpool - Starting new HTTPS connection (1): discord.com:443
2021-06-30 23:27:34,763 - urllib3.connectionpool - https://discord.com:443 "POST /api/webhooks/850392839053639690/65cKLltyuopds0GR5ElwNaeKmhGKmEuXlILxyTidy5Yup0ZfrMMYbNIXK21qa8kcHlKk HTTP/1.1" 204 0
2021-06-30 23:27:34,769 - root - Payload delivered successfully, code 204.
2021-06-30 23:27:34,775 - urllib3.connectionpool - Starting new HTTPS connection (1): discord.com:443
2021-06-30 23:27:35,244 - urllib3.connectionpool - https://discord.com:443 "POST /api/webhooks/850392839053639690/65cKLltyuopds0GR5ElwNaeKmhGKmEuXlILxyTidy5Yup0ZfrMMYbNIXK21qa8kcHlKk HTTP/1.1" 204 0
2021-06-30 23:27:35,250 - root - Payload delivered successfully, code 204.
2021-06-30 23:27:35,257 - urllib3.connectionpool - Starting new HTTPS connection (1): discord.com:443
2021-06-30 23:27:35,743 - urllib3.connectionpool - https://discord.com:443 "POST /api/webhooks/850392839053639690/65cKLltyuopds0GR5ElwNaeKmhGKmEuXlILxyTidy5Yup0ZfrMMYbNIXK21qa8kcHlKk HTTP/1.1" 204 0
2021-06-30 23:27:35,753 - root - Payload delivered successfully, code 204.
2021-06-30 23:27:35,761 - urllib3.connectionpool - Starting new HTTPS connection (1): discord.com:443
2021-06-30 23:27:48,400 - dotenv.main - Python-dotenv could not parse statement starting at line 14
2021-06-30 23:27:48,401 - root - Successfully started monitor
2021-06-30 23:27:48,404 - urllib3.connectionpool - Starting new HTTPS connection (1): discord.com:443
2021-06-30 23:27:48,921 - urllib3.connectionpool - https://discord.com:443 "POST /api/webhooks/850392839053639690/65cKLltyuopds0GR5ElwNaeKmhGKmEuXlILxyTidy5Yup0ZfrMMYbNIXK21qa8kcHlKk HTTP/1.1" 204 0
2021-06-30 23:27:48,926 - root - Payload delivered successfully, code 204.
2021-06-30 23:27:48,930 - urllib3.connectionpool - Starting new HTTPS connection (1): www.sslproxies.org:443
2021-06-30 23:27:49,065 - urllib3.connectionpool - https://www.sslproxies.org:443 "GET / HTTP/1.1" 200 None
2021-06-30 23:27:49,078 - urllib3.connectionpool - Starting new HTTPS connection (1): www.sslproxies.org:443
2021-06-30 23:27:49,221 - urllib3.connectionpool - https://www.sslproxies.org:443 "GET / HTTP/1.1" 200 None
2021-06-30 23:27:49,232 - urllib3.connectionpool - Starting new HTTP connection (1): 187.130.139.197:8080
2021-06-30 23:27:49,744 - urllib3.connectionpool - Starting new HTTP connection (1): 103.84.235.138:7777
2021-06-30 23:27:50,223 - urllib3.connectionpool - http://103.84.235.138:7777 "GET http://www.google.com/ HTTP/1.1" 200 6073
2021-06-30 23:27:50,232 - urllib3.connectionpool - Starting new HTTP connection (1): 103.84.235.138:7777
2021-06-30 23:27:50,702 - urllib3.connectionpool - http://103.84.235.138:7777 "GET http://www.google.com/ HTTP/1.1" 200 6078
2021-06-30 23:27:50,710 - urllib3.connectionpool - Starting new HTTPS connection (1): www.snipes.it:443
2021-06-30 23:27:52,099 - urllib3.connectionpool - https://www.snipes.it:443 "GET /c/new HTTP/1.1" 200 None
2021-06-30 23:27:52,915 - urllib3.connectionpool - Starting new HTTPS connection (1): discord.com:443
2021-06-30 23:27:53,459 - urllib3.connectionpool - https://discord.com:443 "POST /api/webhooks/850392839053639690/65cKLltyuopds0GR5ElwNaeKmhGKmEuXlILxyTidy5Yup0ZfrMMYbNIXK21qa8kcHlKk HTTP/1.1" 204 0
2021-06-30 23:27:53,462 - root - Payload delivered successfully, code 204.
2021-06-30 23:27:53,466 - urllib3.connectionpool - Starting new HTTPS connection (1): discord.com:443
2021-06-30 23:27:53,925 - urllib3.connectionpool - https://discord.com:443 "POST /api/webhooks/850392839053639690/65cKLltyuopds0GR5ElwNaeKmhGKmEuXlILxyTidy5Yup0ZfrMMYbNIXK21qa8kcHlKk HTTP/1.1" 204 0
2021-06-30 23:27:53,932 - root - Payload delivered successfully, code 204.
2021-06-30 23:27:53,940 - urllib3.connectionpool - Starting new HTTPS connection (1): discord.com:443
2021-06-30 23:27:54,447 - urllib3.connectionpool - https://discord.com:443 "POST /api/webhooks/850392839053639690/65cKLltyuopds0GR5ElwNaeKmhGKmEuXlILxyTidy5Yup0ZfrMMYbNIXK21qa8kcHlKk HTTP/1.1" 204 0
2021-06-30 23:27:54,449 - root - Payload delivered successfully, code 204.
2021-06-30 23:27:54,452 - urllib3.connectionpool - Starting new HTTPS connection (1): discord.com:443
2021-06-30 23:27:54,965 - urllib3.connectionpool - https://discord.com:443 "POST /api/webhooks/850392839053639690/65cKLltyuopds0GR5ElwNaeKmhGKmEuXlILxyTidy5Yup0ZfrMMYbNIXK21qa8kcHlKk HTTP/1.1" 204 0
2021-06-30 23:27:54,968 - root - Payload delivered successfully, code 204.
2021-06-30 23:27:54,971 - urllib3.connectionpool - Starting new HTTPS connection (1): discord.com:443
2021-06-30 23:27:55,435 - urllib3.connectionpool - https://discord.com:443 "POST /api/webhooks/850392839053639690/65cKLltyuopds0GR5ElwNaeKmhGKmEuXlILxyTidy5Yup0ZfrMMYbNIXK21qa8kcHlKk HTTP/1.1" 204 0
2021-06-30 23:27:55,441 - root - Payload delivered successfully, code 204.
2021-06-30 23:27:55,448 - urllib3.connectionpool - Starting new HTTPS connection (1): discord.com:443
2021-06-30 23:27:55,937 - urllib3.connectionpool - https://discord.com:443 "POST /api/webhooks/850392839053639690/65cKLltyuopds0GR5ElwNaeKmhGKmEuXlILxyTidy5Yup0ZfrMMYbNIXK21qa8kcHlKk HTTP/1.1" 429 92
2021-06-30 23:27:55,943 - root - 429 Client Error: Too Many Requests for url: https://discord.com/api/webhooks/850392839053639690/65cKLltyuopds0GR5ElwNaeKmhGKmEuXlILxyTidy5Yup0ZfrMMYbNIXK21qa8kcHlKk
2021-06-30 23:27:55,951 - urllib3.connectionpool - Starting new HTTPS connection (1): discord.com:443
2021-06-30 23:27:56,457 - urllib3.connectionpool - https://discord.com:443 "POST /api/webhooks/850392839053639690/65cKLltyuopds0GR5ElwNaeKmhGKmEuXlILxyTidy5Yup0ZfrMMYbNIXK21qa8kcHlKk HTTP/1.1" 429 92
2021-06-30 23:27:56,464 - root - 429 Client Error: Too Many Requests for url: https://discord.com/api/webhooks/850392839053639690/65cKLltyuopds0GR5ElwNaeKmhGKmEuXlILxyTidy5Yup0ZfrMMYbNIXK21qa8kcHlKk
2021-06-30 23:27:56,472 - urllib3.connectionpool - Starting new HTTPS connection (1): discord.com:443
2021-06-30 23:27:56,994 - urllib3.connectionpool - https://discord.com:443 "POST /api/webhooks/850392839053639690/65cKLltyuopds0GR5ElwNaeKmhGKmEuXlILxyTidy5Yup0ZfrMMYbNIXK21qa8kcHlKk HTTP/1.1" 429 92
2021-06-30 23:27:56,999 - root - 429 Client Error: Too Many Requests for url: https://discord.com/api/webhooks/850392839053639690/65cKLltyuopds0GR5ElwNaeKmhGKmEuXlILxyTidy5Yup0ZfrMMYbNIXK21qa8kcHlKk
2021-06-30 23:27:57,007 - urllib3.connectionpool - Starting new HTTPS connection (1): discord.com:443
2021-06-30 23:27:57,504 - urllib3.connectionpool - https://discord.com:443 "POST /api/webhooks/850392839053639690/65cKLltyuopds0GR5ElwNaeKmhGKmEuXlILxyTidy5Yup0ZfrMMYbNIXK21qa8kcHlKk HTTP/1.1" 429 92
2021-06-30 23:27:57,512 - root - 429 Client Error: Too Many Requests for url: https://discord.com/api/webhooks/850392839053639690/65cKLltyuopds0GR5ElwNaeKmhGKmEuXlILxyTidy5Yup0ZfrMMYbNIXK21qa8kcHlKk
2021-06-30 23:27:57,520 - urllib3.connectionpool - Starting new HTTPS connection (1): discord.com:443
2021-06-30 23:27:58,003 - urllib3.connectionpool - https://discord.com:443 "POST /api/webhooks/850392839053639690/65cKLltyuopds0GR5ElwNaeKmhGKmEuXlILxyTidy5Yup0ZfrMMYbNIXK21qa8kcHlKk HTTP/1.1" 429 92
2021-06-30 23:27:58,010 - root - 429 Client Error: Too Many Requests for url: https://discord.com/api/webhooks/850392839053639690/65cKLltyuopds0GR5ElwNaeKmhGKmEuXlILxyTidy5Yup0ZfrMMYbNIXK21qa8kcHlKk
2021-06-30 23:27:58,017 - urllib3.connectionpool - Starting new HTTPS connection (1): discord.com:443
2021-06-30 23:27:58,546 - urllib3.connectionpool - https://discord.com:443 "POST /api/webhooks/850392839053639690/65cKLltyuopds0GR5ElwNaeKmhGKmEuXlILxyTidy5Yup0ZfrMMYbNIXK21qa8kcHlKk HTTP/1.1" 429 92
2021-06-30 23:27:58,552 - root - 429 Client Error: Too Many Requests for url: https://discord.com/api/webhooks/850392839053639690/65cKLltyuopds0GR5ElwNaeKmhGKmEuXlILxyTidy5Yup0ZfrMMYbNIXK21qa8kcHlKk
2021-06-30 23:27:58,557 - urllib3.connectionpool - Starting new HTTPS connection (1): discord.com:443
2021-06-30 23:27:59,035 - urllib3.connectionpool - https://discord.com:443 "POST /api/webhooks/850392839053639690/65cKLltyuopds0GR5ElwNaeKmhGKmEuXlILxyTidy5Yup0ZfrMMYbNIXK21qa8kcHlKk HTTP/1.1" 429 92
2021-06-30 23:27:59,038 - root - 429 Client Error: Too Many Requests for url: https://discord.com/api/webhooks/850392839053639690/65cKLltyuopds0GR5ElwNaeKmhGKmEuXlILxyTidy5Yup0ZfrMMYbNIXK21qa8kcHlKk
2021-06-30 23:27:59,039 - urllib3.connectionpool - Starting new HTTPS connection (1): discord.com:443
2021-06-30 23:27:59,561 - urllib3.connectionpool - https://discord.com:443 "POST /api/webhooks/850392839053639690/65cKLltyuopds0GR5ElwNaeKmhGKmEuXlILxyTidy5Yup0ZfrMMYbNIXK21qa8kcHlKk HTTP/1.1" 429 92
2021-06-30 23:27:59,563 - root - 429 Client Error: Too Many Requests for url: https://discord.com/api/webhooks/850392839053639690/65cKLltyuopds0GR5ElwNaeKmhGKmEuXlILxyTidy5Yup0ZfrMMYbNIXK21qa8kcHlKk
2021-06-30 23:27:59,565 - urllib3.connectionpool - Starting new HTTPS connection (1): discord.com:443
2021-06-30 23:28:00,043 - urllib3.connectionpool - https://discord.com:443 "POST /api/webhooks/850392839053639690/65cKLltyuopds0GR5ElwNaeKmhGKmEuXlILxyTidy5Yup0ZfrMMYbNIXK21qa8kcHlKk HTTP/1.1" 429 92
2021-06-30 23:28:00,047 - root - 429 Client Error: Too Many Requests for url: https://discord.com/api/webhooks/850392839053639690/65cKLltyuopds0GR5ElwNaeKmhGKmEuXlILxyTidy5Yup0ZfrMMYbNIXK21qa8kcHlKk
2021-06-30 23:28:00,054 - urllib3.connectionpool - Starting new HTTPS connection (1): discord.com:443
2021-06-30 23:28:00,635 - urllib3.connectionpool - https://discord.com:443 "POST /api/webhooks/850392839053639690/65cKLltyuopds0GR5ElwNaeKmhGKmEuXlILxyTidy5Yup0ZfrMMYbNIXK21qa8kcHlKk HTTP/1.1" 429 92
2021-06-30 23:28:00,639 - root - 429 Client Error: Too Many Requests for url: https://discord.com/api/webhooks/850392839053639690/65cKLltyuopds0GR5ElwNaeKmhGKmEuXlILxyTidy5Yup0ZfrMMYbNIXK21qa8kcHlKk
2021-06-30 23:28:00,643 - urllib3.connectionpool - Starting new HTTPS connection (1): discord.com:443
2021-06-30 23:28:01,130 - urllib3.connectionpool - https://discord.com:443 "POST /api/webhooks/850392839053639690/65cKLltyuopds0GR5ElwNaeKmhGKmEuXlILxyTidy5Yup0ZfrMMYbNIXK21qa8kcHlKk HTTP/1.1" 429 92
2021-06-30 23:28:01,138 - root - 429 Client Error: Too Many Requests for url: https://discord.com/api/webhooks/850392839053639690/65cKLltyuopds0GR5ElwNaeKmhGKmEuXlILxyTidy5Yup0ZfrMMYbNIXK21qa8kcHlKk
2021-06-30 23:28:01,145 - urllib3.connectionpool - Starting new HTTPS connection (1): discord.com:443
2021-06-30 23:28:01,635 - urllib3.connectionpool - https://discord.com:443 "POST /api/webhooks/850392839053639690/65cKLltyuopds0GR5ElwNaeKmhGKmEuXlILxyTidy5Yup0ZfrMMYbNIXK21qa8kcHlKk HTTP/1.1" 429 92
2021-06-30 23:28:01,639 - root - 429 Client Error: Too Many Requests for url: https://discord.com/api/webhooks/850392839053639690/65cKLltyuopds0GR5ElwNaeKmhGKmEuXlILxyTidy5Yup0ZfrMMYbNIXK21qa8kcHlKk
2021-06-30 23:28:01,642 - urllib3.connectionpool - Starting new HTTPS connection (1): discord.com:443
2021-06-30 23:28:02,151 - urllib3.connectionpool - https://discord.com:443 "POST /api/webhooks/850392839053639690/65cKLltyuopds0GR5ElwNaeKmhGKmEuXlILxyTidy5Yup0ZfrMMYbNIXK21qa8kcHlKk HTTP/1.1" 429 92
2021-06-30 23:28:02,158 - root - 429 Client Error: Too Many Requests for url: https://discord.com/api/webhooks/850392839053639690/65cKLltyuopds0GR5ElwNaeKmhGKmEuXlILxyTidy5Yup0ZfrMMYbNIXK21qa8kcHlKk
2021-06-30 23:28:02,165 - urllib3.connectionpool - Starting new HTTPS connection (1): discord.com:443
2021-06-30 23:28:02,975 - urllib3.connectionpool - https://discord.com:443 "POST /api/webhooks/850392839053639690/65cKLltyuopds0GR5ElwNaeKmhGKmEuXlILxyTidy5Yup0ZfrMMYbNIXK21qa8kcHlKk HTTP/1.1" 429 92
2021-06-30 23:28:02,982 - root - 429 Client Error: Too Many Requests for url: https://discord.com/api/webhooks/850392839053639690/65cKLltyuopds0GR5ElwNaeKmhGKmEuXlILxyTidy5Yup0ZfrMMYbNIXK21qa8kcHlKk
2021-06-30 23:28:02,990 - urllib3.connectionpool - Starting new HTTPS connection (1): discord.com:443
2021-06-30 23:28:22,361 - dotenv.main - Python-dotenv could not parse statement starting at line 14
2021-06-30 23:28:22,362 - root - Successfully started monitor
2021-06-30 23:28:40,320 - dotenv.main - Python-dotenv could not parse statement starting at line 14
2021-06-30 23:28:40,321 - root - Successfully started monitor
2021-06-30 23:28:40,324 - urllib3.connectionpool - Starting new HTTPS connection (1): discord.com:443
2021-06-30 23:28:40,873 - urllib3.connectionpool - https://discord.com:443 "POST /api/webhooks/850392839053639690/65cKLltyuopds0GR5ElwNaeKmhGKmEuXlILxyTidy5Yup0ZfrMMYbNIXK21qa8kcHlKk HTTP/1.1" 204 0
2021-06-30 23:28:40,881 - root - Payload delivered successfully, code 204.
2021-06-30 23:28:40,884 - urllib3.connectionpool - Starting new HTTPS connection (1): www.sslproxies.org:443
2021-06-30 23:28:41,038 - urllib3.connectionpool - https://www.sslproxies.org:443 "GET / HTTP/1.1" 200 None
2021-06-30 23:28:41,050 - urllib3.connectionpool - Starting new HTTPS connection (1): www.sslproxies.org:443
2021-06-30 23:28:41,188 - urllib3.connectionpool - https://www.sslproxies.org:443 "GET / HTTP/1.1" 200 None
2021-06-30 23:28:41,209 - urllib3.connectionpool - Starting new HTTP connection (1): 103.6.104.105:38898
2021-06-30 23:28:41,726 - urllib3.connectionpool - Starting new HTTP connection (1): 89.20.48.116:8080
2021-06-30 23:28:42,230 - urllib3.connectionpool - Starting new HTTP connection (1): 45.235.110.67:53281
2021-06-30 23:28:42,746 - urllib3.connectionpool - Starting new HTTP connection (1): 8.210.157.49:17309
2021-06-30 23:28:43,399 - urllib3.connectionpool - Starting new HTTP connection (1): 200.6.217.3:8080
2021-06-30 23:28:43,911 - urllib3.connectionpool - Starting new HTTP connection (1): 41.164.68.194:8080
2021-06-30 23:28:44,425 - urllib3.connectionpool - Starting new HTTP connection (1): 195.110.7.195:3121
2021-06-30 23:28:44,937 - urllib3.connectionpool - Starting new HTTP connection (1): 103.250.166.17:6666
2021-06-30 23:28:45,452 - urllib3.connectionpool - Starting new HTTP connection (1): 82.99.232.18:58689
2021-06-30 23:28:45,961 - urllib3.connectionpool - Starting new HTTP connection (1): 122.9.130.194:3128
2021-06-30 23:28:46,470 - urllib3.connectionpool - Starting new HTTP connection (1): 51.79.157.83:443
2021-06-30 23:28:46,983 - urllib3.connectionpool - Starting new HTTP connection (1): 41.65.146.38:8080
2021-06-30 23:28:47,493 - urllib3.connectionpool - Starting new HTTP connection (1): 34.70.80.97:8080
2021-06-30 23:28:48,186 - urllib3.connectionpool - http://34.70.80.97:8080 "GET http://www.google.com/ HTTP/1.1" 200 6121
2021-06-30 23:28:48,194 - urllib3.connectionpool - Starting new HTTP connection (1): 34.70.80.97:8080
2021-06-30 23:28:48,847 - urllib3.connectionpool - http://34.70.80.97:8080 "GET http://www.google.com/ HTTP/1.1" 200 6118
2021-06-30 23:28:48,855 - urllib3.connectionpool - Starting new HTTPS connection (1): www.snipes.it:443
2021-06-30 23:28:50,310 - urllib3.connectionpool - https://www.snipes.it:443 "GET /c/new HTTP/1.1" 200 None
2021-06-30 23:28:51,189 - urllib3.connectionpool - Starting new HTTPS connection (1): discord.com:443
2021-06-30 23:28:51,709 - urllib3.connectionpool - https://discord.com:443 "POST /api/webhooks/850392839053639690/65cKLltyuopds0GR5ElwNaeKmhGKmEuXlILxyTidy5Yup0ZfrMMYbNIXK21qa8kcHlKk HTTP/1.1" 204 0
2021-06-30 23:28:51,714 - root - Payload delivered successfully, code 204.
2021-06-30 23:28:51,721 - urllib3.connectionpool - Starting new HTTPS connection (1): discord.com:443
2021-06-30 23:28:52,219 - urllib3.connectionpool - https://discord.com:443 "POST /api/webhooks/850392839053639690/65cKLltyuopds0GR5ElwNaeKmhGKmEuXlILxyTidy5Yup0ZfrMMYbNIXK21qa8kcHlKk HTTP/1.1" 204 0
2021-06-30 23:28:52,223 - root - Payload delivered successfully, code 204.
2021-06-30 23:28:52,228 - urllib3.connectionpool - Starting new HTTPS connection (1): discord.com:443
2021-06-30 23:28:52,692 - urllib3.connectionpool - https://discord.com:443 "POST /api/webhooks/850392839053639690/65cKLltyuopds0GR5ElwNaeKmhGKmEuXlILxyTidy5Yup0ZfrMMYbNIXK21qa8kcHlKk HTTP/1.1" 204 0
2021-06-30 23:28:52,698 - root - Payload delivered successfully, code 204.
2021-06-30 23:28:52,703 - urllib3.connectionpool - Starting new HTTPS connection (1): discord.com:443
2021-06-30 23:28:53,295 - urllib3.connectionpool - https://discord.com:443 "POST /api/webhooks/850392839053639690/65cKLltyuopds0GR5ElwNaeKmhGKmEuXlILxyTidy5Yup0ZfrMMYbNIXK21qa8kcHlKk HTTP/1.1" 204 0
2021-06-30 23:28:53,299 - root - Payload delivered successfully, code 204.
2021-06-30 23:28:53,301 - urllib3.connectionpool - Starting new HTTPS connection (1): discord.com:443
2021-06-30 23:28:53,793 - urllib3.connectionpool - https://discord.com:443 "POST /api/webhooks/850392839053639690/65cKLltyuopds0GR5ElwNaeKmhGKmEuXlILxyTidy5Yup0ZfrMMYbNIXK21qa8kcHlKk HTTP/1.1" 204 0
2021-06-30 23:28:53,799 - root - Payload delivered successfully, code 204.
2021-06-30 23:28:53,806 - urllib3.connectionpool - Starting new HTTPS connection (1): discord.com:443
2021-06-30 23:28:54,277 - urllib3.connectionpool - https://discord.com:443 "POST /api/webhooks/850392839053639690/65cKLltyuopds0GR5ElwNaeKmhGKmEuXlILxyTidy5Yup0ZfrMMYbNIXK21qa8kcHlKk HTTP/1.1" 204 0
2021-06-30 23:28:54,284 - root - Payload delivered successfully, code 204.
2021-06-30 23:28:54,293 - urllib3.connectionpool - Starting new HTTPS connection (1): discord.com:443
2021-06-30 23:28:54,798 - urllib3.connectionpool - https://discord.com:443 "POST /api/webhooks/850392839053639690/65cKLltyuopds0GR5ElwNaeKmhGKmEuXlILxyTidy5Yup0ZfrMMYbNIXK21qa8kcHlKk HTTP/1.1" 204 0
2021-06-30 23:28:54,804 - root - Payload delivered successfully, code 204.
2021-06-30 23:28:54,810 - urllib3.connectionpool - Starting new HTTPS connection (1): discord.com:443
2021-06-30 23:28:55,319 - urllib3.connectionpool - https://discord.com:443 "POST /api/webhooks/850392839053639690/65cKLltyuopds0GR5ElwNaeKmhGKmEuXlILxyTidy5Yup0ZfrMMYbNIXK21qa8kcHlKk HTTP/1.1" 204 0
2021-06-30 23:28:55,325 - root - Payload delivered successfully, code 204.
2021-06-30 23:28:55,331 - urllib3.connectionpool - Starting new HTTPS connection (1): discord.com:443
2021-06-30 23:28:55,811 - urllib3.connectionpool - https://discord.com:443 "POST /api/webhooks/850392839053639690/65cKLltyuopds0GR5ElwNaeKmhGKmEuXlILxyTidy5Yup0ZfrMMYbNIXK21qa8kcHlKk HTTP/1.1" 204 0
2021-06-30 23:28:55,818 - root - Payload delivered successfully, code 204.
2021-06-30 23:28:55,825 - urllib3.connectionpool - Starting new HTTPS connection (1): discord.com:443
2021-06-30 23:28:56,367 - urllib3.connectionpool - https://discord.com:443 "POST /api/webhooks/850392839053639690/65cKLltyuopds0GR5ElwNaeKmhGKmEuXlILxyTidy5Yup0ZfrMMYbNIXK21qa8kcHlKk HTTP/1.1" 204 0
2021-06-30 23:28:56,370 - root - Payload delivered successfully, code 204.
2021-06-30 23:28:56,375 - urllib3.connectionpool - Starting new HTTPS connection (1): discord.com:443
2021-06-30 23:28:56,880 - urllib3.connectionpool - https://discord.com:443 "POST /api/webhooks/850392839053639690/65cKLltyuopds0GR5ElwNaeKmhGKmEuXlILxyTidy5Yup0ZfrMMYbNIXK21qa8kcHlKk HTTP/1.1" 204 0
2021-06-30 23:28:56,890 - root - Payload delivered successfully, code 204.
2021-06-30 23:28:56,900 - urllib3.connectionpool - Starting new HTTPS connection (1): discord.com:443
2021-06-30 23:28:57,465 - urllib3.connectionpool - https://discord.com:443 "POST /api/webhooks/850392839053639690/65cKLltyuopds0GR5ElwNaeKmhGKmEuXlILxyTidy5Yup0ZfrMMYbNIXK21qa8kcHlKk HTTP/1.1" 204 0
2021-06-30 23:28:57,471 - root - Payload delivered successfully, code 204.
2021-06-30 23:28:57,476 - urllib3.connectionpool - Starting new HTTPS connection (1): discord.com:443
2021-06-30 23:28:57,941 - urllib3.connectionpool - https://discord.com:443 "POST /api/webhooks/850392839053639690/65cKLltyuopds0GR5ElwNaeKmhGKmEuXlILxyTidy5Yup0ZfrMMYbNIXK21qa8kcHlKk HTTP/1.1" 204 0
2021-06-30 23:28:57,948 - root - Payload delivered successfully, code 204.
2021-06-30 23:28:57,955 - urllib3.connectionpool - Starting new HTTPS connection (1): discord.com:443
2021-06-30 23:28:58,492 - urllib3.connectionpool - https://discord.com:443 "POST /api/webhooks/850392839053639690/65cKLltyuopds0GR5ElwNaeKmhGKmEuXlILxyTidy5Yup0ZfrMMYbNIXK21qa8kcHlKk HTTP/1.1" 204 0
2021-06-30 23:28:58,494 - root - Payload delivered successfully, code 204.
2021-06-30 23:28:58,496 - urllib3.connectionpool - Starting new HTTPS connection (1): discord.com:443
2021-06-30 23:28:58,964 - urllib3.connectionpool - https://discord.com:443 "POST /api/webhooks/850392839053639690/65cKLltyuopds0GR5ElwNaeKmhGKmEuXlILxyTidy5Yup0ZfrMMYbNIXK21qa8kcHlKk HTTP/1.1" 204 0
2021-06-30 23:28:58,971 - root - Payload delivered successfully, code 204.
2021-06-30 23:28:58,974 - urllib3.connectionpool - Starting new HTTPS connection (1): discord.com:443
2021-06-30 23:28:59,451 - urllib3.connectionpool - https://discord.com:443 "POST /api/webhooks/850392839053639690/65cKLltyuopds0GR5ElwNaeKmhGKmEuXlILxyTidy5Yup0ZfrMMYbNIXK21qa8kcHlKk HTTP/1.1" 204 0
2021-06-30 23:28:59,457 - root - Payload delivered successfully, code 204.
2021-06-30 23:28:59,464 - urllib3.connectionpool - Starting new HTTPS connection (1): discord.com:443
2021-06-30 23:28:59,953 - urllib3.connectionpool - https://discord.com:443 "POST /api/webhooks/850392839053639690/65cKLltyuopds0GR5ElwNaeKmhGKmEuXlILxyTidy5Yup0ZfrMMYbNIXK21qa8kcHlKk HTTP/1.1" 204 0
2021-06-30 23:28:59,959 - root - Payload delivered successfully, code 204.
2021-06-30 23:28:59,966 - urllib3.connectionpool - Starting new HTTPS connection (1): discord.com:443
2021-06-30 23:29:00,576 - urllib3.connectionpool - https://discord.com:443 "POST /api/webhooks/850392839053639690/65cKLltyuopds0GR5ElwNaeKmhGKmEuXlILxyTidy5Yup0ZfrMMYbNIXK21qa8kcHlKk HTTP/1.1" 204 0
2021-06-30 23:29:00,582 - root - Payload delivered successfully, code 204.
2021-06-30 23:29:00,589 - urllib3.connectionpool - Starting new HTTPS connection (1): discord.com:443
2021-06-30 23:29:01,046 - urllib3.connectionpool - https://discord.com:443 "POST /api/webhooks/850392839053639690/65cKLltyuopds0GR5ElwNaeKmhGKmEuXlILxyTidy5Yup0ZfrMMYbNIXK21qa8kcHlKk HTTP/1.1" 204 0
2021-06-30 23:29:01,052 - root - Payload delivered successfully, code 204.
2021-06-30 23:29:01,061 - urllib3.connectionpool - Starting new HTTPS connection (1): discord.com:443
2021-06-30 23:29:01,598 - urllib3.connectionpool - https://discord.com:443 "POST /api/webhooks/850392839053639690/65cKLltyuopds0GR5ElwNaeKmhGKmEuXlILxyTidy5Yup0ZfrMMYbNIXK21qa8kcHlKk HTTP/1.1" 204 0
2021-06-30 23:29:01,601 - root - Payload delivered successfully, code 204.
2021-06-30 23:29:01,605 - urllib3.connectionpool - Starting new HTTPS connection (1): discord.com:443
2021-06-30 23:29:02,106 - urllib3.connectionpool - https://discord.com:443 "POST /api/webhooks/850392839053639690/65cKLltyuopds0GR5ElwNaeKmhGKmEuXlILxyTidy5Yup0ZfrMMYbNIXK21qa8kcHlKk HTTP/1.1" 204 0
2021-06-30 23:29:02,115 - root - Payload delivered successfully, code 204.
2021-06-30 23:29:02,123 - urllib3.connectionpool - Starting new HTTPS connection (1): discord.com:443
2021-06-30 23:29:02,639 - urllib3.connectionpool - https://discord.com:443 "POST /api/webhooks/850392839053639690/65cKLltyuopds0GR5ElwNaeKmhGKmEuXlILxyTidy5Yup0ZfrMMYbNIXK21qa8kcHlKk HTTP/1.1" 204 0
2021-06-30 23:29:02,641 - root - Payload delivered successfully, code 204.
2021-06-30 23:29:02,643 - urllib3.connectionpool - Starting new HTTPS connection (1): discord.com:443
2021-06-30 23:29:03,134 - urllib3.connectionpool - https://discord.com:443 "POST /api/webhooks/850392839053639690/65cKLltyuopds0GR5ElwNaeKmhGKmEuXlILxyTidy5Yup0ZfrMMYbNIXK21qa8kcHlKk HTTP/1.1" 204 0
2021-06-30 23:29:03,140 - root - Payload delivered successfully, code 204.
2021-06-30 23:29:03,144 - urllib3.connectionpool - Starting new HTTPS connection (1): discord.com:443
2021-06-30 23:29:03,671 - urllib3.connectionpool - https://discord.com:443 "POST /api/webhooks/850392839053639690/65cKLltyuopds0GR5ElwNaeKmhGKmEuXlILxyTidy5Yup0ZfrMMYbNIXK21qa8kcHlKk HTTP/1.1" 204 0
2021-06-30 23:29:03,678 - root - Payload delivered successfully, code 204.
2021-06-30 23:29:03,683 - urllib3.connectionpool - Starting new HTTPS connection (1): discord.com:443
2021-06-30 23:29:04,203 - urllib3.connectionpool - https://discord.com:443 "POST /api/webhooks/850392839053639690/65cKLltyuopds0GR5ElwNaeKmhGKmEuXlILxyTidy5Yup0ZfrMMYbNIXK21qa8kcHlKk HTTP/1.1" 204 0
2021-06-30 23:29:04,207 - root - Payload delivered successfully, code 204.
2021-06-30 23:29:04,213 - urllib3.connectionpool - Starting new HTTPS connection (1): discord.com:443
2021-06-30 23:29:04,814 - urllib3.connectionpool - https://discord.com:443 "POST /api/webhooks/850392839053639690/65cKLltyuopds0GR5ElwNaeKmhGKmEuXlILxyTidy5Yup0ZfrMMYbNIXK21qa8kcHlKk HTTP/1.1" 204 0
2021-06-30 23:29:04,818 - root - Payload delivered successfully, code 204.
2021-06-30 23:29:04,821 - urllib3.connectionpool - Starting new HTTPS connection (1): discord.com:443
2021-06-30 23:29:05,311 - urllib3.connectionpool - https://discord.com:443 "POST /api/webhooks/850392839053639690/65cKLltyuopds0GR5ElwNaeKmhGKmEuXlILxyTidy5Yup0ZfrMMYbNIXK21qa8kcHlKk HTTP/1.1" 204 0
2021-06-30 23:29:05,315 - root - Payload delivered successfully, code 204.
2021-06-30 23:29:05,322 - urllib3.connectionpool - Starting new HTTPS connection (1): discord.com:443
2021-06-30 23:29:05,819 - urllib3.connectionpool - https://discord.com:443 "POST /api/webhooks/850392839053639690/65cKLltyuopds0GR5ElwNaeKmhGKmEuXlILxyTidy5Yup0ZfrMMYbNIXK21qa8kcHlKk HTTP/1.1" 204 0
2021-06-30 23:29:05,820 - root - Payload delivered successfully, code 204.
2021-06-30 23:29:05,822 - urllib3.connectionpool - Starting new HTTPS connection (1): discord.com:443
2021-06-30 23:29:06,314 - urllib3.connectionpool - https://discord.com:443 "POST /api/webhooks/850392839053639690/65cKLltyuopds0GR5ElwNaeKmhGKmEuXlILxyTidy5Yup0ZfrMMYbNIXK21qa8kcHlKk HTTP/1.1" 204 0
2021-06-30 23:29:06,321 - root - Payload delivered successfully, code 204.
2021-06-30 23:29:06,324 - urllib3.connectionpool - Starting new HTTPS connection (1): discord.com:443
2021-06-30 23:31:36,404 - dotenv.main - Python-dotenv could not parse statement starting at line 14
2021-06-30 23:31:36,405 - root - Successfully started monitor
2021-06-30 23:31:36,408 - urllib3.connectionpool - Starting new HTTPS connection (1): discord.com:443
2021-06-30 23:31:37,088 - urllib3.connectionpool - https://discord.com:443 "POST /api/webhooks/850392839053639690/65cKLltyuopds0GR5ElwNaeKmhGKmEuXlILxyTidy5Yup0ZfrMMYbNIXK21qa8kcHlKk HTTP/1.1" 204 0
2021-06-30 23:31:37,097 - root - Payload delivered successfully, code 204.
2021-06-30 23:31:37,104 - urllib3.connectionpool - Starting new HTTPS connection (1): www.sslproxies.org:443
2021-06-30 23:31:37,499 - urllib3.connectionpool - https://www.sslproxies.org:443 "GET / HTTP/1.1" 200 None
2021-06-30 23:31:37,640 - urllib3.connectionpool - Starting new HTTPS connection (1): www.sslproxies.org:443
2021-06-30 23:31:38,018 - urllib3.connectionpool - https://www.sslproxies.org:443 "GET / HTTP/1.1" 200 None
2021-06-30 23:31:38,030 - urllib3.connectionpool - Starting new HTTP connection (1): 51.222.21.93:32768
2021-06-30 23:31:38,546 - urllib3.connectionpool - Starting new HTTP connection (1): 220.130.181.92:8118
2021-06-30 23:31:39,062 - urllib3.connectionpool - Starting new HTTP connection (1): 103.115.164.99:8080
2021-06-30 23:31:39,583 - urllib3.connectionpool - Starting new HTTP connection (1): 213.230.90.106:3128
2021-06-30 23:31:40,212 - urllib3.connectionpool - http://213.230.90.106:3128 "GET http://www.google.com/ HTTP/1.1" 504 None
2021-06-30 23:31:40,216 - urllib3.connectionpool - Starting new HTTP connection (1): 200.105.215.18:33630
2021-06-30 23:31:41,134 - urllib3.connectionpool - Starting new HTTP connection (1): 41.65.146.38:8080
2021-06-30 23:31:41,646 - urllib3.connectionpool - Starting new HTTP connection (1): 169.57.1.85:80
2021-06-30 23:31:42,267 - urllib3.connectionpool - http://169.57.1.85:80 "GET http://www.google.com/ HTTP/1.1" 403 3487
2021-06-30 23:31:42,271 - urllib3.connectionpool - Starting new HTTP connection (1): 169.57.1.85:80
2021-06-30 23:31:42,886 - urllib3.connectionpool - http://169.57.1.85:80 "GET http://www.google.com/ HTTP/1.1" 403 3487
2021-06-30 23:31:42,891 - urllib3.connectionpool - Starting new HTTPS connection (1): www.snipes.it:443
2021-06-30 23:31:45,692 - urllib3.connectionpool - https://www.snipes.it:443 "GET /c/new HTTP/1.1" 200 None
2021-06-30 23:31:46,545 - urllib3.connectionpool - Starting new HTTPS connection (1): discord.com:443
2021-06-30 23:31:47,118 - urllib3.connectionpool - https://discord.com:443 "POST /api/webhooks/850392839053639690/65cKLltyuopds0GR5ElwNaeKmhGKmEuXlILxyTidy5Yup0ZfrMMYbNIXK21qa8kcHlKk HTTP/1.1" 204 0
2021-06-30 23:31:47,124 - root - Payload delivered successfully, code 204.
2021-06-30 23:31:47,132 - urllib3.connectionpool - Starting new HTTPS connection (1): discord.com:443
2021-06-30 23:31:47,621 - urllib3.connectionpool - https://discord.com:443 "POST /api/webhooks/850392839053639690/65cKLltyuopds0GR5ElwNaeKmhGKmEuXlILxyTidy5Yup0ZfrMMYbNIXK21qa8kcHlKk HTTP/1.1" 204 0
2021-06-30 23:31:47,627 - root - Payload delivered successfully, code 204.
2021-06-30 23:31:47,631 - urllib3.connectionpool - Starting new HTTPS connection (1): discord.com:443
2021-06-30 23:31:48,225 - urllib3.connectionpool - https://discord.com:443 "POST /api/webhooks/850392839053639690/65cKLltyuopds0GR5ElwNaeKmhGKmEuXlILxyTidy5Yup0ZfrMMYbNIXK21qa8kcHlKk HTTP/1.1" 204 0
2021-06-30 23:31:48,228 - root - Payload delivered successfully, code 204.
2021-06-30 23:31:48,230 - urllib3.connectionpool - Starting new HTTPS connection (1): discord.com:443
2021-06-30 23:31:48,709 - urllib3.connectionpool - https://discord.com:443 "POST /api/webhooks/850392839053639690/65cKLltyuopds0GR5ElwNaeKmhGKmEuXlILxyTidy5Yup0ZfrMMYbNIXK21qa8kcHlKk HTTP/1.1" 204 0
2021-06-30 23:31:48,712 - root - Payload delivered successfully, code 204.
2021-06-30 23:31:48,714 - urllib3.connectionpool - Starting new HTTPS connection (1): discord.com:443
2021-06-30 23:31:49,267 - urllib3.connectionpool - https://discord.com:443 "POST /api/webhooks/850392839053639690/65cKLltyuopds0GR5ElwNaeKmhGKmEuXlILxyTidy5Yup0ZfrMMYbNIXK21qa8kcHlKk HTTP/1.1" 204 0
2021-06-30 23:31:49,272 - root - Payload delivered successfully, code 204.
2021-06-30 23:31:49,278 - urllib3.connectionpool - Starting new HTTPS connection (1): discord.com:443
2021-06-30 23:31:50,798 - urllib3.connectionpool - https://discord.com:443 "POST /api/webhooks/850392839053639690/65cKLltyuopds0GR5ElwNaeKmhGKmEuXlILxyTidy5Yup0ZfrMMYbNIXK21qa8kcHlKk HTTP/1.1" 204 0
2021-06-30 23:31:50,805 - root - Payload delivered successfully, code 204.
2021-06-30 23:31:50,811 - urllib3.connectionpool - Starting new HTTPS connection (1): discord.com:443
2021-06-30 23:31:51,335 - urllib3.connectionpool - https://discord.com:443 "POST /api/webhooks/850392839053639690/65cKLltyuopds0GR5ElwNaeKmhGKmEuXlILxyTidy5Yup0ZfrMMYbNIXK21qa8kcHlKk HTTP/1.1" 204 0
2021-06-30 23:31:51,339 - root - Payload delivered successfully, code 204.
2021-06-30 23:32:01,360 - urllib3.connectionpool - Starting new HTTPS connection (1): www.snipes.it:443
2021-06-30 23:32:02,897 - urllib3.connectionpool - https://www.snipes.it:443 "GET /c/new HTTP/1.1" 200 None
2021-06-30 23:32:13,799 - urllib3.connectionpool - Starting new HTTPS connection (1): www.snipes.it:443
2021-06-30 23:33:04,487 - dotenv.main - Python-dotenv could not parse statement starting at line 14
2021-06-30 23:33:04,488 - root - Successfully started monitor
2021-06-30 23:33:04,491 - urllib3.connectionpool - Starting new HTTPS connection (1): discord.com:443
2021-06-30 23:33:04,983 - urllib3.connectionpool - https://discord.com:443 "POST /api/webhooks/850392839053639690/65cKLltyuopds0GR5ElwNaeKmhGKmEuXlILxyTidy5Yup0ZfrMMYbNIXK21qa8kcHlKk HTTP/1.1" 204 0
2021-06-30 23:33:04,987 - root - Payload delivered successfully, code 204.
2021-06-30 23:33:04,991 - urllib3.connectionpool - Starting new HTTPS connection (1): www.sslproxies.org:443
2021-06-30 23:33:05,809 - urllib3.connectionpool - https://www.sslproxies.org:443 "GET / HTTP/1.1" 200 None
2021-06-30 23:33:05,838 - urllib3.connectionpool - Starting new HTTPS connection (1): www.sslproxies.org:443
2021-06-30 23:33:05,971 - urllib3.connectionpool - https://www.sslproxies.org:443 "GET / HTTP/1.1" 200 None
2021-06-30 23:33:05,990 - urllib3.connectionpool - Starting new HTTP connection (1): 169.57.1.85:80
2021-06-30 23:33:06,610 - urllib3.connectionpool - http://169.57.1.85:80 "GET http://www.google.com/ HTTP/1.1" 403 3487
2021-06-30 23:33:06,617 - urllib3.connectionpool - Starting new HTTP connection (1): 169.57.1.85:80
2021-06-30 23:33:07,239 - urllib3.connectionpool - http://169.57.1.85:80 "GET http://www.google.com/ HTTP/1.1" 403 3487
2021-06-30 23:33:07,242 - urllib3.connectionpool - Starting new HTTPS connection (1): www.snipes.it:443
2021-06-30 23:33:08,850 - urllib3.connectionpool - https://www.snipes.it:443 "GET /c/shoes?prefn1=isNew&prefv1=true&openCategory=true&specificCategory=new&sz=48 HTTP/1.1" 200 None
2021-06-30 23:33:09,701 - urllib3.connectionpool - Starting new HTTPS connection (1): discord.com:443
2021-06-30 23:33:10,211 - urllib3.connectionpool - https://discord.com:443 "POST /api/webhooks/850392839053639690/65cKLltyuopds0GR5ElwNaeKmhGKmEuXlILxyTidy5Yup0ZfrMMYbNIXK21qa8kcHlKk HTTP/1.1" 204 0
2021-06-30 23:33:10,214 - root - Payload delivered successfully, code 204.
2021-06-30 23:33:10,218 - urllib3.connectionpool - Starting new HTTPS connection (1): discord.com:443
2021-06-30 23:33:10,684 - urllib3.connectionpool - https://discord.com:443 "POST /api/webhooks/850392839053639690/65cKLltyuopds0GR5ElwNaeKmhGKmEuXlILxyTidy5Yup0ZfrMMYbNIXK21qa8kcHlKk HTTP/1.1" 204 0
2021-06-30 23:33:10,690 - root - Payload delivered successfully, code 204.
2021-06-30 23:33:10,699 - urllib3.connectionpool - Starting new HTTPS connection (1): discord.com:443
2021-06-30 23:33:11,181 - urllib3.connectionpool - https://discord.com:443 "POST /api/webhooks/850392839053639690/65cKLltyuopds0GR5ElwNaeKmhGKmEuXlILxyTidy5Yup0ZfrMMYbNIXK21qa8kcHlKk HTTP/1.1" 204 0
2021-06-30 23:33:11,183 - root - Payload delivered successfully, code 204.
2021-06-30 23:33:11,186 - urllib3.connectionpool - Starting new HTTPS connection (1): discord.com:443
2021-06-30 23:33:11,690 - urllib3.connectionpool - https://discord.com:443 "POST /api/webhooks/850392839053639690/65cKLltyuopds0GR5ElwNaeKmhGKmEuXlILxyTidy5Yup0ZfrMMYbNIXK21qa8kcHlKk HTTP/1.1" 204 0
2021-06-30 23:33:11,691 - root - Payload delivered successfully, code 204.
2021-06-30 23:33:11,693 - urllib3.connectionpool - Starting new HTTPS connection (1): discord.com:443
2021-06-30 23:33:12,151 - urllib3.connectionpool - https://discord.com:443 "POST /api/webhooks/850392839053639690/65cKLltyuopds0GR5ElwNaeKmhGKmEuXlILxyTidy5Yup0ZfrMMYbNIXK21qa8kcHlKk HTTP/1.1" 204 0
2021-06-30 23:33:12,155 - root - Payload delivered successfully, code 204.
2021-06-30 23:33:22,157 - urllib3.connectionpool - Starting new HTTPS connection (1): www.snipes.it:443
2021-06-30 23:33:23,846 - urllib3.connectionpool - https://www.snipes.it:443 "GET /c/shoes?prefn1=isNew&prefv1=true&openCategory=true&specificCategory=new&sz=48 HTTP/1.1" 200 None
2021-06-30 23:34:18,538 - dotenv.main - Python-dotenv could not parse statement starting at line 14
2021-06-30 23:34:18,539 - root - Successfully started monitor
2021-06-30 23:34:18,542 - urllib3.connectionpool - Starting new HTTPS connection (1): discord.com:443
2021-06-30 23:34:19,025 - urllib3.connectionpool - https://discord.com:443 "POST /api/webhooks/850392839053639690/65cKLltyuopds0GR5ElwNaeKmhGKmEuXlILxyTidy5Yup0ZfrMMYbNIXK21qa8kcHlKk HTTP/1.1" 204 0
2021-06-30 23:34:19,026 - root - Payload delivered successfully, code 204.
2021-06-30 23:34:19,031 - urllib3.connectionpool - Starting new HTTPS connection (1): www.sslproxies.org:443
2021-06-30 23:34:19,188 - urllib3.connectionpool - https://www.sslproxies.org:443 "GET / HTTP/1.1" 200 None
2021-06-30 23:34:19,204 - urllib3.connectionpool - Starting new HTTPS connection (1): www.sslproxies.org:443
2021-06-30 23:34:19,354 - urllib3.connectionpool - https://www.sslproxies.org:443 "GET / HTTP/1.1" 200 None
2021-06-30 23:34:19,371 - urllib3.connectionpool - Starting new HTTP connection (1): 47.242.38.22:8083
2021-06-30 23:34:19,988 - urllib3.connectionpool - Starting new HTTP connection (1): 169.57.1.85:80
2021-06-30 23:34:20,622 - urllib3.connectionpool - http://169.57.1.85:80 "GET http://www.google.com/ HTTP/1.1" 403 3487
2021-06-30 23:34:20,625 - urllib3.connectionpool - Starting new HTTP connection (1): 169.57.1.85:80
2021-06-30 23:34:21,252 - urllib3.connectionpool - http://169.57.1.85:80 "GET http://www.google.com/ HTTP/1.1" 403 3487
2021-06-30 23:34:21,259 - urllib3.connectionpool - Starting new HTTPS connection (1): www.snipes.it:443
2021-06-30 23:34:22,773 - urllib3.connectionpool - https://www.snipes.it:443 "GET /c/shoes?prefn1=isNew&prefv1=true&openCategory=true&specificCategory=new&sz=48 HTTP/1.1" 200 None
2021-06-30 23:34:23,579 - urllib3.connectionpool - Starting new HTTPS connection (1): discord.com:443
2021-06-30 23:34:24,097 - urllib3.connectionpool - https://discord.com:443 "POST /api/webhooks/850392839053639690/65cKLltyuopds0GR5ElwNaeKmhGKmEuXlILxyTidy5Yup0ZfrMMYbNIXK21qa8kcHlKk HTTP/1.1" 204 0
2021-06-30 23:34:24,099 - root - Payload delivered successfully, code 204.
2021-06-30 23:34:24,101 - urllib3.connectionpool - Starting new HTTPS connection (1): discord.com:443
2021-06-30 23:34:24,622 - urllib3.connectionpool - https://discord.com:443 "POST /api/webhooks/850392839053639690/65cKLltyuopds0GR5ElwNaeKmhGKmEuXlILxyTidy5Yup0ZfrMMYbNIXK21qa8kcHlKk HTTP/1.1" 204 0
2021-06-30 23:34:24,624 - root - Payload delivered successfully, code 204.
2021-06-30 23:34:24,627 - urllib3.connectionpool - Starting new HTTPS connection (1): discord.com:443
2021-06-30 23:34:25,174 - urllib3.connectionpool - https://discord.com:443 "POST /api/webhooks/850392839053639690/65cKLltyuopds0GR5ElwNaeKmhGKmEuXlILxyTidy5Yup0ZfrMMYbNIXK21qa8kcHlKk HTTP/1.1" 204 0
2021-06-30 23:34:25,176 - root - Payload delivered successfully, code 204.
2021-06-30 23:34:25,178 - urllib3.connectionpool - Starting new HTTPS connection (1): discord.com:443
2021-06-30 23:34:25,636 - urllib3.connectionpool - https://discord.com:443 "POST /api/webhooks/850392839053639690/65cKLltyuopds0GR5ElwNaeKmhGKmEuXlILxyTidy5Yup0ZfrMMYbNIXK21qa8kcHlKk HTTP/1.1" 204 0
2021-06-30 23:34:25,640 - root - Payload delivered successfully, code 204.
2021-06-30 23:34:25,646 - urllib3.connectionpool - Starting new HTTPS connection (1): discord.com:443
2021-06-30 23:34:26,126 - urllib3.connectionpool - https://discord.com:443 "POST /api/webhooks/850392839053639690/65cKLltyuopds0GR5ElwNaeKmhGKmEuXlILxyTidy5Yup0ZfrMMYbNIXK21qa8kcHlKk HTTP/1.1" 204 0
2021-06-30 23:34:26,130 - root - Payload delivered successfully, code 204.
2021-06-30 23:34:36,141 - urllib3.connectionpool - Starting new HTTPS connection (1): www.snipes.it:443
2021-06-30 23:34:37,599 - urllib3.connectionpool - https://www.snipes.it:443 "GET /c/shoes?prefn1=isNew&prefv1=true&openCategory=true&specificCategory=new&sz=48 HTTP/1.1" 200 None
2021-06-30 23:34:48,439 - urllib3.connectionpool - Starting new HTTPS connection (1): www.snipes.it:443
2021-06-30 23:34:50,034 - urllib3.connectionpool - https://www.snipes.it:443 "GET /c/shoes?prefn1=isNew&prefv1=true&openCategory=true&specificCategory=new&sz=48 HTTP/1.1" 200 None
2021-06-30 23:35:01,211 - urllib3.connectionpool - Starting new HTTPS connection (1): www.snipes.it:443
2021-06-30 23:35:02,546 - urllib3.connectionpool - https://www.snipes.it:443 "GET /c/shoes?prefn1=isNew&prefv1=true&openCategory=true&specificCategory=new&sz=48 HTTP/1.1" 200 None
2021-07-13 20:02:40,719 - dotenv.main - Python-dotenv could not parse statement starting at line 14
2021-07-13 20:02:40,721 - root - Successfully started monitor
2021-07-13 20:02:40,726 - urllib3.connectionpool - Starting new HTTPS connection (1): discord.com:443
2021-07-13 20:02:41,268 - urllib3.connectionpool - https://discord.com:443 "POST /api/webhooks/850392839053639690/65cKLltyuopds0GR5ElwNaeKmhGKmEuXlILxyTidy5Yup0ZfrMMYbNIXK21qa8kcHlKk HTTP/1.1" 204 0
2021-07-13 20:02:41,270 - root - Payload delivered successfully, code 204.
2021-07-13 20:02:41,271 - urllib3.connectionpool - Starting new HTTPS connection (1): www.sslproxies.org:443
2021-07-13 20:02:41,595 - urllib3.connectionpool - https://www.sslproxies.org:443 "GET / HTTP/1.1" 200 None
2021-07-13 20:02:41,670 - urllib3.connectionpool - Starting new HTTP connection (1): 152.70.170.41:3128
2021-07-13 20:02:42,378 - urllib3.connectionpool - Starting new HTTPS connection (1): www.sslproxies.org:443
2021-07-13 20:02:42,698 - urllib3.connectionpool - https://www.sslproxies.org:443 "GET / HTTP/1.1" 200 None
2021-07-13 20:02:42,715 - urllib3.connectionpool - Starting new HTTP connection (1): 140.227.81.13:3128
2021-07-13 20:02:43,228 - urllib3.connectionpool - Starting new HTTP connection (1): 89.135.107.225:9090
2021-07-13 20:02:43,742 - urllib3.connectionpool - Starting new HTTP connection (1): 220.125.145.121:808
2021-07-13 20:02:44,651 - urllib3.connectionpool - Starting new HTTP connection (1): 168.196.211.10:55443
2021-07-13 20:02:45,154 - urllib3.connectionpool - Starting new HTTP connection (1): 81.163.57.147:41258
2021-07-13 20:02:45,661 - urllib3.connectionpool - Starting new HTTP connection (1): 66.70.229.124:43567
2021-07-13 20:02:46,253 - urllib3.connectionpool - http://66.70.229.124:43567 "GET http://www.google.com/ HTTP/1.1" 502 None
2021-07-13 20:02:46,255 - urllib3.connectionpool - Starting new HTTP connection (1): 136.228.141.154:80
2021-07-13 20:02:46,759 - urllib3.connectionpool - Starting new HTTP connection (1): 51.158.71.45:3128
2021-07-13 20:02:47,260 - urllib3.connectionpool - Starting new HTTP connection (1): 103.25.170.72:9898
2021-07-13 20:02:47,499 - urllib3.connectionpool - Starting new HTTP connection (1): 79.142.95.90:55443
2021-07-13 20:02:48,288 - urllib3.connectionpool - Starting new HTTP connection (1): 167.179.4.142:55443
2021-07-13 20:02:48,792 - urllib3.connectionpool - Starting new HTTP connection (1): 153.120.137.71:8080
2021-07-13 20:02:49,492 - urllib3.connectionpool - Starting new HTTP connection (1): 131.221.97.8:55443
2021-07-13 20:02:49,995 - urllib3.connectionpool - Starting new HTTP connection (1): 144.217.101.245:3129
2021-07-13 20:02:50,515 - urllib3.connectionpool - Starting new HTTP connection (1): 8.210.157.49:17309
2021-07-13 20:02:51,131 - urllib3.connectionpool - Starting new HTTP connection (1): 213.230.97.10:3128
2021-07-13 20:02:51,635 - urllib3.connectionpool - Starting new HTTP connection (1): 80.106.247.145:53410
2021-07-13 20:02:52,142 - urllib3.connectionpool - Starting new HTTP connection (1): 102.67.19.132:8080
2021-07-13 20:04:36,561 - dotenv.main - Python-dotenv could not parse statement starting at line 14
2021-07-13 20:04:36,562 - root - Successfully started monitor
2021-07-13 20:04:36,569 - urllib3.connectionpool - Starting new HTTPS connection (1): discord.com:443
2021-07-13 20:04:37,160 - urllib3.connectionpool - https://discord.com:443 "POST /api/webhooks/850392839053639690/65cKLltyuopds0GR5ElwNaeKmhGKmEuXlILxyTidy5Yup0ZfrMMYbNIXK21qa8kcHlKk HTTP/1.1" 204 0
2021-07-13 20:04:37,163 - root - Payload delivered successfully, code 204.
2021-07-13 20:04:37,166 - urllib3.connectionpool - Starting new HTTPS connection (1): www.sslproxies.org:443
2021-07-13 20:04:37,487 - urllib3.connectionpool - https://www.sslproxies.org:443 "GET / HTTP/1.1" 200 None
2021-07-13 20:04:37,511 - urllib3.connectionpool - Starting new HTTP connection (1): 152.70.170.41:3128
2021-07-13 20:04:38,221 - urllib3.connectionpool - Starting new HTTPS connection (1): www.sslproxies.org:443
2021-07-13 20:04:38,508 - urllib3.connectionpool - https://www.sslproxies.org:443 "GET / HTTP/1.1" 200 None
2021-07-13 20:04:38,522 - urllib3.connectionpool - Starting new HTTP connection (1): 50.98.187.226:8080
2021-07-13 20:04:39,214 - urllib3.connectionpool - http://50.98.187.226:8080 "GET http://www.google.com/ HTTP/1.1" 200 None
2021-07-13 20:04:39,216 - urllib3.connectionpool - Starting new HTTP connection (1): 50.98.187.226:8080
2021-07-13 20:04:40,051 - urllib3.connectionpool - http://50.98.187.226:8080 "GET http://www.google.com/ HTTP/1.1" 200 None
2021-07-13 20:04:40,054 - urllib3.connectionpool - Starting new HTTPS connection (1): www.snipes.com:443
2021-07-13 20:04:41,901 - urllib3.connectionpool - https://www.snipes.com:443 "GET /c/shoes?prefn1=isNew&prefv1=true&openCategory=true&specificCategory=new&sz=48 HTTP/1.1" 200 None
2021-07-13 20:04:43,145 - urllib3.connectionpool - Starting new HTTPS connection (1): discord.com:443
2021-07-13 20:04:43,963 - urllib3.connectionpool - https://discord.com:443 "POST /api/webhooks/850392839053639690/65cKLltyuopds0GR5ElwNaeKmhGKmEuXlILxyTidy5Yup0ZfrMMYbNIXK21qa8kcHlKk HTTP/1.1" 204 0
2021-07-13 20:04:43,967 - root - Payload delivered successfully, code 204.
2021-07-13 20:04:43,970 - urllib3.connectionpool - Starting new HTTPS connection (1): discord.com:443
2021-07-13 20:04:44,780 - urllib3.connectionpool - https://discord.com:443 "POST /api/webhooks/850392839053639690/65cKLltyuopds0GR5ElwNaeKmhGKmEuXlILxyTidy5Yup0ZfrMMYbNIXK21qa8kcHlKk HTTP/1.1" 204 0
2021-07-13 20:04:44,785 - root - Payload delivered successfully, code 204.
2021-07-13 20:04:44,789 - urllib3.connectionpool - Starting new HTTPS connection (1): discord.com:443
2021-07-13 20:04:45,397 - urllib3.connectionpool - https://discord.com:443 "POST /api/webhooks/850392839053639690/65cKLltyuopds0GR5ElwNaeKmhGKmEuXlILxyTidy5Yup0ZfrMMYbNIXK21qa8kcHlKk HTTP/1.1" 204 0
2021-07-13 20:04:45,401 - root - Payload delivered successfully, code 204.
2021-07-13 20:04:45,405 - urllib3.connectionpool - Starting new HTTPS connection (1): discord.com:443
2021-07-13 20:04:46,562 - urllib3.connectionpool - https://discord.com:443 "POST /api/webhooks/850392839053639690/65cKLltyuopds0GR5ElwNaeKmhGKmEuXlILxyTidy5Yup0ZfrMMYbNIXK21qa8kcHlKk HTTP/1.1" 204 0
2021-07-13 20:04:46,564 - root - Payload delivered successfully, code 204.
2021-07-13 20:04:46,567 - urllib3.connectionpool - Starting new HTTPS connection (1): discord.com:443
2021-07-13 20:04:47,169 - urllib3.connectionpool - https://discord.com:443 "POST /api/webhooks/850392839053639690/65cKLltyuopds0GR5ElwNaeKmhGKmEuXlILxyTidy5Yup0ZfrMMYbNIXK21qa8kcHlKk HTTP/1.1" 204 0
2021-07-13 20:04:47,171 - root - Payload delivered successfully, code 204.
2021-07-13 20:04:47,174 - urllib3.connectionpool - Starting new HTTPS connection (1): discord.com:443
2021-07-13 20:04:48,705 - urllib3.connectionpool - https://discord.com:443 "POST /api/webhooks/850392839053639690/65cKLltyuopds0GR5ElwNaeKmhGKmEuXlILxyTidy5Yup0ZfrMMYbNIXK21qa8kcHlKk HTTP/1.1" 204 0
2021-07-13 20:04:48,708 - root - Payload delivered successfully, code 204.
2021-07-13 20:04:48,713 - urllib3.connectionpool - Starting new HTTPS connection (1): discord.com:443
2021-07-13 20:04:49,217 - urllib3.connectionpool - https://discord.com:443 "POST /api/webhooks/850392839053639690/65cKLltyuopds0GR5ElwNaeKmhGKmEuXlILxyTidy5Yup0ZfrMMYbNIXK21qa8kcHlKk HTTP/1.1" 204 0
2021-07-13 20:04:49,218 - root - Payload delivered successfully, code 204.
2021-07-13 20:04:49,220 - urllib3.connectionpool - Starting new HTTPS connection (1): discord.com:443
2021-07-13 20:04:49,786 - urllib3.connectionpool - https://discord.com:443 "POST /api/webhooks/850392839053639690/65cKLltyuopds0GR5ElwNaeKmhGKmEuXlILxyTidy5Yup0ZfrMMYbNIXK21qa8kcHlKk HTTP/1.1" 204 0
2021-07-13 20:04:49,788 - root - Payload delivered successfully, code 204.
2021-07-13 20:04:49,792 - urllib3.connectionpool - Starting new HTTPS connection (1): discord.com:443
2021-07-13 20:04:50,279 - urllib3.connectionpool - https://discord.com:443 "POST /api/webhooks/850392839053639690/65cKLltyuopds0GR5ElwNaeKmhGKmEuXlILxyTidy5Yup0ZfrMMYbNIXK21qa8kcHlKk HTTP/1.1" 204 0
2021-07-13 20:04:50,282 - root - Payload delivered successfully, code 204.
2021-07-13 20:04:50,286 - urllib3.connectionpool - Starting new HTTPS connection (1): discord.com:443
2021-07-13 20:04:50,819 - urllib3.connectionpool - https://discord.com:443 "POST /api/webhooks/850392839053639690/65cKLltyuopds0GR5ElwNaeKmhGKmEuXlILxyTidy5Yup0ZfrMMYbNIXK21qa8kcHlKk HTTP/1.1" 204 0
2021-07-13 20:04:50,822 - root - Payload delivered successfully, code 204.
2021-07-13 20:04:50,825 - urllib3.connectionpool - Starting new HTTPS connection (1): discord.com:443
2021-07-13 20:04:51,313 - urllib3.connectionpool - https://discord.com:443 "POST /api/webhooks/850392839053639690/65cKLltyuopds0GR5ElwNaeKmhGKmEuXlILxyTidy5Yup0ZfrMMYbNIXK21qa8kcHlKk HTTP/1.1" 204 0
2021-07-13 20:04:51,316 - root - Payload delivered successfully, code 204.
2021-07-13 20:04:51,319 - urllib3.connectionpool - Starting new HTTPS connection (1): discord.com:443
2021-07-13 20:04:51,828 - urllib3.connectionpool - https://discord.com:443 "POST /api/webhooks/850392839053639690/65cKLltyuopds0GR5ElwNaeKmhGKmEuXlILxyTidy5Yup0ZfrMMYbNIXK21qa8kcHlKk HTTP/1.1" 204 0
2021-07-13 20:04:51,832 - root - Payload delivered successfully, code 204.
2021-07-13 20:04:51,835 - urllib3.connectionpool - Starting new HTTPS connection (1): discord.com:443
2021-07-13 20:04:52,333 - urllib3.connectionpool - https://discord.com:443 "POST /api/webhooks/850392839053639690/65cKLltyuopds0GR5ElwNaeKmhGKmEuXlILxyTidy5Yup0ZfrMMYbNIXK21qa8kcHlKk HTTP/1.1" 204 0
2021-07-13 20:04:52,336 - root - Payload delivered successfully, code 204.
2021-07-13 20:04:52,340 - urllib3.connectionpool - Starting new HTTPS connection (1): discord.com:443
2021-07-13 20:04:52,842 - urllib3.connectionpool - https://discord.com:443 "POST /api/webhooks/850392839053639690/65cKLltyuopds0GR5ElwNaeKmhGKmEuXlILxyTidy5Yup0ZfrMMYbNIXK21qa8kcHlKk HTTP/1.1" 204 0
2021-07-13 20:04:52,848 - root - Payload delivered successfully, code 204.
2021-07-13 20:04:52,852 - urllib3.connectionpool - Starting new HTTPS connection (1): discord.com:443
2021-07-13 20:04:53,355 - urllib3.connectionpool - https://discord.com:443 "POST /api/webhooks/850392839053639690/65cKLltyuopds0GR5ElwNaeKmhGKmEuXlILxyTidy5Yup0ZfrMMYbNIXK21qa8kcHlKk HTTP/1.1" 204 0
2021-07-13 20:04:53,360 - root - Payload delivered successfully, code 204.
2021-07-13 20:04:53,363 - urllib3.connectionpool - Starting new HTTPS connection (1): discord.com:443
2021-07-13 20:04:53,913 - urllib3.connectionpool - https://discord.com:443 "POST /api/webhooks/850392839053639690/65cKLltyuopds0GR5ElwNaeKmhGKmEuXlILxyTidy5Yup0ZfrMMYbNIXK21qa8kcHlKk HTTP/1.1" 204 0
2021-07-13 20:04:53,917 - root - Payload delivered successfully, code 204.
2021-07-13 20:04:53,921 - urllib3.connectionpool - Starting new HTTPS connection (1): discord.com:443
2021-07-13 20:04:54,454 - urllib3.connectionpool - https://discord.com:443 "POST /api/webhooks/850392839053639690/65cKLltyuopds0GR5ElwNaeKmhGKmEuXlILxyTidy5Yup0ZfrMMYbNIXK21qa8kcHlKk HTTP/1.1" 204 0
2021-07-13 20:04:54,459 - root - Payload delivered successfully, code 204.
2021-07-13 20:04:54,464 - urllib3.connectionpool - Starting new HTTPS connection (1): discord.com:443
2021-07-13 20:04:55,108 - urllib3.connectionpool - https://discord.com:443 "POST /api/webhooks/850392839053639690/65cKLltyuopds0GR5ElwNaeKmhGKmEuXlILxyTidy5Yup0ZfrMMYbNIXK21qa8kcHlKk HTTP/1.1" 204 0
2021-07-13 20:04:55,113 - root - Payload delivered successfully, code 204.
2021-07-13 20:04:55,122 - urllib3.connectionpool - Starting new HTTPS connection (1): discord.com:443
2021-07-13 20:04:55,698 - urllib3.connectionpool - https://discord.com:443 "POST /api/webhooks/850392839053639690/65cKLltyuopds0GR5ElwNaeKmhGKmEuXlILxyTidy5Yup0ZfrMMYbNIXK21qa8kcHlKk HTTP/1.1" 204 0
2021-07-13 20:04:55,704 - root - Payload delivered successfully, code 204.
2021-07-13 20:04:55,712 - urllib3.connectionpool - Starting new HTTPS connection (1): discord.com:443
2021-07-13 20:04:56,222 - urllib3.connectionpool - https://discord.com:443 "POST /api/webhooks/850392839053639690/65cKLltyuopds0GR5ElwNaeKmhGKmEuXlILxyTidy5Yup0ZfrMMYbNIXK21qa8kcHlKk HTTP/1.1" 204 0
2021-07-13 20:04:56,227 - root - Payload delivered successfully, code 204.
2021-07-13 20:04:56,231 - urllib3.connectionpool - Starting new HTTPS connection (1): discord.com:443
2021-07-13 20:04:56,723 - urllib3.connectionpool - https://discord.com:443 "POST /api/webhooks/850392839053639690/65cKLltyuopds0GR5ElwNaeKmhGKmEuXlILxyTidy5Yup0ZfrMMYbNIXK21qa8kcHlKk HTTP/1.1" 204 0
2021-07-13 20:04:56,727 - root - Payload delivered successfully, code 204.
2021-07-13 20:04:56,731 - urllib3.connectionpool - Starting new HTTPS connection (1): discord.com:443
2021-07-29 15:01:17,725 - dotenv.main - Python-dotenv could not parse statement starting at line 14
2021-07-29 15:01:17,726 - root - Successfully started monitor
2021-07-29 15:01:17,733 - urllib3.connectionpool - Starting new HTTPS connection (1): discord.com:443
2021-07-29 15:01:18,334 - urllib3.connectionpool - https://discord.com:443 "POST /api/webhooks/850392839053639690/65cKLltyuopds0GR5ElwNaeKmhGKmEuXlILxyTidy5Yup0ZfrMMYbNIXK21qa8kcHlKk HTTP/1.1" 204 0
2021-07-29 15:01:18,337 - root - Payload delivered successfully, code 204.
2021-07-29 15:01:18,340 - urllib3.connectionpool - Starting new HTTPS connection (1): www.sslproxies.org:443
2021-07-29 15:01:19,067 - urllib3.connectionpool - https://www.sslproxies.org:443 "GET / HTTP/1.1" 200 None
2021-07-29 15:01:19,082 - urllib3.connectionpool - Starting new HTTP connection (1): 116.203.23.252:3128
2021-07-29 15:01:19,419 - urllib3.connectionpool - http://116.203.23.252:3128 "GET http://www.google.com/ HTTP/1.1" 504 None
2021-07-29 15:01:19,426 - urllib3.connectionpool - Starting new HTTP connection (1): 68.183.221.156:45302
2021-07-29 15:01:20,110 - urllib3.connectionpool - Starting new HTTP connection (1): 217.79.181.109:443
2021-07-29 15:01:20,816 - urllib3.connectionpool - Starting new HTTPS connection (1): www.sslproxies.org:443
2021-07-29 15:01:21,458 - urllib3.connectionpool - https://www.sslproxies.org:443 "GET / HTTP/1.1" 200 None
2021-07-29 15:01:21,487 - urllib3.connectionpool - Starting new HTTP connection (1): 46.109.210.121:53281
2021-07-29 15:01:22,013 - urllib3.connectionpool - Starting new HTTP connection (1): 202.62.67.209:53281
2021-07-29 15:01:22,525 - urllib3.connectionpool - Starting new HTTP connection (1): 177.136.84.75:999
2021-07-29 15:01:23,037 - urllib3.connectionpool - Starting new HTTP connection (1): 46.229.187.169:53281
2021-07-29 15:01:23,554 - urllib3.connectionpool - Starting new HTTP connection (1): 187.216.93.20:55443
2021-07-29 15:01:24,069 - urllib3.connectionpool - Starting new HTTP connection (1): 47.254.75.151:8181
2021-07-29 15:01:24,835 - urllib3.connectionpool - Starting new HTTP connection (1): 79.110.196.66:45673
2021-07-29 15:01:25,347 - urllib3.connectionpool - Starting new HTTP connection (1): 54.153.183.29:80
2021-07-29 15:01:25,923 - urllib3.connectionpool - Starting new HTTP connection (1): 186.125.59.8:46316
2021-07-29 15:01:26,433 - urllib3.connectionpool - Starting new HTTP connection (1): 36.89.187.193:43032
2021-07-29 15:01:26,949 - urllib3.connectionpool - Starting new HTTP connection (1): 86.123.166.109:8080
2021-07-29 15:01:27,465 - urllib3.connectionpool - Starting new HTTP connection (1): 51.81.82.175:80
2021-07-29 15:01:27,978 - urllib3.connectionpool - Starting new HTTP connection (1): 190.12.95.170:47029
2021-07-29 15:01:28,815 - urllib3.connectionpool - Starting new HTTP connection (1): 140.227.25.251:6000
2021-07-29 15:01:29,333 - urllib3.connectionpool - Starting new HTTP connection (1): 27.112.68.164:55443
2021-07-29 15:01:29,845 - urllib3.connectionpool - Starting new HTTP connection (1): 47.56.69.11:8000
2021-07-29 15:01:30,354 - urllib3.connectionpool - http://47.56.69.11:8000 "GET http://www.google.com/ HTTP/1.1" 200 6439
2021-07-29 15:01:30,356 - urllib3.connectionpool - Starting new HTTP connection (1): 47.56.69.11:8000
2021-07-29 15:01:31,110 - urllib3.connectionpool - Starting new HTTP connection (1): 124.217.246.133:3128
2021-07-29 15:01:31,625 - urllib3.connectionpool - Starting new HTTP connection (1): 169.57.1.84:8123
2021-07-29 15:01:32,537 - urllib3.connectionpool - http://169.57.1.84:8123 "GET http://www.google.com/ HTTP/1.1" 403 3487
2021-07-29 15:01:32,540 - urllib3.connectionpool - Starting new HTTP connection (1): 169.57.1.84:8123
2021-07-29 15:01:33,273 - urllib3.connectionpool - http://169.57.1.84:8123 "GET http://www.google.com/ HTTP/1.1" 403 3487
2021-07-29 15:01:33,276 - urllib3.connectionpool - Starting new HTTPS connection (1): www.popinabox.us:443
2021-07-29 15:01:34,731 - urllib3.connectionpool - https://www.popinabox.us:443 "GET /funko/latest.list HTTP/1.1" 200 None
2021-07-29 15:01:37,717 - root - 'NoneType' object has no attribute 'text'
2021-07-29 15:01:37,718 - urllib3.connectionpool - Starting new HTTPS connection (1): www.sslproxies.org:443
2021-07-29 15:01:38,340 - urllib3.connectionpool - https://www.sslproxies.org:443 "GET / HTTP/1.1" 200 None
2021-07-29 15:01:38,377 - urllib3.connectionpool - Starting new HTTP connection (1): 86.123.166.109:8080
2021-07-29 15:01:38,897 - urllib3.connectionpool - Starting new HTTP connection (1): 222.165.194.67:58687
2021-07-29 15:01:39,409 - urllib3.connectionpool - Starting new HTTP connection (1): 217.79.181.109:443
2021-07-29 15:01:40,070 - urllib3.connectionpool - Starting new HTTP connection (1): 150.129.151.83:6666
2021-07-29 15:01:40,588 - urllib3.connectionpool - Starting new HTTP connection (1): 200.148.169.234:8080
2021-07-29 15:01:41,098 - urllib3.connectionpool - Starting new HTTP connection (1): 169.57.1.84:8123
2021-07-29 15:01:41,779 - urllib3.connectionpool - http://169.57.1.84:8123 "GET http://www.google.com/ HTTP/1.1" 403 3487
2021-07-29 15:01:41,783 - urllib3.connectionpool - Starting new HTTP connection (1): 169.57.1.84:8123
2021-07-29 15:01:42,405 - urllib3.connectionpool - http://169.57.1.84:8123 "GET http://www.google.com/ HTTP/1.1" 403 3487
2021-07-29 15:01:42,408 - urllib3.connectionpool - Starting new HTTPS connection (1): www.popinabox.us:443
2021-07-29 15:01:43,569 - urllib3.connectionpool - https://www.popinabox.us:443 "GET /funko/latest.list HTTP/1.1" 200 None
2021-07-29 15:04:07,659 - dotenv.main - Python-dotenv could not parse statement starting at line 14
2021-07-29 15:04:07,660 - root - Successfully started monitor
2021-07-29 15:04:07,663 - urllib3.connectionpool - Starting new HTTPS connection (1): discord.com:443
2021-07-29 15:04:08,174 - urllib3.connectionpool - https://discord.com:443 "POST /api/webhooks/850392839053639690/65cKLltyuopds0GR5ElwNaeKmhGKmEuXlILxyTidy5Yup0ZfrMMYbNIXK21qa8kcHlKk HTTP/1.1" 204 0
2021-07-29 15:04:08,182 - root - Payload delivered successfully, code 204.
2021-07-29 15:04:08,190 - urllib3.connectionpool - Starting new HTTPS connection (1): www.sslproxies.org:443
2021-07-29 15:04:08,908 - urllib3.connectionpool - https://www.sslproxies.org:443 "GET / HTTP/1.1" 200 None
2021-07-29 15:04:08,921 - urllib3.connectionpool - Starting new HTTP connection (1): 165.227.173.87:41933
2021-07-29 15:04:09,608 - urllib3.connectionpool - Starting new HTTP connection (1): 167.172.110.165:9090
2021-07-29 15:04:10,264 - urllib3.connectionpool - Starting new HTTP connection (1): 116.203.23.252:3128
2021-07-29 15:04:10,595 - urllib3.connectionpool - http://116.203.23.252:3128 "GET http://www.google.com/ HTTP/1.1" 504 None
2021-07-29 15:04:10,598 - urllib3.connectionpool - Starting new HTTP connection (1): 217.79.181.109:443
2021-07-29 15:04:11,115 - urllib3.connectionpool - Starting new HTTPS connection (1): www.sslproxies.org:443
2021-07-29 15:04:11,740 - urllib3.connectionpool - https://www.sslproxies.org:443 "GET / HTTP/1.1" 200 None
2021-07-29 15:04:11,777 - urllib3.connectionpool - Starting new HTTP connection (1): 23.251.138.105:8080
2021-07-29 15:04:12,502 - urllib3.connectionpool - Starting new HTTP connection (1): 51.159.24.172:3163
2021-07-29 15:04:13,231 - urllib3.connectionpool - Starting new HTTP connection (1): 139.5.16.174:59933
2021-07-29 15:04:13,743 - urllib3.connectionpool - Starting new HTTP connection (1): 13.52.63.181:80
2021-07-29 15:04:14,253 - urllib3.connectionpool - Starting new HTTP connection (1): 3.101.4.185:80
2021-07-29 15:04:14,894 - urllib3.connectionpool - http://3.101.4.185:80 "GET http://www.google.com/ HTTP/1.1" 200 6027
2021-07-29 15:04:14,905 - urllib3.connectionpool - Starting new HTTP connection (1): 3.101.4.185:80
2021-07-29 15:04:15,560 - urllib3.connectionpool - http://3.101.4.185:80 "GET http://www.google.com/ HTTP/1.1" 200 6007
2021-07-29 15:04:15,567 - urllib3.connectionpool - Starting new HTTPS connection (1): www.popinabox.us:443
2021-07-29 15:04:16,702 - urllib3.connectionpool - https://www.popinabox.us:443 "GET /funko/latest.list HTTP/1.1" 200 None
2021-07-29 15:04:18,880 - root - 'src'
2021-07-29 15:04:18,881 - urllib3.connectionpool - Starting new HTTPS connection (1): www.sslproxies.org:443
2021-07-29 15:04:19,570 - urllib3.connectionpool - https://www.sslproxies.org:443 "GET / HTTP/1.1" 200 None
2021-07-29 15:04:19,603 - urllib3.connectionpool - Starting new HTTP connection (1): 47.245.56.19:8118
2021-07-29 15:04:20,113 - urllib3.connectionpool - Starting new HTTP connection (1): 36.89.192.115:53219
2021-07-29 15:04:20,622 - urllib3.connectionpool - Starting new HTTP connection (1): 221.120.210.211:39617
2021-07-29 15:04:21,133 - urllib3.connectionpool - Starting new HTTP connection (1): 78.92.231.44:55443
2021-07-29 15:04:21,649 - urllib3.connectionpool - Starting new HTTP connection (1): 103.78.97.38:8080
2021-07-29 15:04:22,162 - urllib3.connectionpool - Starting new HTTP connection (1): 190.112.156.11:6666
2021-07-29 15:04:23,055 - urllib3.connectionpool - Starting new HTTP connection (1): 94.28.234.193:53281
2021-07-29 15:04:23,568 - urllib3.connectionpool - Starting new HTTP connection (1): 111.92.164.242:50249
2021-07-29 15:04:41,104 - dotenv.main - Python-dotenv could not parse statement starting at line 14
2021-07-29 15:04:41,105 - root - Successfully started monitor
2021-07-29 15:04:41,108 - urllib3.connectionpool - Starting new HTTPS connection (1): discord.com:443
2021-07-29 15:04:41,662 - urllib3.connectionpool - https://discord.com:443 "POST /api/webhooks/850392839053639690/65cKLltyuopds0GR5ElwNaeKmhGKmEuXlILxyTidy5Yup0ZfrMMYbNIXK21qa8kcHlKk HTTP/1.1" 204 0
2021-07-29 15:04:41,670 - root - Payload delivered successfully, code 204.
2021-07-29 15:04:41,678 - urllib3.connectionpool - Starting new HTTPS connection (1): www.sslproxies.org:443
2021-07-29 15:04:42,356 - urllib3.connectionpool - https://www.sslproxies.org:443 "GET / HTTP/1.1" 200 None
2021-07-29 15:04:42,381 - urllib3.connectionpool - Starting new HTTP connection (1): 217.79.181.109:443
2021-07-29 15:04:42,887 - urllib3.connectionpool - Starting new HTTP connection (1): 116.203.23.252:3128
2021-07-29 15:04:43,283 - urllib3.connectionpool - http://116.203.23.252:3128 "GET http://www.google.com/ HTTP/1.1" 200 6017
2021-07-29 15:04:43,285 - urllib3.connectionpool - Starting new HTTP connection (1): 116.203.23.252:3128
2021-07-29 15:04:43,597 - urllib3.connectionpool - http://116.203.23.252:3128 "GET http://www.google.com/ HTTP/1.1" 504 None
2021-07-29 15:04:43,600 - urllib3.connectionpool - Starting new HTTPS connection (1): www.popinabox.us:443
2021-07-29 15:04:44,700 - urllib3.connectionpool - https://www.popinabox.us:443 "GET /funko/latest.list HTTP/1.1" 200 None
2021-07-29 15:04:46,166 - root - 'src'
2021-07-29 15:04:46,168 - urllib3.connectionpool - Starting new HTTPS connection (1): www.sslproxies.org:443
2021-07-29 15:04:46,873 - urllib3.connectionpool - https://www.sslproxies.org:443 "GET / HTTP/1.1" 200 None
2021-07-29 15:04:46,887 - urllib3.connectionpool - Starting new HTTP connection (1): 116.203.23.252:3128
2021-07-29 15:04:47,211 - urllib3.connectionpool - http://116.203.23.252:3128 "GET http://www.google.com/ HTTP/1.1" 504 None
2021-07-29 15:04:47,218 - urllib3.connectionpool - Starting new HTTP connection (1): 167.172.110.165:9090
2021-07-29 15:04:47,871 - urllib3.connectionpool - Starting new HTTP connection (1): 217.79.181.109:443
2021-07-29 15:04:48,427 - urllib3.connectionpool - Starting new HTTP connection (1): 165.227.173.87:41933
2021-07-29 15:04:49,121 - urllib3.connectionpool - Starting new HTTPS connection (1): www.sslproxies.org:443
2021-07-29 15:05:00,535 - dotenv.main - Python-dotenv could not parse statement starting at line 14
2021-07-29 15:05:00,536 - root - Successfully started monitor
2021-07-29 15:05:00,539 - urllib3.connectionpool - Starting new HTTPS connection (1): discord.com:443
2021-07-29 15:05:01,182 - urllib3.connectionpool - https://discord.com:443 "POST /api/webhooks/850392839053639690/65cKLltyuopds0GR5ElwNaeKmhGKmEuXlILxyTidy5Yup0ZfrMMYbNIXK21qa8kcHlKk HTTP/1.1" 204 0
2021-07-29 15:05:01,185 - root - Payload delivered successfully, code 204.
2021-07-29 15:05:01,188 - urllib3.connectionpool - Starting new HTTPS connection (1): www.sslproxies.org:443
2021-07-29 15:05:01,889 - urllib3.connectionpool - https://www.sslproxies.org:443 "GET / HTTP/1.1" 200 None
2021-07-29 15:05:01,927 - urllib3.connectionpool - Starting new HTTP connection (1): 116.203.23.252:3128
2021-07-29 15:05:02,243 - urllib3.connectionpool - http://116.203.23.252:3128 "GET http://www.google.com/ HTTP/1.1" 504 None
2021-07-29 15:05:02,249 - urllib3.connectionpool - Starting new HTTP connection (1): 167.172.110.165:9090
2021-07-29 15:05:02,761 - urllib3.connectionpool - Starting new HTTP connection (1): 165.227.173.87:41933
2021-07-29 15:05:03,429 - urllib3.connectionpool - Starting new HTTP connection (1): 217.79.181.109:443
2021-07-29 15:05:04,115 - urllib3.connectionpool - Starting new HTTPS connection (1): www.sslproxies.org:443
2021-07-29 15:05:04,991 - urllib3.connectionpool - https://www.sslproxies.org:443 "GET / HTTP/1.1" 200 None
2021-07-29 15:05:05,032 - urllib3.connectionpool - Starting new HTTP connection (1): 119.81.189.194:80
2021-07-29 15:05:05,542 - urllib3.connectionpool - Starting new HTTP connection (1): 14.102.40.169:44047
2021-07-29 15:05:06,055 - urllib3.connectionpool - Starting new HTTP connection (1): 116.104.51.104:80
2021-07-29 15:05:06,750 - urllib3.connectionpool - Starting new HTTP connection (1): 163.197.230.247:8118
2021-07-29 15:05:07,530 - urllib3.connectionpool - Starting new HTTP connection (1): 103.92.213.33:43399
2021-07-29 15:05:08,035 - urllib3.connectionpool - Starting new HTTP connection (1): 103.240.168.138:6666
2021-07-29 15:05:08,551 - urllib3.connectionpool - Starting new HTTP connection (1): 77.247.126.158:44355
2021-07-29 15:05:09,063 - urllib3.connectionpool - Starting new HTTP connection (1): 61.37.223.152:8080
2021-07-29 15:05:09,882 - urllib3.connectionpool - Starting new HTTP connection (1): 186.250.25.230:55443
2021-07-29 15:05:10,395 - urllib3.connectionpool - Starting new HTTP connection (1): 221.120.210.211:39617
2021-07-29 15:05:10,911 - urllib3.connectionpool - Starting new HTTP connection (1): 190.112.156.11:6666
2021-07-29 15:05:11,807 - urllib3.connectionpool - Starting new HTTP connection (1): 80.65.28.57:30962
2021-07-29 15:05:12,321 - urllib3.connectionpool - Starting new HTTP connection (1): 58.97.72.83:8080
2021-07-29 15:05:12,830 - urllib3.connectionpool - Starting new HTTP connection (1): 3.101.4.185:80
2021-07-29 15:05:13,611 - urllib3.connectionpool - http://3.101.4.185:80 "GET http://www.google.com/ HTTP/1.1" 200 6000
2021-07-29 15:05:13,619 - urllib3.connectionpool - Starting new HTTP connection (1): 3.101.4.185:80
2021-07-29 15:05:14,264 - urllib3.connectionpool - http://3.101.4.185:80 "GET http://www.google.com/ HTTP/1.1" 200 5961
2021-07-29 15:05:14,272 - urllib3.connectionpool - Starting new HTTPS connection (1): www.popinabox.us:443
2021-07-29 15:05:15,471 - urllib3.connectionpool - https://www.popinabox.us:443 "GET /funko/latest.list HTTP/1.1" 200 None
2021-07-29 15:05:18,151 - root - list index out of range
2021-07-29 15:05:18,153 - urllib3.connectionpool - Starting new HTTPS connection (1): www.sslproxies.org:443
2021-07-29 15:05:18,809 - urllib3.connectionpool - https://www.sslproxies.org:443 "GET / HTTP/1.1" 200 None
2021-07-29 15:05:18,847 - urllib3.connectionpool - Starting new HTTP connection (1): 79.143.87.134:9090
2021-07-29 15:05:19,358 - urllib3.connectionpool - Starting new HTTP connection (1): 202.5.127.137:8081
2021-07-29 15:05:19,867 - urllib3.connectionpool - Starting new HTTP connection (1): 77.238.79.111:8080
2021-07-29 15:05:20,376 - urllib3.connectionpool - Starting new HTTP connection (1): 136.228.141.154:80
2021-07-29 15:05:20,884 - urllib3.connectionpool - Starting new HTTP connection (1): 80.65.28.57:30962
2021-07-29 15:06:40,291 - dotenv.main - Python-dotenv could not parse statement starting at line 14
2021-07-29 15:06:40,291 - root - Successfully started monitor
2021-07-29 15:06:40,296 - urllib3.connectionpool - Starting new HTTPS connection (1): discord.com:443
2021-07-29 15:06:40,805 - urllib3.connectionpool - https://discord.com:443 "POST /api/webhooks/850392839053639690/65cKLltyuopds0GR5ElwNaeKmhGKmEuXlILxyTidy5Yup0ZfrMMYbNIXK21qa8kcHlKk HTTP/1.1" 204 0
2021-07-29 15:06:40,809 - root - Payload delivered successfully, code 204.
2021-07-29 15:06:40,815 - urllib3.connectionpool - Starting new HTTPS connection (1): www.sslproxies.org:443
2021-07-29 15:06:41,056 - urllib3.connectionpool - https://www.sslproxies.org:443 "GET / HTTP/1.1" 200 None
2021-07-29 15:06:41,092 - urllib3.connectionpool - Starting new HTTP connection (1): 165.227.173.87:41933
2021-07-29 15:06:41,771 - urllib3.connectionpool - Starting new HTTP connection (1): 167.172.110.165:9090
2021-07-29 15:06:42,282 - urllib3.connectionpool - Starting new HTTP connection (1): 217.79.181.109:443
2021-07-29 15:06:42,790 - urllib3.connectionpool - Starting new HTTP connection (1): 116.203.23.252:3128
2021-07-29 15:06:43,195 - urllib3.connectionpool - http://116.203.23.252:3128 "GET http://www.google.com/ HTTP/1.1" 200 6019
2021-07-29 15:06:43,203 - urllib3.connectionpool - Starting new HTTP connection (1): 116.203.23.252:3128
2021-07-29 15:06:43,536 - urllib3.connectionpool - http://116.203.23.252:3128 "GET http://www.google.com/ HTTP/1.1" 504 None
2021-07-29 15:06:43,543 - urllib3.connectionpool - Starting new HTTPS connection (1): www.popinabox.us:443
2021-07-29 15:06:44,786 - urllib3.connectionpool - https://www.popinabox.us:443 "GET /funko/latest.list HTTP/1.1" 200 None
2021-07-29 15:06:46,239 - root - list index out of range
2021-07-29 15:06:46,241 - urllib3.connectionpool - Starting new HTTPS connection (1): www.sslproxies.org:443
2021-07-29 15:06:46,417 - urllib3.connectionpool - https://www.sslproxies.org:443 "GET / HTTP/1.1" 200 None
2021-07-29 15:06:46,449 - urllib3.connectionpool - Starting new HTTP connection (1): 165.227.173.87:41933
2021-07-29 15:06:47,129 - urllib3.connectionpool - Starting new HTTP connection (1): 217.79.181.109:443
2021-07-29 15:06:47,876 - urllib3.connectionpool - Starting new HTTP connection (1): 116.203.23.252:3128
2021-07-29 15:06:48,193 - urllib3.connectionpool - http://116.203.23.252:3128 "GET http://www.google.com/ HTTP/1.1" 504 None
2021-07-29 15:06:48,197 - urllib3.connectionpool - Starting new HTTP connection (1): 167.172.110.165:9090
2021-07-29 15:08:06,337 - dotenv.main - Python-dotenv could not parse statement starting at line 14
2021-07-29 15:08:06,338 - root - Successfully started monitor
2021-07-29 15:08:06,341 - urllib3.connectionpool - Starting new HTTPS connection (1): discord.com:443
2021-07-29 15:08:07,070 - urllib3.connectionpool - https://discord.com:443 "POST /api/webhooks/850392839053639690/65cKLltyuopds0GR5ElwNaeKmhGKmEuXlILxyTidy5Yup0ZfrMMYbNIXK21qa8kcHlKk HTTP/1.1" 204 0
2021-07-29 15:08:07,077 - root - Payload delivered successfully, code 204.
2021-07-29 15:08:07,085 - urllib3.connectionpool - Starting new HTTPS connection (1): www.sslproxies.org:443
2021-07-29 15:08:07,272 - urllib3.connectionpool - https://www.sslproxies.org:443 "GET / HTTP/1.1" 200 None
2021-07-29 15:08:07,285 - urllib3.connectionpool - Starting new HTTP connection (1): 167.172.110.165:9090
2021-07-29 15:08:07,796 - urllib3.connectionpool - Starting new HTTP connection (1): 165.227.173.87:41933
2021-07-29 15:08:08,483 - urllib3.connectionpool - Starting new HTTP connection (1): 217.79.181.109:443
2021-07-29 15:08:08,995 - urllib3.connectionpool - Starting new HTTP connection (1): 116.203.23.252:3128
2021-07-29 15:08:09,329 - urllib3.connectionpool - http://116.203.23.252:3128 "GET http://www.google.com/ HTTP/1.1" 504 None
2021-07-29 15:08:09,330 - urllib3.connectionpool - Starting new HTTPS connection (1): www.sslproxies.org:443
2021-07-29 15:08:09,515 - urllib3.connectionpool - https://www.sslproxies.org:443 "GET / HTTP/1.1" 200 None
2021-07-29 15:08:09,530 - urllib3.connectionpool - Starting new HTTP connection (1): 140.238.151.217:3128
2021-07-29 15:08:10,347 - urllib3.connectionpool - Starting new HTTP connection (1): 103.241.227.117:6666
2021-07-29 15:08:10,857 - urllib3.connectionpool - Starting new HTTP connection (1): 202.5.127.137:8081
2021-07-29 15:08:11,369 - urllib3.connectionpool - Starting new HTTP connection (1): 47.75.254.142:8888
2021-07-29 15:08:11,980 - urllib3.connectionpool - http://47.75.254.142:8888 "GET http://www.google.com/ HTTP/1.1" 502 172
2021-07-29 15:08:11,985 - urllib3.connectionpool - Starting new HTTP connection (1): 47.75.254.142:8888
2021-07-29 15:08:12,609 - urllib3.connectionpool - Starting new HTTP connection (1): 150.109.79.70:3306
2021-07-29 15:08:13,241 - urllib3.connectionpool - http://150.109.79.70:3306 "GET http://www.google.com/ HTTP/1.1" 200 6441
2021-07-29 15:08:13,249 - urllib3.connectionpool - Starting new HTTP connection (1): 150.109.79.70:3306
2021-07-29 15:08:13,915 - urllib3.connectionpool - Starting new HTTP connection (1): 103.92.213.33:43399
2021-07-29 15:08:14,429 - urllib3.connectionpool - Starting new HTTP connection (1): 47.254.75.151:8181
2021-07-29 15:08:15,215 - urllib3.connectionpool - Starting new HTTP connection (1): 187.204.143.177:53281
2021-07-29 15:08:15,729 - urllib3.connectionpool - Starting new HTTP connection (1): 31.131.67.14:8080
2021-07-29 15:08:16,245 - urllib3.connectionpool - Starting new HTTP connection (1): 136.228.141.154:80
2021-07-29 15:08:16,752 - urllib3.connectionpool - Starting new HTTP connection (1): 182.160.9.91:3128
2021-07-29 15:08:17,043 - urllib3.connectionpool - http://182.160.9.91:3128 "GET http://www.google.com/ HTTP/1.1" 200 6464
2021-07-29 15:08:17,051 - urllib3.connectionpool - Starting new HTTP connection (1): 182.160.9.91:3128
2021-07-29 15:08:17,344 - urllib3.connectionpool - http://182.160.9.91:3128 "GET http://www.google.com/ HTTP/1.1" 200 6419
2021-07-29 15:08:17,351 - urllib3.connectionpool - Starting new HTTPS connection (1): www.popinabox.us:443
2021-07-29 15:08:18,531 - urllib3.connectionpool - https://www.popinabox.us:443 "GET /funko/latest.list HTTP/1.1" 200 None
2021-07-29 15:08:19,987 - urllib3.connectionpool - Starting new HTTPS connection (1): discord.com:443
2021-07-29 15:08:20,568 - urllib3.connectionpool - https://discord.com:443 "POST /api/webhooks/850392839053639690/65cKLltyuopds0GR5ElwNaeKmhGKmEuXlILxyTidy5Yup0ZfrMMYbNIXK21qa8kcHlKk HTTP/1.1" 204 0
2021-07-29 15:08:20,575 - root - Payload delivered successfully, code 204.
2021-07-29 15:08:20,582 - urllib3.connectionpool - Starting new HTTPS connection (1): discord.com:443
2021-07-29 15:08:21,060 - urllib3.connectionpool - https://discord.com:443 "POST /api/webhooks/850392839053639690/65cKLltyuopds0GR5ElwNaeKmhGKmEuXlILxyTidy5Yup0ZfrMMYbNIXK21qa8kcHlKk HTTP/1.1" 204 0
2021-07-29 15:08:21,062 - root - Payload delivered successfully, code 204.
2021-07-29 15:08:21,065 - urllib3.connectionpool - Starting new HTTPS connection (1): discord.com:443
2021-07-29 15:08:21,591 - urllib3.connectionpool - https://discord.com:443 "POST /api/webhooks/850392839053639690/65cKLltyuopds0GR5ElwNaeKmhGKmEuXlILxyTidy5Yup0ZfrMMYbNIXK21qa8kcHlKk HTTP/1.1" 204 0
2021-07-29 15:08:21,598 - root - Payload delivered successfully, code 204.
2021-07-29 15:08:21,607 - urllib3.connectionpool - Starting new HTTPS connection (1): discord.com:443
2021-07-29 15:08:22,160 - urllib3.connectionpool - https://discord.com:443 "POST /api/webhooks/850392839053639690/65cKLltyuopds0GR5ElwNaeKmhGKmEuXlILxyTidy5Yup0ZfrMMYbNIXK21qa8kcHlKk HTTP/1.1" 204 0
2021-07-29 15:08:22,166 - root - Payload delivered successfully, code 204.
2021-07-29 15:08:22,174 - urllib3.connectionpool - Starting new HTTPS connection (1): discord.com:443
2021-07-29 15:13:01,042 - dotenv.main - Python-dotenv could not parse statement starting at line 14
2021-07-29 15:13:01,043 - root - Successfully started monitor
2021-07-29 15:13:01,048 - urllib3.connectionpool - Starting new HTTPS connection (1): discord.com:443
2021-07-29 15:13:01,613 - urllib3.connectionpool - https://discord.com:443 "POST /api/webhooks/850392839053639690/65cKLltyuopds0GR5ElwNaeKmhGKmEuXlILxyTidy5Yup0ZfrMMYbNIXK21qa8kcHlKk HTTP/1.1" 204 0
2021-07-29 15:13:01,615 - root - Payload delivered successfully, code 204.
2021-07-29 15:13:01,621 - urllib3.connectionpool - Starting new HTTPS connection (1): www.sslproxies.org:443
2021-07-29 15:13:02,567 - urllib3.connectionpool - https://www.sslproxies.org:443 "GET / HTTP/1.1" 200 None
2021-07-29 15:13:02,595 - urllib3.connectionpool - Starting new HTTP connection (1): 165.227.173.87:41933
2021-07-29 15:13:03,272 - urllib3.connectionpool - Starting new HTTP connection (1): 217.79.181.109:443
2021-07-29 15:13:03,962 - urllib3.connectionpool - Starting new HTTP connection (1): 167.172.110.165:9090
2021-07-29 15:13:04,474 - urllib3.connectionpool - Starting new HTTP connection (1): 116.203.23.252:3128
2021-07-29 15:13:04,788 - urllib3.connectionpool - http://116.203.23.252:3128 "GET http://www.google.com/ HTTP/1.1" 504 None
2021-07-29 15:13:04,795 - urllib3.connectionpool - Starting new HTTP connection (1): 165.22.81.30:44608
2021-07-29 15:13:05,308 - urllib3.connectionpool - Starting new HTTPS connection (1): www.sslproxies.org:443
2021-07-29 15:13:05,517 - urllib3.connectionpool - https://www.sslproxies.org:443 "GET / HTTP/1.1" 200 None
2021-07-29 15:13:05,543 - urllib3.connectionpool - Starting new HTTP connection (1): 103.78.97.38:8080
2021-07-29 15:13:06,064 - urllib3.connectionpool - Starting new HTTP connection (1): 36.37.139.2:43997
2021-07-29 15:13:06,575 - urllib3.connectionpool - Starting new HTTP connection (1): 37.120.192.154:8080
2021-07-29 15:13:07,085 - urllib3.connectionpool - Starting new HTTP connection (1): 124.41.213.201:39272
2021-07-29 15:13:07,590 - urllib3.connectionpool - Starting new HTTP connection (1): 102.140.4.14:53281
2021-07-29 15:13:08,101 - urllib3.connectionpool - Starting new HTTP connection (1): 82.64.186.155:8080
2021-07-29 15:13:08,608 - urllib3.connectionpool - Starting new HTTP connection (1): 131.161.68.41:31264
2021-07-29 15:13:09,121 - urllib3.connectionpool - Starting new HTTP connection (1): 77.242.98.241:53281
2021-07-29 15:13:09,629 - urllib3.connectionpool - Starting new HTTP connection (1): 46.109.210.121:53281
2021-07-29 15:13:10,140 - urllib3.connectionpool - Starting new HTTP connection (1): 221.120.210.211:39617
2021-07-29 15:13:10,661 - urllib3.connectionpool - Starting new HTTP connection (1): 78.92.231.44:55443
2021-07-29 15:13:11,183 - urllib3.connectionpool - Starting new HTTP connection (1): 186.29.163.97:49787
2021-07-29 15:13:11,686 - urllib3.connectionpool - Starting new HTTP connection (1): 182.160.9.91:3128
2021-07-29 15:13:11,971 - urllib3.connectionpool - http://182.160.9.91:3128 "GET http://www.google.com/ HTTP/1.1" 200 6415
2021-07-29 15:13:11,980 - urllib3.connectionpool - Starting new HTTP connection (1): 182.160.9.91:3128
2021-07-29 15:13:12,282 - urllib3.connectionpool - http://182.160.9.91:3128 "GET http://www.google.com/ HTTP/1.1" 200 6436
2021-07-29 15:13:12,284 - urllib3.connectionpool - Starting new HTTPS connection (1): www.popinabox.us:443
2021-07-29 15:13:13,791 - urllib3.connectionpool - https://www.popinabox.us:443 "GET /funko/latest.list HTTP/1.1" 200 None
2021-07-29 15:13:16,828 - urllib3.connectionpool - Starting new HTTPS connection (1): discord.com:443
2021-07-29 15:13:17,407 - urllib3.connectionpool - https://discord.com:443 "POST /api/webhooks/850392839053639690/65cKLltyuopds0GR5ElwNaeKmhGKmEuXlILxyTidy5Yup0ZfrMMYbNIXK21qa8kcHlKk HTTP/1.1" 204 0
2021-07-29 15:13:17,411 - root - Payload delivered successfully, code 204.
2021-07-29 15:13:17,415 - urllib3.connectionpool - Starting new HTTPS connection (1): discord.com:443
2021-07-29 15:13:17,931 - urllib3.connectionpool - https://discord.com:443 "POST /api/webhooks/850392839053639690/65cKLltyuopds0GR5ElwNaeKmhGKmEuXlILxyTidy5Yup0ZfrMMYbNIXK21qa8kcHlKk HTTP/1.1" 204 0
2021-07-29 15:13:17,937 - root - Payload delivered successfully, code 204.
2021-07-29 15:13:17,944 - urllib3.connectionpool - Starting new HTTPS connection (1): discord.com:443
2021-07-29 15:13:18,489 - urllib3.connectionpool - https://discord.com:443 "POST /api/webhooks/850392839053639690/65cKLltyuopds0GR5ElwNaeKmhGKmEuXlILxyTidy5Yup0ZfrMMYbNIXK21qa8kcHlKk HTTP/1.1" 204 0
2021-07-29 15:13:18,494 - root - Payload delivered successfully, code 204.
2021-07-29 15:13:18,500 - urllib3.connectionpool - Starting new HTTPS connection (1): discord.com:443
2021-07-29 15:13:19,047 - urllib3.connectionpool - https://discord.com:443 "POST /api/webhooks/850392839053639690/65cKLltyuopds0GR5ElwNaeKmhGKmEuXlILxyTidy5Yup0ZfrMMYbNIXK21qa8kcHlKk HTTP/1.1" 204 0
2021-07-29 15:13:19,050 - root - Payload delivered successfully, code 204.
2021-07-29 15:13:19,052 - urllib3.connectionpool - Starting new HTTPS connection (1): discord.com:443
2021-07-29 15:13:19,569 - urllib3.connectionpool - https://discord.com:443 "POST /api/webhooks/850392839053639690/65cKLltyuopds0GR5ElwNaeKmhGKmEuXlILxyTidy5Yup0ZfrMMYbNIXK21qa8kcHlKk HTTP/1.1" 204 0
2021-07-29 15:13:19,571 - root - Payload delivered successfully, code 204.
2021-07-29 15:13:19,574 - urllib3.connectionpool - Starting new HTTPS connection (1): discord.com:443
2021-07-29 15:13:20,131 - urllib3.connectionpool - https://discord.com:443 "POST /api/webhooks/850392839053639690/65cKLltyuopds0GR5ElwNaeKmhGKmEuXlILxyTidy5Yup0ZfrMMYbNIXK21qa8kcHlKk HTTP/1.1" 204 0
2021-07-29 15:13:20,140 - root - Payload delivered successfully, code 204.
2021-07-29 15:13:20,146 - urllib3.connectionpool - Starting new HTTPS connection (1): discord.com:443
2021-07-29 15:13:20,651 - urllib3.connectionpool - https://discord.com:443 "POST /api/webhooks/850392839053639690/65cKLltyuopds0GR5ElwNaeKmhGKmEuXlILxyTidy5Yup0ZfrMMYbNIXK21qa8kcHlKk HTTP/1.1" 204 0
2021-07-29 15:13:20,657 - root - Payload delivered successfully, code 204.
2021-07-29 15:13:20,663 - urllib3.connectionpool - Starting new HTTPS connection (1): discord.com:443
2021-07-29 15:13:21,170 - urllib3.connectionpool - https://discord.com:443 "POST /api/webhooks/850392839053639690/65cKLltyuopds0GR5ElwNaeKmhGKmEuXlILxyTidy5Yup0ZfrMMYbNIXK21qa8kcHlKk HTTP/1.1" 204 0
2021-07-29 15:13:21,174 - root - Payload delivered successfully, code 204.
2021-07-29 15:13:21,178 - urllib3.connectionpool - Starting new HTTPS connection (1): discord.com:443
2021-07-29 15:13:21,678 - urllib3.connectionpool - https://discord.com:443 "POST /api/webhooks/850392839053639690/65cKLltyuopds0GR5ElwNaeKmhGKmEuXlILxyTidy5Yup0ZfrMMYbNIXK21qa8kcHlKk HTTP/1.1" 204 0
2021-07-29 15:13:21,680 - root - Payload delivered successfully, code 204.
2021-07-29 15:13:21,686 - urllib3.connectionpool - Starting new HTTPS connection (1): discord.com:443
2021-07-29 15:13:22,216 - urllib3.connectionpool - https://discord.com:443 "POST /api/webhooks/850392839053639690/65cKLltyuopds0GR5ElwNaeKmhGKmEuXlILxyTidy5Yup0ZfrMMYbNIXK21qa8kcHlKk HTTP/1.1" 204 0
2021-07-29 15:13:22,223 - root - Payload delivered successfully, code 204.
2021-07-29 15:13:22,230 - urllib3.connectionpool - Starting new HTTPS connection (1): discord.com:443
2021-07-29 15:13:22,858 - urllib3.connectionpool - https://discord.com:443 "POST /api/webhooks/850392839053639690/65cKLltyuopds0GR5ElwNaeKmhGKmEuXlILxyTidy5Yup0ZfrMMYbNIXK21qa8kcHlKk HTTP/1.1" 204 0
2021-07-29 15:13:22,860 - root - Payload delivered successfully, code 204.
2021-07-29 15:13:22,863 - urllib3.connectionpool - Starting new HTTPS connection (1): discord.com:443
2021-07-29 15:13:23,478 - urllib3.connectionpool - https://discord.com:443 "POST /api/webhooks/850392839053639690/65cKLltyuopds0GR5ElwNaeKmhGKmEuXlILxyTidy5Yup0ZfrMMYbNIXK21qa8kcHlKk HTTP/1.1" 204 0
2021-07-29 15:13:23,485 - root - Payload delivered successfully, code 204.
2021-07-29 15:13:23,493 - urllib3.connectionpool - Starting new HTTPS connection (1): discord.com:443
2021-07-29 15:13:24,072 - urllib3.connectionpool - https://discord.com:443 "POST /api/webhooks/850392839053639690/65cKLltyuopds0GR5ElwNaeKmhGKmEuXlILxyTidy5Yup0ZfrMMYbNIXK21qa8kcHlKk HTTP/1.1" 204 0
2021-07-29 15:13:24,074 - root - Payload delivered successfully, code 204.
2021-07-29 15:13:24,075 - urllib3.connectionpool - Starting new HTTPS connection (1): discord.com:443
2021-07-29 15:13:24,778 - urllib3.connectionpool - https://discord.com:443 "POST /api/webhooks/850392839053639690/65cKLltyuopds0GR5ElwNaeKmhGKmEuXlILxyTidy5Yup0ZfrMMYbNIXK21qa8kcHlKk HTTP/1.1" 204 0
2021-07-29 15:13:24,781 - root - Payload delivered successfully, code 204.
2021-07-29 15:13:24,783 - urllib3.connectionpool - Starting new HTTPS connection (1): discord.com:443
2021-07-29 15:13:25,600 - urllib3.connectionpool - https://discord.com:443 "POST /api/webhooks/850392839053639690/65cKLltyuopds0GR5ElwNaeKmhGKmEuXlILxyTidy5Yup0ZfrMMYbNIXK21qa8kcHlKk HTTP/1.1" 204 0
2021-07-29 15:13:25,602 - root - Payload delivered successfully, code 204.
2021-07-29 15:13:25,603 - urllib3.connectionpool - Starting new HTTPS connection (1): discord.com:443
2021-07-29 15:13:26,424 - urllib3.connectionpool - https://discord.com:443 "POST /api/webhooks/850392839053639690/65cKLltyuopds0GR5ElwNaeKmhGKmEuXlILxyTidy5Yup0ZfrMMYbNIXK21qa8kcHlKk HTTP/1.1" 204 0
2021-07-29 15:13:26,426 - root - Payload delivered successfully, code 204.
2021-07-29 15:13:26,427 - urllib3.connectionpool - Starting new HTTPS connection (1): discord.com:443
2021-08-03 20:58:17,992 - dotenv.main - Python-dotenv could not parse statement starting at line 15
2021-08-03 20:58:17,993 - root - Successfully started monitor
2021-08-03 20:58:17,997 - urllib3.connectionpool - Starting new HTTPS connection (1): discord.com:443
2021-08-03 20:58:18,606 - urllib3.connectionpool - https://discord.com:443 "POST /api/webhooks/850392839053639690/65cKLltyuopds0GR5ElwNaeKmhGKmEuXlILxyTidy5Yup0ZfrMMYbNIXK21qa8kcHlKk HTTP/1.1" 204 0
2021-08-03 20:58:18,613 - root - Payload delivered successfully, code 204.
2021-08-03 20:58:18,621 - urllib3.connectionpool - Starting new HTTPS connection (1): www.sslproxies.org:443
2021-08-03 20:58:19,058 - urllib3.connectionpool - https://www.sslproxies.org:443 "GET / HTTP/1.1" 200 None
2021-08-03 20:58:19,093 - urllib3.connectionpool - Starting new HTTPS connection (1): www.sslproxies.org:443
2021-08-03 20:58:19,297 - urllib3.connectionpool - https://www.sslproxies.org:443 "GET / HTTP/1.1" 200 None
2021-08-03 20:58:19,315 - urllib3.connectionpool - Starting new HTTP connection (1): 161.202.226.194:80
2021-08-03 20:58:19,636 - urllib3.connectionpool - http://161.202.226.194:80 "GET http://www.google.com/ HTTP/1.1" 403 0
2021-08-03 20:58:19,639 - urllib3.connectionpool - Starting new HTTP connection (1): 161.202.226.194:80
2021-08-03 20:58:19,937 - urllib3.connectionpool - http://161.202.226.194:80 "GET http://www.google.com/ HTTP/1.1" 403 0
2021-08-03 20:58:19,939 - urllib3.connectionpool - Starting new HTTPS connection (1): www.popinabox.us:443
2021-08-03 20:58:21,331 - urllib3.connectionpool - https://www.popinabox.us:443 "GET /funko/latest.list HTTP/1.1" 200 None
2021-08-03 20:58:23,397 - urllib3.connectionpool - Starting new HTTPS connection (1): discord.com:443
2021-08-03 20:58:23,914 - urllib3.connectionpool - https://discord.com:443 "POST /api/webhooks/850392839053639690/65cKLltyuopds0GR5ElwNaeKmhGKmEuXlILxyTidy5Yup0ZfrMMYbNIXK21qa8kcHlKk HTTP/1.1" 204 0
2021-08-03 20:58:23,916 - root - Payload delivered successfully, code 204.
2021-08-03 20:58:23,919 - urllib3.connectionpool - Starting new HTTPS connection (1): discord.com:443
2021-08-03 20:58:24,446 - urllib3.connectionpool - https://discord.com:443 "POST /api/webhooks/850392839053639690/65cKLltyuopds0GR5ElwNaeKmhGKmEuXlILxyTidy5Yup0ZfrMMYbNIXK21qa8kcHlKk HTTP/1.1" 204 0
2021-08-03 20:58:24,448 - root - Payload delivered successfully, code 204.
2021-08-03 20:58:24,449 - urllib3.connectionpool - Starting new HTTPS connection (1): discord.com:443
2021-08-03 20:58:24,976 - urllib3.connectionpool - https://discord.com:443 "POST /api/webhooks/850392839053639690/65cKLltyuopds0GR5ElwNaeKmhGKmEuXlILxyTidy5Yup0ZfrMMYbNIXK21qa8kcHlKk HTTP/1.1" 204 0
2021-08-03 20:58:24,982 - root - Payload delivered successfully, code 204.
2021-08-03 20:58:24,986 - urllib3.connectionpool - Starting new HTTPS connection (1): discord.com:443
2021-08-03 20:58:25,502 - urllib3.connectionpool - https://discord.com:443 "POST /api/webhooks/850392839053639690/65cKLltyuopds0GR5ElwNaeKmhGKmEuXlILxyTidy5Yup0ZfrMMYbNIXK21qa8kcHlKk HTTP/1.1" 204 0
2021-08-03 20:58:25,506 - root - Payload delivered successfully, code 204.
2021-08-03 20:58:25,509 - urllib3.connectionpool - Starting new HTTPS connection (1): discord.com:443
2021-08-03 20:58:26,045 - urllib3.connectionpool - https://discord.com:443 "POST /api/webhooks/850392839053639690/65cKLltyuopds0GR5ElwNaeKmhGKmEuXlILxyTidy5Yup0ZfrMMYbNIXK21qa8kcHlKk HTTP/1.1" 204 0
2021-08-03 20:58:26,049 - root - Payload delivered successfully, code 204.
2021-08-03 20:58:26,053 - urllib3.connectionpool - Starting new HTTPS connection (1): discord.com:443
2021-08-03 20:58:26,565 - urllib3.connectionpool - https://discord.com:443 "POST /api/webhooks/850392839053639690/65cKLltyuopds0GR5ElwNaeKmhGKmEuXlILxyTidy5Yup0ZfrMMYbNIXK21qa8kcHlKk HTTP/1.1" 204 0
2021-08-03 20:58:26,567 - root - Payload delivered successfully, code 204.
2021-08-03 20:58:26,570 - urllib3.connectionpool - Starting new HTTPS connection (1): discord.com:443
2021-08-03 20:58:27,168 - urllib3.connectionpool - https://discord.com:443 "POST /api/webhooks/850392839053639690/65cKLltyuopds0GR5ElwNaeKmhGKmEuXlILxyTidy5Yup0ZfrMMYbNIXK21qa8kcHlKk HTTP/1.1" 204 0
2021-08-03 20:58:27,176 - root - Payload delivered successfully, code 204.
2021-08-03 20:58:27,183 - urllib3.connectionpool - Starting new HTTPS connection (1): discord.com:443
2021-08-03 20:58:27,737 - urllib3.connectionpool - https://discord.com:443 "POST /api/webhooks/850392839053639690/65cKLltyuopds0GR5ElwNaeKmhGKmEuXlILxyTidy5Yup0ZfrMMYbNIXK21qa8kcHlKk HTTP/1.1" 204 0
2021-08-03 20:58:27,744 - root - Payload delivered successfully, code 204.
2021-08-03 20:58:27,750 - urllib3.connectionpool - Starting new HTTPS connection (1): discord.com:443
2021-08-03 20:58:28,247 - urllib3.connectionpool - https://discord.com:443 "POST /api/webhooks/850392839053639690/65cKLltyuopds0GR5ElwNaeKmhGKmEuXlILxyTidy5Yup0ZfrMMYbNIXK21qa8kcHlKk HTTP/1.1" 204 0
2021-08-03 20:58:28,254 - root - Payload delivered successfully, code 204.
2021-08-03 20:58:28,261 - urllib3.connectionpool - Starting new HTTPS connection (1): discord.com:443
2021-08-03 20:58:28,764 - urllib3.connectionpool - https://discord.com:443 "POST /api/webhooks/850392839053639690/65cKLltyuopds0GR5ElwNaeKmhGKmEuXlILxyTidy5Yup0ZfrMMYbNIXK21qa8kcHlKk HTTP/1.1" 204 0
2021-08-03 20:58:28,766 - root - Payload delivered successfully, code 204.
2021-08-03 20:58:28,768 - urllib3.connectionpool - Starting new HTTPS connection (1): discord.com:443
2021-08-03 20:58:29,270 - urllib3.connectionpool - https://discord.com:443 "POST /api/webhooks/850392839053639690/65cKLltyuopds0GR5ElwNaeKmhGKmEuXlILxyTidy5Yup0ZfrMMYbNIXK21qa8kcHlKk HTTP/1.1" 204 0
2021-08-03 20:58:29,276 - root - Payload delivered successfully, code 204.
2021-08-03 20:58:29,282 - urllib3.connectionpool - Starting new HTTPS connection (1): discord.com:443
2021-08-03 20:58:29,869 - urllib3.connectionpool - https://discord.com:443 "POST /api/webhooks/850392839053639690/65cKLltyuopds0GR5ElwNaeKmhGKmEuXlILxyTidy5Yup0ZfrMMYbNIXK21qa8kcHlKk HTTP/1.1" 204 0
2021-08-03 20:58:29,872 - root - Payload delivered successfully, code 204.
2021-08-03 20:58:29,876 - urllib3.connectionpool - Starting new HTTPS connection (1): discord.com:443
2021-08-03 20:58:30,369 - urllib3.connectionpool - https://discord.com:443 "POST /api/webhooks/850392839053639690/65cKLltyuopds0GR5ElwNaeKmhGKmEuXlILxyTidy5Yup0ZfrMMYbNIXK21qa8kcHlKk HTTP/1.1" 204 0
2021-08-03 20:58:30,375 - root - Payload delivered successfully, code 204.
2021-08-03 20:58:30,381 - urllib3.connectionpool - Starting new HTTPS connection (1): discord.com:443
2021-08-03 20:58:30,907 - urllib3.connectionpool - https://discord.com:443 "POST /api/webhooks/850392839053639690/65cKLltyuopds0GR5ElwNaeKmhGKmEuXlILxyTidy5Yup0ZfrMMYbNIXK21qa8kcHlKk HTTP/1.1" 204 0
2021-08-03 20:58:30,909 - root - Payload delivered successfully, code 204.
2021-08-03 20:58:30,911 - urllib3.connectionpool - Starting new HTTPS connection (1): discord.com:443
2021-08-03 20:58:31,444 - urllib3.connectionpool - https://discord.com:443 "POST /api/webhooks/850392839053639690/65cKLltyuopds0GR5ElwNaeKmhGKmEuXlILxyTidy5Yup0ZfrMMYbNIXK21qa8kcHlKk HTTP/1.1" 204 0
2021-08-03 20:58:31,447 - root - Payload delivered successfully, code 204.
2021-08-03 20:58:31,449 - urllib3.connectionpool - Starting new HTTPS connection (1): discord.com:443
2021-08-03 20:58:32,006 - urllib3.connectionpool - https://discord.com:443 "POST /api/webhooks/850392839053639690/65cKLltyuopds0GR5ElwNaeKmhGKmEuXlILxyTidy5Yup0ZfrMMYbNIXK21qa8kcHlKk HTTP/1.1" 204 0
2021-08-03 20:58:32,013 - root - Payload delivered successfully, code 204.
2021-08-03 20:58:32,022 - urllib3.connectionpool - Starting new HTTPS connection (1): discord.com:443
2021-08-03 20:58:32,544 - urllib3.connectionpool - https://discord.com:443 "POST /api/webhooks/850392839053639690/65cKLltyuopds0GR5ElwNaeKmhGKmEuXlILxyTidy5Yup0ZfrMMYbNIXK21qa8kcHlKk HTTP/1.1" 204 0
2021-08-03 20:58:32,547 - root - Payload delivered successfully, code 204.
2021-08-03 20:58:32,550 - urllib3.connectionpool - Starting new HTTPS connection (1): discord.com:443
2021-08-03 20:58:33,150 - urllib3.connectionpool - https://discord.com:443 "POST /api/webhooks/850392839053639690/65cKLltyuopds0GR5ElwNaeKmhGKmEuXlILxyTidy5Yup0ZfrMMYbNIXK21qa8kcHlKk HTTP/1.1" 204 0
2021-08-03 20:58:33,153 - root - Payload delivered successfully, code 204.
2021-08-03 20:58:33,155 - urllib3.connectionpool - Starting new HTTPS connection (1): discord.com:443
2021-08-03 20:58:33,698 - urllib3.connectionpool - https://discord.com:443 "POST /api/webhooks/850392839053639690/65cKLltyuopds0GR5ElwNaeKmhGKmEuXlILxyTidy5Yup0ZfrMMYbNIXK21qa8kcHlKk HTTP/1.1" 204 0
2021-08-03 20:58:33,702 - root - Payload delivered successfully, code 204.
2021-08-03 20:58:33,705 - urllib3.connectionpool - Starting new HTTPS connection (1): discord.com:443
2021-08-03 20:58:53,669 - dotenv.main - Python-dotenv could not parse statement starting at line 15
2021-08-03 20:58:53,670 - root - Successfully started monitor
2021-08-03 20:58:53,673 - urllib3.connectionpool - Starting new HTTPS connection (1): discord.com:443
2021-08-03 20:58:54,213 - urllib3.connectionpool - https://discord.com:443 "POST /api/webhooks/850392839053639690/65cKLltyuopds0GR5ElwNaeKmhGKmEuXlILxyTidy5Yup0ZfrMMYbNIXK21qa8kcHlKk HTTP/1.1" 204 0
2021-08-03 20:58:54,222 - root - Payload delivered successfully, code 204.
2021-08-03 20:58:54,230 - urllib3.connectionpool - Starting new HTTPS connection (1): www.sslproxies.org:443
2021-08-03 20:58:54,427 - urllib3.connectionpool - https://www.sslproxies.org:443 "GET / HTTP/1.1" 200 None
2021-08-03 20:58:54,446 - urllib3.connectionpool - Starting new HTTPS connection (1): www.sslproxies.org:443
2021-08-03 20:58:54,634 - urllib3.connectionpool - https://www.sslproxies.org:443 "GET / HTTP/1.1" 200 None
2021-08-03 20:58:54,652 - urllib3.connectionpool - Starting new HTTP connection (1): 103.83.37.11:3128
2021-08-03 20:58:55,084 - urllib3.connectionpool - http://103.83.37.11:3128 "GET http://www.google.com/ HTTP/1.1" 200 6144
2021-08-03 20:58:55,087 - urllib3.connectionpool - Starting new HTTP connection (1): 103.83.37.11:3128
2021-08-03 20:58:55,601 - urllib3.connectionpool - Starting new HTTP connection (1): 24.172.82.94:53281
2021-08-03 20:58:56,117 - urllib3.connectionpool - Starting new HTTP connection (1): 27.116.51.178:6666
2021-08-03 20:58:56,632 - urllib3.connectionpool - Starting new HTTP connection (1): 62.201.228.250:56798
2021-08-03 20:58:57,145 - urllib3.connectionpool - Starting new HTTP connection (1): 140.227.25.251:6000
2021-08-03 20:58:57,657 - urllib3.connectionpool - Starting new HTTP connection (1): 118.140.150.74:3128
2021-08-03 20:58:58,310 - urllib3.connectionpool - Starting new HTTP connection (1): 95.168.96.42:34273
2021-08-03 20:58:58,822 - urllib3.connectionpool - Starting new HTTP connection (1): 101.255.72.171:443
2021-08-03 20:58:59,331 - urllib3.connectionpool - Starting new HTTP connection (1): 161.202.226.194:80
2021-08-03 20:58:59,618 - urllib3.connectionpool - http://161.202.226.194:80 "GET http://www.google.com/ HTTP/1.1" 403 0
2021-08-03 20:58:59,625 - urllib3.connectionpool - Starting new HTTP connection (1): 161.202.226.194:80
2021-08-03 20:58:59,952 - urllib3.connectionpool - http://161.202.226.194:80 "GET http://www.google.com/ HTTP/1.1" 403 0
2021-08-03 20:58:59,959 - urllib3.connectionpool - Starting new HTTPS connection (1): www.popinabox.us:443
2021-08-03 20:59:01,158 - urllib3.connectionpool - https://www.popinabox.us:443 "GET /funko/latest.list HTTP/1.1" 200 None
2021-08-03 20:59:03,264 - root - 'in <string>' requires string as left operand, not builtin_function_or_method
2021-08-03 20:59:03,266 - urllib3.connectionpool - Starting new HTTPS connection (1): www.sslproxies.org:443
2021-08-03 20:59:03,447 - urllib3.connectionpool - https://www.sslproxies.org:443 "GET / HTTP/1.1" 200 None
2021-08-03 20:59:03,470 - urllib3.connectionpool - Starting new HTTP connection (1): 95.216.247.78:22204
2021-08-03 20:59:03,978 - urllib3.connectionpool - Starting new HTTP connection (1): 78.140.7.239:33943
2021-08-03 20:59:04,492 - urllib3.connectionpool - Starting new HTTP connection (1): 103.130.141.98:8080
2021-08-03 20:59:05,003 - urllib3.connectionpool - Starting new HTTP connection (1): 144.217.101.245:3129
2021-08-03 20:59:05,860 - urllib3.connectionpool - Starting new HTTP connection (1): 81.24.117.250:18080
2021-08-03 20:59:06,571 - urllib3.connectionpool - Starting new HTTP connection (1): 62.201.228.250:56798
2021-08-03 20:59:07,086 - urllib3.connectionpool - Starting new HTTP connection (1): 140.227.25.251:6000
2021-08-03 20:59:07,593 - urllib3.connectionpool - Starting new HTTP connection (1): 116.251.216.95:80
2021-08-03 20:59:08,102 - urllib3.connectionpool - Starting new HTTP connection (1): 177.104.125.173:55443
2021-08-03 20:59:08,610 - urllib3.connectionpool - Starting new HTTP connection (1): 27.109.116.119:23500
2021-08-03 20:59:09,129 - urllib3.connectionpool - Starting new HTTP connection (1): 198.50.163.192:3129
2021-08-03 20:59:09,648 - urllib3.connectionpool - Starting new HTTP connection (1): 110.232.67.44:55443
2021-08-03 20:59:10,154 - urllib3.connectionpool - Starting new HTTP connection (1): 78.92.231.44:55443
2021-08-03 20:59:10,668 - urllib3.connectionpool - Starting new HTTP connection (1): 161.202.226.194:80
2021-08-03 20:59:10,971 - urllib3.connectionpool - http://161.202.226.194:80 "GET http://www.google.com/ HTTP/1.1" 403 0
2021-08-03 20:59:10,978 - urllib3.connectionpool - Starting new HTTP connection (1): 161.202.226.194:80
2021-08-03 20:59:11,277 - urllib3.connectionpool - http://161.202.226.194:80 "GET http://www.google.com/ HTTP/1.1" 403 0
2021-08-03 20:59:11,285 - urllib3.connectionpool - Starting new HTTPS connection (1): www.popinabox.us:443
2021-08-03 20:59:12,494 - urllib3.connectionpool - https://www.popinabox.us:443 "GET /funko/latest.list HTTP/1.1" 200 None
2021-08-03 20:59:15,120 - root - 'in <string>' requires string as left operand, not builtin_function_or_method
2021-08-03 20:59:15,122 - urllib3.connectionpool - Starting new HTTPS connection (1): www.sslproxies.org:443
2021-08-03 20:59:15,318 - urllib3.connectionpool - https://www.sslproxies.org:443 "GET / HTTP/1.1" 200 None
2021-08-03 20:59:15,354 - urllib3.connectionpool - Starting new HTTP connection (1): 41.222.209.14:808
2021-08-03 20:59:16,205 - urllib3.connectionpool - Starting new HTTP connection (1): 27.116.51.178:6666
2021-08-03 20:59:16,714 - urllib3.connectionpool - Starting new HTTP connection (1): 81.24.117.250:18080
2021-08-03 20:59:17,231 - urllib3.connectionpool - Starting new HTTP connection (1): 161.202.226.194:80
2021-08-03 20:59:17,544 - urllib3.connectionpool - http://161.202.226.194:80 "GET http://www.google.com/ HTTP/1.1" 403 0
2021-08-03 20:59:17,551 - urllib3.connectionpool - Starting new HTTP connection (1): 161.202.226.194:80
2021-08-03 20:59:17,856 - urllib3.connectionpool - http://161.202.226.194:80 "GET http://www.google.com/ HTTP/1.1" 403 0
2021-08-03 20:59:17,863 - urllib3.connectionpool - Starting new HTTPS connection (1): www.popinabox.us:443
2021-08-03 20:59:20,347 - urllib3.connectionpool - https://www.popinabox.us:443 "GET /funko/latest.list HTTP/1.1" 200 None
2021-08-03 20:59:23,739 - root - 'in <string>' requires string as left operand, not builtin_function_or_method
2021-08-03 20:59:23,741 - urllib3.connectionpool - Starting new HTTPS connection (1): www.sslproxies.org:443
2021-08-03 20:59:24,026 - urllib3.connectionpool - https://www.sslproxies.org:443 "GET / HTTP/1.1" 200 None
2021-08-03 20:59:24,056 - urllib3.connectionpool - Starting new HTTP connection (1): 78.186.215.167:9090
2021-08-03 20:59:24,568 - urllib3.connectionpool - Starting new HTTP connection (1): 79.143.87.138:9090
2021-08-03 20:59:25,078 - urllib3.connectionpool - Starting new HTTP connection (1): 46.146.239.100:3128
2021-08-03 20:59:25,881 - urllib3.connectionpool - Starting new HTTP connection (1): 88.82.95.146:3128
2021-08-03 20:59:26,404 - urllib3.connectionpool - Starting new HTTP connection (1): 112.78.169.98:36963
2021-08-03 20:59:26,914 - urllib3.connectionpool - Starting new HTTP connection (1): 81.163.57.147:41258
2021-08-03 20:59:27,421 - urllib3.connectionpool - Starting new HTTP connection (1): 103.9.191.246:55186
2021-08-03 20:59:28,086 - urllib3.connectionpool - Starting new HTTP connection (1): 190.95.214.185:8080
2021-08-03 20:59:28,594 - urllib3.connectionpool - Starting new HTTP connection (1): 89.40.48.186:8080
2021-08-03 20:59:29,101 - urllib3.connectionpool - Starting new HTTP connection (1): 37.17.38.196:53281
2021-08-03 20:59:29,813 - urllib3.connectionpool - Starting new HTTP connection (1): 47.56.69.11:8000
2021-08-03 20:59:30,327 - urllib3.connectionpool - Starting new HTTP connection (1): 103.130.141.98:8080
2021-08-03 20:59:30,835 - urllib3.connectionpool - Starting new HTTP connection (1): 140.227.211.47:8080
2021-08-03 20:59:31,345 - urllib3.connectionpool - Starting new HTTP connection (1): 36.67.25.137:8080
2021-08-03 20:59:31,853 - urllib3.connectionpool - Starting new HTTP connection (1): 1.179.148.9:55636
2021-08-03 20:59:32,364 - urllib3.connectionpool - Starting new HTTP connection (1): 62.201.228.250:56798
2021-08-03 20:59:32,877 - urllib3.connectionpool - Starting new HTTP connection (1): 36.67.108.153:61442
2021-08-03 20:59:33,386 - urllib3.connectionpool - Starting new HTTP connection (1): 124.106.224.5:8080
2021-08-03 20:59:33,889 - urllib3.connectionpool - Starting new HTTP connection (1): 45.229.32.245:999
2021-08-03 20:59:34,404 - urllib3.connectionpool - Starting new HTTP connection (1): 177.104.125.173:55443
2021-08-03 20:59:34,912 - urllib3.connectionpool - Starting new HTTP connection (1): 190.95.214.178:8080
2021-08-03 20:59:35,422 - urllib3.connectionpool - Starting new HTTP connection (1): 81.24.117.250:18080
2021-08-03 20:59:35,944 - urllib3.connectionpool - Starting new HTTP connection (1): 212.98.190.22:3128
2021-08-03 20:59:36,457 - urllib3.connectionpool - Starting new HTTP connection (1): 167.71.199.228:8080
2021-08-03 20:59:36,670 - urllib3.connectionpool - http://167.71.199.228:8080 "GET http://www.google.com/ HTTP/1.1" 200 5964
2021-08-03 20:59:36,678 - urllib3.connectionpool - Starting new HTTP connection (1): 167.71.199.228:8080
2021-08-03 20:59:36,873 - urllib3.connectionpool - http://167.71.199.228:8080 "GET http://www.google.com/ HTTP/1.1" 200 5973
2021-08-03 20:59:36,875 - urllib3.connectionpool - Starting new HTTPS connection (1): www.popinabox.us:443
2021-08-03 20:59:38,188 - urllib3.connectionpool - https://www.popinabox.us:443 "GET /funko/latest.list HTTP/1.1" 200 None
2021-08-03 20:59:39,932 - root - 'in <string>' requires string as left operand, not builtin_function_or_method
2021-08-03 20:59:39,933 - urllib3.connectionpool - Starting new HTTPS connection (1): www.sslproxies.org:443
2021-08-03 20:59:40,115 - urllib3.connectionpool - https://www.sslproxies.org:443 "GET / HTTP/1.1" 200 None
2021-08-03 20:59:40,143 - urllib3.connectionpool - Starting new HTTP connection (1): 117.54.11.82:3128
2021-08-03 20:59:40,657 - urllib3.connectionpool - Starting new HTTP connection (1): 140.227.25.251:6000
2021-08-03 20:59:41,173 - urllib3.connectionpool - Starting new HTTP connection (1): 14.177.236.212:55443
2021-08-03 20:59:41,687 - urllib3.connectionpool - Starting new HTTP connection (1): 113.160.37.152:53281
2021-08-03 20:59:42,506 - urllib3.connectionpool - Starting new HTTP connection (1): 37.17.38.196:53281
2021-08-03 20:59:43,013 - urllib3.connectionpool - Starting new HTTP connection (1): 201.174.63.30:8080
2021-08-03 20:59:43,521 - urllib3.connectionpool - Starting new HTTP connection (1): 181.129.138.114:30838
2021-08-03 20:59:44,040 - urllib3.connectionpool - Starting new HTTP connection (1): 95.216.247.78:22204
2021-08-03 20:59:44,555 - urllib3.connectionpool - Starting new HTTP connection (1): 200.85.169.18:47548
2021-08-03 20:59:45,071 - urllib3.connectionpool - Starting new HTTP connection (1): 47.56.69.11:8000
2021-08-03 20:59:45,308 - urllib3.connectionpool - Starting new HTTP connection (1): 187.62.191.3:61456
2021-08-03 20:59:45,821 - urllib3.connectionpool - Starting new HTTP connection (1): 88.82.95.146:3128
2021-08-03 20:59:46,333 - urllib3.connectionpool - Starting new HTTP connection (1): 27.116.51.178:6666
2021-08-03 20:59:46,847 - urllib3.connectionpool - Starting new HTTP connection (1): 197.255.253.210:58136
2021-08-03 20:59:47,366 - urllib3.connectionpool - Starting new HTTP connection (1): 178.47.141.85:2580
2021-08-03 21:00:04,735 - dotenv.main - Python-dotenv could not parse statement starting at line 15
2021-08-03 21:00:04,735 - root - Successfully started monitor
2021-08-03 21:00:04,739 - urllib3.connectionpool - Starting new HTTPS connection (1): discord.com:443
2021-08-03 21:00:05,280 - urllib3.connectionpool - https://discord.com:443 "POST /api/webhooks/850392839053639690/65cKLltyuopds0GR5ElwNaeKmhGKmEuXlILxyTidy5Yup0ZfrMMYbNIXK21qa8kcHlKk HTTP/1.1" 204 0
2021-08-03 21:00:05,290 - root - Payload delivered successfully, code 204.
2021-08-03 21:00:05,299 - urllib3.connectionpool - Starting new HTTPS connection (1): www.sslproxies.org:443
2021-08-03 21:00:05,493 - urllib3.connectionpool - https://www.sslproxies.org:443 "GET / HTTP/1.1" 200 None
2021-08-03 21:00:05,524 - urllib3.connectionpool - Starting new HTTPS connection (1): www.sslproxies.org:443
2021-08-03 21:00:05,719 - urllib3.connectionpool - https://www.sslproxies.org:443 "GET / HTTP/1.1" 200 None
2021-08-03 21:00:05,757 - urllib3.connectionpool - Starting new HTTP connection (1): 103.9.191.246:55186
2021-08-03 21:00:06,169 - urllib3.connectionpool - http://103.9.191.246:55186 "GET http://www.google.com/ HTTP/1.1" 200 5701
2021-08-03 21:00:06,172 - urllib3.connectionpool - Starting new HTTP connection (1): 103.9.191.246:55186
2021-08-03 21:00:06,617 - urllib3.connectionpool - http://103.9.191.246:55186 "GET http://www.google.com/ HTTP/1.1" 200 5683
2021-08-03 21:00:06,625 - urllib3.connectionpool - Starting new HTTPS connection (1): www.popinabox.us:443
2021-08-03 21:00:07,801 - urllib3.connectionpool - https://www.popinabox.us:443 "GET /funko/latest.list HTTP/1.1" 200 None
2021-08-03 21:00:10,951 - root - 'in <string>' requires string as left operand, not builtin_function_or_method
2021-08-03 21:00:10,953 - urllib3.connectionpool - Starting new HTTPS connection (1): www.sslproxies.org:443
2021-08-03 21:00:11,130 - urllib3.connectionpool - https://www.sslproxies.org:443 "GET / HTTP/1.1" 200 None
2021-08-03 21:00:11,154 - urllib3.connectionpool - Starting new HTTP connection (1): 92.52.186.123:32329
2021-08-03 21:00:11,662 - urllib3.connectionpool - Starting new HTTP connection (1): 140.227.211.47:8080
2021-08-03 21:00:12,165 - urllib3.connectionpool - Starting new HTTP connection (1): 103.4.66.165:55443
2021-08-03 21:00:12,788 - urllib3.connectionpool - Starting new HTTP connection (1): 95.216.247.78:22204
2021-08-03 21:00:13,505 - urllib3.connectionpool - Starting new HTTP connection (1): 161.202.226.194:80
2021-08-03 21:00:13,806 - urllib3.connectionpool - http://161.202.226.194:80 "GET http://www.google.com/ HTTP/1.1" 403 0
2021-08-03 21:00:13,813 - urllib3.connectionpool - Starting new HTTP connection (1): 161.202.226.194:80
2021-08-03 21:00:14,132 - urllib3.connectionpool - http://161.202.226.194:80 "GET http://www.google.com/ HTTP/1.1" 403 0
2021-08-03 21:00:14,138 - urllib3.connectionpool - Starting new HTTPS connection (1): www.popinabox.us:443
2021-08-03 21:00:43,721 - dotenv.main - Python-dotenv could not parse statement starting at line 15
2021-08-03 21:00:43,722 - root - Successfully started monitor
2021-08-03 21:00:43,725 - urllib3.connectionpool - Starting new HTTPS connection (1): discord.com:443
2021-08-03 21:00:44,260 - urllib3.connectionpool - https://discord.com:443 "POST /api/webhooks/850392839053639690/65cKLltyuopds0GR5ElwNaeKmhGKmEuXlILxyTidy5Yup0ZfrMMYbNIXK21qa8kcHlKk HTTP/1.1" 204 0
2021-08-03 21:00:44,268 - root - Payload delivered successfully, code 204.
2021-08-03 21:00:44,272 - urllib3.connectionpool - Starting new HTTPS connection (1): www.sslproxies.org:443
2021-08-03 21:00:44,486 - urllib3.connectionpool - https://www.sslproxies.org:443 "GET / HTTP/1.1" 200 None
2021-08-03 21:00:44,516 - urllib3.connectionpool - Starting new HTTPS connection (1): www.sslproxies.org:443
2021-08-03 21:00:44,714 - urllib3.connectionpool - https://www.sslproxies.org:443 "GET / HTTP/1.1" 200 None
2021-08-03 21:00:44,732 - urllib3.connectionpool - Starting new HTTP connection (1): 81.163.57.147:41258
2021-08-03 21:00:45,488 - urllib3.connectionpool - Starting new HTTP connection (1): 78.186.215.167:9090
2021-08-03 21:00:46,337 - urllib3.connectionpool - Starting new HTTP connection (1): 116.251.216.95:80
2021-08-03 21:00:46,539 - urllib3.connectionpool - http://116.251.216.95:80 "GET http://www.google.com/ HTTP/1.1" 200 5959
2021-08-03 21:00:46,548 - urllib3.connectionpool - Starting new HTTP connection (1): 116.251.216.95:80
2021-08-03 21:00:47,063 - urllib3.connectionpool - Starting new HTTP connection (1): 198.50.163.192:3129
2021-08-03 21:00:47,902 - urllib3.connectionpool - Starting new HTTP connection (1): 47.56.69.11:8000
2021-08-03 21:00:48,176 - urllib3.connectionpool - http://47.56.69.11:8000 "GET http://www.google.com/ HTTP/1.1" 502 494
2021-08-03 21:00:48,183 - urllib3.connectionpool - Starting new HTTP connection (1): 47.56.69.11:8000
2021-08-03 21:00:48,826 - urllib3.connectionpool - Starting new HTTP connection (1): 24.168.121.126:8080
2021-08-03 21:00:49,338 - urllib3.connectionpool - Starting new HTTP connection (1): 27.109.116.119:23500
2021-08-03 21:00:49,849 - urllib3.connectionpool - Starting new HTTP connection (1): 36.37.139.2:43997
2021-08-03 21:00:50,356 - urllib3.connectionpool - Starting new HTTP connection (1): 103.109.59.242:53281
2021-08-03 21:00:50,866 - urllib3.connectionpool - Starting new HTTP connection (1): 112.78.169.98:36963
2021-08-03 21:00:51,377 - urllib3.connectionpool - Starting new HTTP connection (1): 78.140.7.239:33943
2021-08-03 21:00:52,134 - urllib3.connectionpool - Starting new HTTP connection (1): 79.143.87.138:9090
2021-08-03 21:00:52,644 - urllib3.connectionpool - Starting new HTTP connection (1): 27.116.51.178:6666
2021-08-03 21:00:53,152 - urllib3.connectionpool - Starting new HTTP connection (1): 82.99.232.18:58689
2021-08-03 21:00:53,973 - urllib3.connectionpool - Starting new HTTP connection (1): 176.235.182.99:8080
2021-08-03 21:00:54,483 - urllib3.connectionpool - Starting new HTTP connection (1): 181.129.138.114:30838
2021-08-03 21:00:55,004 - urllib3.connectionpool - Starting new HTTP connection (1): 140.227.25.251:6000
2021-08-03 21:00:55,512 - urllib3.connectionpool - Starting new HTTP connection (1): 101.255.72.171:443
2021-08-03 21:00:56,025 - urllib3.connectionpool - Starting new HTTP connection (1): 191.103.219.225:48612
2021-08-03 21:00:56,534 - urllib3.connectionpool - Starting new HTTP connection (1): 170.83.60.125:55443
2021-08-03 21:00:57,045 - urllib3.connectionpool - Starting new HTTP connection (1): 180.211.192.61:8080
2021-08-03 21:00:57,553 - urllib3.connectionpool - Starting new HTTP connection (1): 103.28.242.180:55443
2021-08-03 21:00:58,063 - urllib3.connectionpool - Starting new HTTP connection (1): 27.116.63.120:7999
2021-08-03 21:00:58,573 - urllib3.connectionpool - Starting new HTTP connection (1): 45.229.32.245:999
2021-08-03 21:00:59,081 - urllib3.connectionpool - Starting new HTTP connection (1): 144.217.101.245:3129
2021-08-03 21:00:59,898 - urllib3.connectionpool - Starting new HTTP connection (1): 46.254.217.54:53281
2021-08-03 21:01:00,412 - urllib3.connectionpool - Starting new HTTP connection (1): 187.111.160.8:42579
2021-08-03 21:01:00,922 - urllib3.connectionpool - Starting new HTTP connection (1): 118.70.109.148:55443
2021-08-03 21:01:01,430 - urllib3.connectionpool - Starting new HTTP connection (1): 24.172.82.94:53281
2021-08-03 21:01:01,942 - urllib3.connectionpool - Starting new HTTP connection (1): 193.14.162.9:80
2021-08-03 21:01:02,456 - urllib3.connectionpool - Starting new HTTP connection (1): 190.11.15.2:59274
2021-08-03 21:01:03,334 - urllib3.connectionpool - Starting new HTTP connection (1): 83.167.203.174:50128
2021-08-03 21:01:03,843 - urllib3.connectionpool - Starting new HTTP connection (1): 103.231.218.126:53281
2021-08-03 21:01:04,356 - urllib3.connectionpool - Starting new HTTP connection (1): 187.62.191.3:61456
2021-08-03 21:01:04,864 - urllib3.connectionpool - Starting new HTTP connection (1): 89.40.48.186:8080
2021-08-03 21:01:05,375 - urllib3.connectionpool - Starting new HTTP connection (1): 177.104.125.173:55443
2021-08-03 21:01:05,897 - urllib3.connectionpool - Starting new HTTP connection (1): 171.233.151.214:55443
2021-08-03 21:01:06,410 - urllib3.connectionpool - Starting new HTTP connection (1): 95.216.247.78:22204
2021-08-03 21:01:06,920 - urllib3.connectionpool - Starting new HTTP connection (1): 118.174.196.112:36314
2021-08-03 21:01:07,432 - urllib3.connectionpool - Starting new HTTP connection (1): 115.85.65.150:39736
2021-08-03 21:01:07,945 - urllib3.connectionpool - Starting new HTTP connection (1): 177.73.16.74:55443
2021-08-03 21:01:08,859 - urllib3.connectionpool - Starting new HTTP connection (1): 212.98.190.22:3128
2021-08-03 21:01:37,931 - dotenv.main - Python-dotenv could not parse statement starting at line 15
2021-08-03 21:01:37,931 - root - Successfully started monitor
2021-08-03 21:01:37,935 - urllib3.connectionpool - Starting new HTTPS connection (1): discord.com:443
2021-08-03 21:01:38,548 - urllib3.connectionpool - https://discord.com:443 "POST /api/webhooks/850392839053639690/65cKLltyuopds0GR5ElwNaeKmhGKmEuXlILxyTidy5Yup0ZfrMMYbNIXK21qa8kcHlKk HTTP/1.1" 204 0
2021-08-03 21:01:38,555 - root - Payload delivered successfully, code 204.
2021-08-03 21:01:38,562 - urllib3.connectionpool - Starting new HTTPS connection (1): www.sslproxies.org:443
2021-08-03 21:01:38,778 - urllib3.connectionpool - https://www.sslproxies.org:443 "GET / HTTP/1.1" 200 None
2021-08-03 21:01:38,797 - urllib3.connectionpool - Starting new HTTPS connection (1): www.sslproxies.org:443
2021-08-03 21:01:38,985 - urllib3.connectionpool - https://www.sslproxies.org:443 "GET / HTTP/1.1" 200 None
2021-08-03 21:01:39,009 - urllib3.connectionpool - Starting new HTTP connection (1): 200.85.169.18:47548
2021-08-03 21:01:39,525 - urllib3.connectionpool - Starting new HTTP connection (1): 95.216.247.78:22204
2021-08-03 21:01:40,038 - urllib3.connectionpool - Starting new HTTP connection (1): 115.85.65.150:39736
2021-08-03 21:01:40,551 - urllib3.connectionpool - Starting new HTTP connection (1): 167.71.199.228:8080
2021-08-03 21:01:41,101 - urllib3.connectionpool - http://167.71.199.228:8080 "GET http://www.google.com/ HTTP/1.1" 200 5971
2021-08-03 21:01:41,110 - urllib3.connectionpool - Starting new HTTP connection (1): 167.71.199.228:8080
2021-08-03 21:01:41,398 - urllib3.connectionpool - Starting new HTTP connection (1): 160.16.89.237:3128
2021-08-03 21:01:41,916 - urllib3.connectionpool - Starting new HTTP connection (1): 41.222.209.12:808
2021-08-03 21:01:42,721 - urllib3.connectionpool - Starting new HTTP connection (1): 41.222.209.14:808
2021-08-03 21:01:43,698 - urllib3.connectionpool - Starting new HTTP connection (1): 78.186.215.167:9090
2021-08-03 21:01:44,579 - urllib3.connectionpool - Starting new HTTP connection (1): 131.161.68.37:31264
2021-08-03 21:01:45,087 - urllib3.connectionpool - Starting new HTTP connection (1): 212.98.190.22:3128
2021-08-03 21:01:45,598 - urllib3.connectionpool - Starting new HTTP connection (1): 118.70.109.148:55443
2021-08-03 21:01:46,101 - urllib3.connectionpool - http://118.70.109.148:55443 "GET http://www.google.com/ HTTP/1.1" 200 6213
2021-08-03 21:01:46,106 - urllib3.connectionpool - Starting new HTTP connection (1): 118.70.109.148:55443
2021-08-03 21:01:46,617 - urllib3.connectionpool - Starting new HTTP connection (1): 79.143.87.138:9090
2021-08-03 21:01:47,136 - urllib3.connectionpool - Starting new HTTP connection (1): 140.112.30.38:8080
2021-08-03 21:01:47,650 - urllib3.connectionpool - Starting new HTTP connection (1): 78.140.7.239:33943
2021-08-03 21:01:48,389 - urllib3.connectionpool - http://78.140.7.239:33943 "GET http://www.google.com/ HTTP/1.1" 200 6168
2021-08-03 21:01:48,404 - urllib3.connectionpool - Starting new HTTP connection (1): 78.140.7.239:33943
2021-08-03 21:01:48,918 - urllib3.connectionpool - Starting new HTTP connection (1): 144.217.101.245:3129
2021-08-03 21:01:49,765 - urllib3.connectionpool - Starting new HTTP connection (1): 110.232.67.44:55443
2021-08-03 21:01:50,235 - urllib3.connectionpool - http://110.232.67.44:55443 "GET http://www.google.com/ HTTP/1.1" 200 6051
2021-08-03 21:01:50,244 - urllib3.connectionpool - Starting new HTTP connection (1): 110.232.67.44:55443
2021-08-03 21:01:50,756 - urllib3.connectionpool - Starting new HTTP connection (1): 114.199.80.100:8182
2021-08-03 21:01:51,267 - urllib3.connectionpool - Starting new HTTP connection (1): 81.24.117.250:18080
2021-08-03 21:01:51,974 - urllib3.connectionpool - Starting new HTTP connection (1): 103.130.141.98:8080
2021-08-03 21:01:52,488 - urllib3.connectionpool - Starting new HTTP connection (1): 103.9.191.246:55186
2021-08-03 21:01:53,150 - urllib3.connectionpool - Starting new HTTP connection (1): 177.104.125.173:55443
2021-08-03 21:01:53,665 - urllib3.connectionpool - Starting new HTTP connection (1): 177.73.16.74:55443
2021-08-03 21:01:54,591 - urllib3.connectionpool - Starting new HTTP connection (1): 36.67.25.137:8080
2021-08-03 21:01:55,285 - urllib3.connectionpool - Starting new HTTP connection (1): 103.11.106.70:8181
2021-08-03 21:01:55,795 - urllib3.connectionpool - Starting new HTTP connection (1): 101.255.72.171:443
2021-08-03 21:01:56,302 - urllib3.connectionpool - Starting new HTTP connection (1): 1.179.148.9:55636
2021-08-03 21:01:56,884 - urllib3.connectionpool - Starting new HTTP connection (1): 191.103.219.225:48612
2021-08-03 21:01:57,400 - urllib3.connectionpool - Starting new HTTP connection (1): 140.227.25.251:6000
2021-08-03 21:01:57,919 - urllib3.connectionpool - Starting new HTTP connection (1): 95.216.9.69:2020
2021-08-03 21:01:58,428 - urllib3.connectionpool - Starting new HTTP connection (1): 187.62.191.3:61456
2021-08-03 21:01:58,951 - urllib3.connectionpool - Starting new HTTP connection (1): 103.83.37.11:3128
2021-08-03 21:01:59,543 - urllib3.connectionpool - Starting new HTTP connection (1): 78.92.231.44:55443
2021-08-03 21:02:03,617 - dotenv.main - Python-dotenv could not parse statement starting at line 15
2021-08-03 21:02:03,618 - root - Successfully started monitor
2021-08-03 21:02:03,621 - urllib3.connectionpool - Starting new HTTPS connection (1): discord.com:443
2021-08-03 21:02:04,142 - urllib3.connectionpool - https://discord.com:443 "POST /api/webhooks/850392839053639690/65cKLltyuopds0GR5ElwNaeKmhGKmEuXlILxyTidy5Yup0ZfrMMYbNIXK21qa8kcHlKk HTTP/1.1" 204 0
2021-08-03 21:02:04,150 - root - Payload delivered successfully, code 204.
2021-08-03 21:02:04,158 - urllib3.connectionpool - Starting new HTTPS connection (1): www.sslproxies.org:443
2021-08-03 21:02:04,350 - urllib3.connectionpool - https://www.sslproxies.org:443 "GET / HTTP/1.1" 200 None
2021-08-03 21:02:04,381 - urllib3.connectionpool - Starting new HTTPS connection (1): www.sslproxies.org:443
2021-08-03 21:02:04,560 - urllib3.connectionpool - https://www.sslproxies.org:443 "GET / HTTP/1.1" 200 None
2021-08-03 21:02:04,583 - urllib3.connectionpool - Starting new HTTP connection (1): 144.217.101.245:3129
2021-08-03 21:02:05,403 - urllib3.connectionpool - Starting new HTTP connection (1): 95.168.96.42:34273
2021-08-03 21:02:06,150 - urllib3.connectionpool - Starting new HTTP connection (1): 110.232.67.44:55443
2021-08-03 21:02:06,669 - urllib3.connectionpool - Starting new HTTP connection (1): 78.92.231.44:55443
2021-08-03 21:02:07,184 - urllib3.connectionpool - Starting new HTTP connection (1): 131.161.68.37:31264
2021-08-03 21:02:07,697 - urllib3.connectionpool - Starting new HTTP connection (1): 103.83.37.11:3128
2021-08-03 21:02:08,207 - urllib3.connectionpool - Starting new HTTP connection (1): 88.82.95.146:3128
2021-08-03 21:02:08,715 - urllib3.connectionpool - Starting new HTTP connection (1): 187.62.191.3:61456
2021-08-03 21:02:09,229 - urllib3.connectionpool - Starting new HTTP connection (1): 24.172.82.94:53281
2021-08-03 21:02:09,736 - urllib3.connectionpool - Starting new HTTP connection (1): 89.40.48.186:8080
2021-08-03 21:02:10,247 - urllib3.connectionpool - Starting new HTTP connection (1): 54.207.49.149:58734
2021-08-03 21:02:11,159 - urllib3.connectionpool - Starting new HTTP connection (1): 161.202.226.194:80
2021-08-03 21:02:11,461 - urllib3.connectionpool - http://161.202.226.194:80 "GET http://www.google.com/ HTTP/1.1" 403 0
2021-08-03 21:02:11,464 - urllib3.connectionpool - Starting new HTTP connection (1): 161.202.226.194:80
2021-08-03 21:02:11,744 - urllib3.connectionpool - http://161.202.226.194:80 "GET http://www.google.com/ HTTP/1.1" 403 0
2021-08-03 21:02:11,751 - urllib3.connectionpool - Starting new HTTPS connection (1): www.popinabox.us:443
2021-08-03 21:02:12,936 - urllib3.connectionpool - https://www.popinabox.us:443 "GET /funko/latest.list HTTP/1.1" 200 None
2021-08-03 21:02:16,230 - urllib3.connectionpool - Starting new HTTPS connection (1): discord.com:443
2021-08-03 21:02:16,813 - urllib3.connectionpool - https://discord.com:443 "POST /api/webhooks/850392839053639690/65cKLltyuopds0GR5ElwNaeKmhGKmEuXlILxyTidy5Yup0ZfrMMYbNIXK21qa8kcHlKk HTTP/1.1" 204 0
2021-08-03 21:02:16,815 - root - Payload delivered successfully, code 204.
2021-08-03 21:02:16,817 - urllib3.connectionpool - Starting new HTTPS connection (1): discord.com:443
2021-08-03 21:02:17,400 - urllib3.connectionpool - https://discord.com:443 "POST /api/webhooks/850392839053639690/65cKLltyuopds0GR5ElwNaeKmhGKmEuXlILxyTidy5Yup0ZfrMMYbNIXK21qa8kcHlKk HTTP/1.1" 204 0
2021-08-03 21:02:17,402 - root - Payload delivered successfully, code 204.
2021-08-03 21:02:17,406 - urllib3.connectionpool - Starting new HTTPS connection (1): discord.com:443
2021-08-03 21:02:17,937 - urllib3.connectionpool - https://discord.com:443 "POST /api/webhooks/850392839053639690/65cKLltyuopds0GR5ElwNaeKmhGKmEuXlILxyTidy5Yup0ZfrMMYbNIXK21qa8kcHlKk HTTP/1.1" 204 0
2021-08-03 21:02:17,945 - root - Payload delivered successfully, code 204.
2021-08-03 21:02:17,952 - urllib3.connectionpool - Starting new HTTPS connection (1): discord.com:443
2021-08-03 21:02:18,560 - urllib3.connectionpool - https://discord.com:443 "POST /api/webhooks/850392839053639690/65cKLltyuopds0GR5ElwNaeKmhGKmEuXlILxyTidy5Yup0ZfrMMYbNIXK21qa8kcHlKk HTTP/1.1" 204 0
2021-08-03 21:02:18,564 - root - Payload delivered successfully, code 204.
2021-08-03 21:02:18,566 - urllib3.connectionpool - Starting new HTTPS connection (1): discord.com:443
2021-08-03 21:02:19,251 - urllib3.connectionpool - https://discord.com:443 "POST /api/webhooks/850392839053639690/65cKLltyuopds0GR5ElwNaeKmhGKmEuXlILxyTidy5Yup0ZfrMMYbNIXK21qa8kcHlKk HTTP/1.1" 204 0
2021-08-03 21:02:19,261 - root - Payload delivered successfully, code 204.
2021-08-03 21:02:19,268 - urllib3.connectionpool - Starting new HTTPS connection (1): discord.com:443
2021-08-03 21:02:19,833 - urllib3.connectionpool - https://discord.com:443 "POST /api/webhooks/850392839053639690/65cKLltyuopds0GR5ElwNaeKmhGKmEuXlILxyTidy5Yup0ZfrMMYbNIXK21qa8kcHlKk HTTP/1.1" 204 0
2021-08-03 21:02:19,838 - root - Payload delivered successfully, code 204.
2021-08-03 21:02:19,843 - urllib3.connectionpool - Starting new HTTPS connection (1): discord.com:443
2021-08-03 21:02:20,398 - urllib3.connectionpool - https://discord.com:443 "POST /api/webhooks/850392839053639690/65cKLltyuopds0GR5ElwNaeKmhGKmEuXlILxyTidy5Yup0ZfrMMYbNIXK21qa8kcHlKk HTTP/1.1" 204 0
2021-08-03 21:02:20,400 - root - Payload delivered successfully, code 204.
2021-08-03 21:02:20,402 - urllib3.connectionpool - Starting new HTTPS connection (1): discord.com:443
2021-08-03 21:02:20,920 - urllib3.connectionpool - https://discord.com:443 "POST /api/webhooks/850392839053639690/65cKLltyuopds0GR5ElwNaeKmhGKmEuXlILxyTidy5Yup0ZfrMMYbNIXK21qa8kcHlKk HTTP/1.1" 204 0
2021-08-03 21:02:20,924 - root - Payload delivered successfully, code 204.
2021-08-03 21:02:20,928 - urllib3.connectionpool - Starting new HTTPS connection (1): discord.com:443
2021-08-03 21:02:21,486 - urllib3.connectionpool - https://discord.com:443 "POST /api/webhooks/850392839053639690/65cKLltyuopds0GR5ElwNaeKmhGKmEuXlILxyTidy5Yup0ZfrMMYbNIXK21qa8kcHlKk HTTP/1.1" 204 0
2021-08-03 21:02:21,497 - root - Payload delivered successfully, code 204.
2021-08-03 21:02:21,505 - urllib3.connectionpool - Starting new HTTPS connection (1): discord.com:443
2021-08-03 21:02:22,264 - urllib3.connectionpool - https://discord.com:443 "POST /api/webhooks/850392839053639690/65cKLltyuopds0GR5ElwNaeKmhGKmEuXlILxyTidy5Yup0ZfrMMYbNIXK21qa8kcHlKk HTTP/1.1" 204 0
2021-08-03 21:02:22,266 - root - Payload delivered successfully, code 204.
2021-08-03 21:02:22,268 - urllib3.connectionpool - Starting new HTTPS connection (1): discord.com:443
2021-08-03 21:02:22,869 - urllib3.connectionpool - https://discord.com:443 "POST /api/webhooks/850392839053639690/65cKLltyuopds0GR5ElwNaeKmhGKmEuXlILxyTidy5Yup0ZfrMMYbNIXK21qa8kcHlKk HTTP/1.1" 204 0
2021-08-03 21:02:22,874 - root - Payload delivered successfully, code 204.
2021-08-03 21:02:22,877 - urllib3.connectionpool - Starting new HTTPS connection (1): discord.com:443
2021-08-03 21:02:23,423 - urllib3.connectionpool - https://discord.com:443 "POST /api/webhooks/850392839053639690/65cKLltyuopds0GR5ElwNaeKmhGKmEuXlILxyTidy5Yup0ZfrMMYbNIXK21qa8kcHlKk HTTP/1.1" 204 0
2021-08-03 21:02:23,429 - root - Payload delivered successfully, code 204.
2021-08-03 21:02:23,438 - urllib3.connectionpool - Starting new HTTPS connection (1): discord.com:443
2021-08-03 21:02:23,948 - urllib3.connectionpool - https://discord.com:443 "POST /api/webhooks/850392839053639690/65cKLltyuopds0GR5ElwNaeKmhGKmEuXlILxyTidy5Yup0ZfrMMYbNIXK21qa8kcHlKk HTTP/1.1" 204 0
2021-08-03 21:02:23,953 - root - Payload delivered successfully, code 204.
2021-08-03 21:02:23,957 - urllib3.connectionpool - Starting new HTTPS connection (1): discord.com:443
2021-08-03 21:02:24,506 - urllib3.connectionpool - https://discord.com:443 "POST /api/webhooks/850392839053639690/65cKLltyuopds0GR5ElwNaeKmhGKmEuXlILxyTidy5Yup0ZfrMMYbNIXK21qa8kcHlKk HTTP/1.1" 204 0
2021-08-03 21:02:24,509 - root - Payload delivered successfully, code 204.
2021-08-03 21:02:24,512 - urllib3.connectionpool - Starting new HTTPS connection (1): discord.com:443
2021-08-03 21:02:25,048 - urllib3.connectionpool - https://discord.com:443 "POST /api/webhooks/850392839053639690/65cKLltyuopds0GR5ElwNaeKmhGKmEuXlILxyTidy5Yup0ZfrMMYbNIXK21qa8kcHlKk HTTP/1.1" 204 0
2021-08-03 21:02:25,052 - root - Payload delivered successfully, code 204.
2021-08-03 21:02:25,054 - urllib3.connectionpool - Starting new HTTPS connection (1): discord.com:443
2021-08-03 21:02:25,563 - urllib3.connectionpool - https://discord.com:443 "POST /api/webhooks/850392839053639690/65cKLltyuopds0GR5ElwNaeKmhGKmEuXlILxyTidy5Yup0ZfrMMYbNIXK21qa8kcHlKk HTTP/1.1" 204 0
2021-08-03 21:02:25,571 - root - Payload delivered successfully, code 204.
2021-08-03 21:02:25,578 - urllib3.connectionpool - Starting new HTTPS connection (1): discord.com:443
2021-08-03 21:02:26,119 - urllib3.connectionpool - https://discord.com:443 "POST /api/webhooks/850392839053639690/65cKLltyuopds0GR5ElwNaeKmhGKmEuXlILxyTidy5Yup0ZfrMMYbNIXK21qa8kcHlKk HTTP/1.1" 204 0
2021-08-03 21:02:26,131 - root - Payload delivered successfully, code 204.
2021-08-03 21:02:36,149 - urllib3.connectionpool - Starting new HTTPS connection (1): www.popinabox.us:443
2021-08-03 21:02:37,311 - urllib3.connectionpool - https://www.popinabox.us:443 "GET /funko/latest.list HTTP/1.1" 200 None
2021-08-03 21:02:50,508 - urllib3.connectionpool - Starting new HTTPS connection (1): www.popinabox.us:443
2021-08-03 21:02:52,082 - urllib3.connectionpool - https://www.popinabox.us:443 "GET /funko/latest.list HTTP/1.1" 200 None
2021-08-03 21:03:00,178 - dotenv.main - Python-dotenv could not parse statement starting at line 15
2021-08-03 21:03:00,179 - root - Successfully started monitor
2021-08-03 21:03:00,182 - urllib3.connectionpool - Starting new HTTPS connection (1): discord.com:443
2021-08-03 21:03:00,732 - urllib3.connectionpool - https://discord.com:443 "POST /api/webhooks/850392839053639690/65cKLltyuopds0GR5ElwNaeKmhGKmEuXlILxyTidy5Yup0ZfrMMYbNIXK21qa8kcHlKk HTTP/1.1" 204 0
2021-08-03 21:03:00,734 - root - Payload delivered successfully, code 204.
2021-08-03 21:03:00,736 - urllib3.connectionpool - Starting new HTTPS connection (1): www.sslproxies.org:443
2021-08-03 21:03:01,629 - urllib3.connectionpool - https://www.sslproxies.org:443 "GET / HTTP/1.1" 200 None
2021-08-03 21:03:01,671 - urllib3.connectionpool - Starting new HTTP connection (1): 157.90.139.18:808
2021-08-03 21:03:02,177 - urllib3.connectionpool - Starting new HTTPS connection (1): www.sslproxies.org:443
2021-08-03 21:03:02,368 - urllib3.connectionpool - https://www.sslproxies.org:443 "GET / HTTP/1.1" 200 None
2021-08-03 21:03:02,405 - urllib3.connectionpool - Starting new HTTP connection (1): 41.194.37.106:45381
2021-08-03 21:03:03,127 - urllib3.connectionpool - Starting new HTTP connection (1): 178.72.74.40:31372
2021-08-03 21:03:03,645 - urllib3.connectionpool - Starting new HTTP connection (1): 103.216.82.19:6666
2021-08-03 21:03:04,161 - urllib3.connectionpool - Starting new HTTP connection (1): 103.212.92.254:38005
2021-08-03 21:03:04,675 - urllib3.connectionpool - Starting new HTTP connection (1): 202.154.180.53:46717
2021-08-03 21:03:05,329 - urllib3.connectionpool - Starting new HTTP connection (1): 119.252.168.52:53281
2021-08-03 21:03:05,835 - urllib3.connectionpool - Starting new HTTP connection (1): 154.0.15.166:46547
2021-08-03 21:03:06,351 - urllib3.connectionpool - Starting new HTTP connection (1): 140.227.71.136:6000
2021-08-03 21:03:06,861 - urllib3.connectionpool - Starting new HTTP connection (1): 212.98.190.22:3128
2021-08-03 21:03:07,374 - urllib3.connectionpool - Starting new HTTP connection (1): 150.129.207.72:30093
2021-08-03 21:03:07,887 - urllib3.connectionpool - Starting new HTTP connection (1): 85.175.100.26:2017
2021-08-03 21:03:08,645 - urllib3.connectionpool - Starting new HTTP connection (1): 212.164.216.128:8040
2021-08-03 21:03:09,409 - urllib3.connectionpool - Starting new HTTP connection (1): 178.217.172.206:55443
2021-08-03 21:03:09,918 - urllib3.connectionpool - Starting new HTTP connection (1): 160.202.40.20:55655
2021-08-03 21:03:10,435 - urllib3.connectionpool - Starting new HTTP connection (1): 103.206.254.170:65103
2021-08-03 21:03:10,946 - urllib3.connectionpool - Starting new HTTP connection (1): 95.165.4.178:8080
2021-08-03 21:03:11,460 - urllib3.connectionpool - Starting new HTTP connection (1): 190.145.200.126:53281
2021-08-03 21:03:11,976 - urllib3.connectionpool - Starting new HTTP connection (1): 186.159.3.43:30334
2021-08-03 21:03:12,490 - urllib3.connectionpool - Starting new HTTP connection (1): 187.216.90.46:53281
2021-08-03 21:03:13,003 - urllib3.connectionpool - Starting new HTTP connection (1): 103.148.79.106:8080
2021-08-03 21:03:13,507 - urllib3.connectionpool - Starting new HTTP connection (1): 103.83.116.122:55443
2021-08-03 21:03:14,021 - urllib3.connectionpool - Starting new HTTP connection (1): 195.138.73.54:44017
2021-08-03 21:03:14,540 - urllib3.connectionpool - Starting new HTTP connection (1): 182.52.236.134:8080
2021-08-03 21:03:15,053 - urllib3.connectionpool - Starting new HTTP connection (1): 91.211.107.204:41258
2021-08-03 21:03:15,566 - urllib3.connectionpool - Starting new HTTP connection (1): 122.248.45.35:53281
2021-08-03 21:03:16,070 - urllib3.connectionpool - Starting new HTTP connection (1): 186.233.98.173:23500
2021-08-03 21:03:16,589 - urllib3.connectionpool - Starting new HTTP connection (1): 200.29.102.231:55443
2021-08-03 21:03:17,096 - urllib3.connectionpool - Starting new HTTP connection (1): 62.133.168.72:55443
2021-08-03 21:03:17,612 - urllib3.connectionpool - Starting new HTTP connection (1): 103.22.248.59:61661
2021-08-03 21:03:18,151 - urllib3.connectionpool - http://103.22.248.59:61661 "GET http://www.google.com/ HTTP/1.1" 200 6055
2021-08-03 21:03:18,160 - urllib3.connectionpool - Starting new HTTP connection (1): 103.22.248.59:61661
2021-08-03 21:03:18,682 - urllib3.connectionpool - Starting new HTTP connection (1): 157.90.139.18:808
2021-08-03 21:03:19,193 - urllib3.connectionpool - Starting new HTTP connection (1): 191.100.20.14:8080
2021-08-03 21:03:19,712 - urllib3.connectionpool - Starting new HTTP connection (1): 87.237.234.187:3128
2021-08-03 21:03:20,226 - urllib3.connectionpool - http://87.237.234.187:3128 "GET http://www.google.com/ HTTP/1.1" 504 None
2021-08-03 21:03:20,228 - urllib3.connectionpool - Starting new HTTP connection (1): 114.32.84.229:80
2021-08-03 21:03:20,740 - urllib3.connectionpool - Starting new HTTP connection (1): 138.99.164.90:3128
2021-08-03 21:03:21,260 - urllib3.connectionpool - Starting new HTTP connection (1): 223.255.133.34:8080
2021-08-03 21:03:21,921 - urllib3.connectionpool - Starting new HTTP connection (1): 81.18.34.98:42535
2021-08-03 21:03:22,434 - urllib3.connectionpool - Starting new HTTP connection (1): 81.95.131.10:44292
2021-08-03 21:03:23,159 - urllib3.connectionpool - Starting new HTTP connection (1): 181.49.100.190:8080
2021-08-03 21:03:23,679 - urllib3.connectionpool - Starting new HTTP connection (1): 190.57.143.66:50719
2021-08-03 21:03:24,191 - urllib3.connectionpool - Starting new HTTP connection (1): 37.120.192.154:8080
2021-08-03 21:03:24,711 - urllib3.connectionpool - Starting new HTTP connection (1): 8.210.239.163:8118
2021-08-03 21:03:25,361 - urllib3.connectionpool - Starting new HTTP connection (1): 43.224.10.48:6666
2021-08-03 21:03:25,876 - urllib3.connectionpool - Starting new HTTP connection (1): 192.140.42.83:31511
2021-08-03 21:03:26,392 - urllib3.connectionpool - Starting new HTTP connection (1): 1.10.141.220:54620
2021-08-03 21:03:27,075 - urllib3.connectionpool - Starting new HTTP connection (1): 103.119.144.4:55443
2021-08-03 21:03:27,789 - urllib3.connectionpool - Starting new HTTP connection (1): 31.204.180.44:53281
2021-08-03 21:03:28,304 - urllib3.connectionpool - Starting new HTTP connection (1): 157.65.167.27:3128
2021-08-03 21:03:28,818 - urllib3.connectionpool - Starting new HTTP connection (1): 45.121.216.218:55443
2021-08-03 21:03:29,337 - urllib3.connectionpool - Starting new HTTP connection (1): 27.109.116.119:23500
2021-08-03 21:03:29,848 - urllib3.connectionpool - Starting new HTTP connection (1): 201.217.245.229:49160
2021-08-03 21:03:30,362 - urllib3.connectionpool - Starting new HTTP connection (1): 202.141.233.166:48995
2021-08-03 21:03:30,872 - urllib3.connectionpool - Starting new HTTP connection (1): 192.99.239.215:8080
2021-08-03 21:03:31,386 - urllib3.connectionpool - Starting new HTTP connection (1): 181.129.138.114:30838
2021-08-03 21:03:31,899 - urllib3.connectionpool - Starting new HTTP connection (1): 202.29.220.202:52145
2021-08-03 21:03:32,412 - urllib3.connectionpool - Starting new HTTP connection (1): 37.18.100.185:8080
2021-08-03 21:03:32,925 - urllib3.connectionpool - Starting new HTTP connection (1): 46.229.187.169:53281
2021-08-03 21:03:33,438 - urllib3.connectionpool - Starting new HTTP connection (1): 103.231.218.126:53281
2021-08-03 21:03:33,942 - urllib3.connectionpool - Starting new HTTP connection (1): 59.120.147.82:3128
2021-08-03 21:03:34,595 - urllib3.connectionpool - Starting new HTTP connection (1): 103.212.93.253:48434
2021-08-03 21:03:35,079 - urllib3.connectionpool - Starting new HTTP connection (1): 124.41.243.72:44716
2021-08-03 21:03:35,599 - urllib3.connectionpool - Starting new HTTP connection (1): 212.73.68.156:3128
2021-08-03 21:03:36,107 - urllib3.connectionpool - Starting new HTTP connection (1): 202.180.54.214:8080
2021-08-03 21:03:36,623 - urllib3.connectionpool - Starting new HTTP connection (1): 212.175.55.46:53281
2021-08-03 21:03:37,133 - urllib3.connectionpool - Starting new HTTP connection (1): 202.165.47.90:55443
2021-08-03 21:03:37,642 - urllib3.connectionpool - Starting new HTTP connection (1): 103.68.60.115:80
2021-08-03 21:03:38,154 - urllib3.connectionpool - Starting new HTTP connection (1): 43.224.10.32:6666
2021-08-03 21:03:38,666 - urllib3.connectionpool - Starting new HTTP connection (1): 111.92.164.242:50249
2021-08-03 21:03:39,176 - urllib3.connectionpool - Starting new HTTP connection (1): 103.220.204.101:59570
2021-08-03 21:03:39,876 - urllib3.connectionpool - Starting new HTTP connection (1): 187.111.160.6:8080
2021-08-03 21:03:40,389 - urllib3.connectionpool - Starting new HTTP connection (1): 103.28.242.180:55443
2021-08-03 21:03:40,985 - urllib3.connectionpool - http://103.28.242.180:55443 "GET http://www.google.com/ HTTP/1.1" 200 5666
2021-08-03 21:03:40,994 - urllib3.connectionpool - Starting new HTTP connection (1): 103.28.242.180:55443
2021-08-03 21:03:41,652 - urllib3.connectionpool - Starting new HTTP connection (1): 195.110.7.195:3121
2021-08-03 21:03:42,173 - urllib3.connectionpool - Starting new HTTP connection (1): 1.20.217.52:8080
2021-08-03 21:03:42,682 - urllib3.connectionpool - Starting new HTTP connection (1): 193.193.240.34:45944
2021-08-03 21:03:43,195 - urllib3.connectionpool - Starting new HTTP connection (1): 103.26.130.156:55443
2021-08-03 21:03:43,708 - urllib3.connectionpool - Starting new HTTP connection (1): 103.68.251.37:3128
2021-08-03 21:03:44,439 - urllib3.connectionpool - Starting new HTTP connection (1): 170.83.218.226:5678
2021-08-03 21:03:44,944 - urllib3.connectionpool - Starting new HTTP connection (1): 196.41.102.130:46004
2021-08-03 21:03:45,454 - urllib3.connectionpool - Starting new HTTP connection (1): 207.144.111.230:8080
2021-08-03 21:03:45,972 - urllib3.connectionpool - Starting new HTTP connection (1): 14.207.120.139:8080
2021-08-03 21:03:46,477 - urllib3.connectionpool - Starting new HTTP connection (1): 213.230.127.143:3128
2021-08-03 21:03:46,990 - urllib3.connectionpool - Starting new HTTP connection (1): 109.86.152.78:55443
2021-08-03 21:03:47,504 - urllib3.connectionpool - Starting new HTTP connection (1): 195.74.72.129:37213
2021-08-03 21:03:48,023 - urllib3.connectionpool - Starting new HTTP connection (1): 82.99.232.18:58689
2021-08-03 21:03:48,533 - urllib3.connectionpool - Starting new HTTP connection (1): 190.214.52.226:53281
2021-08-03 21:03:49,047 - urllib3.connectionpool - Starting new HTTP connection (1): 139.162.227.68:3228
2021-08-03 21:03:49,751 - urllib3.connectionpool - Starting new HTTP connection (1): 103.240.161.101:6666
2021-08-03 21:03:50,266 - urllib3.connectionpool - Starting new HTTP connection (1): 103.250.153.242:31382
2021-08-03 21:03:50,770 - urllib3.connectionpool - Starting new HTTP connection (1): 27.116.51.178:6666
2021-08-03 21:03:51,287 - urllib3.connectionpool - Starting new HTTP connection (1): 116.251.216.95:80
2021-08-03 21:03:51,474 - urllib3.connectionpool - http://116.251.216.95:80 "GET http://www.google.com/ HTTP/1.1" 200 5980
2021-08-03 21:03:51,477 - urllib3.connectionpool - Starting new HTTP connection (1): 116.251.216.95:80
2021-08-03 21:03:51,988 - urllib3.connectionpool - Starting new HTTP connection (1): 200.116.198.177:35184
2021-08-03 21:03:52,503 - urllib3.connectionpool - Starting new HTTP connection (1): 124.41.240.203:55948
2021-08-03 21:03:53,019 - urllib3.connectionpool - Starting new HTTP connection (1): 103.119.244.10:55207
2021-08-03 21:03:53,534 - urllib3.connectionpool - Starting new HTTP connection (1): 113.160.224.224:55443
2021-08-03 21:03:54,188 - urllib3.connectionpool - Starting new HTTP connection (1): 176.62.188.158:56351
2021-08-03 21:03:54,928 - urllib3.connectionpool - Starting new HTTP connection (1): 45.235.110.66:53281
2021-08-03 21:03:55,444 - urllib3.connectionpool - Starting new HTTP connection (1): 195.158.7.10:3128
2021-08-03 21:03:56,131 - urllib3.connectionpool - http://195.158.7.10:3128 "GET http://www.google.com/ HTTP/1.1" 504 None
2021-08-03 21:03:56,133 - urllib3.connectionpool - Starting new HTTP connection (1): 124.41.213.201:39272
2021-08-03 21:03:56,642 - urllib3.connectionpool - Starting new HTTP connection (1): 46.8.247.3:50967
2021-08-03 21:03:57,158 - urllib3.connectionpool - Starting new HTTP connection (1): 95.140.27.135:58901
2021-08-03 21:03:57,665 - urllib3.connectionpool - Starting new HTTP connection (1): 36.95.23.89:8080
2021-08-03 21:03:58,173 - urllib3.connectionpool - Starting new HTTPS connection (1): www.popinabox.us:443
2021-08-03 21:03:59,497 - urllib3.connectionpool - https://www.popinabox.us:443 "GET /funko/latest.list HTTP/1.1" 200 None
2021-08-03 21:04:02,237 - urllib3.connectionpool - Starting new HTTPS connection (1): discord.com:443
2021-08-03 21:04:02,975 - urllib3.connectionpool - https://discord.com:443 "POST /api/webhooks/850392839053639690/65cKLltyuopds0GR5ElwNaeKmhGKmEuXlILxyTidy5Yup0ZfrMMYbNIXK21qa8kcHlKk HTTP/1.1" 204 0
2021-08-03 21:04:02,984 - root - Payload delivered successfully, code 204.
2021-08-03 21:04:02,992 - urllib3.connectionpool - Starting new HTTPS connection (1): discord.com:443
2021-08-03 21:04:03,757 - urllib3.connectionpool - https://discord.com:443 "POST /api/webhooks/850392839053639690/65cKLltyuopds0GR5ElwNaeKmhGKmEuXlILxyTidy5Yup0ZfrMMYbNIXK21qa8kcHlKk HTTP/1.1" 204 0
2021-08-03 21:04:03,760 - root - Payload delivered successfully, code 204.
2021-08-03 21:04:03,765 - urllib3.connectionpool - Starting new HTTPS connection (1): discord.com:443
2021-08-03 21:04:04,712 - urllib3.connectionpool - https://discord.com:443 "POST /api/webhooks/850392839053639690/65cKLltyuopds0GR5ElwNaeKmhGKmEuXlILxyTidy5Yup0ZfrMMYbNIXK21qa8kcHlKk HTTP/1.1" 204 0
2021-08-03 21:04:04,716 - root - Payload delivered successfully, code 204.
2021-08-03 21:04:04,722 - urllib3.connectionpool - Starting new HTTPS connection (1): discord.com:443
2021-08-03 21:04:05,347 - urllib3.connectionpool - https://discord.com:443 "POST /api/webhooks/850392839053639690/65cKLltyuopds0GR5ElwNaeKmhGKmEuXlILxyTidy5Yup0ZfrMMYbNIXK21qa8kcHlKk HTTP/1.1" 204 0
2021-08-03 21:04:05,351 - root - Payload delivered successfully, code 204.
2021-08-03 21:04:05,356 - urllib3.connectionpool - Starting new HTTPS connection (1): discord.com:443
2021-08-03 21:04:05,975 - urllib3.connectionpool - https://discord.com:443 "POST /api/webhooks/850392839053639690/65cKLltyuopds0GR5ElwNaeKmhGKmEuXlILxyTidy5Yup0ZfrMMYbNIXK21qa8kcHlKk HTTP/1.1" 204 0
2021-08-03 21:04:05,977 - root - Payload delivered successfully, code 204.
2021-08-03 21:04:05,979 - urllib3.connectionpool - Starting new HTTPS connection (1): discord.com:443
2021-08-03 21:04:06,788 - urllib3.connectionpool - https://discord.com:443 "POST /api/webhooks/850392839053639690/65cKLltyuopds0GR5ElwNaeKmhGKmEuXlILxyTidy5Yup0ZfrMMYbNIXK21qa8kcHlKk HTTP/1.1" 204 0
2021-08-03 21:04:06,791 - root - Payload delivered successfully, code 204.
2021-08-03 21:04:06,793 - urllib3.connectionpool - Starting new HTTPS connection (1): discord.com:443
2021-08-03 21:04:07,702 - urllib3.connectionpool - https://discord.com:443 "POST /api/webhooks/850392839053639690/65cKLltyuopds0GR5ElwNaeKmhGKmEuXlILxyTidy5Yup0ZfrMMYbNIXK21qa8kcHlKk HTTP/1.1" 204 0
2021-08-03 21:04:07,705 - root - Payload delivered successfully, code 204.
2021-08-03 21:04:07,707 - urllib3.connectionpool - Starting new HTTPS connection (1): discord.com:443
2021-08-03 21:04:08,747 - urllib3.connectionpool - https://discord.com:443 "POST /api/webhooks/850392839053639690/65cKLltyuopds0GR5ElwNaeKmhGKmEuXlILxyTidy5Yup0ZfrMMYbNIXK21qa8kcHlKk HTTP/1.1" 204 0
2021-08-03 21:04:08,754 - root - Payload delivered successfully, code 204.
2021-08-03 21:04:08,757 - urllib3.connectionpool - Starting new HTTPS connection (1): discord.com:443
2021-08-03 21:04:09,293 - urllib3.connectionpool - https://discord.com:443 "POST /api/webhooks/850392839053639690/65cKLltyuopds0GR5ElwNaeKmhGKmEuXlILxyTidy5Yup0ZfrMMYbNIXK21qa8kcHlKk HTTP/1.1" 204 0
2021-08-03 21:04:09,301 - root - Payload delivered successfully, code 204.
2021-08-03 21:04:19,321 - urllib3.connectionpool - Starting new HTTPS connection (1): www.popinabox.us:443
2021-08-03 21:04:20,435 - urllib3.connectionpool - https://www.popinabox.us:443 "GET /funko/latest.list HTTP/1.1" 200 None
2021-08-05 15:16:16,439 - dotenv.main - Python-dotenv could not parse statement starting at line 14
2021-08-05 15:16:16,450 - root - Successfully started monitor
2021-08-05 15:16:16,454 - urllib3.connectionpool - Starting new HTTPS connection (1): discord.com:443
2021-08-05 15:16:16,959 - urllib3.connectionpool - https://discord.com:443 "POST /api/webhooks/850392839053639690/65cKLltyuopds0GR5ElwNaeKmhGKmEuXlILxyTidy5Yup0ZfrMMYbNIXK21qa8kcHlKk HTTP/1.1" 204 0
2021-08-05 15:16:16,961 - root - Payload delivered successfully, code 204.
2021-08-05 15:16:16,964 - urllib3.connectionpool - Starting new HTTPS connection (1): www.sslproxies.org:443
2021-08-05 15:16:17,455 - urllib3.connectionpool - https://www.sslproxies.org:443 "GET / HTTP/1.1" 200 None
2021-08-05 15:16:17,464 - urllib3.connectionpool - Starting new HTTP connection (1): 161.97.126.37:8118
2021-08-05 15:16:17,972 - urllib3.connectionpool - Starting new HTTP connection (1): 165.22.81.30:44608
2021-08-05 15:16:18,491 - urllib3.connectionpool - Starting new HTTPS connection (1): www.sslproxies.org:443
2021-08-05 15:16:18,910 - urllib3.connectionpool - https://www.sslproxies.org:443 "GET / HTTP/1.1" 200 None
2021-08-05 15:16:18,924 - urllib3.connectionpool - Starting new HTTP connection (1): 202.154.180.53:46717
2021-08-05 15:16:19,429 - urllib3.connectionpool - Starting new HTTP connection (1): 180.243.216.62:8080
2021-08-05 15:16:19,787 - urllib3.connectionpool - http://180.243.216.62:8080 "GET http://www.google.com/ HTTP/1.1" 200 6026
2021-08-05 15:16:19,789 - urllib3.connectionpool - Starting new HTTP connection (1): 180.243.216.62:8080
2021-08-05 15:16:20,118 - urllib3.connectionpool - http://180.243.216.62:8080 "GET http://www.google.com/ HTTP/1.1" 200 6041
2021-08-05 15:16:20,121 - urllib3.connectionpool - Starting new HTTPS connection (1): www.popinabox.us:443
2021-08-05 15:16:21,344 - urllib3.connectionpool - https://www.popinabox.us:443 "GET /funko/latest.list HTTP/1.1" 200 None
2021-08-05 15:16:24,013 - urllib3.connectionpool - Starting new HTTPS connection (1): discord.com:443
2021-08-05 15:16:24,559 - urllib3.connectionpool - https://discord.com:443 "POST /api/webhooks/850392839053639690/65cKLltyuopds0GR5ElwNaeKmhGKmEuXlILxyTidy5Yup0ZfrMMYbNIXK21qa8kcHlKk HTTP/1.1" 204 0
2021-08-05 15:16:24,564 - root - Payload delivered successfully, code 204.
2021-08-05 15:16:24,569 - urllib3.connectionpool - Starting new HTTPS connection (1): discord.com:443
2021-08-05 15:16:25,128 - urllib3.connectionpool - https://discord.com:443 "POST /api/webhooks/850392839053639690/65cKLltyuopds0GR5ElwNaeKmhGKmEuXlILxyTidy5Yup0ZfrMMYbNIXK21qa8kcHlKk HTTP/1.1" 204 0
2021-08-05 15:16:25,134 - root - Payload delivered successfully, code 204.
2021-08-05 15:16:25,137 - urllib3.connectionpool - Starting new HTTPS connection (1): discord.com:443
2021-08-05 15:16:25,736 - urllib3.connectionpool - https://discord.com:443 "POST /api/webhooks/850392839053639690/65cKLltyuopds0GR5ElwNaeKmhGKmEuXlILxyTidy5Yup0ZfrMMYbNIXK21qa8kcHlKk HTTP/1.1" 204 0
2021-08-05 15:16:25,739 - root - Payload delivered successfully, code 204.
2021-08-05 15:16:25,747 - urllib3.connectionpool - Starting new HTTPS connection (1): discord.com:443
2021-08-05 15:16:26,267 - urllib3.connectionpool - https://discord.com:443 "POST /api/webhooks/850392839053639690/65cKLltyuopds0GR5ElwNaeKmhGKmEuXlILxyTidy5Yup0ZfrMMYbNIXK21qa8kcHlKk HTTP/1.1" 204 0
2021-08-05 15:16:26,269 - root - Payload delivered successfully, code 204.
2021-08-05 15:16:26,271 - urllib3.connectionpool - Starting new HTTPS connection (1): discord.com:443
2021-08-05 15:32:31,814 - dotenv.main - Python-dotenv could not parse statement starting at line 14
2021-08-05 15:32:31,815 - root - Successfully started monitor
2021-08-05 15:32:31,818 - urllib3.connectionpool - Starting new HTTPS connection (1): discord.com:443
2021-08-05 15:32:32,410 - urllib3.connectionpool - https://discord.com:443 "POST /api/webhooks/850392839053639690/65cKLltyuopds0GR5ElwNaeKmhGKmEuXlILxyTidy5Yup0ZfrMMYbNIXK21qa8kcHlKk HTTP/1.1" 204 0
2021-08-05 15:32:32,413 - root - Payload delivered successfully, code 204.
2021-08-05 15:32:32,416 - urllib3.connectionpool - Starting new HTTPS connection (1): www.sslproxies.org:443
2021-08-05 15:32:39,678 - dotenv.main - Python-dotenv could not parse statement starting at line 14
2021-08-05 15:32:39,684 - root - Successfully started monitor
2021-08-05 15:32:39,690 - urllib3.connectionpool - Starting new HTTPS connection (1): discord.com:443
2021-08-05 15:32:40,240 - urllib3.connectionpool - https://discord.com:443 "POST /api/webhooks/850392839053639690/65cKLltyuopds0GR5ElwNaeKmhGKmEuXlILxyTidy5Yup0ZfrMMYbNIXK21qa8kcHlKk HTTP/1.1" 204 0
2021-08-05 15:32:40,252 - root - Payload delivered successfully, code 204.
2021-08-05 15:32:40,259 - urllib3.connectionpool - Starting new HTTPS connection (1): www.sslproxies.org:443
2021-08-05 15:32:40,425 - urllib3.connectionpool - https://www.sslproxies.org:443 "GET / HTTP/1.1" 200 None
2021-08-05 15:32:40,443 - urllib3.connectionpool - Starting new HTTPS connection (1): www.sslproxies.org:443
2021-08-05 15:32:40,614 - urllib3.connectionpool - https://www.sslproxies.org:443 "GET / HTTP/1.1" 200 None
2021-08-05 15:32:40,630 - urllib3.connectionpool - Starting new HTTP connection (1): 103.216.82.22:6666
2021-08-05 15:32:41,146 - urllib3.connectionpool - Starting new HTTP connection (1): 36.37.177.186:8080
2021-08-05 15:32:41,665 - urllib3.connectionpool - Starting new HTTP connection (1): 202.57.35.74:38629
2021-08-05 15:32:42,179 - urllib3.connectionpool - Starting new HTTP connection (1): 177.87.168.6:53281
2021-08-05 15:32:43,115 - urllib3.connectionpool - Starting new HTTP connection (1): 212.126.103.10:6666
2021-08-05 15:32:43,628 - urllib3.connectionpool - Starting new HTTP connection (1): 95.216.247.78:22204
2021-08-05 15:32:44,145 - urllib3.connectionpool - Starting new HTTP connection (1): 140.227.80.43:3128
2021-08-05 15:32:44,649 - urllib3.connectionpool - Starting new HTTP connection (1): 95.25.244.179:55443
2021-08-05 15:32:45,168 - urllib3.connectionpool - Starting new HTTP connection (1): 103.12.160.85:31231
2021-08-05 15:32:45,680 - urllib3.connectionpool - Starting new HTTP connection (1): 47.254.75.151:8181
2021-08-05 15:32:46,461 - urllib3.connectionpool - Starting new HTTP connection (1): 103.121.199.142:8080
2021-08-05 15:32:46,980 - urllib3.connectionpool - Starting new HTTP connection (1): 47.56.69.11:8000
2021-08-05 15:32:47,211 - urllib3.connectionpool - Starting new HTTP connection (1): 82.64.186.155:8080
2021-08-05 15:32:47,726 - urllib3.connectionpool - Starting new HTTP connection (1): 211.104.20.205:7777
2021-08-05 15:32:48,242 - urllib3.connectionpool - Starting new HTTP connection (1): 83.171.114.92:45822
2021-08-05 15:32:48,758 - urllib3.connectionpool - Starting new HTTP connection (1): 92.223.80.101:3128
2021-08-05 15:32:49,558 - urllib3.connectionpool - Starting new HTTP connection (1): 140.227.68.113:6000
2021-08-05 15:32:50,069 - urllib3.connectionpool - Starting new HTTP connection (1): 178.217.172.206:55443
2021-08-05 15:32:50,585 - urllib3.connectionpool - Starting new HTTP connection (1): 195.78.112.235:42549
2021-08-05 15:32:51,090 - urllib3.connectionpool - Starting new HTTP connection (1): 197.232.65.40:55443
2021-08-05 15:32:51,593 - urllib3.connectionpool - Starting new HTTP connection (1): 46.146.239.100:3128
2021-08-05 15:32:52,028 - urllib3.connectionpool - Starting new HTTP connection (1): 187.115.167.131:55443
2021-08-05 15:32:52,534 - urllib3.connectionpool - Starting new HTTP connection (1): 160.16.104.81:3128
2021-08-05 15:32:53,213 - urllib3.connectionpool - Starting new HTTP connection (1): 50.192.195.69:52018
2021-08-05 15:32:53,728 - urllib3.connectionpool - Starting new HTTP connection (1): 223.255.133.34:8080
2021-08-05 15:32:54,384 - urllib3.connectionpool - Starting new HTTP connection (1): 119.81.189.194:80
2021-08-05 15:32:54,618 - urllib3.connectionpool - http://119.81.189.194:80 "GET http://www.google.com/ HTTP/1.1" 403 0
2021-08-05 15:32:54,622 - urllib3.connectionpool - Starting new HTTP connection (1): 119.81.189.194:80
2021-08-05 15:32:54,843 - urllib3.connectionpool - http://119.81.189.194:80 "GET http://www.google.com/ HTTP/1.1" 403 0
2021-08-05 15:32:54,845 - urllib3.connectionpool - Starting new HTTPS connection (1): www.popinabox.us:443
2021-08-05 15:32:55,755 - urllib3.connectionpool - https://www.popinabox.us:443 "GET /funko/latest.list HTTP/1.1" 200 None
2021-08-05 15:32:58,250 - urllib3.connectionpool - Starting new HTTPS connection (1): discord.com:443
2021-08-05 15:32:59,329 - urllib3.connectionpool - https://discord.com:443 "POST /api/webhooks/850392839053639690/65cKLltyuopds0GR5ElwNaeKmhGKmEuXlILxyTidy5Yup0ZfrMMYbNIXK21qa8kcHlKk HTTP/1.1" 204 0
2021-08-05 15:32:59,336 - root - Payload delivered successfully, code 204.
2021-08-05 15:32:59,341 - urllib3.connectionpool - Starting new HTTPS connection (1): discord.com:443
2021-08-05 15:32:59,885 - urllib3.connectionpool - https://discord.com:443 "POST /api/webhooks/850392839053639690/65cKLltyuopds0GR5ElwNaeKmhGKmEuXlILxyTidy5Yup0ZfrMMYbNIXK21qa8kcHlKk HTTP/1.1" 204 0
2021-08-05 15:32:59,889 - root - Payload delivered successfully, code 204.
2021-08-05 15:32:59,897 - urllib3.connectionpool - Starting new HTTPS connection (1): discord.com:443
2021-08-05 15:33:00,387 - urllib3.connectionpool - https://discord.com:443 "POST /api/webhooks/850392839053639690/65cKLltyuopds0GR5ElwNaeKmhGKmEuXlILxyTidy5Yup0ZfrMMYbNIXK21qa8kcHlKk HTTP/1.1" 204 0
2021-08-05 15:33:00,400 - root - Payload delivered successfully, code 204.
2021-08-05 15:33:00,405 - urllib3.connectionpool - Starting new HTTPS connection (1): discord.com:443
2021-08-05 15:33:00,884 - urllib3.connectionpool - https://discord.com:443 "POST /api/webhooks/850392839053639690/65cKLltyuopds0GR5ElwNaeKmhGKmEuXlILxyTidy5Yup0ZfrMMYbNIXK21qa8kcHlKk HTTP/1.1" 204 0
2021-08-05 15:33:00,887 - root - Payload delivered successfully, code 204.
2021-08-05 15:33:00,893 - urllib3.connectionpool - Starting new HTTPS connection (1): discord.com:443
2021-08-05 15:33:01,402 - urllib3.connectionpool - https://discord.com:443 "POST /api/webhooks/850392839053639690/65cKLltyuopds0GR5ElwNaeKmhGKmEuXlILxyTidy5Yup0ZfrMMYbNIXK21qa8kcHlKk HTTP/1.1" 204 0
2021-08-05 15:33:01,406 - root - Payload delivered successfully, code 204.
2021-08-05 15:33:01,409 - urllib3.connectionpool - Starting new HTTPS connection (1): discord.com:443
2021-08-05 15:33:01,962 - urllib3.connectionpool - https://discord.com:443 "POST /api/webhooks/850392839053639690/65cKLltyuopds0GR5ElwNaeKmhGKmEuXlILxyTidy5Yup0ZfrMMYbNIXK21qa8kcHlKk HTTP/1.1" 204 0
2021-08-05 15:33:01,966 - root - Payload delivered successfully, code 204.
2021-08-05 15:33:01,970 - urllib3.connectionpool - Starting new HTTPS connection (1): discord.com:443
2021-08-05 15:33:02,508 - urllib3.connectionpool - https://discord.com:443 "POST /api/webhooks/850392839053639690/65cKLltyuopds0GR5ElwNaeKmhGKmEuXlILxyTidy5Yup0ZfrMMYbNIXK21qa8kcHlKk HTTP/1.1" 204 0
2021-08-05 15:33:02,511 - root - Payload delivered successfully, code 204.
2021-08-05 15:33:02,514 - urllib3.connectionpool - Starting new HTTPS connection (1): discord.com:443
2021-08-05 15:33:03,009 - urllib3.connectionpool - https://discord.com:443 "POST /api/webhooks/850392839053639690/65cKLltyuopds0GR5ElwNaeKmhGKmEuXlILxyTidy5Yup0ZfrMMYbNIXK21qa8kcHlKk HTTP/1.1" 204 0
2021-08-05 15:33:03,015 - root - Payload delivered successfully, code 204.
2021-08-05 15:33:03,019 - urllib3.connectionpool - Starting new HTTPS connection (1): discord.com:443
2021-08-05 15:33:03,564 - urllib3.connectionpool - https://discord.com:443 "POST /api/webhooks/850392839053639690/65cKLltyuopds0GR5ElwNaeKmhGKmEuXlILxyTidy5Yup0ZfrMMYbNIXK21qa8kcHlKk HTTP/1.1" 204 0
2021-08-05 15:33:03,568 - root - Payload delivered successfully, code 204.
2021-08-05 15:34:08,996 - dotenv.main - Python-dotenv could not parse statement starting at line 14
2021-08-05 15:34:08,996 - root - Successfully started monitor
2021-08-05 15:34:08,999 - urllib3.connectionpool - Starting new HTTPS connection (1): discord.com:443
2021-08-05 15:34:09,525 - urllib3.connectionpool - https://discord.com:443 "POST /api/webhooks/850392839053639690/65cKLltyuopds0GR5ElwNaeKmhGKmEuXlILxyTidy5Yup0ZfrMMYbNIXK21qa8kcHlKk HTTP/1.1" 204 0
2021-08-05 15:34:09,528 - root - Payload delivered successfully, code 204.
2021-08-05 15:34:09,530 - urllib3.connectionpool - Starting new HTTPS connection (1): www.sslproxies.org:443
2021-08-05 15:34:09,707 - urllib3.connectionpool - https://www.sslproxies.org:443 "GET / HTTP/1.1" 200 None
2021-08-05 15:34:09,720 - urllib3.connectionpool - Starting new HTTPS connection (1): www.sslproxies.org:443
2021-08-05 15:34:09,890 - urllib3.connectionpool - https://www.sslproxies.org:443 "GET / HTTP/1.1" 200 None
2021-08-05 15:34:09,908 - urllib3.connectionpool - Starting new HTTP connection (1): 177.136.84.75:999
2021-08-05 15:34:10,822 - urllib3.connectionpool - Starting new HTTP connection (1): 35.81.121.129:8000
2021-08-05 15:34:11,436 - urllib3.connectionpool - http://35.81.121.129:8000 "GET http://www.google.com/ HTTP/1.1" 200 6016
2021-08-05 15:34:11,440 - urllib3.connectionpool - Starting new HTTP connection (1): 35.81.121.129:8000
2021-08-05 15:34:12,073 - urllib3.connectionpool - http://35.81.121.129:8000 "GET http://www.google.com/ HTTP/1.1" 200 6007
2021-08-05 15:34:12,076 - urllib3.connectionpool - Starting new HTTPS connection (1): www.popinabox.us:443
2021-08-05 15:34:12,964 - urllib3.connectionpool - https://www.popinabox.us:443 "GET /funko/latest.list HTTP/1.1" 200 None
2021-08-05 15:34:25,021 - urllib3.connectionpool - Starting new HTTPS connection (1): www.popinabox.us:443
2021-08-05 15:34:25,949 - urllib3.connectionpool - https://www.popinabox.us:443 "GET /funko/latest.list HTTP/1.1" 200 None
2021-08-05 15:34:36,975 - urllib3.connectionpool - Starting new HTTPS connection (1): www.popinabox.us:443
2021-08-05 15:34:37,871 - urllib3.connectionpool - https://www.popinabox.us:443 "GET /funko/latest.list HTTP/1.1" 200 None
2021-08-05 15:35:00,861 - dotenv.main - Python-dotenv could not parse statement starting at line 14
2021-08-05 15:35:00,862 - root - Successfully started monitor
2021-08-05 15:35:00,866 - urllib3.connectionpool - Starting new HTTPS connection (1): discord.com:443
2021-08-05 15:35:01,435 - urllib3.connectionpool - https://discord.com:443 "POST /api/webhooks/850392839053639690/65cKLltyuopds0GR5ElwNaeKmhGKmEuXlILxyTidy5Yup0ZfrMMYbNIXK21qa8kcHlKk HTTP/1.1" 204 0
2021-08-05 15:35:01,437 - root - Payload delivered successfully, code 204.
2021-08-05 15:35:01,440 - urllib3.connectionpool - Starting new HTTPS connection (1): www.sslproxies.org:443
2021-08-05 15:35:01,610 - urllib3.connectionpool - https://www.sslproxies.org:443 "GET / HTTP/1.1" 200 None
2021-08-05 15:35:01,623 - urllib3.connectionpool - Starting new HTTPS connection (1): www.sslproxies.org:443
2021-08-05 15:35:01,811 - urllib3.connectionpool - https://www.sslproxies.org:443 "GET / HTTP/1.1" 200 None
2021-08-05 15:35:01,845 - urllib3.connectionpool - Starting new HTTP connection (1): 195.74.72.129:37213
2021-08-05 15:35:02,348 - urllib3.connectionpool - Starting new HTTP connection (1): 160.16.104.81:3128
2021-08-05 15:35:03,007 - urllib3.connectionpool - Starting new HTTP connection (1): 1.20.217.52:8080
2021-08-05 15:35:03,524 - urllib3.connectionpool - Starting new HTTP connection (1): 92.223.80.101:3128
2021-08-05 15:35:04,041 - urllib3.connectionpool - Starting new HTTP connection (1): 95.67.65.18:53281
2021-08-05 15:35:04,552 - urllib3.connectionpool - Starting new HTTP connection (1): 101.51.106.70:49285
2021-08-05 15:35:05,059 - urllib3.connectionpool - Starting new HTTP connection (1): 161.202.226.194:80
2021-08-05 15:35:05,350 - urllib3.connectionpool - http://161.202.226.194:80 "GET http://www.google.com/ HTTP/1.1" 403 0
2021-08-05 15:35:05,355 - urllib3.connectionpool - Starting new HTTP connection (1): 161.202.226.194:80
2021-08-05 15:35:05,725 - urllib3.connectionpool - http://161.202.226.194:80 "GET http://www.google.com/ HTTP/1.1" 403 0
2021-08-05 15:35:05,728 - urllib3.connectionpool - Starting new HTTPS connection (1): www.popinabox.us:443
2021-08-05 15:35:06,836 - urllib3.connectionpool - https://www.popinabox.us:443 "GET /funko/latest.list HTTP/1.1" 200 None
2021-08-05 15:35:18,588 - urllib3.connectionpool - Starting new HTTPS connection (1): www.popinabox.us:443
2021-08-05 15:35:19,423 - urllib3.connectionpool - https://www.popinabox.us:443 "GET /funko/latest.list HTTP/1.1" 200 None
2021-08-05 15:35:30,025 - dotenv.main - Python-dotenv could not parse statement starting at line 14
2021-08-05 15:35:30,025 - root - Successfully started monitor
2021-08-05 15:35:30,029 - urllib3.connectionpool - Starting new HTTPS connection (1): discord.com:443
2021-08-05 15:35:30,599 - urllib3.connectionpool - https://discord.com:443 "POST /api/webhooks/850392839053639690/65cKLltyuopds0GR5ElwNaeKmhGKmEuXlILxyTidy5Yup0ZfrMMYbNIXK21qa8kcHlKk HTTP/1.1" 204 0
2021-08-05 15:35:30,601 - root - Payload delivered successfully, code 204.
2021-08-05 15:35:30,604 - urllib3.connectionpool - Starting new HTTPS connection (1): www.sslproxies.org:443
2021-08-05 15:35:30,821 - urllib3.connectionpool - https://www.sslproxies.org:443 "GET / HTTP/1.1" 200 None
2021-08-05 15:35:30,834 - urllib3.connectionpool - Starting new HTTPS connection (1): www.sslproxies.org:443
2021-08-05 15:35:30,999 - urllib3.connectionpool - https://www.sslproxies.org:443 "GET / HTTP/1.1" 200 None
2021-08-05 15:35:31,011 - urllib3.connectionpool - Starting new HTTP connection (1): 195.78.112.235:42549
2021-08-05 15:35:31,527 - urllib3.connectionpool - Starting new HTTP connection (1): 46.146.239.100:3128
2021-08-05 15:35:32,248 - urllib3.connectionpool - Starting new HTTP connection (1): 36.37.177.186:8080
2021-08-05 15:35:32,776 - urllib3.connectionpool - Starting new HTTP connection (1): 217.219.67.109:8080
2021-08-05 15:35:33,677 - urllib3.connectionpool - Starting new HTTP connection (1): 103.110.91.242:3128
2021-08-05 15:35:34,191 - urllib3.connectionpool - Starting new HTTP connection (1): 195.74.72.129:37213
2021-08-05 15:35:34,711 - urllib3.connectionpool - Starting new HTTP connection (1): 85.15.152.39:3128
2021-08-05 15:35:35,229 - urllib3.connectionpool - Starting new HTTP connection (1): 51.79.24.177:3128
2021-08-05 15:35:35,742 - urllib3.connectionpool - Starting new HTTP connection (1): 36.95.23.89:8080
2021-08-05 15:35:36,261 - urllib3.connectionpool - Starting new HTTP connection (1): 78.186.111.17:9090
2021-08-05 15:35:36,992 - urllib3.connectionpool - Starting new HTTP connection (1): 213.79.122.82:8080
2021-08-05 15:35:37,510 - urllib3.connectionpool - Starting new HTTP connection (1): 177.87.168.6:53281
2021-08-05 15:35:38,025 - urllib3.connectionpool - Starting new HTTP connection (1): 43.225.66.185:80
2021-08-05 15:35:38,545 - urllib3.connectionpool - Starting new HTTP connection (1): 35.81.121.129:8000
2021-08-05 15:35:39,065 - urllib3.connectionpool - Starting new HTTP connection (1): 95.216.247.78:22204
2021-08-05 15:35:39,758 - urllib3.connectionpool - Starting new HTTP connection (1): 198.50.163.192:3129
2021-08-05 15:35:40,277 - urllib3.connectionpool - Starting new HTTP connection (1): 61.247.53.14:8080
2021-08-05 15:35:40,787 - urllib3.connectionpool - Starting new HTTP connection (1): 154.127.79.182:8080
2021-08-05 15:35:41,302 - urllib3.connectionpool - Starting new HTTP connection (1): 86.34.197.6:23500
2021-08-05 15:35:41,823 - urllib3.connectionpool - Starting new HTTP connection (1): 124.41.213.201:39272
2021-08-05 15:35:42,337 - urllib3.connectionpool - Starting new HTTP connection (1): 20.97.28.47:8080
2021-08-05 15:35:42,852 - urllib3.connectionpool - Starting new HTTP connection (1): 45.136.53.230:8080
2021-08-05 15:35:43,371 - urllib3.connectionpool - Starting new HTTP connection (1): 103.214.54.90:8080
2021-08-05 15:35:43,881 - urllib3.connectionpool - Starting new HTTP connection (1): 178.217.172.206:55443
2021-08-05 15:35:44,396 - urllib3.connectionpool - Starting new HTTP connection (1): 129.213.183.152:80
2021-08-05 15:35:44,913 - urllib3.connectionpool - Starting new HTTP connection (1): 103.57.11.106:55443
2021-08-05 15:35:45,430 - urllib3.connectionpool - Starting new HTTP connection (1): 82.64.186.155:8080
2021-08-05 15:35:45,945 - urllib3.connectionpool - Starting new HTTP connection (1): 202.169.244.178:8181
2021-08-05 15:35:46,920 - urllib3.connectionpool - Starting new HTTP connection (1): 91.211.107.204:41258
2021-08-05 15:35:47,436 - urllib3.connectionpool - Starting new HTTP connection (1): 52.4.158.30:3128
2021-08-05 15:35:47,953 - urllib3.connectionpool - Starting new HTTP connection (1): 104.148.87.162:3129
2021-08-05 15:35:48,458 - urllib3.connectionpool - Starting new HTTP connection (1): 62.201.228.250:56798
2021-08-05 15:35:49,226 - urllib3.connectionpool - Starting new HTTP connection (1): 113.160.37.152:53281
2021-08-05 15:35:49,730 - urllib3.connectionpool - Starting new HTTP connection (1): 91.207.238.107:56288
2021-08-05 15:35:50,234 - urllib3.connectionpool - Starting new HTTP connection (1): 104.236.48.178:8080
2021-08-05 15:35:50,708 - urllib3.connectionpool - http://104.236.48.178:8080 "GET http://www.google.com/ HTTP/1.1" 503 None
2021-08-05 15:35:50,711 - urllib3.connectionpool - Starting new HTTP connection (1): 104.236.48.178:8080
2021-08-05 15:35:51,188 - urllib3.connectionpool - http://104.236.48.178:8080 "GET http://www.google.com/ HTTP/1.1" 503 None
2021-08-05 15:35:51,196 - urllib3.connectionpool - Starting new HTTPS connection (1): www.popinabox.us:443
2021-08-05 15:35:52,059 - urllib3.connectionpool - https://www.popinabox.us:443 "GET /funko/latest.list HTTP/1.1" 200 None
2021-08-05 15:36:04,090 - urllib3.connectionpool - Starting new HTTPS connection (1): www.popinabox.us:443
2021-08-05 15:36:04,992 - urllib3.connectionpool - https://www.popinabox.us:443 "GET /funko/latest.list HTTP/1.1" 200 None
2021-08-05 15:36:15,126 - dotenv.main - Python-dotenv could not parse statement starting at line 14
2021-08-05 15:36:15,128 - root - Successfully started monitor
2021-08-05 15:36:15,134 - urllib3.connectionpool - Starting new HTTPS connection (1): discord.com:443
2021-08-05 15:36:15,660 - urllib3.connectionpool - https://discord.com:443 "POST /api/webhooks/850392839053639690/65cKLltyuopds0GR5ElwNaeKmhGKmEuXlILxyTidy5Yup0ZfrMMYbNIXK21qa8kcHlKk HTTP/1.1" 204 0
2021-08-05 15:36:15,664 - root - Payload delivered successfully, code 204.
2021-08-05 15:36:15,667 - urllib3.connectionpool - Starting new HTTPS connection (1): www.sslproxies.org:443
2021-08-05 15:36:15,836 - urllib3.connectionpool - https://www.sslproxies.org:443 "GET / HTTP/1.1" 200 None
2021-08-05 15:36:15,847 - urllib3.connectionpool - Starting new HTTPS connection (1): www.sslproxies.org:443
2021-08-05 15:36:16,012 - urllib3.connectionpool - https://www.sslproxies.org:443 "GET / HTTP/1.1" 200 None
2021-08-05 15:36:16,024 - urllib3.connectionpool - Starting new HTTP connection (1): 212.126.103.10:6666
2021-08-05 15:36:16,540 - urllib3.connectionpool - Starting new HTTP connection (1): 78.157.192.86:64338
2021-08-05 15:36:17,053 - urllib3.connectionpool - Starting new HTTP connection (1): 202.43.190.11:8118
2021-08-05 15:36:17,568 - urllib3.connectionpool - http://202.43.190.11:8118 "GET http://www.google.com/ HTTP/1.1" 503 None
2021-08-05 15:36:17,571 - urllib3.connectionpool - Starting new HTTP connection (1): 92.223.80.101:3128
2021-08-05 15:36:18,089 - urllib3.connectionpool - Starting new HTTP connection (1): 105.235.202.202:30324
2021-08-05 15:36:18,606 - urllib3.connectionpool - Starting new HTTP connection (1): 83.171.114.92:45822
2021-08-05 15:36:19,108 - urllib3.connectionpool - Starting new HTTP connection (1): 94.228.118.148:1330
2021-08-05 15:36:19,615 - urllib3.connectionpool - Starting new HTTP connection (1): 197.232.65.40:55443
2021-08-05 15:36:20,131 - urllib3.connectionpool - Starting new HTTP connection (1): 86.34.197.6:23500
2021-08-05 15:36:20,648 - urllib3.connectionpool - Starting new HTTP connection (1): 50.192.195.69:52018
2021-08-05 15:36:21,169 - urllib3.connectionpool - Starting new HTTP connection (1): 119.81.189.194:80
2021-08-05 15:36:21,444 - urllib3.connectionpool - http://119.81.189.194:80 "GET http://www.google.com/ HTTP/1.1" 403 0
2021-08-05 15:36:21,447 - urllib3.connectionpool - Starting new HTTP connection (1): 119.81.189.194:80
2021-08-05 15:36:21,773 - urllib3.connectionpool - http://119.81.189.194:80 "GET http://www.google.com/ HTTP/1.1" 403 0
2021-08-05 15:36:21,778 - urllib3.connectionpool - Starting new HTTPS connection (1): www.popinabox.us:443
2021-08-05 15:36:22,813 - urllib3.connectionpool - https://www.popinabox.us:443 "GET /funko/latest.list HTTP/1.1" 200 None
2021-08-05 15:36:25,543 - urllib3.connectionpool - Starting new HTTPS connection (1): discord.com:443
2021-08-05 15:36:26,451 - urllib3.connectionpool - https://discord.com:443 "POST /api/webhooks/850392839053639690/65cKLltyuopds0GR5ElwNaeKmhGKmEuXlILxyTidy5Yup0ZfrMMYbNIXK21qa8kcHlKk HTTP/1.1" 204 0
2021-08-05 15:36:26,453 - root - Payload delivered successfully, code 204.
2021-08-05 15:36:26,455 - urllib3.connectionpool - Starting new HTTPS connection (1): discord.com:443
2021-08-05 15:36:26,955 - urllib3.connectionpool - https://discord.com:443 "POST /api/webhooks/850392839053639690/65cKLltyuopds0GR5ElwNaeKmhGKmEuXlILxyTidy5Yup0ZfrMMYbNIXK21qa8kcHlKk HTTP/1.1" 204 0
2021-08-05 15:36:26,959 - root - Payload delivered successfully, code 204.
2021-08-05 15:36:26,961 - urllib3.connectionpool - Starting new HTTPS connection (1): discord.com:443
2021-08-05 15:36:27,501 - urllib3.connectionpool - https://discord.com:443 "POST /api/webhooks/850392839053639690/65cKLltyuopds0GR5ElwNaeKmhGKmEuXlILxyTidy5Yup0ZfrMMYbNIXK21qa8kcHlKk HTTP/1.1" 204 0
2021-08-05 15:36:27,507 - root - Payload delivered successfully, code 204.
2021-08-05 15:36:27,512 - urllib3.connectionpool - Starting new HTTPS connection (1): discord.com:443
2021-08-05 15:36:28,010 - urllib3.connectionpool - https://discord.com:443 "POST /api/webhooks/850392839053639690/65cKLltyuopds0GR5ElwNaeKmhGKmEuXlILxyTidy5Yup0ZfrMMYbNIXK21qa8kcHlKk HTTP/1.1" 204 0
2021-08-05 15:36:28,018 - root - Payload delivered successfully, code 204.
2021-08-05 15:36:28,027 - urllib3.connectionpool - Starting new HTTPS connection (1): discord.com:443
2021-08-05 15:36:28,583 - urllib3.connectionpool - https://discord.com:443 "POST /api/webhooks/850392839053639690/65cKLltyuopds0GR5ElwNaeKmhGKmEuXlILxyTidy5Yup0ZfrMMYbNIXK21qa8kcHlKk HTTP/1.1" 204 0
2021-08-05 15:36:28,584 - root - Payload delivered successfully, code 204.
2021-08-05 15:36:28,587 - urllib3.connectionpool - Starting new HTTPS connection (1): discord.com:443
2021-08-05 15:36:29,143 - urllib3.connectionpool - https://discord.com:443 "POST /api/webhooks/850392839053639690/65cKLltyuopds0GR5ElwNaeKmhGKmEuXlILxyTidy5Yup0ZfrMMYbNIXK21qa8kcHlKk HTTP/1.1" 204 0
2021-08-05 15:36:29,144 - root - Payload delivered successfully, code 204.
2021-08-05 15:36:29,146 - urllib3.connectionpool - Starting new HTTPS connection (1): discord.com:443
2021-08-05 15:36:29,723 - urllib3.connectionpool - https://discord.com:443 "POST /api/webhooks/850392839053639690/65cKLltyuopds0GR5ElwNaeKmhGKmEuXlILxyTidy5Yup0ZfrMMYbNIXK21qa8kcHlKk HTTP/1.1" 204 0
2021-08-05 15:36:29,731 - root - Payload delivered successfully, code 204.
2021-08-05 15:36:29,738 - urllib3.connectionpool - Starting new HTTPS connection (1): discord.com:443
2021-08-05 15:36:30,337 - urllib3.connectionpool - https://discord.com:443 "POST /api/webhooks/850392839053639690/65cKLltyuopds0GR5ElwNaeKmhGKmEuXlILxyTidy5Yup0ZfrMMYbNIXK21qa8kcHlKk HTTP/1.1" 204 0
2021-08-05 15:36:30,339 - root - Payload delivered successfully, code 204.
2021-08-05 15:36:30,341 - urllib3.connectionpool - Starting new HTTPS connection (1): discord.com:443
2021-08-05 15:36:30,823 - urllib3.connectionpool - https://discord.com:443 "POST /api/webhooks/850392839053639690/65cKLltyuopds0GR5ElwNaeKmhGKmEuXlILxyTidy5Yup0ZfrMMYbNIXK21qa8kcHlKk HTTP/1.1" 204 0
2021-08-05 15:36:30,828 - root - Payload delivered successfully, code 204.
2021-08-05 15:36:40,848 - urllib3.connectionpool - Starting new HTTPS connection (1): www.popinabox.us:443
2021-08-05 15:37:28,646 - dotenv.main - Python-dotenv could not parse statement starting at line 14
2021-08-05 15:37:28,647 - root - Successfully started monitor
2021-08-05 15:37:28,650 - urllib3.connectionpool - Starting new HTTPS connection (1): discord.com:443
2021-08-05 15:37:29,489 - urllib3.connectionpool - https://discord.com:443 "POST /api/webhooks/850392839053639690/65cKLltyuopds0GR5ElwNaeKmhGKmEuXlILxyTidy5Yup0ZfrMMYbNIXK21qa8kcHlKk HTTP/1.1" 204 0
2021-08-05 15:37:29,494 - root - Payload delivered successfully, code 204.
2021-08-05 15:37:29,498 - urllib3.connectionpool - Starting new HTTPS connection (1): www.sslproxies.org:443
2021-08-05 15:37:29,857 - urllib3.connectionpool - https://www.sslproxies.org:443 "GET / HTTP/1.1" 200 None
2021-08-05 15:37:29,887 - urllib3.connectionpool - Starting new HTTPS connection (1): www.sslproxies.org:443
2021-08-05 15:37:30,186 - urllib3.connectionpool - https://www.sslproxies.org:443 "GET / HTTP/1.1" 200 None
2021-08-05 15:37:30,201 - urllib3.connectionpool - Starting new HTTP connection (1): 61.247.53.14:8080
2021-08-05 15:37:30,719 - urllib3.connectionpool - Starting new HTTP connection (1): 36.37.177.186:8080
2021-08-05 15:37:31,230 - urllib3.connectionpool - Starting new HTTP connection (1): 195.78.112.235:42549
2021-08-05 15:37:31,749 - urllib3.connectionpool - Starting new HTTP connection (1): 36.89.99.98:44030
2021-08-05 15:37:32,258 - urllib3.connectionpool - Starting new HTTP connection (1): 94.228.118.148:1330
2021-08-05 15:37:32,772 - urllib3.connectionpool - Starting new HTTP connection (1): 62.201.228.250:56798
2021-08-05 15:37:33,287 - urllib3.connectionpool - Starting new HTTP connection (1): 160.16.104.81:3128
2021-08-05 15:37:33,803 - urllib3.connectionpool - Starting new HTTP connection (1): 20.97.28.47:8080
2021-08-05 15:37:34,322 - urllib3.connectionpool - Starting new HTTP connection (1): 212.126.103.10:6666
2021-08-05 15:37:34,829 - urllib3.connectionpool - Starting new HTTP connection (1): 103.11.106.70:8181
2021-08-05 15:37:35,730 - urllib3.connectionpool - http://103.11.106.70:8181 "GET http://www.google.com/ HTTP/1.1" 200 6040
2021-08-05 15:37:35,733 - urllib3.connectionpool - Starting new HTTP connection (1): 103.11.106.70:8181
2021-08-05 15:37:36,617 - urllib3.connectionpool - http://103.11.106.70:8181 "GET http://www.google.com/ HTTP/1.1" 200 6065
2021-08-05 15:37:36,621 - urllib3.connectionpool - Starting new HTTPS connection (1): www.popinabox.us:443
2021-08-05 15:37:37,623 - urllib3.connectionpool - https://www.popinabox.us:443 "GET /funko/latest.list HTTP/1.1" 200 None
2021-08-05 15:37:39,270 - urllib3.connectionpool - Starting new HTTPS connection (1): discord.com:443
2021-08-05 15:37:39,781 - urllib3.connectionpool - https://discord.com:443 "POST /api/webhooks/850392839053639690/65cKLltyuopds0GR5ElwNaeKmhGKmEuXlILxyTidy5Yup0ZfrMMYbNIXK21qa8kcHlKk HTTP/1.1" 204 0
2021-08-05 15:37:39,783 - root - Payload delivered successfully, code 204.
2021-08-05 15:37:39,786 - urllib3.connectionpool - Starting new HTTPS connection (1): discord.com:443
2021-08-05 15:37:40,368 - urllib3.connectionpool - https://discord.com:443 "POST /api/webhooks/850392839053639690/65cKLltyuopds0GR5ElwNaeKmhGKmEuXlILxyTidy5Yup0ZfrMMYbNIXK21qa8kcHlKk HTTP/1.1" 204 0
2021-08-05 15:37:40,370 - root - Payload delivered successfully, code 204.
2021-08-05 15:37:40,373 - urllib3.connectionpool - Starting new HTTPS connection (1): discord.com:443
2021-08-05 15:37:40,860 - urllib3.connectionpool - https://discord.com:443 "POST /api/webhooks/850392839053639690/65cKLltyuopds0GR5ElwNaeKmhGKmEuXlILxyTidy5Yup0ZfrMMYbNIXK21qa8kcHlKk HTTP/1.1" 204 0
2021-08-05 15:37:40,862 - root - Payload delivered successfully, code 204.
2021-08-05 15:37:40,864 - urllib3.connectionpool - Starting new HTTPS connection (1): discord.com:443
2021-08-05 15:37:41,375 - urllib3.connectionpool - https://discord.com:443 "POST /api/webhooks/850392839053639690/65cKLltyuopds0GR5ElwNaeKmhGKmEuXlILxyTidy5Yup0ZfrMMYbNIXK21qa8kcHlKk HTTP/1.1" 204 0
2021-08-05 15:37:41,377 - root - Payload delivered successfully, code 204.
2021-08-05 15:37:41,380 - urllib3.connectionpool - Starting new HTTPS connection (1): discord.com:443
2021-08-05 15:37:41,873 - urllib3.connectionpool - https://discord.com:443 "POST /api/webhooks/850392839053639690/65cKLltyuopds0GR5ElwNaeKmhGKmEuXlILxyTidy5Yup0ZfrMMYbNIXK21qa8kcHlKk HTTP/1.1" 204 0
2021-08-05 15:37:41,878 - root - Payload delivered successfully, code 204.
2021-08-05 15:37:41,882 - urllib3.connectionpool - Starting new HTTPS connection (1): discord.com:443
2021-08-05 15:37:42,397 - urllib3.connectionpool - https://discord.com:443 "POST /api/webhooks/850392839053639690/65cKLltyuopds0GR5ElwNaeKmhGKmEuXlILxyTidy5Yup0ZfrMMYbNIXK21qa8kcHlKk HTTP/1.1" 204 0
2021-08-05 15:37:42,399 - root - Payload delivered successfully, code 204.
2021-08-05 15:37:42,401 - urllib3.connectionpool - Starting new HTTPS connection (1): discord.com:443
2021-08-05 15:37:42,928 - urllib3.connectionpool - https://discord.com:443 "POST /api/webhooks/850392839053639690/65cKLltyuopds0GR5ElwNaeKmhGKmEuXlILxyTidy5Yup0ZfrMMYbNIXK21qa8kcHlKk HTTP/1.1" 204 0
2021-08-05 15:37:42,933 - root - Payload delivered successfully, code 204.
2021-08-05 15:37:42,937 - urllib3.connectionpool - Starting new HTTPS connection (1): discord.com:443
2021-08-05 15:37:43,433 - urllib3.connectionpool - https://discord.com:443 "POST /api/webhooks/850392839053639690/65cKLltyuopds0GR5ElwNaeKmhGKmEuXlILxyTidy5Yup0ZfrMMYbNIXK21qa8kcHlKk HTTP/1.1" 204 0
2021-08-05 15:37:43,435 - root - Payload delivered successfully, code 204.
2021-08-05 15:37:43,436 - urllib3.connectionpool - Starting new HTTPS connection (1): discord.com:443
2021-08-05 15:37:44,021 - urllib3.connectionpool - https://discord.com:443 "POST /api/webhooks/850392839053639690/65cKLltyuopds0GR5ElwNaeKmhGKmEuXlILxyTidy5Yup0ZfrMMYbNIXK21qa8kcHlKk HTTP/1.1" 204 0
2021-08-05 15:37:44,024 - root - Payload delivered successfully, code 204.
2021-08-05 15:37:44,027 - urllib3.connectionpool - Starting new HTTPS connection (1): discord.com:443
2021-08-06 21:21:57,663 - dotenv.main - Python-dotenv could not parse statement starting at line 14
2021-08-06 21:21:57,664 - root - Successfully started monitor
2021-08-06 21:21:57,667 - urllib3.connectionpool - Starting new HTTPS connection (1): discord.com:443
2021-08-06 21:21:58,222 - urllib3.connectionpool - https://discord.com:443 "POST /api/webhooks/850392839053639690/65cKLltyuopds0GR5ElwNaeKmhGKmEuXlILxyTidy5Yup0ZfrMMYbNIXK21qa8kcHlKk HTTP/1.1" 204 0
2021-08-06 21:21:58,226 - root - Payload delivered successfully, code 204.
2021-08-06 21:21:58,227 - urllib3.connectionpool - Starting new HTTPS connection (1): www.sslproxies.org:443
2021-08-06 21:21:58,729 - urllib3.connectionpool - https://www.sslproxies.org:443 "GET / HTTP/1.1" 200 None
2021-08-06 21:21:58,738 - urllib3.connectionpool - Starting new HTTP connection (1): 161.97.126.37:8118
2021-08-06 21:21:59,411 - urllib3.connectionpool - Starting new HTTP connection (1): 157.230.103.189:36366
2021-08-06 21:21:59,915 - urllib3.connectionpool - Starting new HTTP connection (1): 217.79.181.109:443
2021-08-06 21:22:00,592 - urllib3.connectionpool - Starting new HTTP connection (1): 165.22.81.30:44608
2021-08-06 21:22:01,107 - urllib3.connectionpool - Starting new HTTPS connection (1): www.sslproxies.org:443
2021-08-06 21:22:01,418 - urllib3.connectionpool - https://www.sslproxies.org:443 "GET / HTTP/1.1" 200 None
2021-08-06 21:22:01,429 - urllib3.connectionpool - Starting new HTTP connection (1): 92.255.196.91:8080
2021-08-06 21:22:01,932 - urllib3.connectionpool - Starting new HTTP connection (1): 194.233.69.90:443
2021-08-06 21:22:02,915 - urllib3.connectionpool - Starting new HTTP connection (1): 194.213.43.166:60530
2021-08-06 21:22:03,429 - urllib3.connectionpool - Starting new HTTP connection (1): 5.200.72.51:3128
2021-08-06 21:22:03,894 - urllib3.connectionpool - http://5.200.72.51:3128 "GET http://www.google.com/ HTTP/1.1" 504 None
2021-08-06 21:22:03,898 - urllib3.connectionpool - Starting new HTTP connection (1): 79.143.87.140:9090
2021-08-06 21:22:04,572 - urllib3.connectionpool - Starting new HTTP connection (1): 109.237.199.56:3128
2021-08-06 21:22:05,086 - urllib3.connectionpool - Starting new HTTP connection (1): 177.180.12.58:55443
2021-08-06 21:22:05,607 - urllib3.connectionpool - Starting new HTTP connection (1): 212.126.103.10:6666
2021-08-06 21:22:06,120 - urllib3.connectionpool - Starting new HTTP connection (1): 188.246.191.254:8081
2021-08-06 21:22:06,827 - urllib3.connectionpool - Starting new HTTP connection (1): 50.232.134.14:8080
2021-08-06 21:22:07,643 - urllib3.connectionpool - Starting new HTTP connection (1): 115.42.8.15:53281
2021-08-06 21:22:08,150 - urllib3.connectionpool - Starting new HTTP connection (1): 62.201.228.250:56798
2021-08-06 21:22:08,874 - urllib3.connectionpool - Starting new HTTP connection (1): 217.150.77.31:53281
2021-08-06 21:22:09,384 - urllib3.connectionpool - Starting new HTTP connection (1): 217.147.1.102:40998
2021-08-06 21:22:10,119 - urllib3.connectionpool - Starting new HTTP connection (1): 8.210.157.49:17309
2021-08-06 21:22:10,743 - urllib3.connectionpool - Starting new HTTP connection (1): 79.143.87.134:9090
2021-08-06 21:22:15,363 - dotenv.main - Python-dotenv could not parse statement starting at line 14
2021-08-06 21:22:15,364 - root - Successfully started monitor
2021-08-06 21:22:15,370 - urllib3.connectionpool - Starting new HTTPS connection (1): discord.com:443
2021-08-06 21:22:15,984 - urllib3.connectionpool - https://discord.com:443 "POST /api/webhooks/850392839053639690/65cKLltyuopds0GR5ElwNaeKmhGKmEuXlILxyTidy5Yup0ZfrMMYbNIXK21qa8kcHlKk HTTP/1.1" 204 0
2021-08-06 21:22:15,989 - root - Payload delivered successfully, code 204.
2021-08-06 21:22:15,993 - urllib3.connectionpool - Starting new HTTPS connection (1): www.sslproxies.org:443
2021-08-06 21:22:16,322 - urllib3.connectionpool - https://www.sslproxies.org:443 "GET / HTTP/1.1" 200 None
2021-08-06 21:22:16,344 - urllib3.connectionpool - Starting new HTTP connection (1): 217.79.181.109:443
2021-08-06 21:22:17,040 - urllib3.connectionpool - Starting new HTTP connection (1): 165.22.81.30:44608
2021-08-06 21:22:17,548 - urllib3.connectionpool - Starting new HTTP connection (1): 161.97.126.37:8118
2021-08-06 21:22:18,219 - urllib3.connectionpool - Starting new HTTP connection (1): 157.230.103.189:36366
2021-08-06 21:22:18,727 - urllib3.connectionpool - Starting new HTTPS connection (1): www.sslproxies.org:443
2021-08-06 21:22:19,028 - urllib3.connectionpool - https://www.sslproxies.org:443 "GET / HTTP/1.1" 200 None
2021-08-06 21:22:19,049 - urllib3.connectionpool - Starting new HTTP connection (1): 62.133.168.72:55443
2021-08-06 21:22:19,556 - urllib3.connectionpool - Starting new HTTP connection (1): 83.167.203.174:50128
2021-08-06 21:22:20,067 - urllib3.connectionpool - Starting new HTTP connection (1): 217.147.1.102:40998
2021-08-06 21:22:20,570 - urllib3.connectionpool - Starting new HTTP connection (1): 212.73.68.156:3128
2021-08-06 21:22:21,455 - urllib3.connectionpool - Starting new HTTP connection (1): 169.57.1.84:80
2021-08-06 21:22:22,316 - urllib3.connectionpool - Starting new HTTP connection (1): 45.229.32.245:999
2021-08-06 21:22:22,832 - urllib3.connectionpool - Starting new HTTP connection (1): 165.22.81.30:44608
2021-08-06 21:22:23,347 - urllib3.connectionpool - Starting new HTTP connection (1): 75.188.225.212:8080
2021-08-06 21:22:23,850 - urllib3.connectionpool - Starting new HTTP connection (1): 58.177.22.90:8080
2021-08-06 21:22:24,355 - urllib3.connectionpool - Starting new HTTP connection (1): 212.126.103.10:6666
2021-08-06 21:22:24,864 - urllib3.connectionpool - Starting new HTTP connection (1): 103.154.25.166:8080
2021-08-06 21:22:25,379 - urllib3.connectionpool - Starting new HTTP connection (1): 50.192.195.69:52018
2021-08-06 21:22:25,895 - urllib3.connectionpool - Starting new HTTP connection (1): 177.180.12.58:55443
2021-08-06 21:22:26,406 - urllib3.connectionpool - Starting new HTTP connection (1): 45.186.6.149:3128
2021-08-06 21:22:26,917 - urllib3.connectionpool - Starting new HTTP connection (1): 187.111.160.6:8080
2021-08-06 21:22:27,428 - urllib3.connectionpool - Starting new HTTP connection (1): 62.201.228.250:56798
2021-08-06 21:22:28,165 - urllib3.connectionpool - Starting new HTTP connection (1): 129.205.160.180:31075
2021-08-06 21:22:28,678 - urllib3.connectionpool - Starting new HTTP connection (1): 79.143.87.140:9090
2021-08-06 21:22:29,190 - urllib3.connectionpool - Starting new HTTP connection (1): 186.96.114.245:55443
2021-08-06 21:22:29,694 - urllib3.connectionpool - Starting new HTTP connection (1): 51.83.193.250:8081
2021-08-06 21:22:30,209 - urllib3.connectionpool - Starting new HTTP connection (1): 95.47.102.178:8080
2021-08-06 21:22:40,730 - dotenv.main - Python-dotenv could not parse statement starting at line 14
2021-08-06 21:22:40,730 - root - Successfully started monitor
2021-08-06 21:22:40,734 - urllib3.connectionpool - Starting new HTTPS connection (1): discord.com:443
2021-08-06 21:22:41,341 - urllib3.connectionpool - https://discord.com:443 "POST /api/webhooks/850392839053639690/65cKLltyuopds0GR5ElwNaeKmhGKmEuXlILxyTidy5Yup0ZfrMMYbNIXK21qa8kcHlKk HTTP/1.1" 204 0
2021-08-06 21:22:41,344 - root - Payload delivered successfully, code 204.
2021-08-06 21:22:41,346 - urllib3.connectionpool - Starting new HTTPS connection (1): www.sslproxies.org:443
2021-08-06 21:22:41,663 - urllib3.connectionpool - https://www.sslproxies.org:443 "GET / HTTP/1.1" 200 None
2021-08-06 21:22:41,672 - urllib3.connectionpool - Starting new HTTP connection (1): 165.22.81.30:44608
2021-08-06 21:22:42,182 - urllib3.connectionpool - Starting new HTTP connection (1): 217.79.181.109:443
2021-08-06 21:22:42,884 - urllib3.connectionpool - Starting new HTTP connection (1): 161.97.126.37:8118
2021-08-06 21:22:43,618 - urllib3.connectionpool - Starting new HTTP connection (1): 157.230.103.189:36366
2021-08-06 21:22:44,132 - urllib3.connectionpool - Starting new HTTPS connection (1): www.sslproxies.org:443
2021-08-06 21:22:44,410 - urllib3.connectionpool - https://www.sslproxies.org:443 "GET / HTTP/1.1" 200 None
2021-08-06 21:22:44,426 - urllib3.connectionpool - Starting new HTTP connection (1): 200.29.102.231:55443
2021-08-06 21:22:45,243 - urllib3.connectionpool - Starting new HTTP connection (1): 45.186.6.149:3128
2021-08-06 21:22:45,757 - urllib3.connectionpool - Starting new HTTP connection (1): 192.99.239.215:8080
2021-08-06 21:22:46,270 - urllib3.connectionpool - Starting new HTTP connection (1): 92.255.196.91:8080
2021-08-06 21:22:46,777 - urllib3.connectionpool - Starting new HTTP connection (1): 104.148.87.162:3129
2021-08-06 21:22:47,290 - urllib3.connectionpool - Starting new HTTP connection (1): 75.188.225.212:8080
2021-08-06 21:22:47,805 - urllib3.connectionpool - Starting new HTTP connection (1): 176.31.7.185:8080
2021-08-06 21:22:48,319 - urllib3.connectionpool - Starting new HTTP connection (1): 109.237.199.56:3128
2021-08-06 21:22:48,823 - urllib3.connectionpool - Starting new HTTP connection (1): 95.47.102.178:8080
2021-08-06 21:22:49,662 - urllib3.connectionpool - Starting new HTTP connection (1): 43.245.202.15:57396
2021-08-06 21:22:50,178 - urllib3.connectionpool - Starting new HTTP connection (1): 79.143.87.138:9090
2021-08-06 21:22:50,692 - urllib3.connectionpool - Starting new HTTP connection (1): 212.126.103.10:6666
2021-08-06 21:22:51,211 - urllib3.connectionpool - Starting new HTTP connection (1): 129.205.160.180:31075
2021-08-06 21:22:51,728 - urllib3.connectionpool - Starting new HTTP connection (1): 119.81.189.194:80
2021-08-06 21:22:51,976 - urllib3.connectionpool - http://119.81.189.194:80 "GET http://www.google.com/ HTTP/1.1" 403 0
2021-08-06 21:22:51,977 - urllib3.connectionpool - Starting new HTTP connection (1): 119.81.189.194:80
2021-08-06 21:22:52,216 - urllib3.connectionpool - http://119.81.189.194:80 "GET http://www.google.com/ HTTP/1.1" 403 0
2021-08-06 21:22:52,219 - urllib3.connectionpool - Starting new HTTPS connection (1): www.zavvi.com:443
2021-08-06 21:22:53,159 - urllib3.connectionpool - https://www.zavvi.com:443 "GET /funko/pop-vinyl.list?autocomplete=searchsuggestion&pageNumber=1&sortOrder=releaseDate HTTP/1.1" 200 None
2021-08-06 21:22:56,244 - urllib3.connectionpool - Starting new HTTPS connection (1): www.zavvi.com:443
2021-08-06 21:22:57,526 - urllib3.connectionpool - https://www.zavvi.com:443 "GET /funko/pop-vinyl.list?autocomplete=searchsuggestion&pageNumber=1&sortOrder=releaseDate HTTP/1.1" 200 None
2021-08-06 21:23:00,653 - urllib3.connectionpool - Starting new HTTPS connection (1): www.zavvi.com:443
2021-08-06 21:23:01,563 - urllib3.connectionpool - https://www.zavvi.com:443 "GET /funko/pop-vinyl.list?autocomplete=searchsuggestion&pageNumber=1&sortOrder=releaseDate HTTP/1.1" 200 None
2021-08-06 21:23:05,528 - urllib3.connectionpool - Starting new HTTPS connection (1): www.zavvi.com:443
2021-08-06 21:23:06,406 - urllib3.connectionpool - https://www.zavvi.com:443 "GET /funko/pop-vinyl.list?autocomplete=searchsuggestion&pageNumber=1&sortOrder=releaseDate HTTP/1.1" 200 None
2021-08-06 21:23:09,470 - urllib3.connectionpool - Starting new HTTPS connection (1): www.zavvi.com:443
2021-08-06 21:23:10,327 - urllib3.connectionpool - https://www.zavvi.com:443 "GET /funko/pop-vinyl.list?autocomplete=searchsuggestion&pageNumber=1&sortOrder=releaseDate HTTP/1.1" 200 None
2021-08-06 21:23:13,537 - urllib3.connectionpool - Starting new HTTPS connection (1): www.zavvi.com:443
2021-08-06 21:23:14,636 - urllib3.connectionpool - https://www.zavvi.com:443 "GET /funko/pop-vinyl.list?autocomplete=searchsuggestion&pageNumber=1&sortOrder=releaseDate HTTP/1.1" 200 None
2021-08-06 21:23:20,499 - urllib3.connectionpool - Starting new HTTPS connection (1): www.zavvi.com:443
2021-08-06 21:23:21,387 - urllib3.connectionpool - https://www.zavvi.com:443 "GET /funko/pop-vinyl.list?autocomplete=searchsuggestion&pageNumber=1&sortOrder=releaseDate HTTP/1.1" 200 None
2021-08-06 21:23:24,211 - urllib3.connectionpool - Starting new HTTPS connection (1): www.zavvi.com:443
2021-08-06 21:23:25,031 - urllib3.connectionpool - https://www.zavvi.com:443 "GET /funko/pop-vinyl.list?autocomplete=searchsuggestion&pageNumber=1&sortOrder=releaseDate HTTP/1.1" 200 None
2021-08-06 21:23:27,921 - urllib3.connectionpool - Starting new HTTPS connection (1): www.zavvi.com:443
2021-08-06 21:23:28,952 - urllib3.connectionpool - https://www.zavvi.com:443 "GET /funko/pop-vinyl.list?autocomplete=searchsuggestion&pageNumber=1&sortOrder=releaseDate HTTP/1.1" 200 None
2021-08-06 21:23:32,272 - urllib3.connectionpool - Starting new HTTPS connection (1): www.zavvi.com:443
2021-08-06 21:23:33,310 - urllib3.connectionpool - https://www.zavvi.com:443 "GET /funko/pop-vinyl.list?autocomplete=searchsuggestion&pageNumber=1&sortOrder=releaseDate HTTP/1.1" 200 None
2021-08-06 21:23:36,648 - urllib3.connectionpool - Starting new HTTPS connection (1): www.zavvi.com:443
2021-08-06 21:23:37,554 - urllib3.connectionpool - https://www.zavvi.com:443 "GET /funko/pop-vinyl.list?autocomplete=searchsuggestion&pageNumber=1&sortOrder=releaseDate HTTP/1.1" 200 None
2021-08-06 21:23:40,945 - urllib3.connectionpool - Starting new HTTPS connection (1): www.zavvi.com:443
2021-08-06 21:23:41,816 - urllib3.connectionpool - https://www.zavvi.com:443 "GET /funko/pop-vinyl.list?autocomplete=searchsuggestion&pageNumber=1&sortOrder=releaseDate HTTP/1.1" 200 None
2021-08-06 21:23:44,998 - urllib3.connectionpool - Starting new HTTPS connection (1): www.zavvi.com:443
2021-08-06 21:23:45,906 - urllib3.connectionpool - https://www.zavvi.com:443 "GET /funko/pop-vinyl.list?autocomplete=searchsuggestion&pageNumber=1&sortOrder=releaseDate HTTP/1.1" 200 None
2021-08-06 21:23:57,461 - dotenv.main - Python-dotenv could not parse statement starting at line 14
2021-08-06 21:23:57,462 - root - Successfully started monitor
2021-08-06 21:23:57,466 - urllib3.connectionpool - Starting new HTTPS connection (1): discord.com:443
2021-08-06 21:23:58,084 - urllib3.connectionpool - https://discord.com:443 "POST /api/webhooks/850392839053639690/65cKLltyuopds0GR5ElwNaeKmhGKmEuXlILxyTidy5Yup0ZfrMMYbNIXK21qa8kcHlKk HTTP/1.1" 204 0
2021-08-06 21:23:58,088 - root - Payload delivered successfully, code 204.
2021-08-06 21:23:58,092 - urllib3.connectionpool - Starting new HTTPS connection (1): www.sslproxies.org:443
2021-08-06 21:23:58,405 - urllib3.connectionpool - https://www.sslproxies.org:443 "GET / HTTP/1.1" 200 None
2021-08-06 21:23:58,416 - urllib3.connectionpool - Starting new HTTP connection (1): 217.79.181.109:443
2021-08-06 21:23:59,084 - urllib3.connectionpool - Starting new HTTP connection (1): 165.22.81.30:44608
2021-08-06 21:23:59,603 - urllib3.connectionpool - Starting new HTTP connection (1): 157.230.103.189:36366
2021-08-06 21:24:00,116 - urllib3.connectionpool - Starting new HTTP connection (1): 161.97.126.37:8118
2021-08-06 21:24:00,808 - urllib3.connectionpool - Starting new HTTPS connection (1): www.sslproxies.org:443
2021-08-06 21:24:01,124 - urllib3.connectionpool - https://www.sslproxies.org:443 "GET / HTTP/1.1" 200 None
2021-08-06 21:24:01,135 - urllib3.connectionpool - Starting new HTTP connection (1): 118.179.173.253:40836
2021-08-06 21:24:01,645 - urllib3.connectionpool - Starting new HTTP connection (1): 103.156.57.66:3127
2021-08-06 21:24:02,256 - urllib3.connectionpool - Starting new HTTP connection (1): 143.137.175.127:6666
2021-08-06 21:24:02,773 - urllib3.connectionpool - Starting new HTTP connection (1): 200.29.109.112:44749
2021-08-06 21:24:03,288 - urllib3.connectionpool - Starting new HTTP connection (1): 177.180.12.58:55443
2021-08-06 21:24:03,802 - urllib3.connectionpool - Starting new HTTP connection (1): 103.107.94.2:52827
2021-08-06 21:24:04,307 - urllib3.connectionpool - Starting new HTTP connection (1): 194.233.69.90:443
2021-08-06 21:24:05,208 - urllib3.connectionpool - Starting new HTTP connection (1): 103.124.136.14:80
2021-08-06 21:24:05,717 - urllib3.connectionpool - Starting new HTTP connection (1): 181.189.221.209:61783
2021-08-06 21:24:06,228 - urllib3.connectionpool - Starting new HTTP connection (1): 195.158.7.10:3128
2021-08-06 21:24:06,804 - urllib3.connectionpool - http://195.158.7.10:3128 "GET http://www.google.com/ HTTP/1.1" 504 None
2021-08-06 21:24:06,806 - urllib3.connectionpool - Starting new HTTP connection (1): 184.147.26.251:8080
2021-08-06 21:24:07,314 - urllib3.connectionpool - Starting new HTTP connection (1): 177.139.176.242:65301
2021-08-06 21:24:07,816 - urllib3.connectionpool - Starting new HTTP connection (1): 190.112.156.11:6666
2021-08-06 21:24:08,333 - urllib3.connectionpool - Starting new HTTP connection (1): 27.112.70.203:8083
2021-08-06 21:24:08,848 - urllib3.connectionpool - Starting new HTTP connection (1): 212.126.103.10:6666
2021-08-06 21:24:09,352 - urllib3.connectionpool - Starting new HTTP connection (1): 103.206.254.170:65103
2021-08-06 21:24:09,869 - urllib3.connectionpool - Starting new HTTP connection (1): 58.177.22.90:8080
2021-08-06 21:24:10,385 - urllib3.connectionpool - Starting new HTTP connection (1): 187.73.68.14:53281
2021-08-06 21:24:11,284 - urllib3.connectionpool - Starting new HTTP connection (1): 172.107.159.194:443
2021-08-06 21:24:12,019 - urllib3.connectionpool - Starting new HTTP connection (1): 34.121.55.127:8080
2021-08-06 21:24:12,527 - urllib3.connectionpool - Starting new HTTP connection (1): 31.40.146.179:53281
2021-08-06 21:24:13,040 - urllib3.connectionpool - Starting new HTTP connection (1): 104.148.87.162:3129
2021-08-06 21:24:13,814 - urllib3.connectionpool - Starting new HTTP connection (1): 203.171.244.249:55443
2021-08-06 21:24:14,371 - urllib3.connectionpool - Starting new HTTP connection (1): 168.228.150.5:47507
2021-08-06 21:24:14,878 - urllib3.connectionpool - Starting new HTTP connection (1): 217.79.181.109:443
2021-08-06 21:24:15,560 - urllib3.connectionpool - Starting new HTTP connection (1): 79.143.87.134:9090
2021-08-06 21:24:16,069 - urllib3.connectionpool - Starting new HTTP connection (1): 95.104.54.227:42119
2021-08-06 21:24:16,573 - urllib3.connectionpool - Starting new HTTP connection (1): 194.213.43.166:60530
2021-08-06 21:24:17,086 - urllib3.connectionpool - Starting new HTTP connection (1): 79.143.87.117:9090
2021-08-06 21:24:17,604 - urllib3.connectionpool - Starting new HTTP connection (1): 170.83.60.125:55443
2021-08-06 21:24:18,117 - urllib3.connectionpool - Starting new HTTP connection (1): 185.104.252.10:9090
2021-08-06 21:24:18,638 - urllib3.connectionpool - Starting new HTTP connection (1): 5.200.72.51:3128
2021-08-06 21:24:19,106 - urllib3.connectionpool - http://5.200.72.51:3128 "GET http://www.google.com/ HTTP/1.1" 504 None
2021-08-06 21:24:19,109 - urllib3.connectionpool - Starting new HTTP connection (1): 109.237.199.56:3128
2021-08-06 21:24:19,614 - urllib3.connectionpool - Starting new HTTP connection (1): 129.226.182.125:80
2021-08-06 21:24:20,273 - urllib3.connectionpool - Starting new HTTP connection (1): 187.243.253.2:8080
2021-08-06 21:24:20,783 - urllib3.connectionpool - Starting new HTTP connection (1): 79.119.155.137:53281
2021-08-06 21:24:21,286 - urllib3.connectionpool - Starting new HTTP connection (1): 103.239.147.129:54623
2021-08-06 21:24:21,801 - urllib3.connectionpool - Starting new HTTP connection (1): 129.205.160.180:31075
2021-08-06 21:24:22,304 - urllib3.connectionpool - Starting new HTTP connection (1): 50.232.134.14:8080
2021-08-06 21:24:23,115 - urllib3.connectionpool - Starting new HTTP connection (1): 36.94.35.217:55418
2021-08-06 21:24:23,631 - urllib3.connectionpool - Starting new HTTP connection (1): 144.217.101.245:3129
2021-08-06 21:24:24,458 - urllib3.connectionpool - Starting new HTTP connection (1): 181.52.85.249:36107
2021-08-06 21:24:24,979 - urllib3.connectionpool - Starting new HTTP connection (1): 186.233.98.173:23500
2021-08-06 21:24:25,495 - urllib3.connectionpool - Starting new HTTP connection (1): 79.143.87.140:9090
2021-08-06 21:24:26,009 - urllib3.connectionpool - Starting new HTTP connection (1): 125.163.140.62:8080
2021-08-06 21:24:26,245 - urllib3.connectionpool - Starting new HTTP connection (1): 118.99.100.251:8080
2021-08-06 21:24:26,763 - urllib3.connectionpool - Starting new HTTP connection (1): 157.230.103.189:36366
2021-08-06 21:24:27,279 - urllib3.connectionpool - Starting new HTTP connection (1): 37.26.136.181:52271
2021-08-06 21:24:27,790 - urllib3.connectionpool - Starting new HTTP connection (1): 191.103.219.225:48612
2021-08-06 21:24:28,303 - urllib3.connectionpool - Starting new HTTP connection (1): 47.206.238.131:8080
2021-08-06 21:24:28,819 - urllib3.connectionpool - Starting new HTTP connection (1): 75.188.225.212:8080
2021-08-06 21:24:29,334 - urllib3.connectionpool - Starting new HTTP connection (1): 93.117.72.27:43631
2021-08-06 21:24:29,845 - urllib3.connectionpool - Starting new HTTP connection (1): 50.192.195.69:52018
2021-08-06 21:24:30,361 - urllib3.connectionpool - Starting new HTTP connection (1): 115.42.8.15:53281
2021-08-06 21:24:30,864 - urllib3.connectionpool - Starting new HTTP connection (1): 45.186.6.149:3128
2021-08-06 21:24:31,385 - urllib3.connectionpool - Starting new HTTP connection (1): 79.143.87.138:9090
2021-08-06 21:24:31,901 - urllib3.connectionpool - Starting new HTTP connection (1): 82.64.183.22:8080
2021-08-06 21:24:32,332 - urllib3.connectionpool - http://82.64.183.22:8080 "GET http://www.google.com/ HTTP/1.1" 200 5711
2021-08-06 21:24:32,335 - urllib3.connectionpool - Starting new HTTP connection (1): 82.64.183.22:8080
2021-08-06 21:24:32,721 - urllib3.connectionpool - http://82.64.183.22:8080 "GET http://www.google.com/ HTTP/1.1" 200 5695
2021-08-06 21:24:32,727 - urllib3.connectionpool - Starting new HTTPS connection (1): www.zavvi.com:443
2021-08-06 21:24:33,891 - urllib3.connectionpool - https://www.zavvi.com:443 "GET /funko/pop-vinyl.list?autocomplete=searchsuggestion&pageNumber=1&sortOrder=releaseDate HTTP/1.1" 200 None
2021-08-06 21:24:42,634 - urllib3.connectionpool - Starting new HTTPS connection (1): www.zavvi.com:443
2021-08-06 21:24:43,726 - urllib3.connectionpool - https://www.zavvi.com:443 "GET /funko/pop-vinyl.list?autocomplete=searchsuggestion&pageNumber=1&sortOrder=releaseDate HTTP/1.1" 200 None
2021-08-06 21:24:52,978 - urllib3.connectionpool - Starting new HTTPS connection (1): www.zavvi.com:443
2021-08-06 21:24:53,881 - urllib3.connectionpool - https://www.zavvi.com:443 "GET /funko/pop-vinyl.list?autocomplete=searchsuggestion&pageNumber=1&sortOrder=releaseDate HTTP/1.1" 200 None
2021-08-06 21:25:33,982 - dotenv.main - Python-dotenv could not parse statement starting at line 14
2021-08-06 21:25:33,983 - root - Successfully started monitor
2021-08-06 21:25:33,986 - urllib3.connectionpool - Starting new HTTPS connection (1): discord.com:443
2021-08-06 21:25:34,542 - urllib3.connectionpool - https://discord.com:443 "POST /api/webhooks/850392839053639690/65cKLltyuopds0GR5ElwNaeKmhGKmEuXlILxyTidy5Yup0ZfrMMYbNIXK21qa8kcHlKk HTTP/1.1" 204 0
2021-08-06 21:25:34,545 - root - Payload delivered successfully, code 204.
2021-08-06 21:25:34,552 - urllib3.connectionpool - Starting new HTTPS connection (1): www.sslproxies.org:443
2021-08-06 21:25:34,825 - urllib3.connectionpool - https://www.sslproxies.org:443 "GET / HTTP/1.1" 200 None
2021-08-06 21:25:34,834 - urllib3.connectionpool - Starting new HTTP connection (1): 157.230.103.189:36366
2021-08-06 21:25:35,344 - urllib3.connectionpool - Starting new HTTP connection (1): 161.97.126.37:8118
2021-08-06 21:25:36,042 - urllib3.connectionpool - Starting new HTTP connection (1): 165.22.81.30:44608
2021-08-06 21:25:36,559 - urllib3.connectionpool - Starting new HTTP connection (1): 217.79.181.109:443
2021-08-06 21:25:37,243 - urllib3.connectionpool - Starting new HTTPS connection (1): www.sslproxies.org:443
2021-08-06 21:25:37,584 - urllib3.connectionpool - https://www.sslproxies.org:443 "GET / HTTP/1.1" 200 None
2021-08-06 21:25:37,598 - urllib3.connectionpool - Starting new HTTP connection (1): 190.145.200.126:53281
2021-08-06 21:25:38,104 - urllib3.connectionpool - Starting new HTTP connection (1): 109.105.205.232:59152
2021-08-06 21:25:38,617 - urllib3.connectionpool - Starting new HTTP connection (1): 103.57.11.106:55443
2021-08-06 21:25:39,132 - urllib3.connectionpool - Starting new HTTP connection (1): 104.148.87.162:3129
2021-08-06 21:25:39,927 - urllib3.connectionpool - Starting new HTTP connection (1): 79.143.87.140:9090
2021-08-06 21:25:40,435 - urllib3.connectionpool - Starting new HTTP connection (1): 178.66.182.76:3128
2021-08-06 21:25:40,950 - urllib3.connectionpool - Starting new HTTP connection (1): 37.26.136.181:52271
2021-08-06 21:25:41,469 - urllib3.connectionpool - Starting new HTTP connection (1): 79.104.25.218:8080
2021-08-06 21:25:41,978 - urllib3.connectionpool - Starting new HTTP connection (1): 191.103.219.225:48612
2021-08-06 21:25:42,790 - urllib3.connectionpool - Starting new HTTP connection (1): 83.143.115.129:53281
2021-08-06 21:25:43,303 - urllib3.connectionpool - Starting new HTTP connection (1): 81.33.4.214:61711
2021-08-06 21:25:43,818 - urllib3.connectionpool - Starting new HTTP connection (1): 212.126.103.10:6666
2021-08-06 21:25:44,333 - urllib3.connectionpool - Starting new HTTP connection (1): 187.111.160.6:8080
2021-08-06 21:25:44,851 - urllib3.connectionpool - Starting new HTTP connection (1): 79.143.87.117:9090
2021-08-06 21:25:45,384 - urllib3.connectionpool - Starting new HTTP connection (1): 181.129.140.83:35232
2021-08-06 21:25:45,893 - urllib3.connectionpool - Starting new HTTP connection (1): 186.96.114.245:55443
2021-08-06 21:25:46,414 - urllib3.connectionpool - Starting new HTTP connection (1): 192.99.239.215:8080
2021-08-06 21:25:46,929 - urllib3.connectionpool - Starting new HTTP connection (1): 27.112.70.203:8083
2021-08-06 21:25:47,450 - urllib3.connectionpool - Starting new HTTP connection (1): 129.205.160.180:31075
2021-08-06 21:25:48,278 - urllib3.connectionpool - Starting new HTTP connection (1): 50.192.195.69:52018
2021-08-06 21:25:48,797 - urllib3.connectionpool - Starting new HTTP connection (1): 95.104.54.227:42119
2021-08-06 21:25:49,308 - urllib3.connectionpool - Starting new HTTP connection (1): 168.228.150.5:47507
2021-08-06 21:25:49,820 - urllib3.connectionpool - Starting new HTTP connection (1): 103.107.94.2:52827
2021-08-06 21:25:50,331 - urllib3.connectionpool - Starting new HTTP connection (1): 129.226.182.125:80
2021-08-06 21:25:50,978 - urllib3.connectionpool - Starting new HTTP connection (1): 103.206.254.170:65103
2021-08-06 21:25:51,696 - urllib3.connectionpool - Starting new HTTP connection (1): 109.237.199.56:3128
2021-08-06 21:25:52,526 - urllib3.connectionpool - Starting new HTTP connection (1): 23.251.138.105:8080
2021-08-06 21:25:53,042 - urllib3.connectionpool - Starting new HTTP connection (1): 95.47.102.178:8080
2021-08-06 21:25:53,556 - urllib3.connectionpool - Starting new HTTP connection (1): 47.206.238.131:8080
2021-08-06 21:25:54,067 - urllib3.connectionpool - Starting new HTTP connection (1): 195.158.7.10:3128
2021-08-06 21:25:54,830 - urllib3.connectionpool - http://195.158.7.10:3128 "GET http://www.google.com/ HTTP/1.1" 504 None
2021-08-06 21:25:54,834 - urllib3.connectionpool - Starting new HTTP connection (1): 36.94.35.217:55418
2021-08-06 21:25:55,496 - urllib3.connectionpool - Starting new HTTP connection (1): 217.79.181.109:443
2021-08-06 21:25:56,168 - urllib3.connectionpool - Starting new HTTP connection (1): 91.192.2.168:53281
2021-08-06 21:25:56,671 - urllib3.connectionpool - Starting new HTTP connection (1): 79.143.87.138:9090
2021-08-06 21:25:57,601 - urllib3.connectionpool - Starting new HTTP connection (1): 181.189.221.209:61783
2021-08-06 21:25:58,549 - urllib3.connectionpool - Starting new HTTP connection (1): 1.179.148.9:55636
2021-08-06 21:25:59,067 - urllib3.connectionpool - Starting new HTTP connection (1): 103.239.147.129:54623
2021-08-06 21:25:59,602 - urllib3.connectionpool - Starting new HTTP connection (1): 188.246.191.254:8081
2021-08-06 21:26:00,119 - urllib3.connectionpool - Starting new HTTP connection (1): 177.139.176.242:65301
2021-08-06 21:26:00,635 - urllib3.connectionpool - Starting new HTTP connection (1): 194.213.43.166:60530
2021-08-06 21:26:01,148 - urllib3.connectionpool - Starting new HTTP connection (1): 195.7.10.141:8080
2021-08-06 21:26:01,668 - urllib3.connectionpool - Starting new HTTP connection (1): 161.97.126.37:8118
2021-08-06 21:26:02,359 - urllib3.connectionpool - Starting new HTTP connection (1): 140.227.118.184:6000
2021-08-06 21:26:02,866 - urllib3.connectionpool - Starting new HTTP connection (1): 118.99.100.251:8080
2021-08-06 21:26:03,461 - urllib3.connectionpool - Starting new HTTP connection (1): 140.227.67.200:3128
2021-08-06 21:26:03,976 - urllib3.connectionpool - Starting new HTTP connection (1): 200.29.148.178:8080
2021-08-06 21:26:04,484 - urllib3.connectionpool - Starting new HTTP connection (1): 172.107.159.194:443
2021-08-06 21:26:05,076 - urllib3.connectionpool - Starting new HTTP connection (1): 187.73.68.14:53281
2021-08-06 21:26:05,581 - urllib3.connectionpool - Starting new HTTP connection (1): 203.171.244.249:55443
2021-08-06 21:26:06,095 - urllib3.connectionpool - Starting new HTTP connection (1): 181.129.74.58:40667
2021-08-06 21:26:06,613 - urllib3.connectionpool - Starting new HTTP connection (1): 187.243.253.2:8080
2021-08-06 21:26:07,129 - urllib3.connectionpool - Starting new HTTP connection (1): 118.179.173.253:40836
2021-08-06 21:26:07,646 - urllib3.connectionpool - Starting new HTTP connection (1): 217.147.1.102:40998
2021-08-06 21:26:08,161 - urllib3.connectionpool - Starting new HTTP connection (1): 79.143.87.134:9090
2021-08-06 21:26:08,665 - urllib3.connectionpool - Starting new HTTP connection (1): 181.52.85.249:36107
2021-08-06 21:26:09,177 - urllib3.connectionpool - Starting new HTTP connection (1): 82.64.183.22:8080
2021-08-06 21:26:09,679 - urllib3.connectionpool - Starting new HTTP connection (1): 185.104.252.10:9090
2021-08-06 21:26:10,194 - urllib3.connectionpool - Starting new HTTP connection (1): 84.52.64.108:8080
2021-08-06 21:26:10,709 - urllib3.connectionpool - Starting new HTTP connection (1): 103.154.25.166:8080
2021-08-06 21:26:11,223 - urllib3.connectionpool - Starting new HTTP connection (1): 177.180.12.58:55443
2021-08-06 21:26:11,735 - urllib3.connectionpool - Starting new HTTP connection (1): 170.83.60.125:55443
2021-08-06 21:26:12,254 - urllib3.connectionpool - Starting new HTTP connection (1): 79.119.155.137:53281
2021-08-06 21:26:12,769 - urllib3.connectionpool - Starting new HTTP connection (1): 157.230.103.189:36366
2021-08-06 21:26:13,273 - urllib3.connectionpool - Starting new HTTP connection (1): 190.112.156.11:6666
2021-08-06 21:26:13,796 - urllib3.connectionpool - Starting new HTTP connection (1): 93.117.72.27:43631
2021-08-06 21:26:14,304 - urllib3.connectionpool - Starting new HTTP connection (1): 143.137.175.127:6666
2021-08-06 21:26:14,822 - urllib3.connectionpool - Starting new HTTP connection (1): 176.31.7.185:8080
2021-08-06 21:26:15,344 - urllib3.connectionpool - Starting new HTTP connection (1): 200.29.102.231:55443
2021-08-06 21:26:15,860 - urllib3.connectionpool - Starting new HTTP connection (1): 103.124.136.14:80
2021-08-06 21:26:16,373 - urllib3.connectionpool - Starting new HTTP connection (1): 190.196.176.5:60080
2021-08-06 21:26:16,890 - urllib3.connectionpool - Starting new HTTP connection (1): 34.121.55.127:8080
2021-08-06 21:26:17,398 - urllib3.connectionpool - Starting new HTTP connection (1): 125.163.140.62:8080
2021-08-06 21:26:17,806 - urllib3.connectionpool - http://125.163.140.62:8080 "GET http://www.google.com/ HTTP/1.1" 200 6081
2021-08-06 21:26:17,811 - urllib3.connectionpool - Starting new HTTP connection (1): 125.163.140.62:8080
2021-08-06 21:26:18,220 - urllib3.connectionpool - http://125.163.140.62:8080 "GET http://www.google.com/ HTTP/1.1" 200 6077
2021-08-06 21:26:18,222 - urllib3.connectionpool - Starting new HTTPS connection (1): www.zavvi.com:443
2021-08-06 21:26:19,125 - urllib3.connectionpool - https://www.zavvi.com:443 "GET /funko/pop-vinyl.list?autocomplete=searchsuggestion&pageNumber=1&sortOrder=releaseDate HTTP/1.1" 200 None
2021-08-06 21:26:22,645 - urllib3.connectionpool - Starting new HTTPS connection (1): www.zavvi.com:443
2021-08-06 21:26:23,525 - urllib3.connectionpool - https://www.zavvi.com:443 "GET /funko/pop-vinyl.list?autocomplete=searchsuggestion&pageNumber=1&sortOrder=releaseDate HTTP/1.1" 200 None
2021-08-06 21:26:27,276 - urllib3.connectionpool - Starting new HTTPS connection (1): www.zavvi.com:443
2021-08-06 21:26:28,157 - urllib3.connectionpool - https://www.zavvi.com:443 "GET /funko/pop-vinyl.list?autocomplete=searchsuggestion&pageNumber=1&sortOrder=releaseDate HTTP/1.1" 200 None
2021-08-06 21:26:31,724 - urllib3.connectionpool - Starting new HTTPS connection (1): www.zavvi.com:443
2021-08-06 21:26:32,569 - urllib3.connectionpool - https://www.zavvi.com:443 "GET /funko/pop-vinyl.list?autocomplete=searchsuggestion&pageNumber=1&sortOrder=releaseDate HTTP/1.1" 200 None
2021-08-06 21:26:36,260 - urllib3.connectionpool - Starting new HTTPS connection (1): www.zavvi.com:443
2021-08-06 21:26:37,128 - urllib3.connectionpool - https://www.zavvi.com:443 "GET /funko/pop-vinyl.list?autocomplete=searchsuggestion&pageNumber=1&sortOrder=releaseDate HTTP/1.1" 200 None
2021-08-06 21:26:40,543 - urllib3.connectionpool - Starting new HTTPS connection (1): www.zavvi.com:443
2021-08-06 21:28:45,773 - dotenv.main - Python-dotenv could not parse statement starting at line 14
2021-08-06 21:28:45,774 - root - Successfully started monitor
2021-08-06 21:28:45,777 - urllib3.connectionpool - Starting new HTTPS connection (1): discord.com:443
2021-08-06 21:28:46,948 - urllib3.connectionpool - https://discord.com:443 "POST /api/webhooks/850392839053639690/65cKLltyuopds0GR5ElwNaeKmhGKmEuXlILxyTidy5Yup0ZfrMMYbNIXK21qa8kcHlKk HTTP/1.1" 204 0
2021-08-06 21:28:46,950 - root - Payload delivered successfully, code 204.
2021-08-06 21:28:46,952 - urllib3.connectionpool - Starting new HTTPS connection (1): www.sslproxies.org:443
2021-08-06 21:28:47,186 - urllib3.connectionpool - https://www.sslproxies.org:443 "GET / HTTP/1.1" 200 None
2021-08-06 21:28:47,199 - urllib3.connectionpool - Starting new HTTP connection (1): 165.22.81.30:44608
2021-08-06 21:28:47,704 - urllib3.connectionpool - Starting new HTTP connection (1): 157.230.103.189:36366
2021-08-06 21:28:48,217 - urllib3.connectionpool - Starting new HTTP connection (1): 217.79.181.109:443
2021-08-06 21:28:48,852 - urllib3.connectionpool - http://217.79.181.109:443 "GET http://www.google.com/ HTTP/1.1" 200 6002
2021-08-06 21:28:48,854 - urllib3.connectionpool - Starting new HTTP connection (1): 161.97.126.37:8118
2021-08-06 21:28:49,361 - urllib3.connectionpool - Starting new HTTPS connection (1): www.sslproxies.org:443
2021-08-06 21:28:49,527 - urllib3.connectionpool - https://www.sslproxies.org:443 "GET / HTTP/1.1" 200 None
2021-08-06 21:28:49,541 - urllib3.connectionpool - Starting new HTTP connection (1): 144.217.101.245:3129
2021-08-06 21:28:50,053 - urllib3.connectionpool - Starting new HTTP connection (1): 103.107.94.2:52827
2021-08-06 21:28:50,575 - urllib3.connectionpool - Starting new HTTP connection (1): 103.124.136.14:80
2021-08-06 21:28:51,477 - urllib3.connectionpool - Starting new HTTP connection (1): 194.233.69.90:443
2021-08-06 21:28:52,399 - urllib3.connectionpool - Starting new HTTP connection (1): 186.233.98.173:23500
2021-08-06 21:28:52,915 - urllib3.connectionpool - Starting new HTTP connection (1): 181.189.221.209:61783
2021-08-06 21:28:53,430 - urllib3.connectionpool - Starting new HTTP connection (1): 200.29.109.112:44749
2021-08-06 21:28:53,938 - urllib3.connectionpool - Starting new HTTP connection (1): 190.152.17.62:55443
2021-08-06 21:28:54,446 - urllib3.connectionpool - Starting new HTTP connection (1): 172.107.159.194:443
2021-08-06 21:28:54,952 - urllib3.connectionpool - http://172.107.159.194:443 "GET http://www.google.com/ HTTP/1.1" 200 6173
2021-08-06 21:28:54,955 - urllib3.connectionpool - Starting new HTTP connection (1): 172.107.159.194:443
2021-08-06 21:28:55,379 - urllib3.connectionpool - http://172.107.159.194:443 "GET http://www.google.com/ HTTP/1.1" 200 5782
2021-08-06 21:28:55,383 - urllib3.connectionpool - Starting new HTTPS connection (1): www.zavvi.com:443
2021-08-06 21:28:56,758 - urllib3.connectionpool - https://www.zavvi.com:443 "GET /funko/pop-vinyl.list?autocomplete=searchsuggestion&pageNumber=1&sortOrder=releaseDate HTTP/1.1" 200 None
2021-08-06 21:29:03,117 - urllib3.connectionpool - Starting new HTTPS connection (1): www.zavvi.com:443
2021-08-06 21:29:03,962 - urllib3.connectionpool - https://www.zavvi.com:443 "GET /funko/pop-vinyl.list?autocomplete=searchsuggestion&pageNumber=1&sortOrder=releaseDate HTTP/1.1" 200 None
2021-08-06 21:29:07,151 - urllib3.connectionpool - Starting new HTTPS connection (1): www.zavvi.com:443
2021-08-06 21:29:08,018 - urllib3.connectionpool - https://www.zavvi.com:443 "GET /funko/pop-vinyl.list?autocomplete=searchsuggestion&pageNumber=1&sortOrder=releaseDate HTTP/1.1" 200 None
2021-08-06 21:29:11,041 - urllib3.connectionpool - Starting new HTTPS connection (1): www.zavvi.com:443
2021-08-06 21:29:12,002 - urllib3.connectionpool - https://www.zavvi.com:443 "GET /funko/pop-vinyl.list?autocomplete=searchsuggestion&pageNumber=1&sortOrder=releaseDate HTTP/1.1" 200 None
2021-08-06 21:29:18,228 - urllib3.connectionpool - Starting new HTTPS connection (1): www.zavvi.com:443
2021-08-06 21:29:19,128 - urllib3.connectionpool - https://www.zavvi.com:443 "GET /funko/pop-vinyl.list?autocomplete=searchsuggestion&pageNumber=1&sortOrder=releaseDate HTTP/1.1" 200 None
2021-08-06 21:29:22,208 - urllib3.connectionpool - Starting new HTTPS connection (1): www.zavvi.com:443
2021-08-06 21:29:23,075 - urllib3.connectionpool - https://www.zavvi.com:443 "GET /funko/pop-vinyl.list?autocomplete=searchsuggestion&pageNumber=1&sortOrder=releaseDate HTTP/1.1" 200 None
2021-08-06 21:29:26,178 - urllib3.connectionpool - Starting new HTTPS connection (1): www.zavvi.com:443
2021-08-06 21:29:27,134 - urllib3.connectionpool - https://www.zavvi.com:443 "GET /funko/pop-vinyl.list?autocomplete=searchsuggestion&pageNumber=1&sortOrder=releaseDate HTTP/1.1" 200 None
2021-08-06 21:29:30,893 - urllib3.connectionpool - Starting new HTTPS connection (1): www.zavvi.com:443
2021-08-06 21:30:15,062 - dotenv.main - Python-dotenv could not parse statement starting at line 14
2021-08-06 21:30:15,063 - root - Successfully started monitor
2021-08-06 21:30:15,067 - urllib3.connectionpool - Starting new HTTPS connection (1): discord.com:443
2021-08-06 21:30:15,606 - urllib3.connectionpool - https://discord.com:443 "POST /api/webhooks/850392839053639690/65cKLltyuopds0GR5ElwNaeKmhGKmEuXlILxyTidy5Yup0ZfrMMYbNIXK21qa8kcHlKk HTTP/1.1" 204 0
2021-08-06 21:30:15,608 - root - Payload delivered successfully, code 204.
2021-08-06 21:30:15,611 - urllib3.connectionpool - Starting new HTTPS connection (1): www.sslproxies.org:443
2021-08-06 21:30:15,790 - urllib3.connectionpool - https://www.sslproxies.org:443 "GET / HTTP/1.1" 200 None
2021-08-06 21:30:15,806 - urllib3.connectionpool - Starting new HTTP connection (1): 217.79.181.109:443
2021-08-06 21:30:16,488 - urllib3.connectionpool - Starting new HTTP connection (1): 165.22.81.30:44608
2021-08-06 21:30:17,004 - urllib3.connectionpool - Starting new HTTP connection (1): 157.230.103.189:36366
2021-08-06 21:30:17,512 - urllib3.connectionpool - Starting new HTTP connection (1): 161.97.126.37:8118
2021-08-06 21:30:18,196 - urllib3.connectionpool - Starting new HTTPS connection (1): www.sslproxies.org:443
2021-08-06 21:30:18,366 - urllib3.connectionpool - https://www.sslproxies.org:443 "GET / HTTP/1.1" 200 None
2021-08-06 21:30:18,406 - urllib3.connectionpool - Starting new HTTP connection (1): 95.47.102.178:8080
2021-08-06 21:30:18,913 - urllib3.connectionpool - Starting new HTTP connection (1): 115.42.8.15:53281
2021-08-06 21:30:19,429 - urllib3.connectionpool - Starting new HTTP connection (1): 62.201.228.250:56798
2021-08-06 21:30:19,942 - urllib3.connectionpool - Starting new HTTP connection (1): 8.210.157.49:17309
2021-08-06 21:30:20,596 - urllib3.connectionpool - Starting new HTTP connection (1): 79.143.87.140:9090
2021-08-06 21:30:21,112 - urllib3.connectionpool - Starting new HTTP connection (1): 220.135.165.38:8080
2021-08-06 21:30:21,625 - urllib3.connectionpool - Starting new HTTP connection (1): 75.188.225.212:8080
2021-08-06 21:30:22,133 - urllib3.connectionpool - Starting new HTTP connection (1): 194.213.43.166:60530
2021-08-06 21:30:22,649 - urllib3.connectionpool - Starting new HTTP connection (1): 129.226.182.125:80
2021-08-06 21:30:23,295 - urllib3.connectionpool - Starting new HTTP connection (1): 185.34.22.225:37879
2021-08-06 21:30:23,803 - urllib3.connectionpool - Starting new HTTP connection (1): 194.233.69.90:443
2021-08-06 21:30:24,693 - urllib3.connectionpool - Starting new HTTP connection (1): 23.251.138.105:8080
2021-08-06 21:30:25,196 - urllib3.connectionpool - Starting new HTTP connection (1): 195.158.7.10:3128
2021-08-06 21:30:25,799 - urllib3.connectionpool - http://195.158.7.10:3128 "GET http://www.google.com/ HTTP/1.1" 504 None
2021-08-06 21:30:25,802 - urllib3.connectionpool - Starting new HTTP connection (1): 190.152.17.62:55443
2021-08-06 21:30:26,306 - urllib3.connectionpool - Starting new HTTP connection (1): 35.239.150.193:8080
2021-08-06 21:30:26,822 - urllib3.connectionpool - Starting new HTTP connection (1): 118.179.173.253:40836
2021-08-06 21:30:27,333 - urllib3.connectionpool - Starting new HTTP connection (1): 161.97.126.37:8118
2021-08-06 21:30:27,850 - urllib3.connectionpool - Starting new HTTP connection (1): 188.246.191.254:8081
2021-08-06 21:30:28,351 - urllib3.connectionpool - Starting new HTTP connection (1): 184.147.26.251:8080
2021-08-06 21:30:28,854 - urllib3.connectionpool - Starting new HTTP connection (1): 125.163.140.62:8080
2021-08-06 21:30:29,073 - urllib3.connectionpool - Starting new HTTP connection (1): 1.186.139.9:54754
2021-08-06 21:30:29,586 - urllib3.connectionpool - Starting new HTTP connection (1): 34.121.55.127:8080
2021-08-06 21:30:30,103 - urllib3.connectionpool - Starting new HTTP connection (1): 181.52.85.249:36107
2021-08-06 21:30:30,618 - urllib3.connectionpool - Starting new HTTP connection (1): 181.189.221.209:61783
2021-08-06 21:30:31,134 - urllib3.connectionpool - Starting new HTTP connection (1): 191.103.219.225:48612
2021-08-06 21:30:31,655 - urllib3.connectionpool - Starting new HTTP connection (1): 104.148.87.162:3129
2021-08-06 21:30:32,165 - urllib3.connectionpool - Starting new HTTP connection (1): 82.64.183.22:8080
2021-08-06 21:30:32,874 - urllib3.connectionpool - Starting new HTTP connection (1): 186.233.98.173:23500
2021-08-06 21:30:33,789 - urllib3.connectionpool - Starting new HTTP connection (1): 140.227.67.200:3128
2021-08-06 21:30:34,304 - urllib3.connectionpool - Starting new HTTP connection (1): 83.143.115.129:53281
2021-08-06 21:30:34,820 - urllib3.connectionpool - Starting new HTTP connection (1): 195.7.10.141:8080
2021-08-06 21:30:35,340 - urllib3.connectionpool - Starting new HTTP connection (1): 47.206.238.131:8080
2021-08-06 21:30:35,850 - urllib3.connectionpool - Starting new HTTP connection (1): 170.83.60.125:55443
2021-08-06 21:30:36,366 - urllib3.connectionpool - Starting new HTTP connection (1): 185.104.252.10:9090
2021-08-06 21:30:36,880 - urllib3.connectionpool - Starting new HTTP connection (1): 79.143.87.117:9090
2021-08-06 21:30:37,398 - urllib3.connectionpool - Starting new HTTP connection (1): 109.237.199.56:3128
2021-08-06 21:30:38,146 - urllib3.connectionpool - Starting new HTTP connection (1): 95.104.54.227:42119
2021-08-06 21:30:38,654 - urllib3.connectionpool - Starting new HTTP connection (1): 77.70.35.87:37475
2021-08-06 21:30:39,164 - urllib3.connectionpool - Starting new HTTP connection (1): 79.143.87.134:9090
2021-08-06 21:30:39,851 - urllib3.connectionpool - Starting new HTTP connection (1): 5.200.72.51:3128
2021-08-06 21:30:40,332 - urllib3.connectionpool - http://5.200.72.51:3128 "GET http://www.google.com/ HTTP/1.1" 504 None
2021-08-06 21:30:40,337 - urllib3.connectionpool - Starting new HTTP connection (1): 103.124.136.14:80
2021-08-06 21:30:41,274 - urllib3.connectionpool - Starting new HTTP connection (1): 200.29.109.112:44749
2021-08-06 21:30:41,789 - urllib3.connectionpool - Starting new HTTP connection (1): 140.227.118.184:6000
2021-08-06 21:30:42,306 - urllib3.connectionpool - Starting new HTTP connection (1): 187.111.160.6:8080
2021-08-06 21:30:42,811 - urllib3.connectionpool - Starting new HTTP connection (1): 1.179.148.9:55636
2021-08-06 21:30:43,319 - urllib3.connectionpool - Starting new HTTP connection (1): 143.137.175.127:6666
2021-08-06 21:30:43,834 - urllib3.connectionpool - Starting new HTTP connection (1): 187.243.253.2:8080
2021-08-06 21:30:44,352 - urllib3.connectionpool - Starting new HTTP connection (1): 27.112.70.203:8083
2021-08-06 21:30:44,875 - urllib3.connectionpool - Starting new HTTP connection (1): 129.205.160.180:31075
2021-08-06 21:30:45,748 - urllib3.connectionpool - Starting new HTTP connection (1): 200.29.148.178:8080
2021-08-06 21:30:46,254 - urllib3.connectionpool - Starting new HTTP connection (1): 187.73.68.14:53281
2021-08-06 21:30:46,761 - urllib3.connectionpool - Starting new HTTP connection (1): 89.189.128.183:8080
2021-08-06 21:30:47,275 - urllib3.connectionpool - Starting new HTTP connection (1): 190.196.176.5:60080
2021-08-06 21:30:47,796 - urllib3.connectionpool - Starting new HTTP connection (1): 186.96.114.245:55443
2021-08-06 21:30:48,306 - urllib3.connectionpool - Starting new HTTP connection (1): 103.154.25.166:8080
2021-08-06 21:30:48,818 - urllib3.connectionpool - Starting new HTTP connection (1): 50.192.195.69:52018
2021-08-06 21:30:49,335 - urllib3.connectionpool - Starting new HTTP connection (1): 45.186.6.149:3128
2021-08-06 21:30:49,849 - urllib3.connectionpool - Starting new HTTP connection (1): 212.126.103.10:6666
2021-08-06 21:30:50,356 - urllib3.connectionpool - Starting new HTTP connection (1): 31.40.146.179:53281
2021-08-06 21:30:50,871 - urllib3.connectionpool - Starting new HTTP connection (1): 181.129.140.83:35232
2021-08-06 21:30:51,391 - urllib3.connectionpool - Starting new HTTP connection (1): 176.31.7.185:8080
2021-08-06 21:30:51,912 - urllib3.connectionpool - Starting new HTTP connection (1): 181.129.74.58:40667
2021-08-06 21:30:52,414 - urllib3.connectionpool - Starting new HTTP connection (1): 79.119.155.137:53281
2021-08-06 21:30:52,937 - urllib3.connectionpool - Starting new HTTP connection (1): 84.52.64.108:8080
2021-08-06 21:30:53,450 - urllib3.connectionpool - Starting new HTTP connection (1): 50.232.134.14:8080
2021-08-06 21:30:54,320 - urllib3.connectionpool - Starting new HTTP connection (1): 190.112.156.11:6666
2021-08-06 21:30:54,836 - urllib3.connectionpool - Starting new HTTP connection (1): 217.147.1.102:40998
2021-08-06 21:30:55,360 - urllib3.connectionpool - Starting new HTTP connection (1): 217.150.77.31:53281
2021-08-06 21:30:55,869 - urllib3.connectionpool - Starting new HTTP connection (1): 201.249.161.51:999
2021-08-06 21:30:56,380 - urllib3.connectionpool - Starting new HTTP connection (1): 194.88.158.17:31880
2021-08-06 21:30:56,889 - urllib3.connectionpool - Starting new HTTP connection (1): 203.171.244.249:55443
2021-08-06 21:30:57,396 - urllib3.connectionpool - Starting new HTTP connection (1): 36.94.35.217:55418
2021-08-06 21:30:57,914 - urllib3.connectionpool - Starting new HTTP connection (1): 103.206.254.170:65103
2021-08-06 21:30:58,427 - urllib3.connectionpool - Starting new HTTP connection (1): 192.99.239.215:8080
2021-08-06 21:30:58,940 - urllib3.connectionpool - Starting new HTTP connection (1): 93.117.72.27:43631
2021-08-06 21:30:59,656 - urllib3.connectionpool - Starting new HTTP connection (1): 109.105.205.232:59152
2021-08-06 21:31:00,165 - urllib3.connectionpool - Starting new HTTP connection (1): 190.145.200.126:53281
2021-08-06 21:31:00,678 - urllib3.connectionpool - Starting new HTTP connection (1): 144.217.101.245:3129
2021-08-06 21:31:01,193 - urllib3.connectionpool - Starting new HTTP connection (1): 91.192.2.168:53281
2021-08-06 21:31:01,706 - urllib3.connectionpool - Starting new HTTP connection (1): 79.104.25.218:8080
2021-08-06 21:31:02,211 - urllib3.connectionpool - Starting new HTTP connection (1): 103.239.147.129:54623
2021-08-06 21:31:02,724 - urllib3.connectionpool - Starting new HTTP connection (1): 172.107.159.194:443
2021-08-06 21:31:03,242 - urllib3.connectionpool - Starting new HTTP connection (1): 168.228.150.5:47507
2021-08-06 21:31:04,161 - urllib3.connectionpool - Starting new HTTP connection (1): 217.79.181.109:443
2021-08-06 21:31:04,834 - urllib3.connectionpool - Starting new HTTP connection (1): 165.22.81.30:44608
2021-08-06 21:31:05,347 - urllib3.connectionpool - Starting new HTTP connection (1): 37.26.136.181:52271
2021-08-06 21:31:05,851 - urllib3.connectionpool - Starting new HTTP connection (1): 103.57.11.106:55443
2021-08-06 21:31:06,538 - urllib3.connectionpool - Starting new HTTP connection (1): 157.230.103.189:36366
2021-08-06 21:31:07,054 - urllib3.connectionpool - Starting new HTTP connection (1): 103.156.57.66:3127
2021-08-06 21:31:07,570 - urllib3.connectionpool - Starting new HTTP connection (1): 103.107.94.2:52827
2021-08-06 21:31:08,087 - urllib3.connectionpool - Starting new HTTP connection (1): 177.139.176.242:65301
2021-08-06 21:31:08,975 - urllib3.connectionpool - Starting new HTTP connection (1): 200.29.102.231:55443
2021-08-06 21:31:09,486 - urllib3.connectionpool - Starting new HTTP connection (1): 143.208.59.1:999
2021-08-06 21:31:09,995 - urllib3.connectionpool - Starting new HTTP connection (1): 178.66.182.76:3128
2021-08-06 21:31:10,504 - urllib3.connectionpool - Starting new HTTP connection (1): 118.99.100.251:8080
2021-08-06 21:31:11,099 - urllib3.connectionpool - Starting new HTTP connection (1): 177.180.12.58:55443
2021-08-06 21:31:11,603 - urllib3.connectionpool - Starting new HTTP connection (1): 79.143.87.138:9090
2021-08-06 21:31:12,110 - urllib3.connectionpool - Starting new HTTP connection (1): 45.229.32.245:999
2021-08-06 21:31:12,622 - urllib3.connectionpool - Starting new HTTP connection (1): 81.33.4.214:61711
2021-08-06 21:31:13,141 - urllib3.connectionpool - Starting new HTTP connection (1): 58.177.22.90:8080
2021-08-06 21:31:13,655 - urllib3.connectionpool - Starting new HTTPS connection (1): www.zavvi.com:443
2021-08-06 21:31:14,534 - urllib3.connectionpool - https://www.zavvi.com:443 "GET /funko/pop-vinyl.list?autocomplete=searchsuggestion&pageNumber=1&sortOrder=releaseDate HTTP/1.1" 200 None
2021-08-06 21:31:17,768 - urllib3.connectionpool - Starting new HTTPS connection (1): www.zavvi.com:443
2021-08-06 21:31:18,663 - urllib3.connectionpool - https://www.zavvi.com:443 "GET /funko/pop-vinyl.list?autocomplete=searchsuggestion&pageNumber=1&sortOrder=releaseDate HTTP/1.1" 200 None
2021-08-06 21:31:21,848 - urllib3.connectionpool - Starting new HTTPS connection (1): www.zavvi.com:443
2021-08-06 21:31:22,682 - urllib3.connectionpool - https://www.zavvi.com:443 "GET /funko/pop-vinyl.list?autocomplete=searchsuggestion&pageNumber=1&sortOrder=releaseDate HTTP/1.1" 200 None
2021-08-06 21:31:25,774 - urllib3.connectionpool - Starting new HTTPS connection (1): www.zavvi.com:443
2021-08-06 21:31:26,652 - urllib3.connectionpool - https://www.zavvi.com:443 "GET /funko/pop-vinyl.list?autocomplete=searchsuggestion&pageNumber=1&sortOrder=releaseDate HTTP/1.1" 200 None
2021-08-06 21:31:29,745 - urllib3.connectionpool - Starting new HTTPS connection (1): www.zavvi.com:443
2021-08-06 21:31:30,630 - urllib3.connectionpool - https://www.zavvi.com:443 "GET /funko/pop-vinyl.list?autocomplete=searchsuggestion&pageNumber=1&sortOrder=releaseDate HTTP/1.1" 200 None
2021-08-06 21:31:33,726 - urllib3.connectionpool - Starting new HTTPS connection (1): www.zavvi.com:443
2021-08-06 21:31:34,604 - urllib3.connectionpool - https://www.zavvi.com:443 "GET /funko/pop-vinyl.list?autocomplete=searchsuggestion&pageNumber=1&sortOrder=releaseDate HTTP/1.1" 200 None
2021-08-06 21:31:37,727 - urllib3.connectionpool - Starting new HTTPS connection (1): www.zavvi.com:443
2021-08-06 21:31:38,627 - urllib3.connectionpool - https://www.zavvi.com:443 "GET /funko/pop-vinyl.list?autocomplete=searchsuggestion&pageNumber=1&sortOrder=releaseDate HTTP/1.1" 200 None
2021-08-06 21:31:41,900 - urllib3.connectionpool - Starting new HTTPS connection (1): www.zavvi.com:443
2021-08-06 21:31:42,985 - urllib3.connectionpool - https://www.zavvi.com:443 "GET /funko/pop-vinyl.list?autocomplete=searchsuggestion&pageNumber=1&sortOrder=releaseDate HTTP/1.1" 200 None
2021-08-06 21:35:05,197 - dotenv.main - Python-dotenv could not parse statement starting at line 14
2021-08-06 21:35:05,198 - root - Successfully started monitor
2021-08-06 21:35:05,202 - urllib3.connectionpool - Starting new HTTPS connection (1): discord.com:443
2021-08-06 21:35:05,766 - urllib3.connectionpool - https://discord.com:443 "POST /api/webhooks/850392839053639690/65cKLltyuopds0GR5ElwNaeKmhGKmEuXlILxyTidy5Yup0ZfrMMYbNIXK21qa8kcHlKk HTTP/1.1" 204 0
2021-08-06 21:35:05,768 - root - Payload delivered successfully, code 204.
2021-08-06 21:35:05,770 - urllib3.connectionpool - Starting new HTTPS connection (1): www.sslproxies.org:443
2021-08-06 21:35:05,990 - urllib3.connectionpool - https://www.sslproxies.org:443 "GET / HTTP/1.1" 200 None
2021-08-06 21:35:06,010 - urllib3.connectionpool - Starting new HTTP connection (1): 157.230.103.189:36366
2021-08-06 21:35:06,529 - urllib3.connectionpool - Starting new HTTP connection (1): 165.22.81.30:44608
2021-08-06 21:35:07,045 - urllib3.connectionpool - Starting new HTTP connection (1): 161.97.126.37:8118
2021-08-06 21:35:07,553 - urllib3.connectionpool - Starting new HTTP connection (1): 217.79.181.109:443
2021-08-06 21:35:08,243 - urllib3.connectionpool - Starting new HTTPS connection (1): www.sslproxies.org:443
2021-08-06 21:35:08,414 - urllib3.connectionpool - https://www.sslproxies.org:443 "GET / HTTP/1.1" 200 None
2021-08-06 21:35:08,436 - urllib3.connectionpool - Starting new HTTP connection (1): 128.199.214.87:3128
2021-08-06 21:35:08,645 - urllib3.connectionpool - http://128.199.214.87:3128 "GET http://www.google.com/ HTTP/1.1" 200 5969
2021-08-06 21:35:08,648 - urllib3.connectionpool - Starting new HTTP connection (1): 128.199.214.87:3128
2021-08-06 21:35:08,846 - urllib3.connectionpool - http://128.199.214.87:3128 "GET http://www.google.com/ HTTP/1.1" 200 5966
2021-08-06 21:35:08,849 - urllib3.connectionpool - Starting new HTTPS connection (1): www.zavvi.com:443
2021-08-06 21:35:09,832 - urllib3.connectionpool - https://www.zavvi.com:443 "GET /funko/pop-vinyl.list?autocomplete=searchsuggestion&pageNumber=1&sortOrder=releaseDate HTTP/1.1" 200 None
2021-08-06 21:35:13,459 - urllib3.connectionpool - Starting new HTTPS connection (1): discord.com:443
2021-08-06 21:35:13,972 - urllib3.connectionpool - https://discord.com:443 "POST /api/webhooks/850392839053639690/65cKLltyuopds0GR5ElwNaeKmhGKmEuXlILxyTidy5Yup0ZfrMMYbNIXK21qa8kcHlKk HTTP/1.1" 204 0
2021-08-06 21:35:13,974 - root - Payload delivered successfully, code 204.
2021-08-06 21:35:13,983 - urllib3.connectionpool - Starting new HTTPS connection (1): discord.com:443
2021-08-06 21:35:14,540 - urllib3.connectionpool - https://discord.com:443 "POST /api/webhooks/850392839053639690/65cKLltyuopds0GR5ElwNaeKmhGKmEuXlILxyTidy5Yup0ZfrMMYbNIXK21qa8kcHlKk HTTP/1.1" 204 0
2021-08-06 21:35:14,542 - root - Payload delivered successfully, code 204.
2021-08-06 21:35:14,544 - urllib3.connectionpool - Starting new HTTPS connection (1): discord.com:443
2021-08-06 21:35:15,054 - urllib3.connectionpool - https://discord.com:443 "POST /api/webhooks/850392839053639690/65cKLltyuopds0GR5ElwNaeKmhGKmEuXlILxyTidy5Yup0ZfrMMYbNIXK21qa8kcHlKk HTTP/1.1" 204 0
2021-08-06 21:35:15,057 - root - Payload delivered successfully, code 204.
2021-08-06 21:35:15,059 - urllib3.connectionpool - Starting new HTTPS connection (1): discord.com:443
2021-08-06 21:35:15,594 - urllib3.connectionpool - https://discord.com:443 "POST /api/webhooks/850392839053639690/65cKLltyuopds0GR5ElwNaeKmhGKmEuXlILxyTidy5Yup0ZfrMMYbNIXK21qa8kcHlKk HTTP/1.1" 204 0
2021-08-06 21:35:15,600 - root - Payload delivered successfully, code 204.
2021-08-06 21:35:15,605 - urllib3.connectionpool - Starting new HTTPS connection (1): discord.com:443
2021-08-06 21:35:16,153 - urllib3.connectionpool - https://discord.com:443 "POST /api/webhooks/850392839053639690/65cKLltyuopds0GR5ElwNaeKmhGKmEuXlILxyTidy5Yup0ZfrMMYbNIXK21qa8kcHlKk HTTP/1.1" 204 0
2021-08-06 21:35:16,155 - root - Payload delivered successfully, code 204.
2021-08-06 21:35:16,157 - urllib3.connectionpool - Starting new HTTPS connection (1): discord.com:443
2021-08-06 21:35:16,645 - urllib3.connectionpool - https://discord.com:443 "POST /api/webhooks/850392839053639690/65cKLltyuopds0GR5ElwNaeKmhGKmEuXlILxyTidy5Yup0ZfrMMYbNIXK21qa8kcHlKk HTTP/1.1" 204 0
2021-08-06 21:35:16,657 - root - Payload delivered successfully, code 204.
2021-08-06 21:35:16,663 - urllib3.connectionpool - Starting new HTTPS connection (1): discord.com:443
2021-08-06 21:35:17,144 - urllib3.connectionpool - https://discord.com:443 "POST /api/webhooks/850392839053639690/65cKLltyuopds0GR5ElwNaeKmhGKmEuXlILxyTidy5Yup0ZfrMMYbNIXK21qa8kcHlKk HTTP/1.1" 204 0
2021-08-06 21:35:17,150 - root - Payload delivered successfully, code 204.
2021-08-06 21:35:17,153 - urllib3.connectionpool - Starting new HTTPS connection (1): discord.com:443
2021-08-06 21:35:17,761 - urllib3.connectionpool - https://discord.com:443 "POST /api/webhooks/850392839053639690/65cKLltyuopds0GR5ElwNaeKmhGKmEuXlILxyTidy5Yup0ZfrMMYbNIXK21qa8kcHlKk HTTP/1.1" 204 0
2021-08-06 21:35:17,764 - root - Payload delivered successfully, code 204.
2021-08-06 21:35:17,767 - urllib3.connectionpool - Starting new HTTPS connection (1): discord.com:443
2021-08-06 21:35:18,254 - urllib3.connectionpool - https://discord.com:443 "POST /api/webhooks/850392839053639690/65cKLltyuopds0GR5ElwNaeKmhGKmEuXlILxyTidy5Yup0ZfrMMYbNIXK21qa8kcHlKk HTTP/1.1" 204 0
2021-08-06 21:35:18,255 - root - Payload delivered successfully, code 204.
2021-08-06 21:35:18,257 - urllib3.connectionpool - Starting new HTTPS connection (1): discord.com:443
2021-08-06 21:35:18,743 - urllib3.connectionpool - https://discord.com:443 "POST /api/webhooks/850392839053639690/65cKLltyuopds0GR5ElwNaeKmhGKmEuXlILxyTidy5Yup0ZfrMMYbNIXK21qa8kcHlKk HTTP/1.1" 204 0
2021-08-06 21:35:18,745 - root - Payload delivered successfully, code 204.
2021-08-06 21:35:18,748 - urllib3.connectionpool - Starting new HTTPS connection (1): discord.com:443
2021-08-06 21:35:19,336 - urllib3.connectionpool - https://discord.com:443 "POST /api/webhooks/850392839053639690/65cKLltyuopds0GR5ElwNaeKmhGKmEuXlILxyTidy5Yup0ZfrMMYbNIXK21qa8kcHlKk HTTP/1.1" 204 0
2021-08-06 21:35:19,341 - root - Payload delivered successfully, code 204.
2021-08-06 21:35:19,347 - urllib3.connectionpool - Starting new HTTPS connection (1): discord.com:443
2021-08-06 21:35:19,988 - urllib3.connectionpool - https://discord.com:443 "POST /api/webhooks/850392839053639690/65cKLltyuopds0GR5ElwNaeKmhGKmEuXlILxyTidy5Yup0ZfrMMYbNIXK21qa8kcHlKk HTTP/1.1" 204 0
2021-08-06 21:35:19,992 - root - Payload delivered successfully, code 204.
2021-08-06 21:35:19,997 - urllib3.connectionpool - Starting new HTTPS connection (1): discord.com:443
2021-08-06 21:35:20,515 - urllib3.connectionpool - https://discord.com:443 "POST /api/webhooks/850392839053639690/65cKLltyuopds0GR5ElwNaeKmhGKmEuXlILxyTidy5Yup0ZfrMMYbNIXK21qa8kcHlKk HTTP/1.1" 204 0
2021-08-06 21:35:20,520 - root - Payload delivered successfully, code 204.
2021-08-06 21:35:20,525 - urllib3.connectionpool - Starting new HTTPS connection (1): discord.com:443
2021-08-06 21:35:21,036 - urllib3.connectionpool - https://discord.com:443 "POST /api/webhooks/850392839053639690/65cKLltyuopds0GR5ElwNaeKmhGKmEuXlILxyTidy5Yup0ZfrMMYbNIXK21qa8kcHlKk HTTP/1.1" 204 0
2021-08-06 21:35:21,038 - root - Payload delivered successfully, code 204.
2021-08-06 21:35:21,041 - urllib3.connectionpool - Starting new HTTPS connection (1): discord.com:443
2021-08-06 21:35:21,588 - urllib3.connectionpool - https://discord.com:443 "POST /api/webhooks/850392839053639690/65cKLltyuopds0GR5ElwNaeKmhGKmEuXlILxyTidy5Yup0ZfrMMYbNIXK21qa8kcHlKk HTTP/1.1" 204 0
2021-08-06 21:35:21,592 - root - Payload delivered successfully, code 204.
2021-08-06 21:35:21,599 - urllib3.connectionpool - Starting new HTTPS connection (1): discord.com:443
2021-08-06 21:35:22,090 - urllib3.connectionpool - https://discord.com:443 "POST /api/webhooks/850392839053639690/65cKLltyuopds0GR5ElwNaeKmhGKmEuXlILxyTidy5Yup0ZfrMMYbNIXK21qa8kcHlKk HTTP/1.1" 204 0
2021-08-06 21:35:22,093 - root - Payload delivered successfully, code 204.
2021-08-06 21:35:22,097 - urllib3.connectionpool - Starting new HTTPS connection (1): discord.com:443
2021-08-06 21:35:22,581 - urllib3.connectionpool - https://discord.com:443 "POST /api/webhooks/850392839053639690/65cKLltyuopds0GR5ElwNaeKmhGKmEuXlILxyTidy5Yup0ZfrMMYbNIXK21qa8kcHlKk HTTP/1.1" 204 0
2021-08-06 21:35:22,584 - root - Payload delivered successfully, code 204.
2021-08-06 21:35:22,586 - urllib3.connectionpool - Starting new HTTPS connection (1): discord.com:443
2021-08-06 21:35:23,107 - urllib3.connectionpool - https://discord.com:443 "POST /api/webhooks/850392839053639690/65cKLltyuopds0GR5ElwNaeKmhGKmEuXlILxyTidy5Yup0ZfrMMYbNIXK21qa8kcHlKk HTTP/1.1" 204 0
2021-08-06 21:35:23,109 - root - Payload delivered successfully, code 204.
2021-08-06 21:35:23,113 - urllib3.connectionpool - Starting new HTTPS connection (1): discord.com:443
2021-08-06 21:35:23,605 - urllib3.connectionpool - https://discord.com:443 "POST /api/webhooks/850392839053639690/65cKLltyuopds0GR5ElwNaeKmhGKmEuXlILxyTidy5Yup0ZfrMMYbNIXK21qa8kcHlKk HTTP/1.1" 204 0
2021-08-06 21:35:23,608 - root - Payload delivered successfully, code 204.
2021-08-06 21:35:23,612 - urllib3.connectionpool - Starting new HTTPS connection (1): discord.com:443
2021-08-06 21:35:24,107 - urllib3.connectionpool - https://discord.com:443 "POST /api/webhooks/850392839053639690/65cKLltyuopds0GR5ElwNaeKmhGKmEuXlILxyTidy5Yup0ZfrMMYbNIXK21qa8kcHlKk HTTP/1.1" 204 0
2021-08-06 21:35:24,110 - root - Payload delivered successfully, code 204.
2021-08-06 21:35:24,113 - urllib3.connectionpool - Starting new HTTPS connection (1): discord.com:443
2021-08-06 21:35:24,604 - urllib3.connectionpool - https://discord.com:443 "POST /api/webhooks/850392839053639690/65cKLltyuopds0GR5ElwNaeKmhGKmEuXlILxyTidy5Yup0ZfrMMYbNIXK21qa8kcHlKk HTTP/1.1" 204 0
2021-08-06 21:35:24,607 - root - Payload delivered successfully, code 204.
2021-08-06 21:35:24,608 - urllib3.connectionpool - Starting new HTTPS connection (1): discord.com:443
2021-08-06 21:35:25,117 - urllib3.connectionpool - https://discord.com:443 "POST /api/webhooks/850392839053639690/65cKLltyuopds0GR5ElwNaeKmhGKmEuXlILxyTidy5Yup0ZfrMMYbNIXK21qa8kcHlKk HTTP/1.1" 204 0
2021-08-06 21:35:25,122 - root - Payload delivered successfully, code 204.
2021-08-06 21:35:25,128 - urllib3.connectionpool - Starting new HTTPS connection (1): discord.com:443
2021-08-06 21:35:25,663 - urllib3.connectionpool - https://discord.com:443 "POST /api/webhooks/850392839053639690/65cKLltyuopds0GR5ElwNaeKmhGKmEuXlILxyTidy5Yup0ZfrMMYbNIXK21qa8kcHlKk HTTP/1.1" 204 0
2021-08-06 21:35:25,665 - root - Payload delivered successfully, code 204.
2021-08-06 21:35:25,668 - urllib3.connectionpool - Starting new HTTPS connection (1): discord.com:443
2021-08-06 21:35:26,195 - urllib3.connectionpool - https://discord.com:443 "POST /api/webhooks/850392839053639690/65cKLltyuopds0GR5ElwNaeKmhGKmEuXlILxyTidy5Yup0ZfrMMYbNIXK21qa8kcHlKk HTTP/1.1" 204 0
2021-08-06 21:35:26,199 - root - Payload delivered successfully, code 204.
2021-08-06 21:35:26,203 - urllib3.connectionpool - Starting new HTTPS connection (1): discord.com:443
2021-08-06 21:35:26,690 - urllib3.connectionpool - https://discord.com:443 "POST /api/webhooks/850392839053639690/65cKLltyuopds0GR5ElwNaeKmhGKmEuXlILxyTidy5Yup0ZfrMMYbNIXK21qa8kcHlKk HTTP/1.1" 204 0
2021-08-06 21:35:26,694 - root - Payload delivered successfully, code 204.
2021-08-06 21:35:26,697 - urllib3.connectionpool - Starting new HTTPS connection (1): discord.com:443
2021-08-06 21:35:27,245 - urllib3.connectionpool - https://discord.com:443 "POST /api/webhooks/850392839053639690/65cKLltyuopds0GR5ElwNaeKmhGKmEuXlILxyTidy5Yup0ZfrMMYbNIXK21qa8kcHlKk HTTP/1.1" 204 0
2021-08-06 21:35:27,247 - root - Payload delivered successfully, code 204.
2021-08-06 21:35:27,250 - urllib3.connectionpool - Starting new HTTPS connection (1): discord.com:443
2021-08-06 21:35:27,744 - urllib3.connectionpool - https://discord.com:443 "POST /api/webhooks/850392839053639690/65cKLltyuopds0GR5ElwNaeKmhGKmEuXlILxyTidy5Yup0ZfrMMYbNIXK21qa8kcHlKk HTTP/1.1" 204 0
2021-08-06 21:35:27,749 - root - Payload delivered successfully, code 204.
2021-08-06 21:35:27,754 - urllib3.connectionpool - Starting new HTTPS connection (1): discord.com:443
2021-08-06 21:35:28,258 - urllib3.connectionpool - https://discord.com:443 "POST /api/webhooks/850392839053639690/65cKLltyuopds0GR5ElwNaeKmhGKmEuXlILxyTidy5Yup0ZfrMMYbNIXK21qa8kcHlKk HTTP/1.1" 204 0
2021-08-06 21:35:28,262 - root - Payload delivered successfully, code 204.
2021-08-06 21:35:28,265 - urllib3.connectionpool - Starting new HTTPS connection (1): discord.com:443
2021-08-06 21:35:28,819 - urllib3.connectionpool - https://discord.com:443 "POST /api/webhooks/850392839053639690/65cKLltyuopds0GR5ElwNaeKmhGKmEuXlILxyTidy5Yup0ZfrMMYbNIXK21qa8kcHlKk HTTP/1.1" 204 0
2021-08-06 21:35:28,821 - root - Payload delivered successfully, code 204.
2021-08-06 21:35:28,825 - urllib3.connectionpool - Starting new HTTPS connection (1): discord.com:443
2021-08-06 21:35:29,322 - urllib3.connectionpool - https://discord.com:443 "POST /api/webhooks/850392839053639690/65cKLltyuopds0GR5ElwNaeKmhGKmEuXlILxyTidy5Yup0ZfrMMYbNIXK21qa8kcHlKk HTTP/1.1" 429 92
2021-08-06 21:35:29,326 - root - 429 Client Error: Too Many Requests for url: https://discord.com/api/webhooks/850392839053639690/65cKLltyuopds0GR5ElwNaeKmhGKmEuXlILxyTidy5Yup0ZfrMMYbNIXK21qa8kcHlKk
2021-08-06 21:35:29,334 - urllib3.connectionpool - Starting new HTTPS connection (1): discord.com:443
2021-08-06 21:35:29,844 - urllib3.connectionpool - https://discord.com:443 "POST /api/webhooks/850392839053639690/65cKLltyuopds0GR5ElwNaeKmhGKmEuXlILxyTidy5Yup0ZfrMMYbNIXK21qa8kcHlKk HTTP/1.1" 429 92
2021-08-06 21:35:29,846 - root - 429 Client Error: Too Many Requests for url: https://discord.com/api/webhooks/850392839053639690/65cKLltyuopds0GR5ElwNaeKmhGKmEuXlILxyTidy5Yup0ZfrMMYbNIXK21qa8kcHlKk
2021-08-06 21:35:29,848 - urllib3.connectionpool - Starting new HTTPS connection (1): discord.com:443
2021-08-06 21:35:30,326 - urllib3.connectionpool - https://discord.com:443 "POST /api/webhooks/850392839053639690/65cKLltyuopds0GR5ElwNaeKmhGKmEuXlILxyTidy5Yup0ZfrMMYbNIXK21qa8kcHlKk HTTP/1.1" 429 92
2021-08-06 21:35:30,329 - root - 429 Client Error: Too Many Requests for url: https://discord.com/api/webhooks/850392839053639690/65cKLltyuopds0GR5ElwNaeKmhGKmEuXlILxyTidy5Yup0ZfrMMYbNIXK21qa8kcHlKk
2021-08-06 21:35:30,332 - urllib3.connectionpool - Starting new HTTPS connection (1): discord.com:443
2021-08-06 21:35:30,817 - urllib3.connectionpool - https://discord.com:443 "POST /api/webhooks/850392839053639690/65cKLltyuopds0GR5ElwNaeKmhGKmEuXlILxyTidy5Yup0ZfrMMYbNIXK21qa8kcHlKk HTTP/1.1" 429 92
2021-08-06 21:35:30,823 - root - 429 Client Error: Too Many Requests for url: https://discord.com/api/webhooks/850392839053639690/65cKLltyuopds0GR5ElwNaeKmhGKmEuXlILxyTidy5Yup0ZfrMMYbNIXK21qa8kcHlKk
2021-08-06 21:35:30,828 - urllib3.connectionpool - Starting new HTTPS connection (1): discord.com:443
2021-08-06 21:35:31,306 - urllib3.connectionpool - https://discord.com:443 "POST /api/webhooks/850392839053639690/65cKLltyuopds0GR5ElwNaeKmhGKmEuXlILxyTidy5Yup0ZfrMMYbNIXK21qa8kcHlKk HTTP/1.1" 429 92
2021-08-06 21:35:31,310 - root - 429 Client Error: Too Many Requests for url: https://discord.com/api/webhooks/850392839053639690/65cKLltyuopds0GR5ElwNaeKmhGKmEuXlILxyTidy5Yup0ZfrMMYbNIXK21qa8kcHlKk
2021-08-06 21:35:31,313 - urllib3.connectionpool - Starting new HTTPS connection (1): discord.com:443
2021-08-06 21:35:31,876 - urllib3.connectionpool - https://discord.com:443 "POST /api/webhooks/850392839053639690/65cKLltyuopds0GR5ElwNaeKmhGKmEuXlILxyTidy5Yup0ZfrMMYbNIXK21qa8kcHlKk HTTP/1.1" 429 92
2021-08-06 21:35:31,879 - root - 429 Client Error: Too Many Requests for url: https://discord.com/api/webhooks/850392839053639690/65cKLltyuopds0GR5ElwNaeKmhGKmEuXlILxyTidy5Yup0ZfrMMYbNIXK21qa8kcHlKk
2021-08-06 21:35:31,882 - urllib3.connectionpool - Starting new HTTPS connection (1): discord.com:443
2021-08-06 21:35:32,374 - urllib3.connectionpool - https://discord.com:443 "POST /api/webhooks/850392839053639690/65cKLltyuopds0GR5ElwNaeKmhGKmEuXlILxyTidy5Yup0ZfrMMYbNIXK21qa8kcHlKk HTTP/1.1" 429 92
2021-08-06 21:35:32,381 - root - 429 Client Error: Too Many Requests for url: https://discord.com/api/webhooks/850392839053639690/65cKLltyuopds0GR5ElwNaeKmhGKmEuXlILxyTidy5Yup0ZfrMMYbNIXK21qa8kcHlKk
2021-08-06 21:35:32,388 - urllib3.connectionpool - Starting new HTTPS connection (1): discord.com:443
2021-08-06 21:35:32,915 - urllib3.connectionpool - https://discord.com:443 "POST /api/webhooks/850392839053639690/65cKLltyuopds0GR5ElwNaeKmhGKmEuXlILxyTidy5Yup0ZfrMMYbNIXK21qa8kcHlKk HTTP/1.1" 429 92
2021-08-06 21:35:32,918 - root - 429 Client Error: Too Many Requests for url: https://discord.com/api/webhooks/850392839053639690/65cKLltyuopds0GR5ElwNaeKmhGKmEuXlILxyTidy5Yup0ZfrMMYbNIXK21qa8kcHlKk
2021-08-06 21:35:32,921 - urllib3.connectionpool - Starting new HTTPS connection (1): discord.com:443
2021-08-06 21:35:33,433 - urllib3.connectionpool - https://discord.com:443 "POST /api/webhooks/850392839053639690/65cKLltyuopds0GR5ElwNaeKmhGKmEuXlILxyTidy5Yup0ZfrMMYbNIXK21qa8kcHlKk HTTP/1.1" 429 92
2021-08-06 21:35:33,435 - root - 429 Client Error: Too Many Requests for url: https://discord.com/api/webhooks/850392839053639690/65cKLltyuopds0GR5ElwNaeKmhGKmEuXlILxyTidy5Yup0ZfrMMYbNIXK21qa8kcHlKk
2021-08-06 21:35:33,437 - urllib3.connectionpool - Starting new HTTPS connection (1): discord.com:443
2021-08-06 21:35:33,968 - urllib3.connectionpool - https://discord.com:443 "POST /api/webhooks/850392839053639690/65cKLltyuopds0GR5ElwNaeKmhGKmEuXlILxyTidy5Yup0ZfrMMYbNIXK21qa8kcHlKk HTTP/1.1" 429 92
2021-08-06 21:35:33,971 - root - 429 Client Error: Too Many Requests for url: https://discord.com/api/webhooks/850392839053639690/65cKLltyuopds0GR5ElwNaeKmhGKmEuXlILxyTidy5Yup0ZfrMMYbNIXK21qa8kcHlKk
2021-08-06 21:35:33,973 - urllib3.connectionpool - Starting new HTTPS connection (1): discord.com:443
2021-08-06 21:35:34,478 - urllib3.connectionpool - https://discord.com:443 "POST /api/webhooks/850392839053639690/65cKLltyuopds0GR5ElwNaeKmhGKmEuXlILxyTidy5Yup0ZfrMMYbNIXK21qa8kcHlKk HTTP/1.1" 429 92
2021-08-06 21:35:34,483 - root - 429 Client Error: Too Many Requests for url: https://discord.com/api/webhooks/850392839053639690/65cKLltyuopds0GR5ElwNaeKmhGKmEuXlILxyTidy5Yup0ZfrMMYbNIXK21qa8kcHlKk
2021-08-06 21:35:34,485 - urllib3.connectionpool - Starting new HTTPS connection (1): discord.com:443
2021-08-06 21:36:50,678 - dotenv.main - Python-dotenv could not parse statement starting at line 14
2021-08-06 21:36:50,678 - root - Successfully started monitor
2021-08-06 21:36:50,682 - urllib3.connectionpool - Starting new HTTPS connection (1): discord.com:443
2021-08-06 21:36:51,220 - urllib3.connectionpool - https://discord.com:443 "POST /api/webhooks/850392839053639690/65cKLltyuopds0GR5ElwNaeKmhGKmEuXlILxyTidy5Yup0ZfrMMYbNIXK21qa8kcHlKk HTTP/1.1" 204 0
2021-08-06 21:36:51,222 - root - Payload delivered successfully, code 204.
2021-08-06 21:36:51,224 - urllib3.connectionpool - Starting new HTTPS connection (1): www.sslproxies.org:443
2021-08-06 21:36:51,389 - urllib3.connectionpool - https://www.sslproxies.org:443 "GET / HTTP/1.1" 200 None
2021-08-06 21:36:51,404 - urllib3.connectionpool - Starting new HTTP connection (1): 165.22.81.30:44608
2021-08-06 21:36:51,913 - urllib3.connectionpool - Starting new HTTP connection (1): 217.79.181.109:443
2021-08-06 21:36:52,602 - urllib3.connectionpool - Starting new HTTP connection (1): 161.97.126.37:8118
2021-08-06 21:36:53,119 - urllib3.connectionpool - Starting new HTTP connection (1): 157.230.103.189:36366
2021-08-06 21:36:53,636 - urllib3.connectionpool - Starting new HTTPS connection (1): www.sslproxies.org:443
2021-08-06 21:36:53,798 - urllib3.connectionpool - https://www.sslproxies.org:443 "GET / HTTP/1.1" 200 None
2021-08-06 21:36:53,813 - urllib3.connectionpool - Starting new HTTP connection (1): 79.143.87.134:9090
2021-08-06 21:36:54,482 - urllib3.connectionpool - Starting new HTTP connection (1): 115.42.8.15:53281
2021-08-06 21:36:55,270 - urllib3.connectionpool - Starting new HTTP connection (1): 103.57.11.106:55443
2021-08-06 21:36:55,783 - urllib3.connectionpool - Starting new HTTP connection (1): 93.117.72.27:43631
2021-08-06 21:36:56,297 - urllib3.connectionpool - Starting new HTTP connection (1): 103.154.25.166:8080
2021-08-06 21:36:56,804 - urllib3.connectionpool - Starting new HTTP connection (1): 187.73.68.14:53281
2021-08-06 21:36:57,318 - urllib3.connectionpool - Starting new HTTP connection (1): 128.199.214.87:3128
2021-08-06 21:36:57,521 - urllib3.connectionpool - http://128.199.214.87:3128 "GET http://www.google.com/ HTTP/1.1" 200 5950
2021-08-06 21:36:57,526 - urllib3.connectionpool - Starting new HTTP connection (1): 128.199.214.87:3128
2021-08-06 21:36:57,731 - urllib3.connectionpool - http://128.199.214.87:3128 "GET http://www.google.com/ HTTP/1.1" 200 5988
2021-08-06 21:36:57,735 - urllib3.connectionpool - Starting new HTTPS connection (1): www.zavvi.com:443
2021-08-06 21:36:58,623 - urllib3.connectionpool - https://www.zavvi.com:443 "GET /funko/pop-vinyl.list?autocomplete=searchsuggestion&pageNumber=1&sortOrder=releaseDate HTTP/1.1" 200 None
2021-08-06 21:37:00,775 - urllib3.connectionpool - Starting new HTTPS connection (1): discord.com:443
2021-08-06 21:37:01,454 - urllib3.connectionpool - https://discord.com:443 "POST /api/webhooks/850392839053639690/65cKLltyuopds0GR5ElwNaeKmhGKmEuXlILxyTidy5Yup0ZfrMMYbNIXK21qa8kcHlKk HTTP/1.1" 204 0
2021-08-06 21:37:01,456 - root - Payload delivered successfully, code 204.
2021-08-06 21:37:01,461 - urllib3.connectionpool - Starting new HTTPS connection (1): discord.com:443
2021-08-06 21:37:01,996 - urllib3.connectionpool - https://discord.com:443 "POST /api/webhooks/850392839053639690/65cKLltyuopds0GR5ElwNaeKmhGKmEuXlILxyTidy5Yup0ZfrMMYbNIXK21qa8kcHlKk HTTP/1.1" 204 0
2021-08-06 21:37:01,998 - root - Payload delivered successfully, code 204.
2021-08-06 21:37:02,000 - urllib3.connectionpool - Starting new HTTPS connection (1): discord.com:443
2021-08-06 21:37:02,563 - urllib3.connectionpool - https://discord.com:443 "POST /api/webhooks/850392839053639690/65cKLltyuopds0GR5ElwNaeKmhGKmEuXlILxyTidy5Yup0ZfrMMYbNIXK21qa8kcHlKk HTTP/1.1" 204 0
2021-08-06 21:37:02,565 - root - Payload delivered successfully, code 204.
2021-08-06 21:37:02,568 - urllib3.connectionpool - Starting new HTTPS connection (1): discord.com:443
2021-08-06 21:37:03,076 - urllib3.connectionpool - https://discord.com:443 "POST /api/webhooks/850392839053639690/65cKLltyuopds0GR5ElwNaeKmhGKmEuXlILxyTidy5Yup0ZfrMMYbNIXK21qa8kcHlKk HTTP/1.1" 204 0
2021-08-06 21:37:03,080 - root - Payload delivered successfully, code 204.
2021-08-06 21:37:03,084 - urllib3.connectionpool - Starting new HTTPS connection (1): discord.com:443
2021-08-06 21:37:03,656 - urllib3.connectionpool - https://discord.com:443 "POST /api/webhooks/850392839053639690/65cKLltyuopds0GR5ElwNaeKmhGKmEuXlILxyTidy5Yup0ZfrMMYbNIXK21qa8kcHlKk HTTP/1.1" 204 0
2021-08-06 21:37:03,660 - root - Payload delivered successfully, code 204.
2021-08-06 21:37:03,663 - urllib3.connectionpool - Starting new HTTPS connection (1): discord.com:443
2021-08-06 21:37:20,095 - dotenv.main - Python-dotenv could not parse statement starting at line 14
2021-08-06 21:37:20,095 - root - Successfully started monitor
2021-08-06 21:37:20,099 - urllib3.connectionpool - Starting new HTTPS connection (1): discord.com:443
2021-08-06 21:37:20,619 - urllib3.connectionpool - https://discord.com:443 "POST /api/webhooks/850392839053639690/65cKLltyuopds0GR5ElwNaeKmhGKmEuXlILxyTidy5Yup0ZfrMMYbNIXK21qa8kcHlKk HTTP/1.1" 204 0
2021-08-06 21:37:20,625 - root - Payload delivered successfully, code 204.
2021-08-06 21:37:20,630 - urllib3.connectionpool - Starting new HTTPS connection (1): www.sslproxies.org:443
2021-08-06 21:37:20,801 - urllib3.connectionpool - https://www.sslproxies.org:443 "GET / HTTP/1.1" 200 None
2021-08-06 21:37:20,828 - urllib3.connectionpool - Starting new HTTP connection (1): 157.230.103.189:36366
2021-08-06 21:37:21,334 - urllib3.connectionpool - Starting new HTTP connection (1): 165.22.81.30:44608
2021-08-06 21:37:21,850 - urllib3.connectionpool - Starting new HTTP connection (1): 161.97.126.37:8118
2021-08-06 21:37:22,367 - urllib3.connectionpool - Starting new HTTP connection (1): 217.79.181.109:443
2021-08-06 21:37:23,058 - urllib3.connectionpool - Starting new HTTPS connection (1): www.sslproxies.org:443
2021-08-06 21:37:23,246 - urllib3.connectionpool - https://www.sslproxies.org:443 "GET / HTTP/1.1" 200 None
2021-08-06 21:37:23,268 - urllib3.connectionpool - Starting new HTTP connection (1): 27.112.70.203:8083
2021-08-06 21:37:23,991 - urllib3.connectionpool - Starting new HTTP connection (1): 77.70.35.87:37475
2021-08-06 21:37:24,505 - urllib3.connectionpool - Starting new HTTP connection (1): 143.208.59.1:999
2021-08-06 21:37:25,007 - urllib3.connectionpool - Starting new HTTP connection (1): 103.107.94.2:52827
2021-08-06 21:37:25,551 - urllib3.connectionpool - Starting new HTTP connection (1): 161.97.126.37:8118
2021-08-06 21:37:26,063 - urllib3.connectionpool - Starting new HTTP connection (1): 118.99.100.251:8080
2021-08-06 21:37:26,610 - urllib3.connectionpool - http://118.99.100.251:8080 "GET http://www.google.com/ HTTP/1.1" 200 6045
2021-08-06 21:37:26,612 - urllib3.connectionpool - Starting new HTTP connection (1): 118.99.100.251:8080
2021-08-06 21:37:27,129 - urllib3.connectionpool - Starting new HTTP connection (1): 41.234.66.33:3128
2021-08-06 21:37:27,644 - urllib3.connectionpool - Starting new HTTP connection (1): 177.180.12.58:55443
2021-08-06 21:37:28,146 - urllib3.connectionpool - Starting new HTTP connection (1): 37.26.136.181:52271
2021-08-06 21:37:28,664 - urllib3.connectionpool - Starting new HTTP connection (1): 79.143.87.138:9090
2021-08-06 21:37:29,181 - urllib3.connectionpool - Starting new HTTP connection (1): 84.52.64.108:8080
2021-08-06 21:37:29,695 - urllib3.connectionpool - Starting new HTTP connection (1): 37.26.86.206:47464
2021-08-06 21:37:30,197 - urllib3.connectionpool - Starting new HTTP connection (1): 182.16.171.42:43188
2021-08-06 21:37:30,711 - urllib3.connectionpool - Starting new HTTP connection (1): 109.237.199.56:3128
2021-08-06 21:37:31,228 - urllib3.connectionpool - Starting new HTTP connection (1): 192.99.239.215:8080
2021-08-06 21:37:31,739 - urllib3.connectionpool - Starting new HTTP connection (1): 217.79.181.109:443
2021-08-06 21:37:32,419 - urllib3.connectionpool - Starting new HTTP connection (1): 64.17.30.238:63141
2021-08-06 21:37:32,927 - urllib3.connectionpool - Starting new HTTP connection (1): 36.67.27.189:39674
2021-08-06 21:37:33,446 - urllib3.connectionpool - Starting new HTTP connection (1): 165.22.81.30:44608
2021-08-06 21:37:33,961 - urllib3.connectionpool - Starting new HTTP connection (1): 203.171.244.249:55443
2021-08-06 21:37:34,286 - urllib3.connectionpool - http://203.171.244.249:55443 "GET http://www.google.com/ HTTP/1.1" 200 6166
2021-08-06 21:37:34,293 - urllib3.connectionpool - Starting new HTTP connection (1): 203.171.244.249:55443
2021-08-06 21:37:34,805 - urllib3.connectionpool - Starting new HTTP connection (1): 41.217.219.53:31398
2021-08-06 21:37:35,324 - urllib3.connectionpool - Starting new HTTP connection (1): 194.233.69.90:443
2021-08-06 21:37:36,195 - urllib3.connectionpool - Starting new HTTP connection (1): 103.156.57.66:3127
2021-08-06 21:37:36,698 - urllib3.connectionpool - Starting new HTTP connection (1): 143.137.175.127:6666
2021-08-06 21:37:37,216 - urllib3.connectionpool - Starting new HTTP connection (1): 91.192.2.168:53281
2021-08-06 21:37:37,733 - urllib3.connectionpool - Starting new HTTP connection (1): 170.83.60.125:55443
2021-08-06 21:37:38,629 - urllib3.connectionpool - Starting new HTTP connection (1): 109.105.205.232:59152
2021-08-06 21:37:39,341 - urllib3.connectionpool - Starting new HTTP connection (1): 172.107.159.194:443
2021-08-06 21:37:39,855 - urllib3.connectionpool - Starting new HTTP connection (1): 190.112.156.11:6666
2021-08-06 21:37:40,370 - urllib3.connectionpool - Starting new HTTP connection (1): 118.179.173.253:40836
2021-08-06 21:37:40,884 - urllib3.connectionpool - Starting new HTTP connection (1): 119.81.189.194:80
2021-08-06 21:37:41,103 - urllib3.connectionpool - http://119.81.189.194:80 "GET http://www.google.com/ HTTP/1.1" 403 0
2021-08-06 21:37:41,105 - urllib3.connectionpool - Starting new HTTP connection (1): 119.81.189.194:80
2021-08-06 21:37:41,326 - urllib3.connectionpool - http://119.81.189.194:80 "GET http://www.google.com/ HTTP/1.1" 403 0
2021-08-06 21:37:41,328 - urllib3.connectionpool - Starting new HTTPS connection (1): www.zavvi.com:443
2021-08-06 21:37:42,222 - urllib3.connectionpool - https://www.zavvi.com:443 "GET /funko/pop-vinyl.list?autocomplete=searchsuggestion&pageNumber=1&sortOrder=releaseDate HTTP/1.1" 200 None
2021-08-06 21:37:44,418 - urllib3.connectionpool - Starting new HTTPS connection (1): discord.com:443
2021-08-06 21:37:45,026 - urllib3.connectionpool - https://discord.com:443 "POST /api/webhooks/850392839053639690/65cKLltyuopds0GR5ElwNaeKmhGKmEuXlILxyTidy5Yup0ZfrMMYbNIXK21qa8kcHlKk HTTP/1.1" 204 0
2021-08-06 21:37:45,029 - root - Payload delivered successfully, code 204.
2021-08-06 21:37:45,031 - urllib3.connectionpool - Starting new HTTPS connection (1): discord.com:443
2021-08-06 21:37:45,622 - urllib3.connectionpool - https://discord.com:443 "POST /api/webhooks/850392839053639690/65cKLltyuopds0GR5ElwNaeKmhGKmEuXlILxyTidy5Yup0ZfrMMYbNIXK21qa8kcHlKk HTTP/1.1" 204 0
2021-08-06 21:37:45,626 - root - Payload delivered successfully, code 204.
2021-08-06 21:37:45,628 - urllib3.connectionpool - Starting new HTTPS connection (1): discord.com:443
2021-08-06 21:37:46,147 - urllib3.connectionpool - https://discord.com:443 "POST /api/webhooks/850392839053639690/65cKLltyuopds0GR5ElwNaeKmhGKmEuXlILxyTidy5Yup0ZfrMMYbNIXK21qa8kcHlKk HTTP/1.1" 204 0
2021-08-06 21:37:46,153 - root - Payload delivered successfully, code 204.
2021-08-06 21:37:46,157 - urllib3.connectionpool - Starting new HTTPS connection (1): discord.com:443
2021-08-06 21:37:46,642 - urllib3.connectionpool - https://discord.com:443 "POST /api/webhooks/850392839053639690/65cKLltyuopds0GR5ElwNaeKmhGKmEuXlILxyTidy5Yup0ZfrMMYbNIXK21qa8kcHlKk HTTP/1.1" 204 0
2021-08-06 21:37:46,645 - root - Payload delivered successfully, code 204.
2021-08-06 21:37:46,648 - urllib3.connectionpool - Starting new HTTPS connection (1): discord.com:443
2021-08-06 21:37:47,142 - urllib3.connectionpool - https://discord.com:443 "POST /api/webhooks/850392839053639690/65cKLltyuopds0GR5ElwNaeKmhGKmEuXlILxyTidy5Yup0ZfrMMYbNIXK21qa8kcHlKk HTTP/1.1" 204 0
2021-08-06 21:37:47,144 - root - Payload delivered successfully, code 204.
2021-08-06 21:37:47,146 - urllib3.connectionpool - Starting new HTTPS connection (1): discord.com:443
2021-08-06 21:37:47,714 - urllib3.connectionpool - https://discord.com:443 "POST /api/webhooks/850392839053639690/65cKLltyuopds0GR5ElwNaeKmhGKmEuXlILxyTidy5Yup0ZfrMMYbNIXK21qa8kcHlKk HTTP/1.1" 204 0
2021-08-06 21:37:47,718 - root - Payload delivered successfully, code 204.
2021-08-06 21:37:47,724 - urllib3.connectionpool - Starting new HTTPS connection (1): discord.com:443
2021-08-06 21:37:48,219 - urllib3.connectionpool - https://discord.com:443 "POST /api/webhooks/850392839053639690/65cKLltyuopds0GR5ElwNaeKmhGKmEuXlILxyTidy5Yup0ZfrMMYbNIXK21qa8kcHlKk HTTP/1.1" 204 0
2021-08-06 21:37:48,221 - root - Payload delivered successfully, code 204.
2021-08-06 21:37:48,223 - urllib3.connectionpool - Starting new HTTPS connection (1): discord.com:443
2021-08-06 21:37:48,775 - urllib3.connectionpool - https://discord.com:443 "POST /api/webhooks/850392839053639690/65cKLltyuopds0GR5ElwNaeKmhGKmEuXlILxyTidy5Yup0ZfrMMYbNIXK21qa8kcHlKk HTTP/1.1" 204 0
2021-08-06 21:37:48,777 - root - Payload delivered successfully, code 204.
2021-08-06 21:37:48,780 - urllib3.connectionpool - Starting new HTTPS connection (1): discord.com:443
2021-08-06 21:37:49,302 - urllib3.connectionpool - https://discord.com:443 "POST /api/webhooks/850392839053639690/65cKLltyuopds0GR5ElwNaeKmhGKmEuXlILxyTidy5Yup0ZfrMMYbNIXK21qa8kcHlKk HTTP/1.1" 204 0
2021-08-06 21:37:49,305 - root - Payload delivered successfully, code 204.
2021-08-06 21:37:49,308 - urllib3.connectionpool - Starting new HTTPS connection (1): discord.com:443
2021-08-06 21:37:49,835 - urllib3.connectionpool - https://discord.com:443 "POST /api/webhooks/850392839053639690/65cKLltyuopds0GR5ElwNaeKmhGKmEuXlILxyTidy5Yup0ZfrMMYbNIXK21qa8kcHlKk HTTP/1.1" 204 0
2021-08-06 21:37:49,839 - root - Payload delivered successfully, code 204.
2021-08-06 21:37:49,844 - urllib3.connectionpool - Starting new HTTPS connection (1): discord.com:443
2021-08-06 21:37:50,337 - urllib3.connectionpool - https://discord.com:443 "POST /api/webhooks/850392839053639690/65cKLltyuopds0GR5ElwNaeKmhGKmEuXlILxyTidy5Yup0ZfrMMYbNIXK21qa8kcHlKk HTTP/1.1" 204 0
2021-08-06 21:37:50,356 - root - Payload delivered successfully, code 204.
2021-08-06 21:37:50,365 - urllib3.connectionpool - Starting new HTTPS connection (1): discord.com:443
2021-08-06 21:37:50,887 - urllib3.connectionpool - https://discord.com:443 "POST /api/webhooks/850392839053639690/65cKLltyuopds0GR5ElwNaeKmhGKmEuXlILxyTidy5Yup0ZfrMMYbNIXK21qa8kcHlKk HTTP/1.1" 204 0
2021-08-06 21:37:50,897 - root - Payload delivered successfully, code 204.
2021-08-06 21:37:50,905 - urllib3.connectionpool - Starting new HTTPS connection (1): discord.com:443
2021-08-06 21:37:51,397 - urllib3.connectionpool - https://discord.com:443 "POST /api/webhooks/850392839053639690/65cKLltyuopds0GR5ElwNaeKmhGKmEuXlILxyTidy5Yup0ZfrMMYbNIXK21qa8kcHlKk HTTP/1.1" 204 0
2021-08-06 21:37:51,400 - root - Payload delivered successfully, code 204.
2021-08-06 21:37:51,407 - urllib3.connectionpool - Starting new HTTPS connection (1): discord.com:443
2021-08-06 21:37:52,022 - urllib3.connectionpool - https://discord.com:443 "POST /api/webhooks/850392839053639690/65cKLltyuopds0GR5ElwNaeKmhGKmEuXlILxyTidy5Yup0ZfrMMYbNIXK21qa8kcHlKk HTTP/1.1" 204 0
2021-08-06 21:37:52,024 - root - Payload delivered successfully, code 204.
2021-08-06 21:37:52,026 - urllib3.connectionpool - Starting new HTTPS connection (1): discord.com:443
2021-08-06 21:37:52,750 - urllib3.connectionpool - https://discord.com:443 "POST /api/webhooks/850392839053639690/65cKLltyuopds0GR5ElwNaeKmhGKmEuXlILxyTidy5Yup0ZfrMMYbNIXK21qa8kcHlKk HTTP/1.1" 204 0
2021-08-06 21:37:52,753 - root - Payload delivered successfully, code 204.
2021-08-06 21:37:52,755 - urllib3.connectionpool - Starting new HTTPS connection (1): discord.com:443
2021-08-06 21:37:53,299 - urllib3.connectionpool - https://discord.com:443 "POST /api/webhooks/850392839053639690/65cKLltyuopds0GR5ElwNaeKmhGKmEuXlILxyTidy5Yup0ZfrMMYbNIXK21qa8kcHlKk HTTP/1.1" 204 0
2021-08-06 21:37:53,302 - root - Payload delivered successfully, code 204.
2021-08-06 21:37:53,303 - urllib3.connectionpool - Starting new HTTPS connection (1): discord.com:443
2021-08-06 21:37:53,806 - urllib3.connectionpool - https://discord.com:443 "POST /api/webhooks/850392839053639690/65cKLltyuopds0GR5ElwNaeKmhGKmEuXlILxyTidy5Yup0ZfrMMYbNIXK21qa8kcHlKk HTTP/1.1" 204 0
2021-08-06 21:37:53,810 - root - Payload delivered successfully, code 204.
2021-08-06 21:37:53,815 - urllib3.connectionpool - Starting new HTTPS connection (1): discord.com:443
2021-08-06 21:37:54,389 - urllib3.connectionpool - https://discord.com:443 "POST /api/webhooks/850392839053639690/65cKLltyuopds0GR5ElwNaeKmhGKmEuXlILxyTidy5Yup0ZfrMMYbNIXK21qa8kcHlKk HTTP/1.1" 204 0
2021-08-06 21:37:54,393 - root - Payload delivered successfully, code 204.
2021-08-06 21:37:54,397 - urllib3.connectionpool - Starting new HTTPS connection (1): discord.com:443
2021-08-06 21:37:54,878 - urllib3.connectionpool - https://discord.com:443 "POST /api/webhooks/850392839053639690/65cKLltyuopds0GR5ElwNaeKmhGKmEuXlILxyTidy5Yup0ZfrMMYbNIXK21qa8kcHlKk HTTP/1.1" 204 0
2021-08-06 21:37:54,884 - root - Payload delivered successfully, code 204.
2021-08-06 21:37:54,889 - urllib3.connectionpool - Starting new HTTPS connection (1): discord.com:443
2021-08-06 21:37:55,415 - urllib3.connectionpool - https://discord.com:443 "POST /api/webhooks/850392839053639690/65cKLltyuopds0GR5ElwNaeKmhGKmEuXlILxyTidy5Yup0ZfrMMYbNIXK21qa8kcHlKk HTTP/1.1" 204 0
2021-08-06 21:37:55,419 - root - Payload delivered successfully, code 204.
2021-08-06 21:37:55,429 - urllib3.connectionpool - Starting new HTTPS connection (1): discord.com:443
2021-08-06 21:37:55,946 - urllib3.connectionpool - https://discord.com:443 "POST /api/webhooks/850392839053639690/65cKLltyuopds0GR5ElwNaeKmhGKmEuXlILxyTidy5Yup0ZfrMMYbNIXK21qa8kcHlKk HTTP/1.1" 204 0
2021-08-06 21:37:55,947 - root - Payload delivered successfully, code 204.
2021-08-06 21:37:55,949 - urllib3.connectionpool - Starting new HTTPS connection (1): discord.com:443
2021-08-06 21:37:56,487 - urllib3.connectionpool - https://discord.com:443 "POST /api/webhooks/850392839053639690/65cKLltyuopds0GR5ElwNaeKmhGKmEuXlILxyTidy5Yup0ZfrMMYbNIXK21qa8kcHlKk HTTP/1.1" 204 0
2021-08-06 21:37:56,491 - root - Payload delivered successfully, code 204.
2021-08-06 21:37:56,495 - urllib3.connectionpool - Starting new HTTPS connection (1): discord.com:443
2021-08-06 21:37:56,986 - urllib3.connectionpool - https://discord.com:443 "POST /api/webhooks/850392839053639690/65cKLltyuopds0GR5ElwNaeKmhGKmEuXlILxyTidy5Yup0ZfrMMYbNIXK21qa8kcHlKk HTTP/1.1" 204 0
2021-08-06 21:37:56,990 - root - Payload delivered successfully, code 204.
2021-08-06 21:37:56,993 - urllib3.connectionpool - Starting new HTTPS connection (1): discord.com:443
2021-08-06 21:37:57,539 - urllib3.connectionpool - https://discord.com:443 "POST /api/webhooks/850392839053639690/65cKLltyuopds0GR5ElwNaeKmhGKmEuXlILxyTidy5Yup0ZfrMMYbNIXK21qa8kcHlKk HTTP/1.1" 204 0
2021-08-06 21:37:57,540 - root - Payload delivered successfully, code 204.
2021-08-06 21:37:57,542 - urllib3.connectionpool - Starting new HTTPS connection (1): discord.com:443
2021-08-06 21:37:58,053 - urllib3.connectionpool - https://discord.com:443 "POST /api/webhooks/850392839053639690/65cKLltyuopds0GR5ElwNaeKmhGKmEuXlILxyTidy5Yup0ZfrMMYbNIXK21qa8kcHlKk HTTP/1.1" 204 0
2021-08-06 21:37:58,056 - root - Payload delivered successfully, code 204.
2021-08-06 21:37:58,058 - urllib3.connectionpool - Starting new HTTPS connection (1): discord.com:443
2021-08-06 21:37:58,563 - urllib3.connectionpool - https://discord.com:443 "POST /api/webhooks/850392839053639690/65cKLltyuopds0GR5ElwNaeKmhGKmEuXlILxyTidy5Yup0ZfrMMYbNIXK21qa8kcHlKk HTTP/1.1" 204 0
2021-08-06 21:37:58,566 - root - Payload delivered successfully, code 204.
2021-08-06 21:37:58,569 - urllib3.connectionpool - Starting new HTTPS connection (1): discord.com:443
2021-08-06 21:38:31,515 - dotenv.main - Python-dotenv could not parse statement starting at line 14
2021-08-06 21:38:31,516 - root - Successfully started monitor
2021-08-06 21:38:31,520 - urllib3.connectionpool - Starting new HTTPS connection (1): discord.com:443
2021-08-06 21:38:32,079 - urllib3.connectionpool - https://discord.com:443 "POST /api/webhooks/850392839053639690/65cKLltyuopds0GR5ElwNaeKmhGKmEuXlILxyTidy5Yup0ZfrMMYbNIXK21qa8kcHlKk HTTP/1.1" 204 0
2021-08-06 21:38:32,088 - root - Payload delivered successfully, code 204.
2021-08-06 21:38:32,096 - urllib3.connectionpool - Starting new HTTPS connection (1): www.sslproxies.org:443
2021-08-06 21:38:32,279 - urllib3.connectionpool - https://www.sslproxies.org:443 "GET / HTTP/1.1" 200 None
2021-08-06 21:38:32,290 - urllib3.connectionpool - Starting new HTTP connection (1): 165.22.81.30:44608
2021-08-06 21:38:32,808 - urllib3.connectionpool - Starting new HTTP connection (1): 157.230.103.189:36366
2021-08-06 21:38:33,322 - urllib3.connectionpool - Starting new HTTP connection (1): 161.97.126.37:8118
2021-08-06 21:38:33,835 - urllib3.connectionpool - Starting new HTTP connection (1): 217.79.181.109:443
2021-08-06 21:38:34,493 - urllib3.connectionpool - Starting new HTTPS connection (1): www.sslproxies.org:443
2021-08-06 21:38:34,798 - urllib3.connectionpool - https://www.sslproxies.org:443 "GET / HTTP/1.1" 200 None
2021-08-06 21:38:34,832 - urllib3.connectionpool - Starting new HTTP connection (1): 109.105.205.232:59152
2021-08-06 21:38:35,349 - urllib3.connectionpool - Starting new HTTP connection (1): 170.83.60.125:55443
2021-08-06 21:38:35,867 - urllib3.connectionpool - Starting new HTTP connection (1): 118.179.173.253:40836
2021-08-06 21:38:36,386 - urllib3.connectionpool - Starting new HTTP connection (1): 182.16.171.42:43188
2021-08-06 21:38:36,898 - urllib3.connectionpool - Starting new HTTP connection (1): 93.117.72.27:43631
2021-08-06 21:38:37,403 - urllib3.connectionpool - Starting new HTTP connection (1): 191.103.219.225:48612
2021-08-06 21:38:37,921 - urllib3.connectionpool - Starting new HTTP connection (1): 202.218.133.140:8080
2021-08-06 21:38:38,320 - urllib3.connectionpool - http://202.218.133.140:8080 "GET http://www.google.com/ HTTP/1.1" 200 None
2021-08-06 21:38:38,326 - urllib3.connectionpool - Starting new HTTP connection (1): 202.218.133.140:8080
2021-08-06 21:38:38,705 - urllib3.connectionpool - http://202.218.133.140:8080 "GET http://www.google.com/ HTTP/1.1" 200 None
2021-08-06 21:38:38,710 - urllib3.connectionpool - Starting new HTTPS connection (1): www.zavvi.com:443
2021-08-06 21:38:39,546 - urllib3.connectionpool - https://www.zavvi.com:443 "GET /funko/pop-vinyl.list?autocomplete=searchsuggestion&pageNumber=1&sortOrder=releaseDate HTTP/1.1" 200 None
2021-08-06 21:38:42,199 - urllib3.connectionpool - Starting new HTTPS connection (1): discord.com:443
2021-08-06 21:38:42,802 - urllib3.connectionpool - https://discord.com:443 "POST /api/webhooks/850392839053639690/65cKLltyuopds0GR5ElwNaeKmhGKmEuXlILxyTidy5Yup0ZfrMMYbNIXK21qa8kcHlKk HTTP/1.1" 204 0
2021-08-06 21:38:42,809 - root - Payload delivered successfully, code 204.
2021-08-06 21:38:42,820 - urllib3.connectionpool - Starting new HTTPS connection (1): discord.com:443
2021-08-06 21:38:43,413 - urllib3.connectionpool - https://discord.com:443 "POST /api/webhooks/850392839053639690/65cKLltyuopds0GR5ElwNaeKmhGKmEuXlILxyTidy5Yup0ZfrMMYbNIXK21qa8kcHlKk HTTP/1.1" 204 0
2021-08-06 21:38:43,417 - root - Payload delivered successfully, code 204.
2021-08-06 21:38:43,419 - urllib3.connectionpool - Starting new HTTPS connection (1): discord.com:443
2021-08-06 21:38:43,913 - urllib3.connectionpool - https://discord.com:443 "POST /api/webhooks/850392839053639690/65cKLltyuopds0GR5ElwNaeKmhGKmEuXlILxyTidy5Yup0ZfrMMYbNIXK21qa8kcHlKk HTTP/1.1" 204 0
2021-08-06 21:38:43,915 - root - Payload delivered successfully, code 204.
2021-08-06 21:38:43,918 - urllib3.connectionpool - Starting new HTTPS connection (1): discord.com:443
2021-08-06 21:38:44,442 - urllib3.connectionpool - https://discord.com:443 "POST /api/webhooks/850392839053639690/65cKLltyuopds0GR5ElwNaeKmhGKmEuXlILxyTidy5Yup0ZfrMMYbNIXK21qa8kcHlKk HTTP/1.1" 204 0
2021-08-06 21:38:44,444 - root - Payload delivered successfully, code 204.
2021-08-06 21:38:44,447 - urllib3.connectionpool - Starting new HTTPS connection (1): discord.com:443
2021-08-06 21:38:44,968 - urllib3.connectionpool - https://discord.com:443 "POST /api/webhooks/850392839053639690/65cKLltyuopds0GR5ElwNaeKmhGKmEuXlILxyTidy5Yup0ZfrMMYbNIXK21qa8kcHlKk HTTP/1.1" 204 0
2021-08-06 21:38:44,971 - root - Payload delivered successfully, code 204.
2021-08-06 21:38:45,978 - urllib3.connectionpool - Starting new HTTPS connection (1): www.zavvi.com:443
2021-08-06 21:38:46,843 - urllib3.connectionpool - https://www.zavvi.com:443 "GET /funko/pop-vinyl.list?autocomplete=searchsuggestion&pageNumber=1&sortOrder=releaseDate HTTP/1.1" 200 None
2021-08-06 21:38:51,117 - urllib3.connectionpool - Starting new HTTPS connection (1): www.zavvi.com:443
2021-08-06 21:38:51,987 - urllib3.connectionpool - https://www.zavvi.com:443 "GET /funko/pop-vinyl.list?autocomplete=searchsuggestion&pageNumber=1&sortOrder=releaseDate HTTP/1.1" 200 None
2021-08-06 21:38:55,275 - urllib3.connectionpool - Starting new HTTPS connection (1): www.zavvi.com:443
2021-08-06 21:40:44,400 - dotenv.main - Python-dotenv could not parse statement starting at line 14
2021-08-06 21:40:44,400 - root - Successfully started monitor
2021-08-06 21:40:44,404 - urllib3.connectionpool - Starting new HTTPS connection (1): discord.com:443
2021-08-06 21:40:44,923 - urllib3.connectionpool - https://discord.com:443 "POST /api/webhooks/850392839053639690/65cKLltyuopds0GR5ElwNaeKmhGKmEuXlILxyTidy5Yup0ZfrMMYbNIXK21qa8kcHlKk HTTP/1.1" 204 0
2021-08-06 21:40:44,926 - root - Payload delivered successfully, code 204.
2021-08-06 21:40:44,928 - urllib3.connectionpool - Starting new HTTPS connection (1): www.sslproxies.org:443
2021-08-06 21:40:45,224 - urllib3.connectionpool - https://www.sslproxies.org:443 "GET / HTTP/1.1" 200 None
2021-08-06 21:40:45,260 - urllib3.connectionpool - Starting new HTTP connection (1): 165.22.81.30:44608
2021-08-06 21:40:45,773 - urllib3.connectionpool - Starting new HTTP connection (1): 157.230.103.189:36366
2021-08-06 21:40:46,279 - urllib3.connectionpool - Starting new HTTP connection (1): 217.79.181.109:443
2021-08-06 21:40:46,965 - urllib3.connectionpool - Starting new HTTP connection (1): 161.97.126.37:8118
2021-08-06 21:40:47,473 - urllib3.connectionpool - Starting new HTTPS connection (1): www.sslproxies.org:443
2021-08-06 21:40:47,653 - urllib3.connectionpool - https://www.sslproxies.org:443 "GET / HTTP/1.1" 200 None
2021-08-06 21:40:47,683 - urllib3.connectionpool - Starting new HTTP connection (1): 103.107.94.2:52827
2021-08-06 21:40:48,187 - urllib3.connectionpool - Starting new HTTP connection (1): 79.143.87.138:9090
2021-08-06 21:40:48,694 - urllib3.connectionpool - Starting new HTTP connection (1): 161.202.226.194:80
2021-08-06 21:40:49,000 - urllib3.connectionpool - http://161.202.226.194:80 "GET http://www.google.com/ HTTP/1.1" 403 0
2021-08-06 21:40:49,003 - urllib3.connectionpool - Starting new HTTP connection (1): 161.202.226.194:80
2021-08-06 21:40:49,296 - urllib3.connectionpool - http://161.202.226.194:80 "GET http://www.google.com/ HTTP/1.1" 403 0
2021-08-06 21:40:49,299 - urllib3.connectionpool - Starting new HTTPS connection (1): www.zavvi.com:443
2021-08-06 21:40:50,413 - urllib3.connectionpool - https://www.zavvi.com:443 "GET /funko/pop-vinyl.list?autocomplete=searchsuggestion&pageNumber=1&sortOrder=releaseDate HTTP/1.1" 200 None
2021-08-06 21:40:53,478 - urllib3.connectionpool - Starting new HTTPS connection (1): www.zavvi.com:443
2021-08-06 21:40:54,318 - urllib3.connectionpool - https://www.zavvi.com:443 "GET /funko/pop-vinyl.list?autocomplete=searchsuggestion&pageNumber=1&sortOrder=releaseDate HTTP/1.1" 200 None
2021-08-06 21:40:57,553 - urllib3.connectionpool - Starting new HTTPS connection (1): www.zavvi.com:443
2021-08-06 21:41:16,558 - dotenv.main - Python-dotenv could not parse statement starting at line 14
2021-08-06 21:41:16,559 - root - Successfully started monitor
2021-08-06 21:41:16,562 - urllib3.connectionpool - Starting new HTTPS connection (1): discord.com:443
2021-08-06 21:41:17,165 - urllib3.connectionpool - https://discord.com:443 "POST /api/webhooks/850392839053639690/65cKLltyuopds0GR5ElwNaeKmhGKmEuXlILxyTidy5Yup0ZfrMMYbNIXK21qa8kcHlKk HTTP/1.1" 204 0
2021-08-06 21:41:17,172 - root - Payload delivered successfully, code 204.
2021-08-06 21:41:17,176 - urllib3.connectionpool - Starting new HTTPS connection (1): www.sslproxies.org:443
2021-08-06 21:41:17,347 - urllib3.connectionpool - https://www.sslproxies.org:443 "GET / HTTP/1.1" 200 None
2021-08-06 21:41:17,377 - urllib3.connectionpool - Starting new HTTP connection (1): 217.79.181.109:443
2021-08-06 21:41:18,040 - urllib3.connectionpool - Starting new HTTP connection (1): 157.230.103.189:36366
2021-08-06 21:41:18,557 - urllib3.connectionpool - Starting new HTTP connection (1): 165.22.81.30:44608
2021-08-06 21:41:19,078 - urllib3.connectionpool - Starting new HTTP connection (1): 161.97.126.37:8118
2021-08-06 21:41:19,587 - urllib3.connectionpool - Starting new HTTPS connection (1): www.sslproxies.org:443
2021-08-06 21:41:19,757 - urllib3.connectionpool - https://www.sslproxies.org:443 "GET / HTTP/1.1" 200 None
2021-08-06 21:41:19,792 - urllib3.connectionpool - Starting new HTTP connection (1): 37.26.86.206:47464
2021-08-06 21:41:20,295 - urllib3.connectionpool - Starting new HTTP connection (1): 103.57.11.106:55443
2021-08-06 21:41:20,809 - urllib3.connectionpool - Starting new HTTP connection (1): 198.50.163.192:3129
2021-08-06 21:41:21,548 - urllib3.connectionpool - Starting new HTTP connection (1): 161.202.226.194:80
2021-08-06 21:41:21,848 - urllib3.connectionpool - http://161.202.226.194:80 "GET http://www.google.com/ HTTP/1.1" 403 0
2021-08-06 21:41:21,851 - urllib3.connectionpool - Starting new HTTP connection (1): 161.202.226.194:80
2021-08-06 21:41:22,162 - urllib3.connectionpool - http://161.202.226.194:80 "GET http://www.google.com/ HTTP/1.1" 403 0
2021-08-06 21:41:22,169 - urllib3.connectionpool - Starting new HTTPS connection (1): www.zavvi.com:443
2021-08-06 21:41:23,070 - urllib3.connectionpool - https://www.zavvi.com:443 "GET /funko/pop-vinyl.list?autocomplete=searchsuggestion&pageNumber=1&sortOrder=releaseDate HTTP/1.1" 200 None
2021-08-06 21:41:25,300 - urllib3.connectionpool - Starting new HTTPS connection (1): discord.com:443
2021-08-06 21:41:25,814 - urllib3.connectionpool - https://discord.com:443 "POST /api/webhooks/850392839053639690/65cKLltyuopds0GR5ElwNaeKmhGKmEuXlILxyTidy5Yup0ZfrMMYbNIXK21qa8kcHlKk HTTP/1.1" 204 0
2021-08-06 21:41:25,817 - root - Payload delivered successfully, code 204.
2021-08-06 21:41:25,820 - urllib3.connectionpool - Starting new HTTPS connection (1): discord.com:443
2021-08-06 21:41:26,375 - urllib3.connectionpool - https://discord.com:443 "POST /api/webhooks/850392839053639690/65cKLltyuopds0GR5ElwNaeKmhGKmEuXlILxyTidy5Yup0ZfrMMYbNIXK21qa8kcHlKk HTTP/1.1" 204 0
2021-08-06 21:41:26,378 - root - Payload delivered successfully, code 204.
2021-08-06 21:41:26,380 - urllib3.connectionpool - Starting new HTTPS connection (1): discord.com:443
2021-08-06 21:41:26,931 - urllib3.connectionpool - https://discord.com:443 "POST /api/webhooks/850392839053639690/65cKLltyuopds0GR5ElwNaeKmhGKmEuXlILxyTidy5Yup0ZfrMMYbNIXK21qa8kcHlKk HTTP/1.1" 204 0
2021-08-06 21:41:26,935 - root - Payload delivered successfully, code 204.
2021-08-06 21:41:26,937 - urllib3.connectionpool - Starting new HTTPS connection (1): discord.com:443
2021-08-06 21:41:27,465 - urllib3.connectionpool - https://discord.com:443 "POST /api/webhooks/850392839053639690/65cKLltyuopds0GR5ElwNaeKmhGKmEuXlILxyTidy5Yup0ZfrMMYbNIXK21qa8kcHlKk HTTP/1.1" 204 0
2021-08-06 21:41:27,470 - root - Payload delivered successfully, code 204.
2021-08-06 21:41:27,475 - urllib3.connectionpool - Starting new HTTPS connection (1): discord.com:443
2021-08-06 21:41:28,051 - urllib3.connectionpool - https://discord.com:443 "POST /api/webhooks/850392839053639690/65cKLltyuopds0GR5ElwNaeKmhGKmEuXlILxyTidy5Yup0ZfrMMYbNIXK21qa8kcHlKk HTTP/1.1" 204 0
2021-08-06 21:41:28,063 - root - Payload delivered successfully, code 204.
2021-08-06 21:41:29,074 - urllib3.connectionpool - Starting new HTTPS connection (1): www.zavvi.com:443
2021-08-06 21:41:29,939 - urllib3.connectionpool - https://www.zavvi.com:443 "GET /funko/pop-vinyl.list?autocomplete=searchsuggestion&pageNumber=1&sortOrder=releaseDate HTTP/1.1" 200 None
2021-08-06 21:41:33,116 - urllib3.connectionpool - Starting new HTTPS connection (1): www.zavvi.com:443
2021-08-06 21:41:34,011 - urllib3.connectionpool - https://www.zavvi.com:443 "GET /funko/pop-vinyl.list?autocomplete=searchsuggestion&pageNumber=1&sortOrder=releaseDate HTTP/1.1" 200 None
2021-08-06 21:41:46,564 - dotenv.main - Python-dotenv could not parse statement starting at line 14
2021-08-06 21:41:46,565 - root - Successfully started monitor
2021-08-06 21:41:46,568 - urllib3.connectionpool - Starting new HTTPS connection (1): discord.com:443
2021-08-06 21:41:47,363 - urllib3.connectionpool - https://discord.com:443 "POST /api/webhooks/850392839053639690/65cKLltyuopds0GR5ElwNaeKmhGKmEuXlILxyTidy5Yup0ZfrMMYbNIXK21qa8kcHlKk HTTP/1.1" 204 0
2021-08-06 21:41:47,365 - root - Payload delivered successfully, code 204.
2021-08-06 21:41:47,367 - urllib3.connectionpool - Starting new HTTPS connection (1): www.sslproxies.org:443
2021-08-06 21:41:47,713 - urllib3.connectionpool - https://www.sslproxies.org:443 "GET / HTTP/1.1" 200 None
2021-08-06 21:41:47,727 - urllib3.connectionpool - Starting new HTTP connection (1): 161.97.126.37:8118
2021-08-06 21:41:48,239 - urllib3.connectionpool - Starting new HTTP connection (1): 217.79.181.109:443
2021-08-06 21:41:49,029 - urllib3.connectionpool - Starting new HTTP connection (1): 165.22.81.30:44608
2021-08-06 21:41:49,540 - urllib3.connectionpool - Starting new HTTP connection (1): 157.230.103.189:36366
2021-08-06 21:41:50,057 - urllib3.connectionpool - Starting new HTTPS connection (1): www.sslproxies.org:443
2021-08-06 21:41:50,587 - urllib3.connectionpool - https://www.sslproxies.org:443 "GET / HTTP/1.1" 200 None
2021-08-06 21:41:50,597 - urllib3.connectionpool - Starting new HTTP connection (1): 103.124.136.14:80
2021-08-06 21:41:51,103 - urllib3.connectionpool - Starting new HTTP connection (1): 190.196.176.5:60080
2021-08-06 21:41:51,620 - urllib3.connectionpool - Starting new HTTP connection (1): 181.129.74.58:40667
2021-08-06 21:41:52,135 - urllib3.connectionpool - Starting new HTTP connection (1): 27.112.70.203:8083
2021-08-06 21:41:52,649 - urllib3.connectionpool - Starting new HTTP connection (1): 191.103.219.225:48612
2021-08-06 21:41:53,164 - urllib3.connectionpool - Starting new HTTP connection (1): 185.104.252.10:9090
2021-08-06 21:41:53,681 - urllib3.connectionpool - Starting new HTTP connection (1): 79.104.25.218:8080
2021-08-06 21:41:54,196 - urllib3.connectionpool - Starting new HTTP connection (1): 103.107.94.2:52827
2021-08-06 21:41:54,708 - urllib3.connectionpool - Starting new HTTP connection (1): 119.81.189.194:80
2021-08-06 21:41:54,958 - urllib3.connectionpool - http://119.81.189.194:80 "GET http://www.google.com/ HTTP/1.1" 403 0
2021-08-06 21:41:54,965 - urllib3.connectionpool - Starting new HTTP connection (1): 119.81.189.194:80
2021-08-06 21:41:55,213 - urllib3.connectionpool - http://119.81.189.194:80 "GET http://www.google.com/ HTTP/1.1" 403 0
2021-08-06 21:41:55,215 - urllib3.connectionpool - Starting new HTTPS connection (1): www.zavvi.com:443
2021-08-06 21:41:56,210 - urllib3.connectionpool - https://www.zavvi.com:443 "GET /funko/pop-vinyl.list?autocomplete=searchsuggestion&pageNumber=1&sortOrder=releaseDate HTTP/1.1" 200 None
2021-08-06 21:41:58,383 - urllib3.connectionpool - Starting new HTTPS connection (1): discord.com:443
2021-08-06 21:41:58,932 - urllib3.connectionpool - https://discord.com:443 "POST /api/webhooks/850392839053639690/65cKLltyuopds0GR5ElwNaeKmhGKmEuXlILxyTidy5Yup0ZfrMMYbNIXK21qa8kcHlKk HTTP/1.1" 204 0
2021-08-06 21:41:58,934 - root - Payload delivered successfully, code 204.
2021-08-06 21:41:58,935 - urllib3.connectionpool - Starting new HTTPS connection (1): discord.com:443
2021-08-06 21:41:59,466 - urllib3.connectionpool - https://discord.com:443 "POST /api/webhooks/850392839053639690/65cKLltyuopds0GR5ElwNaeKmhGKmEuXlILxyTidy5Yup0ZfrMMYbNIXK21qa8kcHlKk HTTP/1.1" 204 0
2021-08-06 21:41:59,471 - root - Payload delivered successfully, code 204.
2021-08-06 21:41:59,475 - urllib3.connectionpool - Starting new HTTPS connection (1): discord.com:443
2021-08-06 21:42:00,036 - urllib3.connectionpool - https://discord.com:443 "POST /api/webhooks/850392839053639690/65cKLltyuopds0GR5ElwNaeKmhGKmEuXlILxyTidy5Yup0ZfrMMYbNIXK21qa8kcHlKk HTTP/1.1" 204 0
2021-08-06 21:42:00,040 - root - Payload delivered successfully, code 204.
2021-08-06 21:42:00,044 - urllib3.connectionpool - Starting new HTTPS connection (1): discord.com:443
2021-08-06 21:42:00,648 - urllib3.connectionpool - https://discord.com:443 "POST /api/webhooks/850392839053639690/65cKLltyuopds0GR5ElwNaeKmhGKmEuXlILxyTidy5Yup0ZfrMMYbNIXK21qa8kcHlKk HTTP/1.1" 204 0
2021-08-06 21:42:00,655 - root - Payload delivered successfully, code 204.
2021-08-06 21:42:00,661 - urllib3.connectionpool - Starting new HTTPS connection (1): discord.com:443
2021-08-06 21:42:01,268 - urllib3.connectionpool - https://discord.com:443 "POST /api/webhooks/850392839053639690/65cKLltyuopds0GR5ElwNaeKmhGKmEuXlILxyTidy5Yup0ZfrMMYbNIXK21qa8kcHlKk HTTP/1.1" 204 0
2021-08-06 21:42:01,274 - root - Payload delivered successfully, code 204.
2021-08-06 21:42:01,283 - urllib3.connectionpool - Starting new HTTPS connection (1): discord.com:443
2021-08-06 21:42:01,893 - urllib3.connectionpool - https://discord.com:443 "POST /api/webhooks/850392839053639690/65cKLltyuopds0GR5ElwNaeKmhGKmEuXlILxyTidy5Yup0ZfrMMYbNIXK21qa8kcHlKk HTTP/1.1" 204 0
2021-08-06 21:42:01,897 - root - Payload delivered successfully, code 204.
2021-08-06 21:42:01,902 - urllib3.connectionpool - Starting new HTTPS connection (1): discord.com:443
2021-08-06 21:42:02,395 - urllib3.connectionpool - https://discord.com:443 "POST /api/webhooks/850392839053639690/65cKLltyuopds0GR5ElwNaeKmhGKmEuXlILxyTidy5Yup0ZfrMMYbNIXK21qa8kcHlKk HTTP/1.1" 204 0
2021-08-06 21:42:02,397 - root - Payload delivered successfully, code 204.
2021-08-06 21:42:02,399 - urllib3.connectionpool - Starting new HTTPS connection (1): discord.com:443
2021-08-06 21:42:02,911 - urllib3.connectionpool - https://discord.com:443 "POST /api/webhooks/850392839053639690/65cKLltyuopds0GR5ElwNaeKmhGKmEuXlILxyTidy5Yup0ZfrMMYbNIXK21qa8kcHlKk HTTP/1.1" 204 0
2021-08-06 21:42:02,917 - root - Payload delivered successfully, code 204.
2021-08-06 21:42:02,920 - urllib3.connectionpool - Starting new HTTPS connection (1): discord.com:443
2021-08-06 21:42:03,459 - urllib3.connectionpool - https://discord.com:443 "POST /api/webhooks/850392839053639690/65cKLltyuopds0GR5ElwNaeKmhGKmEuXlILxyTidy5Yup0ZfrMMYbNIXK21qa8kcHlKk HTTP/1.1" 204 0
2021-08-06 21:42:03,461 - root - Payload delivered successfully, code 204.
2021-08-06 21:42:03,465 - urllib3.connectionpool - Starting new HTTPS connection (1): discord.com:443
2021-08-06 21:42:04,062 - urllib3.connectionpool - https://discord.com:443 "POST /api/webhooks/850392839053639690/65cKLltyuopds0GR5ElwNaeKmhGKmEuXlILxyTidy5Yup0ZfrMMYbNIXK21qa8kcHlKk HTTP/1.1" 204 0
2021-08-06 21:42:04,066 - root - Payload delivered successfully, code 204.
2021-08-06 21:42:04,068 - urllib3.connectionpool - Starting new HTTPS connection (1): discord.com:443
2021-08-06 21:42:04,642 - urllib3.connectionpool - https://discord.com:443 "POST /api/webhooks/850392839053639690/65cKLltyuopds0GR5ElwNaeKmhGKmEuXlILxyTidy5Yup0ZfrMMYbNIXK21qa8kcHlKk HTTP/1.1" 204 0
2021-08-06 21:42:04,646 - root - Payload delivered successfully, code 204.
2021-08-06 21:42:04,650 - urllib3.connectionpool - Starting new HTTPS connection (1): discord.com:443
2021-08-06 21:42:05,191 - urllib3.connectionpool - https://discord.com:443 "POST /api/webhooks/850392839053639690/65cKLltyuopds0GR5ElwNaeKmhGKmEuXlILxyTidy5Yup0ZfrMMYbNIXK21qa8kcHlKk HTTP/1.1" 204 0
2021-08-06 21:42:05,194 - root - Payload delivered successfully, code 204.
2021-08-06 21:42:05,197 - urllib3.connectionpool - Starting new HTTPS connection (1): discord.com:443
2021-08-06 21:42:05,698 - urllib3.connectionpool - https://discord.com:443 "POST /api/webhooks/850392839053639690/65cKLltyuopds0GR5ElwNaeKmhGKmEuXlILxyTidy5Yup0ZfrMMYbNIXK21qa8kcHlKk HTTP/1.1" 204 0
2021-08-06 21:42:05,700 - root - Payload delivered successfully, code 204.
2021-08-06 21:42:05,702 - urllib3.connectionpool - Starting new HTTPS connection (1): discord.com:443
2021-08-06 21:42:06,252 - urllib3.connectionpool - https://discord.com:443 "POST /api/webhooks/850392839053639690/65cKLltyuopds0GR5ElwNaeKmhGKmEuXlILxyTidy5Yup0ZfrMMYbNIXK21qa8kcHlKk HTTP/1.1" 204 0
2021-08-06 21:42:06,255 - root - Payload delivered successfully, code 204.
2021-08-06 21:42:06,259 - urllib3.connectionpool - Starting new HTTPS connection (1): discord.com:443
2021-08-06 21:42:06,789 - urllib3.connectionpool - https://discord.com:443 "POST /api/webhooks/850392839053639690/65cKLltyuopds0GR5ElwNaeKmhGKmEuXlILxyTidy5Yup0ZfrMMYbNIXK21qa8kcHlKk HTTP/1.1" 204 0
2021-08-06 21:42:06,792 - root - Payload delivered successfully, code 204.
2021-08-06 21:42:06,794 - urllib3.connectionpool - Starting new HTTPS connection (1): discord.com:443
2021-08-06 21:42:24,838 - dotenv.main - Python-dotenv could not parse statement starting at line 14
2021-08-06 21:42:24,839 - root - Successfully started monitor
2021-08-06 21:42:24,842 - urllib3.connectionpool - Starting new HTTPS connection (1): discord.com:443
2021-08-06 21:42:25,384 - urllib3.connectionpool - https://discord.com:443 "POST /api/webhooks/850392839053639690/65cKLltyuopds0GR5ElwNaeKmhGKmEuXlILxyTidy5Yup0ZfrMMYbNIXK21qa8kcHlKk HTTP/1.1" 204 0
2021-08-06 21:42:25,389 - root - Payload delivered successfully, code 204.
2021-08-06 21:42:25,391 - urllib3.connectionpool - Starting new HTTPS connection (1): www.sslproxies.org:443
2021-08-06 21:42:26,240 - urllib3.connectionpool - https://www.sslproxies.org:443 "GET / HTTP/1.1" 200 None
2021-08-06 21:42:26,268 - urllib3.connectionpool - Starting new HTTP connection (1): 165.22.81.30:44608
2021-08-06 21:42:26,777 - urllib3.connectionpool - Starting new HTTP connection (1): 217.79.181.109:443
2021-08-06 21:42:27,487 - urllib3.connectionpool - Starting new HTTPS connection (1): www.sslproxies.org:443
2021-08-06 21:42:27,678 - urllib3.connectionpool - https://www.sslproxies.org:443 "GET / HTTP/1.1" 200 None
2021-08-06 21:42:27,700 - urllib3.connectionpool - Starting new HTTP connection (1): 54.193.134.2:20096
2021-08-06 21:42:28,209 - urllib3.connectionpool - Starting new HTTP connection (1): 64.17.30.238:63141
2021-08-06 21:42:28,724 - urllib3.connectionpool - Starting new HTTP connection (1): 86.123.51.160:3128
2021-08-06 21:42:29,233 - urllib3.connectionpool - Starting new HTTP connection (1): 104.248.15.107:8888
2021-08-06 21:42:29,750 - urllib3.connectionpool - Starting new HTTP connection (1): 89.189.128.183:8080
2021-08-06 21:42:30,268 - urllib3.connectionpool - Starting new HTTP connection (1): 144.217.101.245:3129
2021-08-06 21:42:30,908 - urllib3.connectionpool - http://144.217.101.245:3129 "GET http://www.google.com/ HTTP/1.1" 200 5888
2021-08-06 21:42:30,916 - urllib3.connectionpool - Starting new HTTP connection (1): 103.107.94.2:52827
2021-08-06 21:42:31,435 - urllib3.connectionpool - Starting new HTTP connection (1): 210.2.135.254:3128
2021-08-06 21:42:32,067 - urllib3.connectionpool - http://210.2.135.254:3128 "GET http://www.google.com/ HTTP/1.1" 200 5935
2021-08-06 21:42:32,071 - urllib3.connectionpool - Starting new HTTP connection (1): 210.2.135.254:3128
2021-08-06 21:42:32,768 - urllib3.connectionpool - Starting new HTTP connection (1): 103.57.11.106:55443
2021-08-06 21:42:33,289 - urllib3.connectionpool - Starting new HTTP connection (1): 124.156.139.219:1081
2021-08-06 21:42:33,929 - urllib3.connectionpool - Starting new HTTP connection (1): 103.152.5.70:8080
2021-08-06 21:42:34,186 - urllib3.connectionpool - http://103.152.5.70:8080 "GET http://www.google.com/ HTTP/1.1" 200 6077
2021-08-06 21:42:34,189 - urllib3.connectionpool - Starting new HTTP connection (1): 103.152.5.70:8080
2021-08-06 21:42:34,495 - urllib3.connectionpool - http://103.152.5.70:8080 "GET http://www.google.com/ HTTP/1.1" 200 6091
2021-08-06 21:42:34,503 - urllib3.connectionpool - Starting new HTTPS connection (1): www.zavvi.com:443
2021-08-06 21:42:35,462 - urllib3.connectionpool - https://www.zavvi.com:443 "GET /funko/pop-vinyl.list?autocomplete=searchsuggestion&pageNumber=1&sortOrder=releaseDate HTTP/1.1" 200 None
2021-08-06 21:42:39,083 - urllib3.connectionpool - Starting new HTTPS connection (1): www.zavvi.com:443
2021-08-06 21:42:39,977 - urllib3.connectionpool - https://www.zavvi.com:443 "GET /funko/pop-vinyl.list?autocomplete=searchsuggestion&pageNumber=1&sortOrder=releaseDate HTTP/1.1" 200 None
2021-08-06 21:42:43,071 - urllib3.connectionpool - Starting new HTTPS connection (1): www.zavvi.com:443
2021-08-06 21:42:44,379 - urllib3.connectionpool - https://www.zavvi.com:443 "GET /funko/pop-vinyl.list?autocomplete=searchsuggestion&pageNumber=1&sortOrder=releaseDate HTTP/1.1" 200 None
2021-08-06 21:42:47,571 - urllib3.connectionpool - Starting new HTTPS connection (1): www.zavvi.com:443
2021-08-06 21:42:48,451 - urllib3.connectionpool - https://www.zavvi.com:443 "GET /funko/pop-vinyl.list?autocomplete=searchsuggestion&pageNumber=1&sortOrder=releaseDate HTTP/1.1" 200 None
2021-08-06 21:43:44,677 - dotenv.main - Python-dotenv could not parse statement starting at line 14
2021-08-06 21:43:44,678 - root - Successfully started monitor
2021-08-06 21:43:44,682 - urllib3.connectionpool - Starting new HTTPS connection (1): discord.com:443
2021-08-06 21:43:45,314 - urllib3.connectionpool - https://discord.com:443 "POST /api/webhooks/850392839053639690/65cKLltyuopds0GR5ElwNaeKmhGKmEuXlILxyTidy5Yup0ZfrMMYbNIXK21qa8kcHlKk HTTP/1.1" 204 0
2021-08-06 21:43:45,317 - root - Payload delivered successfully, code 204.
2021-08-06 21:43:45,319 - urllib3.connectionpool - Starting new HTTPS connection (1): www.sslproxies.org:443
2021-08-06 21:43:45,493 - urllib3.connectionpool - https://www.sslproxies.org:443 "GET / HTTP/1.1" 200 None
2021-08-06 21:43:45,513 - urllib3.connectionpool - Starting new HTTP connection (1): 217.79.181.109:443
2021-08-06 21:43:46,176 - urllib3.connectionpool - Starting new HTTP connection (1): 165.22.81.30:44608
2021-08-06 21:43:46,689 - urllib3.connectionpool - Starting new HTTPS connection (1): www.sslproxies.org:443
2021-08-06 21:43:46,862 - urllib3.connectionpool - https://www.sslproxies.org:443 "GET / HTTP/1.1" 200 None
2021-08-06 21:43:46,888 - urllib3.connectionpool - Starting new HTTP connection (1): 103.124.136.14:80
2021-08-06 21:43:47,789 - urllib3.connectionpool - Starting new HTTP connection (1): 5.200.72.51:3128
2021-08-06 21:43:48,271 - urllib3.connectionpool - http://5.200.72.51:3128 "GET http://www.google.com/ HTTP/1.1" 504 None
2021-08-06 21:43:48,275 - urllib3.connectionpool - Starting new HTTP connection (1): 95.104.54.227:42119
2021-08-06 21:43:48,792 - urllib3.connectionpool - Starting new HTTP connection (1): 91.192.2.168:53281
2021-08-06 21:43:49,305 - urllib3.connectionpool - Starting new HTTP connection (1): 200.29.109.112:44749
2021-08-06 21:43:49,814 - urllib3.connectionpool - Starting new HTTP connection (1): 220.135.165.38:8080
2021-08-06 21:43:50,538 - urllib3.connectionpool - Starting new HTTP connection (1): 101.255.72.171:443
2021-08-06 21:43:51,054 - urllib3.connectionpool - Starting new HTTP connection (1): 169.57.1.84:80
2021-08-06 21:43:51,565 - urllib3.connectionpool - Starting new HTTP connection (1): 217.79.181.109:443
2021-08-06 21:43:52,269 - urllib3.connectionpool - Starting new HTTP connection (1): 161.202.226.194:80
2021-08-06 21:43:52,548 - urllib3.connectionpool - http://161.202.226.194:80 "GET http://www.google.com/ HTTP/1.1" 403 0
2021-08-06 21:43:52,556 - urllib3.connectionpool - Starting new HTTP connection (1): 161.202.226.194:80
2021-08-06 21:43:52,832 - urllib3.connectionpool - http://161.202.226.194:80 "GET http://www.google.com/ HTTP/1.1" 403 0
2021-08-06 21:43:52,833 - urllib3.connectionpool - Starting new HTTPS connection (1): www.zavvi.com:443
2021-08-06 21:43:53,723 - urllib3.connectionpool - https://www.zavvi.com:443 "GET /funko/pop-vinyl.list?autocomplete=searchsuggestion&pageNumber=1&sortOrder=releaseDate HTTP/1.1" 200 None
2021-08-06 21:43:56,867 - urllib3.connectionpool - Starting new HTTPS connection (1): www.zavvi.com:443
2021-08-06 21:43:57,706 - urllib3.connectionpool - https://www.zavvi.com:443 "GET /funko/pop-vinyl.list?autocomplete=searchsuggestion&pageNumber=1&sortOrder=releaseDate HTTP/1.1" 200 None
2021-08-06 21:44:48,637 - dotenv.main - Python-dotenv could not parse statement starting at line 14
2021-08-06 21:44:48,637 - root - Successfully started monitor
2021-08-06 21:44:48,641 - urllib3.connectionpool - Starting new HTTPS connection (1): discord.com:443
2021-08-06 21:44:49,177 - urllib3.connectionpool - https://discord.com:443 "POST /api/webhooks/850392839053639690/65cKLltyuopds0GR5ElwNaeKmhGKmEuXlILxyTidy5Yup0ZfrMMYbNIXK21qa8kcHlKk HTTP/1.1" 204 0
2021-08-06 21:44:49,180 - root - Payload delivered successfully, code 204.
2021-08-06 21:44:49,183 - urllib3.connectionpool - Starting new HTTPS connection (1): www.sslproxies.org:443
2021-08-06 21:44:49,356 - urllib3.connectionpool - https://www.sslproxies.org:443 "GET / HTTP/1.1" 200 None
2021-08-06 21:44:49,381 - urllib3.connectionpool - Starting new HTTP connection (1): 217.79.181.109:443
2021-08-06 21:44:50,065 - urllib3.connectionpool - Starting new HTTP connection (1): 165.22.81.30:44608
2021-08-06 21:44:50,583 - urllib3.connectionpool - Starting new HTTPS connection (1): www.sslproxies.org:443
2021-08-06 21:44:50,747 - urllib3.connectionpool - https://www.sslproxies.org:443 "GET / HTTP/1.1" 200 None
2021-08-06 21:44:50,758 - urllib3.connectionpool - Starting new HTTP connection (1): 103.231.80.242:55443
2021-08-06 21:44:51,275 - urllib3.connectionpool - Starting new HTTP connection (1): 114.6.88.238:60811
2021-08-06 21:44:51,799 - urllib3.connectionpool - Starting new HTTP connection (1): 79.119.155.137:53281
2021-08-06 21:44:52,305 - urllib3.connectionpool - Starting new HTTP connection (1): 119.81.189.194:80
2021-08-06 21:44:52,554 - urllib3.connectionpool - http://119.81.189.194:80 "GET http://www.google.com/ HTTP/1.1" 403 0
2021-08-06 21:44:52,556 - urllib3.connectionpool - Starting new HTTP connection (1): 119.81.189.194:80
2021-08-06 21:44:52,786 - urllib3.connectionpool - http://119.81.189.194:80 "GET http://www.google.com/ HTTP/1.1" 403 0
2021-08-06 21:44:52,794 - urllib3.connectionpool - Starting new HTTPS connection (1): www.zavvi.com:443
2021-08-06 21:44:53,674 - urllib3.connectionpool - https://www.zavvi.com:443 "GET /funko/pop-vinyl.list?autocomplete=searchsuggestion&pageNumber=1&sortOrder=releaseDate HTTP/1.1" 200 None
2021-08-06 21:44:56,927 - urllib3.connectionpool - Starting new HTTPS connection (1): www.zavvi.com:443
2021-08-06 21:44:57,806 - urllib3.connectionpool - https://www.zavvi.com:443 "GET /funko/pop-vinyl.list?autocomplete=searchsuggestion&pageNumber=1&sortOrder=releaseDate HTTP/1.1" 200 None
2021-08-06 21:45:01,012 - urllib3.connectionpool - Starting new HTTPS connection (1): www.zavvi.com:443
2021-08-06 21:45:57,544 - dotenv.main - Python-dotenv could not parse statement starting at line 14
2021-08-06 21:45:57,545 - root - Successfully started monitor
2021-08-06 21:45:57,549 - urllib3.connectionpool - Starting new HTTPS connection (1): discord.com:443
2021-08-06 21:45:58,086 - urllib3.connectionpool - https://discord.com:443 "POST /api/webhooks/850392839053639690/65cKLltyuopds0GR5ElwNaeKmhGKmEuXlILxyTidy5Yup0ZfrMMYbNIXK21qa8kcHlKk HTTP/1.1" 204 0
2021-08-06 21:45:58,088 - root - Payload delivered successfully, code 204.
2021-08-06 21:45:58,091 - urllib3.connectionpool - Starting new HTTPS connection (1): www.sslproxies.org:443
2021-08-06 21:45:58,440 - urllib3.connectionpool - https://www.sslproxies.org:443 "GET / HTTP/1.1" 200 None
2021-08-06 21:45:58,469 - urllib3.connectionpool - Starting new HTTP connection (1): 217.79.181.109:443
2021-08-06 21:45:59,139 - urllib3.connectionpool - Starting new HTTP connection (1): 165.22.81.30:44608
2021-08-06 21:45:59,655 - urllib3.connectionpool - Starting new HTTPS connection (1): www.sslproxies.org:443
2021-08-06 21:45:59,953 - urllib3.connectionpool - https://www.sslproxies.org:443 "GET / HTTP/1.1" 200 None
2021-08-06 21:45:59,990 - urllib3.connectionpool - Starting new HTTP connection (1): 94.153.242.174:3128
2021-08-06 21:46:00,496 - urllib3.connectionpool - Starting new HTTP connection (1): 79.104.25.218:8080
2021-08-06 21:46:01,023 - urllib3.connectionpool - Starting new HTTP connection (1): 168.228.150.5:47507
2021-08-06 21:46:01,536 - urllib3.connectionpool - Starting new HTTP connection (1): 217.79.181.109:443
2021-08-06 21:46:02,231 - urllib3.connectionpool - Starting new HTTP connection (1): 85.15.152.39:3128
2021-08-06 21:46:02,967 - urllib3.connectionpool - Starting new HTTP connection (1): 195.170.38.230:8080
2021-08-06 21:46:03,489 - urllib3.connectionpool - Starting new HTTP connection (1): 101.255.72.171:443
2021-08-06 21:46:03,996 - urllib3.connectionpool - Starting new HTTP connection (1): 79.119.155.137:53281
2021-08-06 21:46:04,507 - urllib3.connectionpool - Starting new HTTP connection (1): 140.227.118.184:6000
2021-08-06 21:46:05,010 - urllib3.connectionpool - Starting new HTTP connection (1): 170.83.60.125:55443
2021-08-06 21:46:05,878 - urllib3.connectionpool - Starting new HTTP connection (1): 103.107.94.2:52827
2021-08-06 21:46:06,385 - urllib3.connectionpool - Starting new HTTP connection (1): 103.152.5.70:8080
2021-08-06 21:46:06,684 - urllib3.connectionpool - http://103.152.5.70:8080 "GET http://www.google.com/ HTTP/1.1" 200 6081
2021-08-06 21:46:06,686 - urllib3.connectionpool - Starting new HTTP connection (1): 103.152.5.70:8080
2021-08-06 21:46:06,984 - urllib3.connectionpool - http://103.152.5.70:8080 "GET http://www.google.com/ HTTP/1.1" 200 6075
2021-08-06 21:46:06,987 - urllib3.connectionpool - Starting new HTTPS connection (1): www.zavvi.com:443
2021-08-06 21:46:08,057 - urllib3.connectionpool - https://www.zavvi.com:443 "GET /funko/pop-vinyl.list?autocomplete=searchsuggestion&pageNumber=1&sortOrder=releaseDate HTTP/1.1" 200 None
2021-08-06 21:46:11,061 - urllib3.connectionpool - Starting new HTTPS connection (1): www.zavvi.com:443
2021-08-06 21:46:11,940 - urllib3.connectionpool - https://www.zavvi.com:443 "GET /funko/pop-vinyl.list?autocomplete=searchsuggestion&pageNumber=1&sortOrder=releaseDate HTTP/1.1" 200 None
2021-08-06 21:46:15,230 - urllib3.connectionpool - Starting new HTTPS connection (1): www.zavvi.com:443
2021-08-06 21:46:16,106 - urllib3.connectionpool - https://www.zavvi.com:443 "GET /funko/pop-vinyl.list?autocomplete=searchsuggestion&pageNumber=1&sortOrder=releaseDate HTTP/1.1" 200 None
2021-08-06 21:46:26,923 - dotenv.main - Python-dotenv could not parse statement starting at line 14
2021-08-06 21:46:26,924 - root - Successfully started monitor
2021-08-06 21:46:26,928 - urllib3.connectionpool - Starting new HTTPS connection (1): discord.com:443
2021-08-06 21:46:27,529 - urllib3.connectionpool - https://discord.com:443 "POST /api/webhooks/850392839053639690/65cKLltyuopds0GR5ElwNaeKmhGKmEuXlILxyTidy5Yup0ZfrMMYbNIXK21qa8kcHlKk HTTP/1.1" 204 0
2021-08-06 21:46:27,541 - root - Payload delivered successfully, code 204.
2021-08-06 21:46:27,548 - urllib3.connectionpool - Starting new HTTPS connection (1): www.sslproxies.org:443
2021-08-06 21:46:28,164 - urllib3.connectionpool - https://www.sslproxies.org:443 "GET / HTTP/1.1" 200 None
2021-08-06 21:46:28,175 - urllib3.connectionpool - Starting new HTTP connection (1): 165.22.81.30:44608
2021-08-06 21:46:28,678 - urllib3.connectionpool - Starting new HTTP connection (1): 217.79.181.109:443
2021-08-06 21:46:29,384 - urllib3.connectionpool - Starting new HTTPS connection (1): www.sslproxies.org:443
2021-08-06 21:46:29,879 - urllib3.connectionpool - https://www.sslproxies.org:443 "GET / HTTP/1.1" 200 None
2021-08-06 21:46:30,455 - urllib3.connectionpool - Starting new HTTP connection (1): 41.217.219.53:31398
2021-08-06 21:46:30,961 - urllib3.connectionpool - Starting new HTTP connection (1): 181.129.140.83:35232
2021-08-06 21:46:31,481 - urllib3.connectionpool - Starting new HTTP connection (1): 119.81.189.194:80
2021-08-06 21:46:31,845 - urllib3.connectionpool - http://119.81.189.194:80 "GET http://www.google.com/ HTTP/1.1" 403 0
2021-08-06 21:46:31,847 - urllib3.connectionpool - Starting new HTTP connection (1): 119.81.189.194:80
2021-08-06 21:46:32,259 - urllib3.connectionpool - http://119.81.189.194:80 "GET http://www.google.com/ HTTP/1.1" 403 0
2021-08-06 21:46:32,265 - urllib3.connectionpool - Starting new HTTPS connection (1): www.zavvi.com:443
2021-08-06 21:46:34,253 - urllib3.connectionpool - https://www.zavvi.com:443 "GET /funko/pop-vinyl.list?autocomplete=searchsuggestion&pageNumber=1&sortOrder=releaseDate HTTP/1.1" 200 None
2021-08-06 21:46:37,563 - urllib3.connectionpool - Starting new HTTPS connection (1): www.zavvi.com:443
2021-08-06 21:46:38,586 - urllib3.connectionpool - https://www.zavvi.com:443 "GET /funko/pop-vinyl.list?autocomplete=searchsuggestion&pageNumber=1&sortOrder=releaseDate HTTP/1.1" 200 None
2021-08-06 21:46:43,661 - urllib3.connectionpool - Starting new HTTPS connection (1): www.zavvi.com:443
2021-08-06 21:46:44,526 - urllib3.connectionpool - https://www.zavvi.com:443 "GET /funko/pop-vinyl.list?autocomplete=searchsuggestion&pageNumber=1&sortOrder=releaseDate HTTP/1.1" 200 None
2021-08-06 21:47:15,174 - dotenv.main - Python-dotenv could not parse statement starting at line 14
2021-08-06 21:47:15,174 - root - Successfully started monitor
2021-08-06 21:47:15,178 - urllib3.connectionpool - Starting new HTTPS connection (1): discord.com:443
2021-08-06 21:47:15,680 - urllib3.connectionpool - https://discord.com:443 "POST /api/webhooks/850392839053639690/65cKLltyuopds0GR5ElwNaeKmhGKmEuXlILxyTidy5Yup0ZfrMMYbNIXK21qa8kcHlKk HTTP/1.1" 204 0
2021-08-06 21:47:15,683 - root - Payload delivered successfully, code 204.
2021-08-06 21:47:15,687 - urllib3.connectionpool - Starting new HTTPS connection (1): www.sslproxies.org:443
2021-08-06 21:47:15,971 - urllib3.connectionpool - https://www.sslproxies.org:443 "GET / HTTP/1.1" 200 None
2021-08-06 21:47:15,981 - urllib3.connectionpool - Starting new HTTP connection (1): 165.22.81.30:44608
2021-08-06 21:47:16,491 - urllib3.connectionpool - Starting new HTTP connection (1): 217.79.181.109:443
2021-08-06 21:47:17,190 - urllib3.connectionpool - Starting new HTTPS connection (1): www.sslproxies.org:443
2021-08-06 21:47:17,475 - urllib3.connectionpool - https://www.sslproxies.org:443 "GET / HTTP/1.1" 200 None
2021-08-06 21:47:17,513 - urllib3.connectionpool - Starting new HTTP connection (1): 186.47.81.50:8888
2021-08-06 21:47:18,022 - urllib3.connectionpool - Starting new HTTP connection (1): 184.147.26.251:8080
2021-08-06 21:47:18,541 - urllib3.connectionpool - Starting new HTTP connection (1): 161.202.226.194:80
2021-08-06 21:47:18,841 - urllib3.connectionpool - http://161.202.226.194:80 "GET http://www.google.com/ HTTP/1.1" 403 0
2021-08-06 21:47:18,843 - urllib3.connectionpool - Starting new HTTP connection (1): 161.202.226.194:80
2021-08-06 21:47:19,141 - urllib3.connectionpool - http://161.202.226.194:80 "GET http://www.google.com/ HTTP/1.1" 403 0
2021-08-06 21:47:19,144 - urllib3.connectionpool - Starting new HTTPS connection (1): www.zavvi.com:443
2021-08-06 21:47:20,004 - urllib3.connectionpool - https://www.zavvi.com:443 "GET /funko/pop-vinyl.list?autocomplete=searchsuggestion&pageNumber=1&sortOrder=releaseDate HTTP/1.1" 200 None
2021-08-06 21:47:23,027 - urllib3.connectionpool - Starting new HTTPS connection (1): www.zavvi.com:443
2021-08-06 21:47:23,894 - urllib3.connectionpool - https://www.zavvi.com:443 "GET /funko/pop-vinyl.list?autocomplete=searchsuggestion&pageNumber=1&sortOrder=releaseDate HTTP/1.1" 200 None
2021-08-06 21:54:22,761 - dotenv.main - Python-dotenv could not parse statement starting at line 14
2021-08-06 21:54:22,761 - root - Successfully started monitor
2021-08-06 21:54:22,766 - urllib3.connectionpool - Starting new HTTPS connection (1): discord.com:443
2021-08-06 21:54:23,476 - urllib3.connectionpool - https://discord.com:443 "POST /api/webhooks/850392839053639690/65cKLltyuopds0GR5ElwNaeKmhGKmEuXlILxyTidy5Yup0ZfrMMYbNIXK21qa8kcHlKk HTTP/1.1" 204 0
2021-08-06 21:54:23,484 - root - Payload delivered successfully, code 204.
2021-08-06 21:54:23,493 - urllib3.connectionpool - Starting new HTTPS connection (1): www.sslproxies.org:443
2021-08-06 21:54:24,606 - urllib3.connectionpool - https://www.sslproxies.org:443 "GET / HTTP/1.1" 200 None
2021-08-06 21:54:24,668 - urllib3.connectionpool - Starting new HTTP connection (1): 130.61.236.104:80
2021-08-06 21:54:25,183 - urllib3.connectionpool - Starting new HTTPS connection (1): www.sslproxies.org:443
2021-08-06 21:54:25,450 - urllib3.connectionpool - https://www.sslproxies.org:443 "GET / HTTP/1.1" 200 None
2021-08-06 21:54:25,471 - urllib3.connectionpool - Starting new HTTP connection (1): 88.255.102.98:8080
2021-08-06 21:54:25,980 - urllib3.connectionpool - Starting new HTTP connection (1): 221.120.210.211:39617
2021-08-06 21:54:26,494 - urllib3.connectionpool - Starting new HTTP connection (1): 5.200.72.51:3128
2021-08-06 21:54:27,097 - urllib3.connectionpool - http://5.200.72.51:3128 "GET http://www.google.com/ HTTP/1.1" 504 None
2021-08-06 21:54:27,105 - urllib3.connectionpool - Starting new HTTP connection (1): 190.211.105.86:55443
2021-08-06 21:54:27,626 - urllib3.connectionpool - Starting new HTTP connection (1): 114.134.188.124:55667
2021-08-06 21:54:28,140 - urllib3.connectionpool - Starting new HTTP connection (1): 103.152.5.70:8080
2021-08-06 21:54:28,655 - urllib3.connectionpool - Starting new HTTP connection (1): 182.253.21.26:46977
2021-08-06 21:54:29,168 - urllib3.connectionpool - Starting new HTTP connection (1): 14.207.120.139:8080
2021-08-06 21:54:29,690 - urllib3.connectionpool - Starting new HTTP connection (1): 200.105.215.18:33630
2021-08-06 21:54:30,201 - urllib3.connectionpool - Starting new HTTP connection (1): 182.176.149.66:22800
2021-08-06 21:54:30,948 - urllib3.connectionpool - Starting new HTTP connection (1): 37.17.38.196:53281
2021-08-06 21:54:31,742 - urllib3.connectionpool - Starting new HTTP connection (1): 124.156.139.219:1081
2021-08-06 21:54:32,520 - urllib3.connectionpool - Starting new HTTP connection (1): 64.17.30.238:63141
2021-08-06 21:54:33,274 - urllib3.connectionpool - http://64.17.30.238:63141 "GET http://www.google.com/ HTTP/1.1" 200 6040
2021-08-06 21:54:33,283 - urllib3.connectionpool - Starting new HTTP connection (1): 64.17.30.238:63141
2021-08-06 21:54:34,118 - urllib3.connectionpool - http://64.17.30.238:63141 "GET http://www.google.com/ HTTP/1.1" 200 6051
2021-08-06 21:54:34,126 - urllib3.connectionpool - Starting new HTTPS connection (1): www.zavvi.com:443
2021-08-06 21:54:35,820 - urllib3.connectionpool - https://www.zavvi.com:443 "GET /funko/pop-vinyl.list?autocomplete=searchsuggestion&pageNumber=1&sortOrder=releaseDate HTTP/1.1" 200 None
2021-08-06 21:54:39,709 - urllib3.connectionpool - Starting new HTTPS connection (1): www.zavvi.com:443
2021-08-06 21:54:41,206 - urllib3.connectionpool - https://www.zavvi.com:443 "GET /funko/pop-vinyl.list?autocomplete=searchsuggestion&pageNumber=1&sortOrder=releaseDate HTTP/1.1" 200 None
2021-08-06 21:54:45,240 - urllib3.connectionpool - Starting new HTTPS connection (1): www.zavvi.com:443
2021-08-06 21:54:46,647 - urllib3.connectionpool - https://www.zavvi.com:443 "GET /funko/pop-vinyl.list?autocomplete=searchsuggestion&pageNumber=1&sortOrder=releaseDate HTTP/1.1" 200 None
2021-08-06 21:54:50,148 - urllib3.connectionpool - Starting new HTTPS connection (1): www.zavvi.com:443
2021-08-06 21:54:51,565 - urllib3.connectionpool - https://www.zavvi.com:443 "GET /funko/pop-vinyl.list?autocomplete=searchsuggestion&pageNumber=1&sortOrder=releaseDate HTTP/1.1" 200 None
2021-08-06 21:54:55,009 - urllib3.connectionpool - Starting new HTTPS connection (1): www.zavvi.com:443
2021-08-06 21:56:23,722 - dotenv.main - Python-dotenv could not parse statement starting at line 14
2021-08-06 21:56:23,724 - root - Successfully started monitor
2021-08-06 21:56:23,727 - urllib3.connectionpool - Starting new HTTPS connection (1): discord.com:443
2021-08-06 21:56:24,435 - urllib3.connectionpool - https://discord.com:443 "POST /api/webhooks/850392839053639690/65cKLltyuopds0GR5ElwNaeKmhGKmEuXlILxyTidy5Yup0ZfrMMYbNIXK21qa8kcHlKk HTTP/1.1" 204 0
2021-08-06 21:56:24,445 - root - Payload delivered successfully, code 204.
2021-08-06 21:56:24,453 - urllib3.connectionpool - Starting new HTTPS connection (1): www.sslproxies.org:443
2021-08-06 21:56:24,728 - urllib3.connectionpool - https://www.sslproxies.org:443 "GET / HTTP/1.1" 200 None
2021-08-06 21:56:24,767 - urllib3.connectionpool - Starting new HTTP connection (1): 130.61.236.104:80
2021-08-06 21:56:25,545 - urllib3.connectionpool - Starting new HTTPS connection (1): www.sslproxies.org:443
2021-08-06 21:56:25,834 - urllib3.connectionpool - https://www.sslproxies.org:443 "GET / HTTP/1.1" 200 None
2021-08-06 21:56:25,896 - urllib3.connectionpool - Starting new HTTP connection (1): 41.217.219.53:31398
2021-08-06 21:56:26,416 - urllib3.connectionpool - Starting new HTTP connection (1): 118.174.196.112:36314
2021-08-06 21:56:26,930 - urllib3.connectionpool - Starting new HTTP connection (1): 124.156.139.219:1081
2021-08-06 21:56:27,719 - urllib3.connectionpool - http://124.156.139.219:1081 "GET http://www.google.com/ HTTP/1.1" 200 6112
2021-08-06 21:56:27,728 - urllib3.connectionpool - Starting new HTTP connection (1): 124.156.139.219:1081
2021-08-06 21:56:28,987 - urllib3.connectionpool - Starting new HTTP connection (1): 140.227.67.135:6000
2021-08-06 21:56:29,505 - urllib3.connectionpool - Starting new HTTP connection (1): 212.77.138.161:41258
2021-08-06 21:56:30,014 - urllib3.connectionpool - Starting new HTTP connection (1): 171.97.55.107:55443
2021-08-06 21:56:30,528 - urllib3.connectionpool - Starting new HTTP connection (1): 95.140.27.135:58901
2021-08-06 21:56:31,037 - urllib3.connectionpool - Starting new HTTP connection (1): 85.133.130.18:8080
2021-08-06 21:56:31,556 - urllib3.connectionpool - Starting new HTTP connection (1): 101.109.255.17:43501
2021-08-06 21:56:32,073 - urllib3.connectionpool - Starting new HTTP connection (1): 195.182.152.238:38178
2021-08-06 21:56:32,586 - urllib3.connectionpool - Starting new HTTP connection (1): 103.79.155.42:46977
2021-08-06 21:56:33,098 - urllib3.connectionpool - Starting new HTTP connection (1): 140.227.67.200:3128
2021-08-06 21:56:33,611 - urllib3.connectionpool - Starting new HTTP connection (1): 88.255.102.98:8080
2021-08-06 21:56:34,130 - urllib3.connectionpool - Starting new HTTP connection (1): 37.26.136.181:52271
2021-08-06 21:56:34,652 - urllib3.connectionpool - Starting new HTTP connection (1): 202.150.150.210:8080
2021-08-06 21:56:35,176 - urllib3.connectionpool - Starting new HTTP connection (1): 109.167.134.253:30710
2021-08-06 21:56:35,687 - urllib3.connectionpool - Starting new HTTP connection (1): 185.104.252.10:9090
2021-08-06 21:56:36,205 - urllib3.connectionpool - Starting new HTTP connection (1): 46.10.199.90:54567
2021-08-06 21:56:36,717 - urllib3.connectionpool - Starting new HTTP connection (1): 154.0.15.166:46547
2021-08-06 21:56:37,234 - urllib3.connectionpool - Starting new HTTP connection (1): 101.255.72.171:443
2021-08-06 21:56:37,748 - urllib3.connectionpool - Starting new HTTP connection (1): 103.15.140.177:44759
2021-08-06 21:56:38,262 - urllib3.connectionpool - Starting new HTTP connection (1): 50.233.42.98:51696
2021-08-06 21:56:38,776 - urllib3.connectionpool - Starting new HTTP connection (1): 14.161.252.185:55443
2021-08-06 21:56:39,293 - urllib3.connectionpool - Starting new HTTP connection (1): 193.242.151.45:8080
2021-08-06 21:56:39,808 - urllib3.connectionpool - Starting new HTTP connection (1): 36.89.182.193:39382
2021-08-06 21:56:40,552 - urllib3.connectionpool - Starting new HTTP connection (1): 43.224.8.12:6666
2021-08-06 21:56:41,066 - urllib3.connectionpool - Starting new HTTP connection (1): 176.98.95.105:32018
2021-08-06 21:56:41,588 - urllib3.connectionpool - Starting new HTTP connection (1): 198.50.163.192:3129
2021-08-06 21:56:42,208 - urllib3.connectionpool - http://198.50.163.192:3129 "GET http://www.google.com/ HTTP/1.1" 200 5768
2021-08-06 21:56:42,218 - urllib3.connectionpool - Starting new HTTP connection (1): 198.50.163.192:3129
2021-08-06 21:56:42,850 - urllib3.connectionpool - http://198.50.163.192:3129 "GET http://www.google.com/ HTTP/1.1" 200 5815
2021-08-06 21:56:42,855 - urllib3.connectionpool - Starting new HTTPS connection (1): www.zavvi.com:443
2021-08-06 21:56:44,194 - urllib3.connectionpool - https://www.zavvi.com:443 "GET /funko/pop-vinyl.list?autocomplete=searchsuggestion&pageNumber=1&sortOrder=releaseDate HTTP/1.1" 200 None
2021-08-06 21:56:47,616 - urllib3.connectionpool - Starting new HTTPS connection (1): www.zavvi.com:443
2021-08-06 21:56:49,004 - urllib3.connectionpool - https://www.zavvi.com:443 "GET /funko/pop-vinyl.list?autocomplete=searchsuggestion&pageNumber=1&sortOrder=releaseDate HTTP/1.1" 200 None
2021-08-06 21:57:12,570 - dotenv.main - Python-dotenv could not parse statement starting at line 14
2021-08-06 21:57:12,571 - root - Successfully started monitor
2021-08-06 21:57:12,575 - urllib3.connectionpool - Starting new HTTPS connection (1): discord.com:443
2021-08-06 21:57:13,333 - urllib3.connectionpool - https://discord.com:443 "POST /api/webhooks/850392839053639690/65cKLltyuopds0GR5ElwNaeKmhGKmEuXlILxyTidy5Yup0ZfrMMYbNIXK21qa8kcHlKk HTTP/1.1" 204 0
2021-08-06 21:57:13,336 - root - Payload delivered successfully, code 204.
2021-08-06 21:57:13,339 - urllib3.connectionpool - Starting new HTTPS connection (1): www.sslproxies.org:443
2021-08-06 21:57:13,653 - urllib3.connectionpool - https://www.sslproxies.org:443 "GET / HTTP/1.1" 200 None
2021-08-06 21:57:13,693 - urllib3.connectionpool - Starting new HTTP connection (1): 130.61.236.104:80
2021-08-06 21:57:14,197 - urllib3.connectionpool - Starting new HTTPS connection (1): www.sslproxies.org:443
2021-08-06 21:57:14,534 - urllib3.connectionpool - https://www.sslproxies.org:443 "GET / HTTP/1.1" 200 None
2021-08-06 21:57:14,556 - urllib3.connectionpool - Starting new HTTP connection (1): 94.73.205.1:55443
2021-08-06 21:57:15,073 - urllib3.connectionpool - Starting new HTTP connection (1): 210.2.135.254:3128
2021-08-06 21:57:15,754 - urllib3.connectionpool - http://210.2.135.254:3128 "GET http://www.google.com/ HTTP/1.1" 200 5925
2021-08-06 21:57:15,761 - urllib3.connectionpool - Starting new HTTP connection (1): 210.2.135.254:3128
2021-08-06 21:57:16,542 - urllib3.connectionpool - http://210.2.135.254:3128 "GET http://www.google.com/ HTTP/1.1" 200 5936
2021-08-06 21:57:16,546 - urllib3.connectionpool - Starting new HTTPS connection (1): www.zavvi.com:443
2021-08-06 21:57:18,025 - urllib3.connectionpool - https://www.zavvi.com:443 "GET /funko/pop-vinyl.list?autocomplete=searchsuggestion&pageNumber=1&sortOrder=releaseDate HTTP/1.1" 200 None
2021-08-06 21:57:20,451 - urllib3.connectionpool - Starting new HTTPS connection (1): discord.com:443
2021-08-06 21:57:21,499 - urllib3.connectionpool - https://discord.com:443 "POST /api/webhooks/850392839053639690/65cKLltyuopds0GR5ElwNaeKmhGKmEuXlILxyTidy5Yup0ZfrMMYbNIXK21qa8kcHlKk HTTP/1.1" 204 0
2021-08-06 21:57:21,502 - root - Payload delivered successfully, code 204.
2021-08-06 21:57:21,504 - urllib3.connectionpool - Starting new HTTPS connection (1): discord.com:443
2021-08-06 21:57:22,380 - urllib3.connectionpool - https://discord.com:443 "POST /api/webhooks/850392839053639690/65cKLltyuopds0GR5ElwNaeKmhGKmEuXlILxyTidy5Yup0ZfrMMYbNIXK21qa8kcHlKk HTTP/1.1" 204 0
2021-08-06 21:57:22,383 - root - Payload delivered successfully, code 204.
2021-08-06 21:57:22,386 - urllib3.connectionpool - Starting new HTTPS connection (1): discord.com:443
2021-08-06 21:57:23,045 - urllib3.connectionpool - https://discord.com:443 "POST /api/webhooks/850392839053639690/65cKLltyuopds0GR5ElwNaeKmhGKmEuXlILxyTidy5Yup0ZfrMMYbNIXK21qa8kcHlKk HTTP/1.1" 204 0
2021-08-06 21:57:23,052 - root - Payload delivered successfully, code 204.
2021-08-06 21:57:23,064 - urllib3.connectionpool - Starting new HTTPS connection (1): discord.com:443
2021-08-06 21:57:23,735 - urllib3.connectionpool - https://discord.com:443 "POST /api/webhooks/850392839053639690/65cKLltyuopds0GR5ElwNaeKmhGKmEuXlILxyTidy5Yup0ZfrMMYbNIXK21qa8kcHlKk HTTP/1.1" 204 0
2021-08-06 21:57:23,737 - root - Payload delivered successfully, code 204.
2021-08-06 21:57:23,738 - urllib3.connectionpool - Starting new HTTPS connection (1): discord.com:443
2021-08-06 21:57:24,392 - urllib3.connectionpool - https://discord.com:443 "POST /api/webhooks/850392839053639690/65cKLltyuopds0GR5ElwNaeKmhGKmEuXlILxyTidy5Yup0ZfrMMYbNIXK21qa8kcHlKk HTTP/1.1" 204 0
2021-08-06 21:57:24,395 - root - Payload delivered successfully, code 204.
2021-08-06 21:57:24,397 - urllib3.connectionpool - Starting new HTTPS connection (1): discord.com:443
2021-08-06 21:57:24,973 - urllib3.connectionpool - https://discord.com:443 "POST /api/webhooks/850392839053639690/65cKLltyuopds0GR5ElwNaeKmhGKmEuXlILxyTidy5Yup0ZfrMMYbNIXK21qa8kcHlKk HTTP/1.1" 204 0
2021-08-06 21:57:24,976 - root - Payload delivered successfully, code 204.
2021-08-06 21:57:24,978 - urllib3.connectionpool - Starting new HTTPS connection (1): discord.com:443
2021-08-06 21:57:25,634 - urllib3.connectionpool - https://discord.com:443 "POST /api/webhooks/850392839053639690/65cKLltyuopds0GR5ElwNaeKmhGKmEuXlILxyTidy5Yup0ZfrMMYbNIXK21qa8kcHlKk HTTP/1.1" 204 0
2021-08-06 21:57:25,637 - root - Payload delivered successfully, code 204.
2021-08-06 21:57:25,641 - urllib3.connectionpool - Starting new HTTPS connection (1): discord.com:443
2021-08-06 21:57:26,254 - urllib3.connectionpool - https://discord.com:443 "POST /api/webhooks/850392839053639690/65cKLltyuopds0GR5ElwNaeKmhGKmEuXlILxyTidy5Yup0ZfrMMYbNIXK21qa8kcHlKk HTTP/1.1" 204 0
2021-08-06 21:57:26,256 - root - Payload delivered successfully, code 204.
2021-08-06 21:57:26,258 - urllib3.connectionpool - Starting new HTTPS connection (1): discord.com:443
2021-08-06 21:57:27,088 - urllib3.connectionpool - https://discord.com:443 "POST /api/webhooks/850392839053639690/65cKLltyuopds0GR5ElwNaeKmhGKmEuXlILxyTidy5Yup0ZfrMMYbNIXK21qa8kcHlKk HTTP/1.1" 204 0
2021-08-06 21:57:27,090 - root - Payload delivered successfully, code 204.
2021-08-06 21:57:27,092 - urllib3.connectionpool - Starting new HTTPS connection (1): discord.com:443
2021-08-06 21:57:47,513 - dotenv.main - Python-dotenv could not parse statement starting at line 14
2021-08-06 21:57:47,513 - root - Successfully started monitor
2021-08-06 21:57:47,517 - urllib3.connectionpool - Starting new HTTPS connection (1): discord.com:443
2021-08-06 21:57:48,249 - urllib3.connectionpool - https://discord.com:443 "POST /api/webhooks/850392839053639690/65cKLltyuopds0GR5ElwNaeKmhGKmEuXlILxyTidy5Yup0ZfrMMYbNIXK21qa8kcHlKk HTTP/1.1" 204 0
2021-08-06 21:57:48,253 - root - Payload delivered successfully, code 204.
2021-08-06 21:57:48,255 - urllib3.connectionpool - Starting new HTTPS connection (1): www.sslproxies.org:443
2021-08-06 21:57:48,485 - urllib3.connectionpool - https://www.sslproxies.org:443 "GET / HTTP/1.1" 200 None
2021-08-06 21:57:48,519 - urllib3.connectionpool - Starting new HTTP connection (1): 130.61.236.104:80
2021-08-06 21:57:49,037 - urllib3.connectionpool - Starting new HTTPS connection (1): www.sslproxies.org:443
2021-08-06 21:57:49,344 - urllib3.connectionpool - https://www.sslproxies.org:443 "GET / HTTP/1.1" 200 None
2021-08-06 21:57:49,373 - urllib3.connectionpool - Starting new HTTP connection (1): 190.57.143.66:50719
2021-08-06 21:57:49,884 - urllib3.connectionpool - Starting new HTTP connection (1): 90.69.164.26:3128
2021-08-06 21:57:50,402 - urllib3.connectionpool - Starting new HTTP connection (1): 36.255.211.1:54623
2021-08-06 21:57:50,918 - urllib3.connectionpool - Starting new HTTP connection (1): 90.189.110.170:3128
2021-08-06 21:57:51,439 - urllib3.connectionpool - Starting new HTTP connection (1): 185.104.252.10:9090
2021-08-06 21:57:52,180 - urllib3.connectionpool - Starting new HTTP connection (1): 154.0.15.166:46547
2021-08-06 21:57:52,692 - urllib3.connectionpool - Starting new HTTP connection (1): 89.250.221.106:53281
2021-08-06 21:57:53,209 - urllib3.connectionpool - Starting new HTTP connection (1): 62.33.210.34:58918
2021-08-06 21:57:53,713 - urllib3.connectionpool - Starting new HTTP connection (1): 130.61.236.104:80
2021-08-06 21:57:54,449 - urllib3.connectionpool - Starting new HTTP connection (1): 101.109.255.17:43501
2021-08-06 21:57:54,955 - urllib3.connectionpool - Starting new HTTP connection (1): 187.44.167.78:60786
2021-08-06 21:57:55,458 - urllib3.connectionpool - Starting new HTTP connection (1): 197.232.65.40:55443
2021-08-06 21:57:55,965 - urllib3.connectionpool - Starting new HTTP connection (1): 65.21.3.120:80
2021-08-06 21:57:56,710 - urllib3.connectionpool - Starting new HTTP connection (1): 182.253.21.26:46977
2021-08-06 21:57:57,225 - urllib3.connectionpool - Starting new HTTP connection (1): 41.217.219.53:31398
2021-08-06 21:57:57,736 - urllib3.connectionpool - Starting new HTTP connection (1): 43.224.8.12:6666
2021-08-06 21:57:58,251 - urllib3.connectionpool - Starting new HTTP connection (1): 51.38.95.10:3128
2021-08-06 21:57:58,633 - urllib3.connectionpool - http://51.38.95.10:3128 "GET http://www.google.com/ HTTP/1.1" 504 None
2021-08-06 21:57:58,638 - urllib3.connectionpool - Starting new HTTP connection (1): 140.227.67.135:6000
2021-08-06 21:57:59,155 - urllib3.connectionpool - Starting new HTTP connection (1): 37.17.38.196:53281
2021-08-06 21:57:59,671 - urllib3.connectionpool - Starting new HTTP connection (1): 161.202.226.194:80
2021-08-06 21:58:00,027 - urllib3.connectionpool - http://161.202.226.194:80 "GET http://www.google.com/ HTTP/1.1" 403 0
2021-08-06 21:58:00,032 - urllib3.connectionpool - Starting new HTTP connection (1): 161.202.226.194:80
2021-08-06 21:58:00,374 - urllib3.connectionpool - http://161.202.226.194:80 "GET http://www.google.com/ HTTP/1.1" 403 0
2021-08-06 21:58:00,381 - urllib3.connectionpool - Starting new HTTPS connection (1): www.zavvi.com:443
2021-08-06 21:58:01,701 - urllib3.connectionpool - https://www.zavvi.com:443 "GET /funko/pop-vinyl.list?autocomplete=searchsuggestion&pageNumber=1&sortOrder=releaseDate HTTP/1.1" 200 None
2021-08-06 21:58:03,699 - urllib3.connectionpool - Starting new HTTPS connection (1): discord.com:443
2021-08-06 21:58:04,449 - urllib3.connectionpool - https://discord.com:443 "POST /api/webhooks/850392839053639690/65cKLltyuopds0GR5ElwNaeKmhGKmEuXlILxyTidy5Yup0ZfrMMYbNIXK21qa8kcHlKk HTTP/1.1" 204 0
2021-08-06 21:58:04,455 - root - Payload delivered successfully, code 204.
2021-08-06 21:58:04,459 - urllib3.connectionpool - Starting new HTTPS connection (1): discord.com:443
2021-08-06 21:58:05,059 - urllib3.connectionpool - https://discord.com:443 "POST /api/webhooks/850392839053639690/65cKLltyuopds0GR5ElwNaeKmhGKmEuXlILxyTidy5Yup0ZfrMMYbNIXK21qa8kcHlKk HTTP/1.1" 204 0
2021-08-06 21:58:05,062 - root - Payload delivered successfully, code 204.
2021-08-06 21:58:05,065 - urllib3.connectionpool - Starting new HTTPS connection (1): discord.com:443
2021-08-06 21:58:05,810 - urllib3.connectionpool - https://discord.com:443 "POST /api/webhooks/850392839053639690/65cKLltyuopds0GR5ElwNaeKmhGKmEuXlILxyTidy5Yup0ZfrMMYbNIXK21qa8kcHlKk HTTP/1.1" 204 0
2021-08-06 21:58:05,818 - root - Payload delivered successfully, code 204.
2021-08-06 21:58:05,824 - urllib3.connectionpool - Starting new HTTPS connection (1): discord.com:443
2021-08-06 21:58:06,471 - urllib3.connectionpool - https://discord.com:443 "POST /api/webhooks/850392839053639690/65cKLltyuopds0GR5ElwNaeKmhGKmEuXlILxyTidy5Yup0ZfrMMYbNIXK21qa8kcHlKk HTTP/1.1" 204 0
2021-08-06 21:58:06,474 - root - Payload delivered successfully, code 204.
2021-08-06 21:58:06,476 - urllib3.connectionpool - Starting new HTTPS connection (1): discord.com:443
2021-08-06 21:58:07,233 - urllib3.connectionpool - https://discord.com:443 "POST /api/webhooks/850392839053639690/65cKLltyuopds0GR5ElwNaeKmhGKmEuXlILxyTidy5Yup0ZfrMMYbNIXK21qa8kcHlKk HTTP/1.1" 204 0
2021-08-06 21:58:07,236 - root - Payload delivered successfully, code 204.
2021-08-06 21:58:07,238 - urllib3.connectionpool - Starting new HTTPS connection (1): discord.com:443
2021-08-06 21:58:08,015 - urllib3.connectionpool - https://discord.com:443 "POST /api/webhooks/850392839053639690/65cKLltyuopds0GR5ElwNaeKmhGKmEuXlILxyTidy5Yup0ZfrMMYbNIXK21qa8kcHlKk HTTP/1.1" 204 0
2021-08-06 21:58:08,017 - root - Payload delivered successfully, code 204.
2021-08-06 21:58:08,019 - urllib3.connectionpool - Starting new HTTPS connection (1): discord.com:443
2021-08-06 21:58:08,661 - urllib3.connectionpool - https://discord.com:443 "POST /api/webhooks/850392839053639690/65cKLltyuopds0GR5ElwNaeKmhGKmEuXlILxyTidy5Yup0ZfrMMYbNIXK21qa8kcHlKk HTTP/1.1" 204 0
2021-08-06 21:58:08,669 - root - Payload delivered successfully, code 204.
2021-08-06 21:58:08,678 - urllib3.connectionpool - Starting new HTTPS connection (1): discord.com:443
2021-08-06 21:58:19,277 - dotenv.main - Python-dotenv could not parse statement starting at line 14
2021-08-06 21:58:19,277 - root - Successfully started monitor
2021-08-06 21:58:19,283 - urllib3.connectionpool - Starting new HTTPS connection (1): discord.com:443
2021-08-06 21:58:19,951 - urllib3.connectionpool - https://discord.com:443 "POST /api/webhooks/850392839053639690/65cKLltyuopds0GR5ElwNaeKmhGKmEuXlILxyTidy5Yup0ZfrMMYbNIXK21qa8kcHlKk HTTP/1.1" 204 0
2021-08-06 21:58:19,955 - root - Payload delivered successfully, code 204.
2021-08-06 21:58:19,958 - urllib3.connectionpool - Starting new HTTPS connection (1): www.sslproxies.org:443
2021-08-06 21:58:20,170 - urllib3.connectionpool - https://www.sslproxies.org:443 "GET / HTTP/1.1" 200 None
2021-08-06 21:58:20,212 - urllib3.connectionpool - Starting new HTTP connection (1): 130.61.236.104:80
2021-08-06 21:58:20,718 - urllib3.connectionpool - Starting new HTTPS connection (1): www.sslproxies.org:443
2021-08-06 21:58:21,206 - urllib3.connectionpool - https://www.sslproxies.org:443 "GET / HTTP/1.1" 200 None
2021-08-06 21:58:21,232 - urllib3.connectionpool - Starting new HTTP connection (1): 195.110.7.195:3121
2021-08-06 21:58:21,742 - urllib3.connectionpool - Starting new HTTP connection (1): 181.115.168.3:59994
2021-08-06 21:58:22,265 - urllib3.connectionpool - Starting new HTTP connection (1): 118.174.196.112:36314
2021-08-06 21:58:22,776 - urllib3.connectionpool - Starting new HTTP connection (1): 124.156.139.219:1081
2021-08-06 21:58:23,990 - urllib3.connectionpool - Starting new HTTP connection (1): 121.139.218.165:31409
2021-08-06 21:58:24,506 - urllib3.connectionpool - Starting new HTTP connection (1): 50.232.134.14:8080
2021-08-06 21:58:25,322 - urllib3.connectionpool - Starting new HTTP connection (1): 183.88.219.206:41564
2021-08-06 21:58:25,836 - urllib3.connectionpool - Starting new HTTP connection (1): 171.97.55.107:55443
2021-08-06 21:58:26,478 - urllib3.connectionpool - Starting new HTTP connection (1): 36.255.211.1:54623
2021-08-06 21:58:26,995 - urllib3.connectionpool - Starting new HTTP connection (1): 101.109.255.17:43501
2021-08-06 21:58:27,508 - urllib3.connectionpool - Starting new HTTP connection (1): 90.189.110.170:3128
2021-08-06 21:58:28,022 - urllib3.connectionpool - Starting new HTTP connection (1): 78.30.230.117:50932
2021-08-06 21:58:28,540 - urllib3.connectionpool - Starting new HTTP connection (1): 31.172.177.149:83
2021-08-06 21:58:29,061 - urllib3.connectionpool - Starting new HTTP connection (1): 65.21.3.120:80
2021-08-06 21:58:29,760 - urllib3.connectionpool - Starting new HTTP connection (1): 178.66.182.76:3128
2021-08-06 21:58:30,275 - urllib3.connectionpool - Starting new HTTP connection (1): 43.224.8.12:6666
2021-08-06 21:58:30,863 - urllib3.connectionpool - Starting new HTTP connection (1): 197.232.65.40:55443
2021-08-06 21:58:31,374 - urllib3.connectionpool - Starting new HTTP connection (1): 89.250.221.106:53281
2021-08-06 21:58:31,888 - urllib3.connectionpool - Starting new HTTP connection (1): 183.82.111.91:8181
2021-08-06 21:58:32,465 - urllib3.connectionpool - Starting new HTTP connection (1): 200.105.215.18:33630
2021-08-06 21:58:32,977 - urllib3.connectionpool - Starting new HTTP connection (1): 202.218.133.140:8080
2021-08-06 21:58:33,651 - urllib3.connectionpool - Starting new HTTP connection (1): 93.157.163.66:35081
2021-08-06 21:58:34,181 - urllib3.connectionpool - Starting new HTTP connection (1): 210.2.135.254:3128
2021-08-06 21:58:34,813 - urllib3.connectionpool - http://210.2.135.254:3128 "GET http://www.google.com/ HTTP/1.1" 200 5931
2021-08-06 21:58:34,816 - urllib3.connectionpool - Starting new HTTP connection (1): 210.2.135.254:3128
2021-08-06 21:58:35,540 - urllib3.connectionpool - Starting new HTTP connection (1): 191.241.226.230:53281
2021-08-06 21:58:36,056 - urllib3.connectionpool - Starting new HTTP connection (1): 54.193.134.2:20096
2021-08-06 21:58:36,571 - urllib3.connectionpool - Starting new HTTP connection (1): 182.253.21.26:46977
2021-08-06 21:58:37,085 - urllib3.connectionpool - Starting new HTTP connection (1): 103.15.140.177:44759
2021-08-06 21:58:37,604 - urllib3.connectionpool - Starting new HTTP connection (1): 95.140.27.135:58901
2021-08-06 21:58:38,113 - urllib3.connectionpool - Starting new HTTP connection (1): 130.61.236.104:80
2021-08-06 21:58:38,630 - urllib3.connectionpool - Starting new HTTP connection (1): 36.89.182.193:39382
2021-08-06 21:58:39,135 - urllib3.connectionpool - Starting new HTTP connection (1): 195.170.38.230:8080
2021-08-06 21:58:39,653 - urllib3.connectionpool - Starting new HTTP connection (1): 14.161.252.185:55443
2021-08-06 21:58:40,163 - urllib3.connectionpool - Starting new HTTP connection (1): 41.254.48.29:8080
2021-08-06 21:58:40,680 - urllib3.connectionpool - Starting new HTTP connection (1): 95.165.187.202:45396
2021-08-06 21:58:41,197 - urllib3.connectionpool - Starting new HTTP connection (1): 13.229.47.250:8118
2021-08-06 21:58:41,586 - urllib3.connectionpool - http://13.229.47.250:8118 "GET http://www.google.com/ HTTP/1.1" 503 None
2021-08-06 21:58:41,595 - urllib3.connectionpool - Starting new HTTP connection (1): 161.202.226.194:80
2021-08-06 21:58:41,919 - urllib3.connectionpool - http://161.202.226.194:80 "GET http://www.google.com/ HTTP/1.1" 403 0
2021-08-06 21:58:41,924 - urllib3.connectionpool - Starting new HTTP connection (1): 161.202.226.194:80
2021-08-06 21:58:42,343 - urllib3.connectionpool - http://161.202.226.194:80 "GET http://www.google.com/ HTTP/1.1" 403 0
2021-08-06 21:58:42,350 - urllib3.connectionpool - Starting new HTTPS connection (1): www.zavvi.com:443
2021-08-06 21:58:43,373 - urllib3.connectionpool - https://www.zavvi.com:443 "GET /funko/pop-vinyl.list?autocomplete=searchsuggestion&pageNumber=1&sortOrder=releaseDate HTTP/1.1" 200 None
2021-08-06 21:58:46,972 - urllib3.connectionpool - Starting new HTTPS connection (1): discord.com:443
2021-08-06 21:58:47,504 - urllib3.connectionpool - https://discord.com:443 "POST /api/webhooks/850392839053639690/65cKLltyuopds0GR5ElwNaeKmhGKmEuXlILxyTidy5Yup0ZfrMMYbNIXK21qa8kcHlKk HTTP/1.1" 204 0
2021-08-06 21:58:47,506 - root - Payload delivered successfully, code 204.
2021-08-06 21:58:47,508 - urllib3.connectionpool - Starting new HTTPS connection (1): discord.com:443
2021-08-06 21:58:48,048 - urllib3.connectionpool - https://discord.com:443 "POST /api/webhooks/850392839053639690/65cKLltyuopds0GR5ElwNaeKmhGKmEuXlILxyTidy5Yup0ZfrMMYbNIXK21qa8kcHlKk HTTP/1.1" 204 0
2021-08-06 21:58:48,050 - root - Payload delivered successfully, code 204.
2021-08-06 21:58:48,054 - urllib3.connectionpool - Starting new HTTPS connection (1): discord.com:443
2021-08-06 21:58:48,694 - urllib3.connectionpool - https://discord.com:443 "POST /api/webhooks/850392839053639690/65cKLltyuopds0GR5ElwNaeKmhGKmEuXlILxyTidy5Yup0ZfrMMYbNIXK21qa8kcHlKk HTTP/1.1" 204 0
2021-08-06 21:58:48,699 - root - Payload delivered successfully, code 204.
2021-08-06 21:58:48,705 - urllib3.connectionpool - Starting new HTTPS connection (1): discord.com:443
2021-08-06 21:58:49,653 - urllib3.connectionpool - https://discord.com:443 "POST /api/webhooks/850392839053639690/65cKLltyuopds0GR5ElwNaeKmhGKmEuXlILxyTidy5Yup0ZfrMMYbNIXK21qa8kcHlKk HTTP/1.1" 204 0
2021-08-06 21:58:49,656 - root - Payload delivered successfully, code 204.
2021-08-06 21:58:49,658 - urllib3.connectionpool - Starting new HTTPS connection (1): discord.com:443
2021-08-06 21:58:50,237 - urllib3.connectionpool - https://discord.com:443 "POST /api/webhooks/850392839053639690/65cKLltyuopds0GR5ElwNaeKmhGKmEuXlILxyTidy5Yup0ZfrMMYbNIXK21qa8kcHlKk HTTP/1.1" 204 0
2021-08-06 21:58:50,241 - root - Payload delivered successfully, code 204.
2021-08-06 21:58:50,247 - urllib3.connectionpool - Starting new HTTPS connection (1): discord.com:443
2021-08-06 21:58:50,781 - urllib3.connectionpool - https://discord.com:443 "POST /api/webhooks/850392839053639690/65cKLltyuopds0GR5ElwNaeKmhGKmEuXlILxyTidy5Yup0ZfrMMYbNIXK21qa8kcHlKk HTTP/1.1" 204 0
2021-08-06 21:58:50,783 - root - Payload delivered successfully, code 204.
2021-08-06 21:58:50,787 - urllib3.connectionpool - Starting new HTTPS connection (1): discord.com:443
2021-08-06 21:58:51,314 - urllib3.connectionpool - https://discord.com:443 "POST /api/webhooks/850392839053639690/65cKLltyuopds0GR5ElwNaeKmhGKmEuXlILxyTidy5Yup0ZfrMMYbNIXK21qa8kcHlKk HTTP/1.1" 204 0
2021-08-06 21:58:51,317 - root - Payload delivered successfully, code 204.
2021-08-06 21:58:51,319 - urllib3.connectionpool - Starting new HTTPS connection (1): discord.com:443
2021-08-06 21:58:51,838 - urllib3.connectionpool - https://discord.com:443 "POST /api/webhooks/850392839053639690/65cKLltyuopds0GR5ElwNaeKmhGKmEuXlILxyTidy5Yup0ZfrMMYbNIXK21qa8kcHlKk HTTP/1.1" 204 0
2021-08-06 21:58:51,841 - root - Payload delivered successfully, code 204.
2021-08-06 21:58:51,843 - urllib3.connectionpool - Starting new HTTPS connection (1): discord.com:443
2021-08-06 21:58:52,409 - urllib3.connectionpool - https://discord.com:443 "POST /api/webhooks/850392839053639690/65cKLltyuopds0GR5ElwNaeKmhGKmEuXlILxyTidy5Yup0ZfrMMYbNIXK21qa8kcHlKk HTTP/1.1" 204 0
2021-08-06 21:58:52,413 - root - Payload delivered successfully, code 204.
2021-08-06 21:58:52,416 - urllib3.connectionpool - Starting new HTTPS connection (1): discord.com:443
2021-08-06 21:58:52,925 - urllib3.connectionpool - https://discord.com:443 "POST /api/webhooks/850392839053639690/65cKLltyuopds0GR5ElwNaeKmhGKmEuXlILxyTidy5Yup0ZfrMMYbNIXK21qa8kcHlKk HTTP/1.1" 204 0
2021-08-06 21:58:52,929 - root - Payload delivered successfully, code 204.
2021-08-06 21:58:52,933 - urllib3.connectionpool - Starting new HTTPS connection (1): discord.com:443
2021-08-06 21:58:53,562 - urllib3.connectionpool - https://discord.com:443 "POST /api/webhooks/850392839053639690/65cKLltyuopds0GR5ElwNaeKmhGKmEuXlILxyTidy5Yup0ZfrMMYbNIXK21qa8kcHlKk HTTP/1.1" 204 0
2021-08-06 21:58:53,564 - root - Payload delivered successfully, code 204.
2021-08-06 21:58:53,569 - urllib3.connectionpool - Starting new HTTPS connection (1): discord.com:443
2021-08-06 21:58:54,182 - urllib3.connectionpool - https://discord.com:443 "POST /api/webhooks/850392839053639690/65cKLltyuopds0GR5ElwNaeKmhGKmEuXlILxyTidy5Yup0ZfrMMYbNIXK21qa8kcHlKk HTTP/1.1" 204 0
2021-08-06 21:58:54,189 - root - Payload delivered successfully, code 204.
2021-08-06 21:58:54,192 - urllib3.connectionpool - Starting new HTTPS connection (1): discord.com:443
2021-08-06 21:58:54,783 - urllib3.connectionpool - https://discord.com:443 "POST /api/webhooks/850392839053639690/65cKLltyuopds0GR5ElwNaeKmhGKmEuXlILxyTidy5Yup0ZfrMMYbNIXK21qa8kcHlKk HTTP/1.1" 204 0
2021-08-06 21:58:54,788 - root - Payload delivered successfully, code 204.
2021-08-06 21:58:54,793 - urllib3.connectionpool - Starting new HTTPS connection (1): discord.com:443
2021-08-06 21:58:55,333 - urllib3.connectionpool - https://discord.com:443 "POST /api/webhooks/850392839053639690/65cKLltyuopds0GR5ElwNaeKmhGKmEuXlILxyTidy5Yup0ZfrMMYbNIXK21qa8kcHlKk HTTP/1.1" 204 0
2021-08-06 21:58:55,336 - root - Payload delivered successfully, code 204.
2021-08-06 21:58:55,340 - urllib3.connectionpool - Starting new HTTPS connection (1): discord.com:443
2021-08-06 21:58:55,934 - urllib3.connectionpool - https://discord.com:443 "POST /api/webhooks/850392839053639690/65cKLltyuopds0GR5ElwNaeKmhGKmEuXlILxyTidy5Yup0ZfrMMYbNIXK21qa8kcHlKk HTTP/1.1" 204 0
2021-08-06 21:58:55,942 - root - Payload delivered successfully, code 204.
2021-08-06 21:58:55,945 - urllib3.connectionpool - Starting new HTTPS connection (1): discord.com:443
2021-08-06 21:58:56,566 - urllib3.connectionpool - https://discord.com:443 "POST /api/webhooks/850392839053639690/65cKLltyuopds0GR5ElwNaeKmhGKmEuXlILxyTidy5Yup0ZfrMMYbNIXK21qa8kcHlKk HTTP/1.1" 204 0
2021-08-06 21:58:56,573 - root - Payload delivered successfully, code 204.
2021-08-06 21:58:56,577 - urllib3.connectionpool - Starting new HTTPS connection (1): discord.com:443
2021-08-06 21:58:57,123 - urllib3.connectionpool - https://discord.com:443 "POST /api/webhooks/850392839053639690/65cKLltyuopds0GR5ElwNaeKmhGKmEuXlILxyTidy5Yup0ZfrMMYbNIXK21qa8kcHlKk HTTP/1.1" 204 0
2021-08-06 21:58:57,126 - root - Payload delivered successfully, code 204.
2021-08-06 21:58:57,128 - urllib3.connectionpool - Starting new HTTPS connection (1): discord.com:443
2021-08-06 21:58:57,951 - urllib3.connectionpool - https://discord.com:443 "POST /api/webhooks/850392839053639690/65cKLltyuopds0GR5ElwNaeKmhGKmEuXlILxyTidy5Yup0ZfrMMYbNIXK21qa8kcHlKk HTTP/1.1" 204 0
2021-08-06 21:58:57,953 - root - Payload delivered successfully, code 204.
2021-08-06 21:58:57,956 - urllib3.connectionpool - Starting new HTTPS connection (1): discord.com:443
2021-08-06 21:58:58,766 - urllib3.connectionpool - https://discord.com:443 "POST /api/webhooks/850392839053639690/65cKLltyuopds0GR5ElwNaeKmhGKmEuXlILxyTidy5Yup0ZfrMMYbNIXK21qa8kcHlKk HTTP/1.1" 204 0
2021-08-06 21:58:58,768 - root - Payload delivered successfully, code 204.
2021-08-06 21:58:58,773 - urllib3.connectionpool - Starting new HTTPS connection (1): discord.com:443
2021-08-06 21:58:59,394 - urllib3.connectionpool - https://discord.com:443 "POST /api/webhooks/850392839053639690/65cKLltyuopds0GR5ElwNaeKmhGKmEuXlILxyTidy5Yup0ZfrMMYbNIXK21qa8kcHlKk HTTP/1.1" 204 0
2021-08-06 21:58:59,397 - root - Payload delivered successfully, code 204.
2021-08-06 21:58:59,403 - urllib3.connectionpool - Starting new HTTPS connection (1): discord.com:443
2021-08-06 21:59:00,018 - urllib3.connectionpool - https://discord.com:443 "POST /api/webhooks/850392839053639690/65cKLltyuopds0GR5ElwNaeKmhGKmEuXlILxyTidy5Yup0ZfrMMYbNIXK21qa8kcHlKk HTTP/1.1" 204 0
2021-08-06 21:59:00,026 - root - Payload delivered successfully, code 204.
2021-08-06 21:59:00,033 - urllib3.connectionpool - Starting new HTTPS connection (1): discord.com:443
2021-08-06 21:59:00,629 - urllib3.connectionpool - https://discord.com:443 "POST /api/webhooks/850392839053639690/65cKLltyuopds0GR5ElwNaeKmhGKmEuXlILxyTidy5Yup0ZfrMMYbNIXK21qa8kcHlKk HTTP/1.1" 204 0
2021-08-06 21:59:00,634 - root - Payload delivered successfully, code 204.
2021-08-06 21:59:00,637 - urllib3.connectionpool - Starting new HTTPS connection (1): discord.com:443
2021-08-06 21:59:20,688 - dotenv.main - Python-dotenv could not parse statement starting at line 14
2021-08-06 21:59:20,689 - root - Successfully started monitor
2021-08-06 21:59:20,694 - urllib3.connectionpool - Starting new HTTPS connection (1): discord.com:443
2021-08-06 21:59:21,314 - urllib3.connectionpool - https://discord.com:443 "POST /api/webhooks/850392839053639690/65cKLltyuopds0GR5ElwNaeKmhGKmEuXlILxyTidy5Yup0ZfrMMYbNIXK21qa8kcHlKk HTTP/1.1" 204 0
2021-08-06 21:59:21,317 - root - Payload delivered successfully, code 204.
2021-08-06 21:59:21,319 - urllib3.connectionpool - Starting new HTTPS connection (1): www.sslproxies.org:443
2021-08-06 21:59:21,528 - urllib3.connectionpool - https://www.sslproxies.org:443 "GET / HTTP/1.1" 200 None
2021-08-06 21:59:21,614 - urllib3.connectionpool - Starting new HTTP connection (1): 130.61.236.104:80
2021-08-06 21:59:22,117 - urllib3.connectionpool - Starting new HTTPS connection (1): www.sslproxies.org:443
2021-08-06 21:59:22,402 - urllib3.connectionpool - https://www.sslproxies.org:443 "GET / HTTP/1.1" 200 None
2021-08-06 21:59:22,412 - urllib3.connectionpool - Starting new HTTP connection (1): 103.221.254.102:48146
2021-08-06 21:59:22,918 - urllib3.connectionpool - Starting new HTTP connection (1): 189.52.154.213:3128
2021-08-06 21:59:23,433 - urllib3.connectionpool - Starting new HTTP connection (1): 14.207.120.139:8080
2021-08-06 21:59:23,947 - urllib3.connectionpool - Starting new HTTP connection (1): 62.33.210.34:58918
2021-08-06 21:59:24,468 - urllib3.connectionpool - Starting new HTTP connection (1): 14.161.252.185:55443
2021-08-06 21:59:24,983 - urllib3.connectionpool - Starting new HTTP connection (1): 183.88.219.206:41564
2021-08-06 21:59:25,491 - urllib3.connectionpool - Starting new HTTP connection (1): 212.77.138.161:41258
2021-08-06 21:59:26,007 - urllib3.connectionpool - Starting new HTTP connection (1): 200.116.198.177:35184
2021-08-06 21:59:26,867 - urllib3.connectionpool - Starting new HTTP connection (1): 41.217.219.53:31398
2021-08-06 21:59:27,377 - urllib3.connectionpool - Starting new HTTP connection (1): 176.98.95.105:32018
2021-08-06 21:59:27,893 - urllib3.connectionpool - Starting new HTTP connection (1): 109.238.222.5:40387
2021-08-06 21:59:28,408 - urllib3.connectionpool - Starting new HTTP connection (1): 210.2.135.254:3128
2021-08-06 21:59:29,117 - urllib3.connectionpool - Starting new HTTP connection (1): 85.133.130.18:8080
2021-08-06 21:59:29,635 - urllib3.connectionpool - Starting new HTTP connection (1): 178.66.182.76:3128
2021-08-06 21:59:30,358 - urllib3.connectionpool - Starting new HTTP connection (1): 93.157.163.66:35081
2021-08-06 21:59:30,874 - urllib3.connectionpool - Starting new HTTP connection (1): 94.73.205.1:55443
2021-08-06 21:59:31,381 - urllib3.connectionpool - Starting new HTTP connection (1): 8.210.157.49:17309
2021-08-06 21:59:32,036 - urllib3.connectionpool - Starting new HTTP connection (1): 119.82.252.122:36182
2021-08-06 21:59:32,553 - urllib3.connectionpool - Starting new HTTP connection (1): 37.26.136.181:52271
2021-08-06 21:59:33,063 - urllib3.connectionpool - Starting new HTTP connection (1): 130.61.236.104:80
2021-08-06 21:59:33,579 - urllib3.connectionpool - Starting new HTTP connection (1): 184.147.26.251:8080
2021-08-06 21:59:34,366 - urllib3.connectionpool - Starting new HTTP connection (1): 140.227.67.135:6000
2021-08-06 21:59:34,883 - urllib3.connectionpool - Starting new HTTP connection (1): 89.250.221.106:53281
2021-08-06 21:59:35,395 - urllib3.connectionpool - Starting new HTTP connection (1): 43.224.8.12:6666
2021-08-06 21:59:35,914 - urllib3.connectionpool - Starting new HTTP connection (1): 90.69.164.26:3128
2021-08-06 21:59:36,431 - urllib3.connectionpool - Starting new HTTP connection (1): 31.172.177.149:83
2021-08-06 21:59:36,937 - urllib3.connectionpool - Starting new HTTP connection (1): 187.44.167.78:60786
2021-08-06 21:59:37,455 - urllib3.connectionpool - Starting new HTTP connection (1): 101.109.255.17:43501
2021-08-06 21:59:37,973 - urllib3.connectionpool - Starting new HTTP connection (1): 37.26.86.206:47464
2021-08-06 21:59:38,487 - urllib3.connectionpool - Starting new HTTP connection (1): 154.0.15.166:46547
2021-08-06 21:59:39,002 - urllib3.connectionpool - Starting new HTTP connection (1): 78.30.230.117:50932
2021-08-06 21:59:39,520 - urllib3.connectionpool - Starting new HTTP connection (1): 124.156.139.219:1081
2021-08-06 21:59:40,278 - urllib3.connectionpool - http://124.156.139.219:1081 "GET http://www.google.com/ HTTP/1.1" 200 6063
2021-08-06 21:59:40,285 - urllib3.connectionpool - Starting new HTTP connection (1): 124.156.139.219:1081
2021-08-06 21:59:40,928 - urllib3.connectionpool - Starting new HTTP connection (1): 121.139.218.165:31409
2021-08-06 21:59:41,444 - urllib3.connectionpool - Starting new HTTP connection (1): 202.218.133.140:8080
2021-08-06 21:59:41,842 - urllib3.connectionpool - http://202.218.133.140:8080 "GET http://www.google.com/ HTTP/1.1" 200 None
2021-08-06 21:59:41,845 - urllib3.connectionpool - Starting new HTTP connection (1): 202.218.133.140:8080
2021-08-06 21:59:42,242 - urllib3.connectionpool - http://202.218.133.140:8080 "GET http://www.google.com/ HTTP/1.1" 200 None
2021-08-06 21:59:42,246 - urllib3.connectionpool - Starting new HTTPS connection (1): www.zavvi.com:443
2021-08-06 21:59:43,432 - urllib3.connectionpool - https://www.zavvi.com:443 "GET /funko/pop-vinyl.list?autocomplete=searchsuggestion&pageNumber=1&sortOrder=releaseDate HTTP/1.1" 200 None
2021-08-06 21:59:45,915 - urllib3.connectionpool - Starting new HTTPS connection (1): discord.com:443
2021-08-06 21:59:46,505 - urllib3.connectionpool - https://discord.com:443 "POST /api/webhooks/850392839053639690/65cKLltyuopds0GR5ElwNaeKmhGKmEuXlILxyTidy5Yup0ZfrMMYbNIXK21qa8kcHlKk HTTP/1.1" 204 0
2021-08-06 21:59:46,512 - root - Payload delivered successfully, code 204.
2021-08-06 21:59:46,519 - urllib3.connectionpool - Starting new HTTPS connection (1): discord.com:443
2021-08-06 21:59:47,046 - urllib3.connectionpool - https://discord.com:443 "POST /api/webhooks/850392839053639690/65cKLltyuopds0GR5ElwNaeKmhGKmEuXlILxyTidy5Yup0ZfrMMYbNIXK21qa8kcHlKk HTTP/1.1" 204 0
2021-08-06 21:59:47,054 - root - Payload delivered successfully, code 204.
2021-08-06 21:59:47,057 - urllib3.connectionpool - Starting new HTTPS connection (1): discord.com:443
2021-08-06 21:59:47,601 - urllib3.connectionpool - https://discord.com:443 "POST /api/webhooks/850392839053639690/65cKLltyuopds0GR5ElwNaeKmhGKmEuXlILxyTidy5Yup0ZfrMMYbNIXK21qa8kcHlKk HTTP/1.1" 204 0
2021-08-06 21:59:47,603 - root - Payload delivered successfully, code 204.
2021-08-06 21:59:47,606 - urllib3.connectionpool - Starting new HTTPS connection (1): discord.com:443
2021-08-06 21:59:48,340 - urllib3.connectionpool - https://discord.com:443 "POST /api/webhooks/850392839053639690/65cKLltyuopds0GR5ElwNaeKmhGKmEuXlILxyTidy5Yup0ZfrMMYbNIXK21qa8kcHlKk HTTP/1.1" 204 0
2021-08-06 21:59:48,345 - root - Payload delivered successfully, code 204.
2021-08-06 21:59:48,349 - urllib3.connectionpool - Starting new HTTPS connection (1): discord.com:443
2021-08-06 21:59:48,913 - urllib3.connectionpool - https://discord.com:443 "POST /api/webhooks/850392839053639690/65cKLltyuopds0GR5ElwNaeKmhGKmEuXlILxyTidy5Yup0ZfrMMYbNIXK21qa8kcHlKk HTTP/1.1" 204 0
2021-08-06 21:59:48,916 - root - Payload delivered successfully, code 204.
2021-08-06 21:59:48,919 - urllib3.connectionpool - Starting new HTTPS connection (1): discord.com:443
2021-08-06 22:00:18,628 - dotenv.main - Python-dotenv could not parse statement starting at line 14
2021-08-06 22:00:18,628 - root - Successfully started monitor
2021-08-06 22:00:18,632 - urllib3.connectionpool - Starting new HTTPS connection (1): discord.com:443
2021-08-06 22:00:19,207 - urllib3.connectionpool - https://discord.com:443 "POST /api/webhooks/850392839053639690/65cKLltyuopds0GR5ElwNaeKmhGKmEuXlILxyTidy5Yup0ZfrMMYbNIXK21qa8kcHlKk HTTP/1.1" 204 0
2021-08-06 22:00:19,209 - root - Payload delivered successfully, code 204.
2021-08-06 22:00:19,211 - urllib3.connectionpool - Starting new HTTPS connection (1): www.sslproxies.org:443
2021-08-06 22:00:19,720 - urllib3.connectionpool - https://www.sslproxies.org:443 "GET / HTTP/1.1" 200 None
2021-08-06 22:00:19,749 - urllib3.connectionpool - Starting new HTTP connection (1): 130.61.236.104:80
2021-08-06 22:00:20,256 - urllib3.connectionpool - Starting new HTTPS connection (1): www.sslproxies.org:443
2021-08-06 22:00:20,571 - urllib3.connectionpool - https://www.sslproxies.org:443 "GET / HTTP/1.1" 200 None
2021-08-06 22:00:20,625 - urllib3.connectionpool - Starting new HTTP connection (1): 13.229.47.250:8118
2021-08-06 22:00:20,957 - urllib3.connectionpool - http://13.229.47.250:8118 "GET http://www.google.com/ HTTP/1.1" 200 13878
2021-08-06 22:00:20,962 - urllib3.connectionpool - Starting new HTTP connection (1): 13.229.47.250:8118
2021-08-06 22:00:21,510 - urllib3.connectionpool - http://13.229.47.250:8118 "GET http://www.google.com/ HTTP/1.1" 200 13861
2021-08-06 22:00:21,513 - urllib3.connectionpool - Starting new HTTPS connection (1): www.zavvi.com:443
2021-08-06 22:00:22,494 - urllib3.connectionpool - https://www.zavvi.com:443 "GET /funko/pop-vinyl.list?autocomplete=searchsuggestion&pageNumber=1&sortOrder=releaseDate HTTP/1.1" 200 None
2021-08-06 22:00:27,869 - urllib3.connectionpool - Starting new HTTPS connection (1): www.zavvi.com:443
2021-08-06 22:00:28,787 - urllib3.connectionpool - https://www.zavvi.com:443 "GET /funko/pop-vinyl.list?autocomplete=searchsuggestion&pageNumber=1&sortOrder=releaseDate HTTP/1.1" 200 None
2021-08-06 22:00:32,058 - urllib3.connectionpool - Starting new HTTPS connection (1): www.zavvi.com:443
2021-08-06 22:00:33,049 - urllib3.connectionpool - https://www.zavvi.com:443 "GET /funko/pop-vinyl.list?autocomplete=searchsuggestion&pageNumber=1&sortOrder=releaseDate HTTP/1.1" 200 None
2021-08-06 22:00:36,370 - urllib3.connectionpool - Starting new HTTPS connection (1): www.zavvi.com:443
2021-08-06 22:00:37,254 - urllib3.connectionpool - https://www.zavvi.com:443 "GET /funko/pop-vinyl.list?autocomplete=searchsuggestion&pageNumber=1&sortOrder=releaseDate HTTP/1.1" 200 None
2021-08-06 22:00:40,976 - urllib3.connectionpool - Starting new HTTPS connection (1): www.zavvi.com:443
2021-08-06 22:01:05,712 - dotenv.main - Python-dotenv could not parse statement starting at line 14
2021-08-06 22:01:05,713 - root - Successfully started monitor
2021-08-06 22:01:05,716 - urllib3.connectionpool - Starting new HTTPS connection (1): discord.com:443
2021-08-06 22:01:06,239 - urllib3.connectionpool - https://discord.com:443 "POST /api/webhooks/850392839053639690/65cKLltyuopds0GR5ElwNaeKmhGKmEuXlILxyTidy5Yup0ZfrMMYbNIXK21qa8kcHlKk HTTP/1.1" 204 0
2021-08-06 22:01:06,247 - root - Payload delivered successfully, code 204.
2021-08-06 22:01:06,254 - urllib3.connectionpool - Starting new HTTPS connection (1): www.sslproxies.org:443
2021-08-06 22:01:06,549 - urllib3.connectionpool - https://www.sslproxies.org:443 "GET / HTTP/1.1" 200 None
2021-08-06 22:01:06,561 - urllib3.connectionpool - Starting new HTTP connection (1): 130.61.236.104:80
2021-08-06 22:01:07,088 - urllib3.connectionpool - Starting new HTTPS connection (1): www.sslproxies.org:443
2021-08-06 22:01:07,471 - urllib3.connectionpool - https://www.sslproxies.org:443 "GET / HTTP/1.1" 200 None
2021-08-06 22:01:07,485 - urllib3.connectionpool - Starting new HTTP connection (1): 14.161.252.185:55443
2021-08-06 22:01:08,165 - urllib3.connectionpool - Starting new HTTP connection (1): 109.238.222.5:40387
2021-08-06 22:01:08,681 - urllib3.connectionpool - Starting new HTTP connection (1): 190.7.141.66:47576
2021-08-06 22:01:09,196 - urllib3.connectionpool - Starting new HTTP connection (1): 200.116.198.177:35184
2021-08-06 22:01:10,071 - urllib3.connectionpool - Starting new HTTP connection (1): 8.210.157.49:17309
2021-08-06 22:01:10,697 - urllib3.connectionpool - Starting new HTTP connection (1): 103.152.5.70:8080
2021-08-06 22:01:10,981 - urllib3.connectionpool - http://103.152.5.70:8080 "GET http://www.google.com/ HTTP/1.1" 200 6110
2021-08-06 22:01:10,984 - urllib3.connectionpool - Starting new HTTP connection (1): 103.152.5.70:8080
2021-08-06 22:01:11,269 - urllib3.connectionpool - http://103.152.5.70:8080 "GET http://www.google.com/ HTTP/1.1" 200 6072
2021-08-06 22:01:11,271 - urllib3.connectionpool - Starting new HTTPS connection (1): www.zavvi.com:443
2021-08-06 22:01:12,476 - urllib3.connectionpool - https://www.zavvi.com:443 "GET /funko/pop-vinyl.list?autocomplete=searchsuggestion&pageNumber=1&sortOrder=releaseDate HTTP/1.1" 200 None
2021-08-06 22:01:15,727 - urllib3.connectionpool - Starting new HTTPS connection (1): www.zavvi.com:443
2021-08-06 22:01:16,761 - urllib3.connectionpool - https://www.zavvi.com:443 "GET /funko/pop-vinyl.list?autocomplete=searchsuggestion&pageNumber=1&sortOrder=releaseDate HTTP/1.1" 200 None
2021-08-06 22:01:20,723 - urllib3.connectionpool - Starting new HTTPS connection (1): www.zavvi.com:443
2021-08-06 22:01:21,641 - urllib3.connectionpool - https://www.zavvi.com:443 "GET /funko/pop-vinyl.list?autocomplete=searchsuggestion&pageNumber=1&sortOrder=releaseDate HTTP/1.1" 200 None
2021-08-06 22:01:25,698 - urllib3.connectionpool - Starting new HTTPS connection (1): www.zavvi.com:443
2021-08-06 22:01:26,571 - urllib3.connectionpool - https://www.zavvi.com:443 "GET /funko/pop-vinyl.list?autocomplete=searchsuggestion&pageNumber=1&sortOrder=releaseDate HTTP/1.1" 200 None
2021-08-06 22:01:30,165 - urllib3.connectionpool - Starting new HTTPS connection (1): www.zavvi.com:443
2021-08-06 22:01:31,053 - urllib3.connectionpool - https://www.zavvi.com:443 "GET /funko/pop-vinyl.list?autocomplete=searchsuggestion&pageNumber=1&sortOrder=releaseDate HTTP/1.1" 200 None
2021-08-06 22:01:52,656 - dotenv.main - Python-dotenv could not parse statement starting at line 14
2021-08-06 22:01:52,656 - root - Successfully started monitor
2021-08-06 22:01:52,660 - urllib3.connectionpool - Starting new HTTPS connection (1): discord.com:443
2021-08-06 22:01:53,299 - urllib3.connectionpool - https://discord.com:443 "POST /api/webhooks/850392839053639690/65cKLltyuopds0GR5ElwNaeKmhGKmEuXlILxyTidy5Yup0ZfrMMYbNIXK21qa8kcHlKk HTTP/1.1" 204 0
2021-08-06 22:01:53,302 - root - Payload delivered successfully, code 204.
2021-08-06 22:01:53,305 - urllib3.connectionpool - Starting new HTTPS connection (1): www.sslproxies.org:443
2021-08-06 22:01:53,589 - urllib3.connectionpool - https://www.sslproxies.org:443 "GET / HTTP/1.1" 200 None
2021-08-06 22:01:53,621 - urllib3.connectionpool - Starting new HTTP connection (1): 130.61.236.104:80
2021-08-06 22:01:54,137 - urllib3.connectionpool - Starting new HTTPS connection (1): www.sslproxies.org:443
2021-08-06 22:01:54,478 - urllib3.connectionpool - https://www.sslproxies.org:443 "GET / HTTP/1.1" 200 None
2021-08-06 22:01:54,491 - urllib3.connectionpool - Starting new HTTP connection (1): 85.198.250.135:3128
2021-08-06 22:01:54,994 - urllib3.connectionpool - Starting new HTTP connection (1): 118.174.196.112:36314
2021-08-06 22:01:55,514 - urllib3.connectionpool - Starting new HTTP connection (1): 95.140.27.135:58901
2021-08-06 22:01:56,026 - urllib3.connectionpool - Starting new HTTP connection (1): 195.170.38.230:8080
2021-08-06 22:01:56,539 - urllib3.connectionpool - Starting new HTTP connection (1): 186.47.81.50:8888
2021-08-06 22:01:57,057 - urllib3.connectionpool - Starting new HTTP connection (1): 182.16.171.42:43188
2021-08-06 22:01:57,572 - urllib3.connectionpool - Starting new HTTP connection (1): 197.232.65.40:55443
2021-08-06 22:01:58,089 - urllib3.connectionpool - Starting new HTTP connection (1): 37.26.136.181:52271
2021-08-06 22:01:58,602 - urllib3.connectionpool - Starting new HTTP connection (1): 178.66.182.76:3128
2021-08-06 22:01:59,117 - urllib3.connectionpool - Starting new HTTP connection (1): 190.57.143.66:50719
2021-08-06 22:01:59,632 - urllib3.connectionpool - Starting new HTTP connection (1): 181.115.168.3:59994
2021-08-06 22:02:00,152 - urllib3.connectionpool - Starting new HTTP connection (1): 13.229.47.250:8118
2021-08-06 22:02:00,329 - urllib3.connectionpool - http://13.229.47.250:8118 "GET http://www.google.com/ HTTP/1.1" 503 None
2021-08-06 22:02:00,331 - urllib3.connectionpool - Starting new HTTP connection (1): 103.110.91.242:3128
2021-08-06 22:02:00,836 - urllib3.connectionpool - Starting new HTTP connection (1): 182.176.149.66:22800
2021-08-06 22:02:01,358 - urllib3.connectionpool - Starting new HTTP connection (1): 191.100.28.115:8080
2021-08-06 22:02:01,869 - urllib3.connectionpool - Starting new HTTP connection (1): 62.33.210.34:58918
2021-08-06 22:02:02,388 - urllib3.connectionpool - Starting new HTTP connection (1): 103.231.80.242:55443
2021-08-06 22:02:02,896 - urllib3.connectionpool - Starting new HTTP connection (1): 36.67.27.189:39674
2021-08-06 22:02:03,413 - urllib3.connectionpool - Starting new HTTP connection (1): 190.211.105.86:55443
2021-08-06 22:02:03,930 - urllib3.connectionpool - Starting new HTTP connection (1): 101.109.255.17:43501
2021-08-06 22:02:04,596 - urllib3.connectionpool - Starting new HTTP connection (1): 161.202.226.194:80
2021-08-06 22:02:04,895 - urllib3.connectionpool - http://161.202.226.194:80 "GET http://www.google.com/ HTTP/1.1" 403 0
2021-08-06 22:02:04,899 - urllib3.connectionpool - Starting new HTTP connection (1): 161.202.226.194:80
2021-08-06 22:02:05,442 - urllib3.connectionpool - http://161.202.226.194:80 "GET http://www.google.com/ HTTP/1.1" 403 0
2021-08-06 22:02:05,450 - urllib3.connectionpool - Starting new HTTPS connection (1): www.zavvi.com:443
2021-08-06 22:02:07,070 - urllib3.connectionpool - https://www.zavvi.com:443 "GET /funko/pop-vinyl.list?autocomplete=searchsuggestion&pageNumber=1&sortOrder=releaseDate HTTP/1.1" 200 None
2021-08-06 22:02:11,409 - urllib3.connectionpool - Starting new HTTPS connection (1): www.zavvi.com:443
2021-08-06 22:02:12,269 - urllib3.connectionpool - https://www.zavvi.com:443 "GET /funko/pop-vinyl.list?autocomplete=searchsuggestion&pageNumber=1&sortOrder=releaseDate HTTP/1.1" 200 None
2021-08-06 22:03:01,725 - dotenv.main - Python-dotenv could not parse statement starting at line 14
2021-08-06 22:03:01,725 - root - Successfully started monitor
2021-08-06 22:03:01,730 - urllib3.connectionpool - Starting new HTTPS connection (1): discord.com:443
2021-08-06 22:03:02,338 - urllib3.connectionpool - https://discord.com:443 "POST /api/webhooks/850392839053639690/65cKLltyuopds0GR5ElwNaeKmhGKmEuXlILxyTidy5Yup0ZfrMMYbNIXK21qa8kcHlKk HTTP/1.1" 204 0
2021-08-06 22:03:02,344 - root - Payload delivered successfully, code 204.
2021-08-06 22:03:02,349 - urllib3.connectionpool - Starting new HTTPS connection (1): www.sslproxies.org:443
2021-08-06 22:03:02,651 - urllib3.connectionpool - https://www.sslproxies.org:443 "GET / HTTP/1.1" 200 None
2021-08-06 22:03:02,724 - urllib3.connectionpool - Starting new HTTP connection (1): 130.61.236.104:80
2021-08-06 22:03:03,235 - urllib3.connectionpool - Starting new HTTPS connection (1): www.sslproxies.org:443
2021-08-06 22:03:03,575 - urllib3.connectionpool - https://www.sslproxies.org:443 "GET / HTTP/1.1" 200 None
2021-08-06 22:03:03,588 - urllib3.connectionpool - Starting new HTTP connection (1): 114.134.188.124:55667
2021-08-06 22:03:04,094 - urllib3.connectionpool - Starting new HTTP connection (1): 62.33.210.34:58918
2021-08-06 22:03:04,609 - urllib3.connectionpool - Starting new HTTP connection (1): 51.38.95.10:3128
2021-08-06 22:03:04,996 - urllib3.connectionpool - http://51.38.95.10:3128 "GET http://www.google.com/ HTTP/1.1" 200 5707
2021-08-06 22:03:05,000 - urllib3.connectionpool - Starting new HTTP connection (1): 51.38.95.10:3128
2021-08-06 22:03:05,317 - urllib3.connectionpool - http://51.38.95.10:3128 "GET http://www.google.com/ HTTP/1.1" 504 None
2021-08-06 22:03:05,319 - urllib3.connectionpool - Starting new HTTPS connection (1): www.zavvi.com:443
2021-08-06 22:03:06,260 - urllib3.connectionpool - https://www.zavvi.com:443 "GET /funko/pop-vinyl.list?autocomplete=searchsuggestion&pageNumber=1&sortOrder=releaseDate HTTP/1.1" 200 None
2021-08-06 22:03:09,961 - urllib3.connectionpool - Starting new HTTPS connection (1): www.zavvi.com:443
2021-08-06 22:03:10,892 - urllib3.connectionpool - https://www.zavvi.com:443 "GET /funko/pop-vinyl.list?autocomplete=searchsuggestion&pageNumber=1&sortOrder=releaseDate HTTP/1.1" 200 None
2021-08-06 22:03:14,026 - urllib3.connectionpool - Starting new HTTPS connection (1): www.zavvi.com:443
2021-08-06 22:03:14,993 - urllib3.connectionpool - https://www.zavvi.com:443 "GET /funko/pop-vinyl.list?autocomplete=searchsuggestion&pageNumber=1&sortOrder=releaseDate HTTP/1.1" 200 None
2021-08-06 22:03:18,058 - urllib3.connectionpool - Starting new HTTPS connection (1): www.zavvi.com:443
2021-08-06 22:03:18,931 - urllib3.connectionpool - https://www.zavvi.com:443 "GET /funko/pop-vinyl.list?autocomplete=searchsuggestion&pageNumber=1&sortOrder=releaseDate HTTP/1.1" 200 None
2021-08-06 22:03:48,486 - dotenv.main - Python-dotenv could not parse statement starting at line 14
2021-08-06 22:03:48,487 - root - Successfully started monitor
2021-08-06 22:03:48,495 - urllib3.connectionpool - Starting new HTTPS connection (1): discord.com:443
2021-08-06 22:03:49,051 - urllib3.connectionpool - https://discord.com:443 "POST /api/webhooks/850392839053639690/65cKLltyuopds0GR5ElwNaeKmhGKmEuXlILxyTidy5Yup0ZfrMMYbNIXK21qa8kcHlKk HTTP/1.1" 204 0
2021-08-06 22:03:49,059 - root - Payload delivered successfully, code 204.
2021-08-06 22:03:49,064 - urllib3.connectionpool - Starting new HTTPS connection (1): www.sslproxies.org:443
2021-08-06 22:03:49,346 - urllib3.connectionpool - https://www.sslproxies.org:443 "GET / HTTP/1.1" 200 None
2021-08-06 22:03:49,434 - urllib3.connectionpool - Starting new HTTP connection (1): 130.61.236.104:80
2021-08-06 22:03:49,947 - urllib3.connectionpool - Starting new HTTPS connection (1): www.sslproxies.org:443
2021-08-06 22:03:50,246 - urllib3.connectionpool - https://www.sslproxies.org:443 "GET / HTTP/1.1" 200 None
2021-08-06 22:03:50,304 - urllib3.connectionpool - Starting new HTTP connection (1): 37.26.86.206:47464
2021-08-06 22:03:50,809 - urllib3.connectionpool - Starting new HTTP connection (1): 103.231.80.242:55443
2021-08-06 22:03:51,315 - urllib3.connectionpool - Starting new HTTP connection (1): 51.38.95.10:3128
2021-08-06 22:03:51,629 - urllib3.connectionpool - http://51.38.95.10:3128 "GET http://www.google.com/ HTTP/1.1" 504 None
2021-08-06 22:03:51,634 - urllib3.connectionpool - Starting new HTTP connection (1): 187.44.167.78:60786
2021-08-06 22:03:52,144 - urllib3.connectionpool - Starting new HTTP connection (1): 109.167.134.253:30710
2021-08-06 22:03:52,660 - urllib3.connectionpool - Starting new HTTP connection (1): 200.105.215.18:33630
2021-08-06 22:03:53,176 - urllib3.connectionpool - Starting new HTTP connection (1): 36.255.211.1:54623
2021-08-06 22:03:53,682 - urllib3.connectionpool - Starting new HTTP connection (1): 190.7.141.66:47576
2021-08-06 22:03:54,192 - urllib3.connectionpool - Starting new HTTP connection (1): 191.100.28.115:8080
2021-08-06 22:03:54,698 - urllib3.connectionpool - Starting new HTTP connection (1): 50.233.42.98:51696
2021-08-06 22:03:55,211 - urllib3.connectionpool - Starting new HTTP connection (1): 195.110.7.195:3121
2021-08-06 22:03:55,728 - urllib3.connectionpool - Starting new HTTP connection (1): 41.217.219.53:31398
2021-08-06 22:03:56,242 - urllib3.connectionpool - Starting new HTTP connection (1): 85.133.130.18:8080
2021-08-06 22:03:56,760 - urllib3.connectionpool - Starting new HTTP connection (1): 171.97.55.107:55443
2021-08-06 22:03:57,417 - urllib3.connectionpool - Starting new HTTP connection (1): 182.16.171.42:43188
2021-08-06 22:03:57,929 - urllib3.connectionpool - Starting new HTTP connection (1): 176.98.95.105:32018
2021-08-06 22:03:58,451 - urllib3.connectionpool - Starting new HTTP connection (1): 95.165.187.202:45396
2021-08-06 22:03:58,967 - urllib3.connectionpool - Starting new HTTP connection (1): 202.218.133.140:8080
2021-08-06 22:03:59,373 - urllib3.connectionpool - http://202.218.133.140:8080 "GET http://www.google.com/ HTTP/1.1" 200 None
2021-08-06 22:03:59,375 - urllib3.connectionpool - Starting new HTTP connection (1): 202.218.133.140:8080
2021-08-06 22:03:59,797 - urllib3.connectionpool - http://202.218.133.140:8080 "GET http://www.google.com/ HTTP/1.1" 200 None
2021-08-06 22:03:59,801 - urllib3.connectionpool - Starting new HTTPS connection (1): www.zavvi.com:443
2021-08-06 22:04:00,875 - urllib3.connectionpool - https://www.zavvi.com:443 "GET /funko/pop-vinyl.list?autocomplete=searchsuggestion&pageNumber=1&sortOrder=releaseDate HTTP/1.1" 200 None
2021-08-06 22:04:04,352 - urllib3.connectionpool - Starting new HTTPS connection (1): www.zavvi.com:443
2021-08-06 22:04:05,302 - urllib3.connectionpool - https://www.zavvi.com:443 "GET /funko/pop-vinyl.list?autocomplete=searchsuggestion&pageNumber=1&sortOrder=releaseDate HTTP/1.1" 200 None
2021-08-06 22:04:09,980 - urllib3.connectionpool - Starting new HTTPS connection (1): www.zavvi.com:443
2021-08-06 22:04:10,854 - urllib3.connectionpool - https://www.zavvi.com:443 "GET /funko/pop-vinyl.list?autocomplete=searchsuggestion&pageNumber=1&sortOrder=releaseDate HTTP/1.1" 200 None
2021-08-06 22:04:46,086 - dotenv.main - Python-dotenv could not parse statement starting at line 14
2021-08-06 22:04:46,087 - root - Successfully started monitor
2021-08-06 22:04:46,091 - urllib3.connectionpool - Starting new HTTPS connection (1): discord.com:443
2021-08-06 22:04:46,638 - urllib3.connectionpool - https://discord.com:443 "POST /api/webhooks/850392839053639690/65cKLltyuopds0GR5ElwNaeKmhGKmEuXlILxyTidy5Yup0ZfrMMYbNIXK21qa8kcHlKk HTTP/1.1" 204 0
2021-08-06 22:04:46,644 - root - Payload delivered successfully, code 204.
2021-08-06 22:04:46,649 - urllib3.connectionpool - Starting new HTTPS connection (1): www.sslproxies.org:443
2021-08-06 22:04:46,966 - urllib3.connectionpool - https://www.sslproxies.org:443 "GET / HTTP/1.1" 200 None
2021-08-06 22:04:46,984 - urllib3.connectionpool - Starting new HTTP connection (1): 130.61.236.104:80
2021-08-06 22:04:47,495 - urllib3.connectionpool - Starting new HTTPS connection (1): www.sslproxies.org:443
2021-08-06 22:04:47,805 - urllib3.connectionpool - https://www.sslproxies.org:443 "GET / HTTP/1.1" 200 None
2021-08-06 22:04:47,826 - urllib3.connectionpool - Starting new HTTP connection (1): 191.241.226.230:53281
2021-08-06 22:04:48,331 - urllib3.connectionpool - Starting new HTTP connection (1): 36.89.182.193:39382
2021-08-06 22:04:48,836 - urllib3.connectionpool - Starting new HTTP connection (1): 121.139.218.165:31409
2021-08-06 22:04:49,352 - urllib3.connectionpool - Starting new HTTP connection (1): 103.231.80.242:55443
2021-08-06 22:04:49,867 - urllib3.connectionpool - Starting new HTTP connection (1): 185.104.252.10:9090
2021-08-06 22:04:50,568 - urllib3.connectionpool - Starting new HTTP connection (1): 85.133.130.18:8080
2021-08-06 22:04:51,076 - urllib3.connectionpool - Starting new HTTP connection (1): 183.88.219.206:41564
2021-08-06 22:04:51,593 - urllib3.connectionpool - Starting new HTTP connection (1): 8.210.157.49:17309
2021-08-06 22:04:52,216 - urllib3.connectionpool - Starting new HTTP connection (1): 14.161.252.185:55443
2021-08-06 22:04:52,728 - urllib3.connectionpool - Starting new HTTP connection (1): 5.200.72.51:3128
2021-08-06 22:04:53,485 - urllib3.connectionpool - Starting new HTTP connection (1): 114.134.188.124:55667
2021-08-06 22:04:54,014 - urllib3.connectionpool - Starting new HTTP connection (1): 103.240.160.21:6666
2021-08-06 22:04:54,522 - urllib3.connectionpool - Starting new HTTP connection (1): 118.174.196.112:36314
2021-08-06 22:04:55,040 - urllib3.connectionpool - Starting new HTTP connection (1): 221.120.210.211:39617
2021-08-06 22:04:55,559 - urllib3.connectionpool - Starting new HTTP connection (1): 85.15.152.39:3128
2021-08-06 22:04:56,294 - urllib3.connectionpool - Starting new HTTP connection (1): 190.211.105.86:55443
2021-08-06 22:04:56,806 - urllib3.connectionpool - Starting new HTTP connection (1): 171.97.55.107:55443
2021-08-06 22:04:57,319 - urllib3.connectionpool - Starting new HTTP connection (1): 190.57.143.66:50719
2021-08-06 22:04:57,837 - urllib3.connectionpool - Starting new HTTP connection (1): 186.47.81.50:8888
2021-08-06 22:04:58,355 - urllib3.connectionpool - Starting new HTTP connection (1): 184.147.26.251:8080
2021-08-06 22:04:58,871 - urllib3.connectionpool - Starting new HTTP connection (1): 195.182.152.238:38178
2021-08-06 22:04:59,377 - urllib3.connectionpool - Starting new HTTP connection (1): 90.69.164.26:3128
2021-08-06 22:04:59,894 - urllib3.connectionpool - Starting new HTTP connection (1): 182.176.149.66:22800
2021-08-06 22:05:00,354 - urllib3.connectionpool - Starting new HTTP connection (1): 65.21.3.120:80
2021-08-06 22:05:00,869 - urllib3.connectionpool - Starting new HTTP connection (1): 140.227.67.135:6000
2021-08-06 22:05:01,387 - urllib3.connectionpool - Starting new HTTP connection (1): 41.254.48.29:8080
2021-08-06 22:05:01,898 - urllib3.connectionpool - Starting new HTTP connection (1): 182.16.171.42:43188
2021-08-06 22:05:02,410 - urllib3.connectionpool - Starting new HTTP connection (1): 64.17.30.238:63141
2021-08-06 22:05:02,926 - urllib3.connectionpool - Starting new HTTP connection (1): 195.170.38.230:8080
2021-08-06 22:05:03,439 - urllib3.connectionpool - Starting new HTTP connection (1): 210.2.135.254:3128
2021-08-06 22:05:04,143 - urllib3.connectionpool - Starting new HTTP connection (1): 37.26.86.206:47464
2021-08-06 22:05:04,657 - urllib3.connectionpool - Starting new HTTP connection (1): 190.7.141.66:47576
2021-08-06 22:05:05,174 - urllib3.connectionpool - Starting new HTTP connection (1): 119.82.252.122:36182
2021-08-06 22:05:05,693 - urllib3.connectionpool - Starting new HTTP connection (1): 90.189.110.170:3128
2021-08-06 22:05:06,477 - urllib3.connectionpool - Starting new HTTP connection (1): 43.224.8.12:6666
2021-08-06 22:05:06,991 - urllib3.connectionpool - Starting new HTTP connection (1): 93.157.163.66:35081
2021-08-06 22:05:07,499 - urllib3.connectionpool - Starting new HTTP connection (1): 78.30.230.117:50932
2021-08-06 22:05:08,016 - urllib3.connectionpool - Starting new HTTP connection (1): 130.61.236.104:80
2021-08-06 22:05:08,518 - urllib3.connectionpool - Starting new HTTP connection (1): 101.109.255.17:43501
2021-08-06 22:05:09,035 - urllib3.connectionpool - Starting new HTTP connection (1): 13.229.47.250:8118
2021-08-06 22:05:09,638 - urllib3.connectionpool - Starting new HTTP connection (1): 103.79.155.42:46977
2021-08-06 22:05:10,148 - urllib3.connectionpool - Starting new HTTP connection (1): 186.96.114.245:55443
2021-08-06 22:05:10,665 - urllib3.connectionpool - Starting new HTTP connection (1): 183.82.111.91:8181
2021-08-06 22:05:11,154 - urllib3.connectionpool - http://183.82.111.91:8181 "GET http://www.google.com/ HTTP/1.1" 200 6167
2021-08-06 22:05:11,157 - urllib3.connectionpool - Starting new HTTP connection (1): 183.82.111.91:8181
2021-08-06 22:05:11,626 - urllib3.connectionpool - http://183.82.111.91:8181 "GET http://www.google.com/ HTTP/1.1" 200 6163
2021-08-06 22:05:11,629 - urllib3.connectionpool - Starting new HTTPS connection (1): www.zavvi.com:443
2021-08-06 22:05:12,896 - urllib3.connectionpool - https://www.zavvi.com:443 "GET /funko/pop-vinyl.list?autocomplete=searchsuggestion&pageNumber=1&sortOrder=releaseDate HTTP/1.1" 200 None
2021-08-06 22:05:16,945 - urllib3.connectionpool - Starting new HTTPS connection (1): www.zavvi.com:443
2021-08-06 22:05:17,860 - urllib3.connectionpool - https://www.zavvi.com:443 "GET /funko/pop-vinyl.list?autocomplete=searchsuggestion&pageNumber=1&sortOrder=releaseDate HTTP/1.1" 200 None
2021-08-06 22:06:23,433 - dotenv.main - Python-dotenv could not parse statement starting at line 14
2021-08-06 22:06:23,435 - root - Successfully started monitor
2021-08-06 22:06:23,440 - urllib3.connectionpool - Starting new HTTPS connection (1): discord.com:443
2021-08-06 22:06:48,524 - dotenv.main - Python-dotenv could not parse statement starting at line 14
2021-08-06 22:06:48,524 - root - Successfully started monitor
2021-08-06 22:06:48,527 - urllib3.connectionpool - Starting new HTTPS connection (1): discord.com:443
2021-08-06 22:07:16,159 - dotenv.main - Python-dotenv could not parse statement starting at line 14
2021-08-06 22:07:16,160 - root - Successfully started monitor
2021-08-06 22:07:16,168 - urllib3.connectionpool - Starting new HTTPS connection (1): discord.com:443
2021-08-06 22:07:16,694 - urllib3.connectionpool - https://discord.com:443 "POST /api/webhooks/850392839053639690/65cKLltyuopds0GR5ElwNaeKmhGKmEuXlILxyTidy5Yup0ZfrMMYbNIXK21qa8kcHlKk HTTP/1.1" 204 0
2021-08-06 22:07:16,697 - root - Payload delivered successfully, code 204.
2021-08-06 22:07:16,701 - urllib3.connectionpool - Starting new HTTPS connection (1): www.sslproxies.org:443
2021-08-06 22:07:16,920 - urllib3.connectionpool - https://www.sslproxies.org:443 "GET / HTTP/1.1" 200 None
2021-08-06 22:07:16,937 - urllib3.connectionpool - Starting new HTTP connection (1): 130.61.236.104:80
2021-08-06 22:07:17,446 - urllib3.connectionpool - Starting new HTTPS connection (1): www.sslproxies.org:443
2021-08-06 22:07:17,615 - urllib3.connectionpool - https://www.sslproxies.org:443 "GET / HTTP/1.1" 200 None
2021-08-06 22:07:17,627 - urllib3.connectionpool - Starting new HTTP connection (1): 101.109.255.17:43501
2021-08-06 22:07:18,132 - urllib3.connectionpool - Starting new HTTP connection (1): 91.211.107.204:41258
2021-08-06 22:07:18,648 - urllib3.connectionpool - Starting new HTTP connection (1): 103.207.38.11:3128
2021-08-06 22:07:19,164 - urllib3.connectionpool - Starting new HTTP connection (1): 176.98.95.105:32018
2021-08-06 22:07:19,680 - urllib3.connectionpool - Starting new HTTP connection (1): 154.0.15.166:46547
2021-08-06 22:07:20,198 - urllib3.connectionpool - Starting new HTTP connection (1): 113.160.37.152:53281
2021-08-06 22:07:20,868 - urllib3.connectionpool - Starting new HTTP connection (1): 190.7.141.66:47576
2021-08-06 22:07:21,384 - urllib3.connectionpool - Starting new HTTP connection (1): 37.26.136.181:52271
2021-08-06 22:07:21,904 - urllib3.connectionpool - Starting new HTTP connection (1): 43.224.8.12:6666
2021-08-06 22:07:22,415 - urllib3.connectionpool - Starting new HTTP connection (1): 35.239.150.193:8080
2021-08-06 22:07:23,228 - urllib3.connectionpool - Starting new HTTP connection (1): 212.43.123.18:41258
2021-08-06 22:07:23,745 - urllib3.connectionpool - Starting new HTTP connection (1): 109.167.134.253:30710
2021-08-06 22:07:24,264 - urllib3.connectionpool - Starting new HTTP connection (1): 103.15.140.177:44759
2021-08-06 22:07:24,779 - urllib3.connectionpool - Starting new HTTP connection (1): 46.10.199.90:54567
2021-08-06 22:07:25,572 - urllib3.connectionpool - Starting new HTTP connection (1): 132.248.26.145:8080
2021-08-06 22:07:26,090 - urllib3.connectionpool - Starting new HTTP connection (1): 103.110.91.242:3128
2021-08-06 22:07:26,607 - urllib3.connectionpool - Starting new HTTP connection (1): 90.69.164.26:3128
2021-08-06 22:07:27,118 - urllib3.connectionpool - Starting new HTTP connection (1): 65.21.3.120:80
2021-08-06 22:07:27,620 - urllib3.connectionpool - Starting new HTTP connection (1): 195.182.152.238:38178
2021-08-06 22:07:28,314 - urllib3.connectionpool - Starting new HTTP connection (1): 37.17.38.196:53281
2021-08-06 22:07:28,825 - urllib3.connectionpool - Starting new HTTP connection (1): 193.242.151.45:8080
2021-08-06 22:07:29,333 - urllib3.connectionpool - Starting new HTTP connection (1): 171.97.55.107:55443
2021-08-06 22:07:29,963 - urllib3.connectionpool - Starting new HTTP connection (1): 190.57.143.66:50719
2021-08-06 22:07:30,474 - urllib3.connectionpool - Starting new HTTP connection (1): 140.227.67.135:6000
2021-08-06 22:07:30,994 - urllib3.connectionpool - Starting new HTTP connection (1): 13.229.47.250:8118
2021-08-06 22:07:31,502 - urllib3.connectionpool - http://13.229.47.250:8118 "GET http://www.google.com/ HTTP/1.1" 503 None
2021-08-06 22:07:31,504 - urllib3.connectionpool - Starting new HTTP connection (1): 187.44.167.78:60786
2021-08-06 22:07:32,023 - urllib3.connectionpool - Starting new HTTP connection (1): 36.67.27.189:39674
2021-08-06 22:07:32,536 - urllib3.connectionpool - Starting new HTTP connection (1): 109.238.222.5:40387
2021-08-06 22:07:33,051 - urllib3.connectionpool - Starting new HTTP connection (1): 54.193.134.2:20096
2021-08-06 22:07:33,565 - urllib3.connectionpool - Starting new HTTP connection (1): 217.147.1.102:40998
2021-08-06 22:07:34,081 - urllib3.connectionpool - Starting new HTTP connection (1): 104.148.87.162:3129
2021-08-06 22:07:34,872 - urllib3.connectionpool - Starting new HTTP connection (1): 191.100.28.115:8080
2021-08-06 22:07:35,385 - urllib3.connectionpool - Starting new HTTP connection (1): 190.95.214.178:8080
2021-08-06 22:07:36,209 - urllib3.connectionpool - Starting new HTTP connection (1): 178.66.182.76:3128
2021-08-06 22:07:36,726 - urllib3.connectionpool - Starting new HTTP connection (1): 202.218.133.140:8080
2021-08-06 22:07:37,050 - urllib3.connectionpool - http://202.218.133.140:8080 "GET http://www.google.com/ HTTP/1.1" 407 2365
2021-08-06 22:07:37,053 - urllib3.connectionpool - Starting new HTTP connection (1): 202.218.133.140:8080
2021-08-06 22:07:37,429 - urllib3.connectionpool - http://202.218.133.140:8080 "GET http://www.google.com/ HTTP/1.1" 200 None
2021-08-06 22:07:37,431 - urllib3.connectionpool - Starting new HTTPS connection (1): www.zavvi.com:443
2021-08-06 22:07:38,337 - urllib3.connectionpool - https://www.zavvi.com:443 "GET /funko/pop-vinyl.list?autocomplete=searchsuggestion&pageNumber=1&sortOrder=releaseDate HTTP/1.1" 200 None
2021-08-06 22:07:48,117 - urllib3.connectionpool - Starting new HTTPS connection (1): www.zavvi.com:443
2021-08-06 22:07:48,994 - urllib3.connectionpool - https://www.zavvi.com:443 "GET /funko/pop-vinyl.list?autocomplete=searchsuggestion&pageNumber=1&sortOrder=releaseDate HTTP/1.1" 200 None
2021-08-06 22:07:51,998 - urllib3.connectionpool - Starting new HTTPS connection (1): www.zavvi.com:443
2021-08-06 22:07:52,892 - urllib3.connectionpool - https://www.zavvi.com:443 "GET /funko/pop-vinyl.list?autocomplete=searchsuggestion&pageNumber=1&sortOrder=releaseDate HTTP/1.1" 200 None
2021-08-06 22:07:56,318 - urllib3.connectionpool - Starting new HTTPS connection (1): www.zavvi.com:443
2021-08-06 22:07:57,215 - urllib3.connectionpool - https://www.zavvi.com:443 "GET /funko/pop-vinyl.list?autocomplete=searchsuggestion&pageNumber=1&sortOrder=releaseDate HTTP/1.1" 200 None
2021-08-06 22:08:01,460 - urllib3.connectionpool - Starting new HTTPS connection (1): www.zavvi.com:443
2021-08-06 22:08:02,540 - urllib3.connectionpool - https://www.zavvi.com:443 "GET /funko/pop-vinyl.list?autocomplete=searchsuggestion&pageNumber=1&sortOrder=releaseDate HTTP/1.1" 200 None
2021-08-06 22:08:06,074 - urllib3.connectionpool - Starting new HTTPS connection (1): www.zavvi.com:443
2021-08-06 22:08:07,333 - urllib3.connectionpool - https://www.zavvi.com:443 "GET /funko/pop-vinyl.list?autocomplete=searchsuggestion&pageNumber=1&sortOrder=releaseDate HTTP/1.1" 200 None
2021-08-06 22:09:27,934 - dotenv.main - Python-dotenv could not parse statement starting at line 14
2021-08-06 22:09:27,935 - root - Successfully started monitor
2021-08-06 22:09:27,938 - urllib3.connectionpool - Starting new HTTPS connection (1): discord.com:443
2021-08-06 22:09:28,487 - urllib3.connectionpool - https://discord.com:443 "POST /api/webhooks/850392839053639690/65cKLltyuopds0GR5ElwNaeKmhGKmEuXlILxyTidy5Yup0ZfrMMYbNIXK21qa8kcHlKk HTTP/1.1" 204 0
2021-08-06 22:09:28,489 - root - Payload delivered successfully, code 204.
2021-08-06 22:09:28,491 - urllib3.connectionpool - Starting new HTTPS connection (1): www.sslproxies.org:443
2021-08-06 22:09:28,664 - urllib3.connectionpool - https://www.sslproxies.org:443 "GET / HTTP/1.1" 200 None
2021-08-06 22:09:28,677 - urllib3.connectionpool - Starting new HTTP connection (1): 130.61.236.104:80
2021-08-06 22:09:29,186 - urllib3.connectionpool - Starting new HTTPS connection (1): www.sslproxies.org:443
2021-08-06 22:09:29,351 - urllib3.connectionpool - https://www.sslproxies.org:443 "GET / HTTP/1.1" 200 None
2021-08-06 22:09:29,368 - urllib3.connectionpool - Starting new HTTP connection (1): 221.120.210.211:39617
2021-08-06 22:09:29,880 - urllib3.connectionpool - Starting new HTTP connection (1): 119.81.189.194:80
2021-08-06 22:09:30,101 - urllib3.connectionpool - http://119.81.189.194:80 "GET http://www.google.com/ HTTP/1.1" 403 0
2021-08-06 22:09:30,105 - urllib3.connectionpool - Starting new HTTP connection (1): 119.81.189.194:80
2021-08-06 22:09:30,356 - urllib3.connectionpool - http://119.81.189.194:80 "GET http://www.google.com/ HTTP/1.1" 403 0
2021-08-06 22:09:30,358 - urllib3.connectionpool - Starting new HTTPS connection (1): www.zavvi.com:443
2021-08-06 22:09:31,435 - urllib3.connectionpool - https://www.zavvi.com:443 "GET /funko/pop-vinyl.list?autocomplete=searchsuggestion&pageNumber=1&sortOrder=releaseDate HTTP/1.1" 200 None
2021-08-06 22:09:36,516 - urllib3.connectionpool - Starting new HTTPS connection (1): discord.com:443
2021-08-06 22:09:37,019 - urllib3.connectionpool - https://discord.com:443 "POST /api/webhooks/850392839053639690/65cKLltyuopds0GR5ElwNaeKmhGKmEuXlILxyTidy5Yup0ZfrMMYbNIXK21qa8kcHlKk HTTP/1.1" 204 0
2021-08-06 22:09:37,023 - root - Payload delivered successfully, code 204.
2021-08-06 22:09:37,028 - urllib3.connectionpool - Starting new HTTPS connection (1): discord.com:443
2021-08-06 22:09:37,560 - urllib3.connectionpool - https://discord.com:443 "POST /api/webhooks/850392839053639690/65cKLltyuopds0GR5ElwNaeKmhGKmEuXlILxyTidy5Yup0ZfrMMYbNIXK21qa8kcHlKk HTTP/1.1" 204 0
2021-08-06 22:09:37,567 - root - Payload delivered successfully, code 204.
2021-08-06 22:09:37,573 - urllib3.connectionpool - Starting new HTTPS connection (1): discord.com:443
2021-08-06 22:09:38,204 - urllib3.connectionpool - https://discord.com:443 "POST /api/webhooks/850392839053639690/65cKLltyuopds0GR5ElwNaeKmhGKmEuXlILxyTidy5Yup0ZfrMMYbNIXK21qa8kcHlKk HTTP/1.1" 204 0
2021-08-06 22:09:38,206 - root - Payload delivered successfully, code 204.
2021-08-06 22:09:38,208 - urllib3.connectionpool - Starting new HTTPS connection (1): discord.com:443
2021-08-06 22:09:38,758 - urllib3.connectionpool - https://discord.com:443 "POST /api/webhooks/850392839053639690/65cKLltyuopds0GR5ElwNaeKmhGKmEuXlILxyTidy5Yup0ZfrMMYbNIXK21qa8kcHlKk HTTP/1.1" 204 0
2021-08-06 22:09:38,761 - root - Payload delivered successfully, code 204.
2021-08-06 22:09:38,768 - urllib3.connectionpool - Starting new HTTPS connection (1): discord.com:443
2021-08-06 22:09:39,398 - urllib3.connectionpool - https://discord.com:443 "POST /api/webhooks/850392839053639690/65cKLltyuopds0GR5ElwNaeKmhGKmEuXlILxyTidy5Yup0ZfrMMYbNIXK21qa8kcHlKk HTTP/1.1" 204 0
2021-08-06 22:09:39,401 - root - Payload delivered successfully, code 204.
2021-08-06 22:09:51,130 - dotenv.main - Python-dotenv could not parse statement starting at line 14
2021-08-06 22:09:51,131 - root - Successfully started monitor
2021-08-06 22:09:51,134 - urllib3.connectionpool - Starting new HTTPS connection (1): discord.com:443
2021-08-06 22:09:51,688 - urllib3.connectionpool - https://discord.com:443 "POST /api/webhooks/850392839053639690/65cKLltyuopds0GR5ElwNaeKmhGKmEuXlILxyTidy5Yup0ZfrMMYbNIXK21qa8kcHlKk HTTP/1.1" 204 0
2021-08-06 22:09:51,690 - root - Payload delivered successfully, code 204.
2021-08-06 22:09:51,694 - urllib3.connectionpool - Starting new HTTPS connection (1): www.sslproxies.org:443
2021-08-06 22:09:51,886 - urllib3.connectionpool - https://www.sslproxies.org:443 "GET / HTTP/1.1" 200 None
2021-08-06 22:09:51,901 - urllib3.connectionpool - Starting new HTTP connection (1): 130.61.236.104:80
2021-08-06 22:09:52,413 - urllib3.connectionpool - Starting new HTTPS connection (1): www.sslproxies.org:443
2021-08-06 22:09:52,570 - urllib3.connectionpool - https://www.sslproxies.org:443 "GET / HTTP/1.1" 200 None
2021-08-06 22:09:52,584 - urllib3.connectionpool - Starting new HTTP connection (1): 94.73.205.1:55443
2021-08-06 22:09:53,103 - urllib3.connectionpool - Starting new HTTP connection (1): 37.17.38.196:53281
2021-08-06 22:09:53,617 - urllib3.connectionpool - Starting new HTTP connection (1): 91.211.107.204:41258
2021-08-06 22:09:54,131 - urllib3.connectionpool - Starting new HTTP connection (1): 200.116.198.177:35184
2021-08-06 22:09:54,648 - urllib3.connectionpool - Starting new HTTP connection (1): 200.105.215.18:33630
2021-08-06 22:09:55,163 - urllib3.connectionpool - Starting new HTTP connection (1): 113.160.37.152:53281
2021-08-06 22:09:55,682 - urllib3.connectionpool - Starting new HTTP connection (1): 65.21.3.120:80
2021-08-06 22:09:56,200 - urllib3.connectionpool - Starting new HTTP connection (1): 130.61.236.104:80
2021-08-06 22:09:56,708 - urllib3.connectionpool - Starting new HTTP connection (1): 191.241.226.230:53281
2021-08-06 22:09:57,224 - urllib3.connectionpool - Starting new HTTP connection (1): 85.198.250.135:3128
2021-08-06 22:09:57,730 - urllib3.connectionpool - Starting new HTTP connection (1): 186.96.114.245:55443
2021-08-06 22:09:58,248 - urllib3.connectionpool - Starting new HTTP connection (1): 109.238.222.5:40387
2021-08-06 22:09:58,758 - urllib3.connectionpool - Starting new HTTP connection (1): 41.254.52.188:8080
2021-08-06 22:09:59,283 - urllib3.connectionpool - Starting new HTTP connection (1): 169.57.1.84:80
2021-08-06 22:10:00,123 - urllib3.connectionpool - Starting new HTTP connection (1): 140.227.67.200:3128
2021-08-06 22:10:00,639 - urllib3.connectionpool - Starting new HTTP connection (1): 85.133.130.18:8080
2021-08-06 22:10:01,149 - urllib3.connectionpool - Starting new HTTP connection (1): 35.239.150.193:8080
2021-08-06 22:10:01,963 - urllib3.connectionpool - Starting new HTTP connection (1): 185.104.252.10:9090
2021-08-06 22:10:02,482 - urllib3.connectionpool - Starting new HTTP connection (1): 36.67.27.189:39674
2021-08-06 22:10:02,998 - urllib3.connectionpool - Starting new HTTP connection (1): 190.152.17.62:55443
2021-08-06 22:10:03,506 - urllib3.connectionpool - Starting new HTTP connection (1): 103.110.91.242:3128
2021-08-06 22:10:04,024 - urllib3.connectionpool - Starting new HTTP connection (1): 200.54.194.12:53281
2021-08-06 22:10:04,541 - urllib3.connectionpool - Starting new HTTP connection (1): 221.120.210.211:39617
2021-08-06 22:10:05,055 - urllib3.connectionpool - Starting new HTTP connection (1): 89.250.221.106:53281
2021-08-06 22:10:05,575 - urllib3.connectionpool - Starting new HTTP connection (1): 114.6.88.238:60811
2021-08-06 22:10:06,218 - urllib3.connectionpool - Starting new HTTP connection (1): 180.150.205.162:8080
2021-08-06 22:10:06,736 - urllib3.connectionpool - Starting new HTTP connection (1): 103.79.155.42:46977
2021-08-06 22:10:07,251 - urllib3.connectionpool - Starting new HTTP connection (1): 88.255.102.98:8080
2021-08-06 22:10:07,770 - urllib3.connectionpool - Starting new HTTP connection (1): 121.139.218.165:31409
2021-08-06 22:10:08,676 - urllib3.connectionpool - Starting new HTTP connection (1): 54.193.134.2:20096
2021-08-06 22:10:09,192 - urllib3.connectionpool - Starting new HTTP connection (1): 103.121.199.142:8080
2021-08-06 22:10:09,705 - urllib3.connectionpool - Starting new HTTP connection (1): 61.197.126.54:8080
2021-08-06 22:10:10,168 - urllib3.connectionpool - http://61.197.126.54:8080 "GET http://www.google.com/ HTTP/1.1" 200 6384
2021-08-06 22:10:10,173 - urllib3.connectionpool - Starting new HTTP connection (1): 61.197.126.54:8080
2021-08-06 22:10:10,608 - urllib3.connectionpool - http://61.197.126.54:8080 "GET http://www.google.com/ HTTP/1.1" 200 6705
2021-08-06 22:10:10,614 - urllib3.connectionpool - Starting new HTTPS connection (1): www.zavvi.com:443
2021-08-06 22:10:11,482 - urllib3.connectionpool - https://www.zavvi.com:443 "GET /funko/pop-vinyl.list?autocomplete=searchsuggestion&pageNumber=1&sortOrder=releaseDate HTTP/1.1" 200 None
2021-08-06 22:10:15,206 - urllib3.connectionpool - Starting new HTTPS connection (1): discord.com:443
2021-08-06 22:10:15,712 - urllib3.connectionpool - https://discord.com:443 "POST /api/webhooks/850392839053639690/65cKLltyuopds0GR5ElwNaeKmhGKmEuXlILxyTidy5Yup0ZfrMMYbNIXK21qa8kcHlKk HTTP/1.1" 204 0
2021-08-06 22:10:15,723 - root - Payload delivered successfully, code 204.
2021-08-06 22:10:15,733 - urllib3.connectionpool - Starting new HTTPS connection (1): discord.com:443
2021-08-06 22:10:16,242 - urllib3.connectionpool - https://discord.com:443 "POST /api/webhooks/850392839053639690/65cKLltyuopds0GR5ElwNaeKmhGKmEuXlILxyTidy5Yup0ZfrMMYbNIXK21qa8kcHlKk HTTP/1.1" 204 0
2021-08-06 22:10:16,252 - root - Payload delivered successfully, code 204.
2021-08-06 22:10:16,260 - urllib3.connectionpool - Starting new HTTPS connection (1): discord.com:443
2021-08-06 22:10:16,774 - urllib3.connectionpool - https://discord.com:443 "POST /api/webhooks/850392839053639690/65cKLltyuopds0GR5ElwNaeKmhGKmEuXlILxyTidy5Yup0ZfrMMYbNIXK21qa8kcHlKk HTTP/1.1" 204 0
2021-08-06 22:10:16,782 - root - Payload delivered successfully, code 204.
2021-08-06 22:10:16,787 - urllib3.connectionpool - Starting new HTTPS connection (1): discord.com:443
2021-08-06 22:10:17,453 - urllib3.connectionpool - https://discord.com:443 "POST /api/webhooks/850392839053639690/65cKLltyuopds0GR5ElwNaeKmhGKmEuXlILxyTidy5Yup0ZfrMMYbNIXK21qa8kcHlKk HTTP/1.1" 204 0
2021-08-06 22:10:17,459 - root - Payload delivered successfully, code 204.
2021-08-06 22:10:17,466 - urllib3.connectionpool - Starting new HTTPS connection (1): discord.com:443
2021-08-06 22:10:18,183 - urllib3.connectionpool - https://discord.com:443 "POST /api/webhooks/850392839053639690/65cKLltyuopds0GR5ElwNaeKmhGKmEuXlILxyTidy5Yup0ZfrMMYbNIXK21qa8kcHlKk HTTP/1.1" 204 0
2021-08-06 22:10:18,186 - root - Payload delivered successfully, code 204.
2021-08-06 22:10:19,203 - urllib3.connectionpool - Starting new HTTPS connection (1): www.zavvi.com:443
2021-08-06 22:10:21,223 - urllib3.connectionpool - https://www.zavvi.com:443 "GET /funko/pop-vinyl.list?autocomplete=searchsuggestion&pageNumber=1&sortOrder=releaseDate HTTP/1.1" 200 None
2021-08-06 22:10:24,447 - urllib3.connectionpool - Starting new HTTPS connection (1): www.zavvi.com:443
2021-08-06 22:10:34,677 - dotenv.main - Python-dotenv could not parse statement starting at line 14
2021-08-06 22:10:34,678 - root - Successfully started monitor
2021-08-06 22:10:34,681 - urllib3.connectionpool - Starting new HTTPS connection (1): discord.com:443
2021-08-06 22:10:35,199 - urllib3.connectionpool - https://discord.com:443 "POST /api/webhooks/850392839053639690/65cKLltyuopds0GR5ElwNaeKmhGKmEuXlILxyTidy5Yup0ZfrMMYbNIXK21qa8kcHlKk HTTP/1.1" 204 0
2021-08-06 22:10:35,204 - root - Payload delivered successfully, code 204.
2021-08-06 22:10:35,210 - urllib3.connectionpool - Starting new HTTPS connection (1): www.sslproxies.org:443
2021-08-06 22:10:35,382 - urllib3.connectionpool - https://www.sslproxies.org:443 "GET / HTTP/1.1" 200 None
2021-08-06 22:10:35,395 - urllib3.connectionpool - Starting new HTTP connection (1): 130.61.236.104:80
2021-08-06 22:10:36,090 - urllib3.connectionpool - Starting new HTTPS connection (1): www.sslproxies.org:443
2021-08-06 22:10:36,260 - urllib3.connectionpool - https://www.sslproxies.org:443 "GET / HTTP/1.1" 200 None
2021-08-06 22:10:36,278 - urllib3.connectionpool - Starting new HTTP connection (1): 169.57.1.84:80
2021-08-06 22:10:36,790 - urllib3.connectionpool - Starting new HTTP connection (1): 176.98.95.105:32018
2021-08-06 22:10:37,313 - urllib3.connectionpool - Starting new HTTP connection (1): 181.115.168.3:59994
2021-08-06 22:10:37,823 - urllib3.connectionpool - Starting new HTTP connection (1): 20.81.62.32:3128
2021-08-06 22:10:38,335 - urllib3.connectionpool - Starting new HTTP connection (1): 144.217.101.245:3129
2021-08-06 22:10:38,850 - urllib3.connectionpool - Starting new HTTP connection (1): 41.254.52.188:8080
2021-08-06 22:10:39,369 - urllib3.connectionpool - Starting new HTTP connection (1): 89.250.221.106:53281
2021-08-06 22:10:39,884 - urllib3.connectionpool - Starting new HTTP connection (1): 36.89.182.193:39382
2021-08-06 22:10:40,406 - urllib3.connectionpool - Starting new HTTP connection (1): 36.89.194.113:40252
2021-08-06 22:10:40,916 - urllib3.connectionpool - Starting new HTTP connection (1): 183.88.219.206:41564
2021-08-06 22:10:41,429 - urllib3.connectionpool - Starting new HTTP connection (1): 37.26.136.181:52271
2021-08-06 22:10:41,948 - urllib3.connectionpool - Starting new HTTP connection (1): 36.255.211.1:54623
2021-08-06 22:10:42,465 - urllib3.connectionpool - Starting new HTTP connection (1): 109.167.134.253:30710
2021-08-06 22:10:42,986 - urllib3.connectionpool - Starting new HTTP connection (1): 119.81.189.194:80
2021-08-06 22:10:43,206 - urllib3.connectionpool - http://119.81.189.194:80 "GET http://www.google.com/ HTTP/1.1" 403 0
2021-08-06 22:10:43,209 - urllib3.connectionpool - Starting new HTTP connection (1): 119.81.189.194:80
2021-08-06 22:10:43,443 - urllib3.connectionpool - http://119.81.189.194:80 "GET http://www.google.com/ HTTP/1.1" 403 0
2021-08-06 22:10:43,445 - urllib3.connectionpool - Starting new HTTPS connection (1): www.zavvi.com:443
2021-08-06 22:10:44,307 - urllib3.connectionpool - https://www.zavvi.com:443 "GET /funko/pop-vinyl.list?autocomplete=searchsuggestion&pageNumber=1&sortOrder=releaseDate HTTP/1.1" 200 None
2021-08-06 22:10:46,522 - urllib3.connectionpool - Starting new HTTPS connection (1): discord.com:443
2021-08-06 22:10:47,105 - urllib3.connectionpool - https://discord.com:443 "POST /api/webhooks/850392839053639690/65cKLltyuopds0GR5ElwNaeKmhGKmEuXlILxyTidy5Yup0ZfrMMYbNIXK21qa8kcHlKk HTTP/1.1" 204 0
2021-08-06 22:10:47,108 - root - Payload delivered successfully, code 204.
2021-08-06 22:10:47,110 - urllib3.connectionpool - Starting new HTTPS connection (1): discord.com:443
2021-08-06 22:10:47,667 - urllib3.connectionpool - https://discord.com:443 "POST /api/webhooks/850392839053639690/65cKLltyuopds0GR5ElwNaeKmhGKmEuXlILxyTidy5Yup0ZfrMMYbNIXK21qa8kcHlKk HTTP/1.1" 204 0
2021-08-06 22:10:47,679 - root - Payload delivered successfully, code 204.
2021-08-06 22:10:47,685 - urllib3.connectionpool - Starting new HTTPS connection (1): discord.com:443
2021-08-06 22:10:48,442 - urllib3.connectionpool - https://discord.com:443 "POST /api/webhooks/850392839053639690/65cKLltyuopds0GR5ElwNaeKmhGKmEuXlILxyTidy5Yup0ZfrMMYbNIXK21qa8kcHlKk HTTP/1.1" 204 0
2021-08-06 22:10:48,444 - root - Payload delivered successfully, code 204.
2021-08-06 22:10:48,447 - urllib3.connectionpool - Starting new HTTPS connection (1): discord.com:443
2021-08-06 22:10:48,974 - urllib3.connectionpool - https://discord.com:443 "POST /api/webhooks/850392839053639690/65cKLltyuopds0GR5ElwNaeKmhGKmEuXlILxyTidy5Yup0ZfrMMYbNIXK21qa8kcHlKk HTTP/1.1" 204 0
2021-08-06 22:10:48,978 - root - Payload delivered successfully, code 204.
2021-08-06 22:10:48,981 - urllib3.connectionpool - Starting new HTTPS connection (1): discord.com:443
2021-08-06 22:10:49,492 - urllib3.connectionpool - https://discord.com:443 "POST /api/webhooks/850392839053639690/65cKLltyuopds0GR5ElwNaeKmhGKmEuXlILxyTidy5Yup0ZfrMMYbNIXK21qa8kcHlKk HTTP/1.1" 204 0
2021-08-06 22:10:49,498 - root - Payload delivered successfully, code 204.
2021-08-06 22:10:49,504 - urllib3.connectionpool - Starting new HTTPS connection (1): discord.com:443
2021-08-06 22:10:50,078 - urllib3.connectionpool - https://discord.com:443 "POST /api/webhooks/850392839053639690/65cKLltyuopds0GR5ElwNaeKmhGKmEuXlILxyTidy5Yup0ZfrMMYbNIXK21qa8kcHlKk HTTP/1.1" 204 0
2021-08-06 22:10:50,083 - root - Payload delivered successfully, code 204.
2021-08-06 22:10:50,085 - urllib3.connectionpool - Starting new HTTPS connection (1): discord.com:443
2021-08-06 22:10:50,591 - urllib3.connectionpool - https://discord.com:443 "POST /api/webhooks/850392839053639690/65cKLltyuopds0GR5ElwNaeKmhGKmEuXlILxyTidy5Yup0ZfrMMYbNIXK21qa8kcHlKk HTTP/1.1" 204 0
2021-08-06 22:10:50,593 - root - Payload delivered successfully, code 204.
2021-08-06 22:10:50,599 - urllib3.connectionpool - Starting new HTTPS connection (1): discord.com:443
2021-08-06 22:10:51,144 - urllib3.connectionpool - https://discord.com:443 "POST /api/webhooks/850392839053639690/65cKLltyuopds0GR5ElwNaeKmhGKmEuXlILxyTidy5Yup0ZfrMMYbNIXK21qa8kcHlKk HTTP/1.1" 204 0
2021-08-06 22:10:51,153 - root - Payload delivered successfully, code 204.
2021-08-06 22:10:51,158 - urllib3.connectionpool - Starting new HTTPS connection (1): discord.com:443
2021-08-06 22:10:51,757 - urllib3.connectionpool - https://discord.com:443 "POST /api/webhooks/850392839053639690/65cKLltyuopds0GR5ElwNaeKmhGKmEuXlILxyTidy5Yup0ZfrMMYbNIXK21qa8kcHlKk HTTP/1.1" 204 0
2021-08-06 22:10:51,760 - root - Payload delivered successfully, code 204.
2021-08-06 22:10:51,766 - urllib3.connectionpool - Starting new HTTPS connection (1): discord.com:443
2021-08-06 22:10:52,316 - urllib3.connectionpool - https://discord.com:443 "POST /api/webhooks/850392839053639690/65cKLltyuopds0GR5ElwNaeKmhGKmEuXlILxyTidy5Yup0ZfrMMYbNIXK21qa8kcHlKk HTTP/1.1" 204 0
2021-08-06 22:10:52,320 - root - Payload delivered successfully, code 204.
2021-08-06 22:10:52,323 - urllib3.connectionpool - Starting new HTTPS connection (1): discord.com:443
2021-08-06 22:10:53,037 - urllib3.connectionpool - https://discord.com:443 "POST /api/webhooks/850392839053639690/65cKLltyuopds0GR5ElwNaeKmhGKmEuXlILxyTidy5Yup0ZfrMMYbNIXK21qa8kcHlKk HTTP/1.1" 204 0
2021-08-06 22:10:53,045 - root - Payload delivered successfully, code 204.
2021-08-06 22:10:53,055 - urllib3.connectionpool - Starting new HTTPS connection (1): discord.com:443
2021-08-06 22:10:53,606 - urllib3.connectionpool - https://discord.com:443 "POST /api/webhooks/850392839053639690/65cKLltyuopds0GR5ElwNaeKmhGKmEuXlILxyTidy5Yup0ZfrMMYbNIXK21qa8kcHlKk HTTP/1.1" 204 0
2021-08-06 22:10:53,608 - root - Payload delivered successfully, code 204.
2021-08-06 22:10:53,611 - urllib3.connectionpool - Starting new HTTPS connection (1): discord.com:443
2021-08-06 22:10:54,093 - urllib3.connectionpool - https://discord.com:443 "POST /api/webhooks/850392839053639690/65cKLltyuopds0GR5ElwNaeKmhGKmEuXlILxyTidy5Yup0ZfrMMYbNIXK21qa8kcHlKk HTTP/1.1" 204 0
2021-08-06 22:10:54,095 - root - Payload delivered successfully, code 204.
2021-08-06 22:10:54,097 - urllib3.connectionpool - Starting new HTTPS connection (1): discord.com:443
2021-08-06 22:10:54,597 - urllib3.connectionpool - https://discord.com:443 "POST /api/webhooks/850392839053639690/65cKLltyuopds0GR5ElwNaeKmhGKmEuXlILxyTidy5Yup0ZfrMMYbNIXK21qa8kcHlKk HTTP/1.1" 204 0
2021-08-06 22:10:54,604 - root - Payload delivered successfully, code 204.
2021-08-06 22:10:54,611 - urllib3.connectionpool - Starting new HTTPS connection (1): discord.com:443
2021-08-06 22:10:55,230 - urllib3.connectionpool - https://discord.com:443 "POST /api/webhooks/850392839053639690/65cKLltyuopds0GR5ElwNaeKmhGKmEuXlILxyTidy5Yup0ZfrMMYbNIXK21qa8kcHlKk HTTP/1.1" 204 0
2021-08-06 22:10:55,232 - root - Payload delivered successfully, code 204.
2021-08-06 22:10:55,234 - urllib3.connectionpool - Starting new HTTPS connection (1): discord.com:443
2021-08-06 22:10:55,795 - urllib3.connectionpool - https://discord.com:443 "POST /api/webhooks/850392839053639690/65cKLltyuopds0GR5ElwNaeKmhGKmEuXlILxyTidy5Yup0ZfrMMYbNIXK21qa8kcHlKk HTTP/1.1" 204 0
2021-08-06 22:10:55,800 - root - Payload delivered successfully, code 204.
2021-08-06 22:10:55,804 - urllib3.connectionpool - Starting new HTTPS connection (1): discord.com:443
2021-08-06 22:10:56,325 - urllib3.connectionpool - https://discord.com:443 "POST /api/webhooks/850392839053639690/65cKLltyuopds0GR5ElwNaeKmhGKmEuXlILxyTidy5Yup0ZfrMMYbNIXK21qa8kcHlKk HTTP/1.1" 204 0
2021-08-06 22:10:56,329 - root - Payload delivered successfully, code 204.
2021-08-06 22:10:56,333 - urllib3.connectionpool - Starting new HTTPS connection (1): discord.com:443
2021-08-06 22:10:56,870 - urllib3.connectionpool - https://discord.com:443 "POST /api/webhooks/850392839053639690/65cKLltyuopds0GR5ElwNaeKmhGKmEuXlILxyTidy5Yup0ZfrMMYbNIXK21qa8kcHlKk HTTP/1.1" 204 0
2021-08-06 22:10:56,880 - root - Payload delivered successfully, code 204.
2021-08-06 22:10:56,890 - urllib3.connectionpool - Starting new HTTPS connection (1): discord.com:443
2021-08-06 22:10:57,459 - urllib3.connectionpool - https://discord.com:443 "POST /api/webhooks/850392839053639690/65cKLltyuopds0GR5ElwNaeKmhGKmEuXlILxyTidy5Yup0ZfrMMYbNIXK21qa8kcHlKk HTTP/1.1" 204 0
2021-08-06 22:10:57,464 - root - Payload delivered successfully, code 204.
2021-08-06 22:10:57,468 - urllib3.connectionpool - Starting new HTTPS connection (1): discord.com:443
2021-08-06 22:10:58,018 - urllib3.connectionpool - https://discord.com:443 "POST /api/webhooks/850392839053639690/65cKLltyuopds0GR5ElwNaeKmhGKmEuXlILxyTidy5Yup0ZfrMMYbNIXK21qa8kcHlKk HTTP/1.1" 204 0
2021-08-06 22:10:58,024 - root - Payload delivered successfully, code 204.
2021-08-06 22:10:58,031 - urllib3.connectionpool - Starting new HTTPS connection (1): discord.com:443
2021-08-06 22:10:58,571 - urllib3.connectionpool - https://discord.com:443 "POST /api/webhooks/850392839053639690/65cKLltyuopds0GR5ElwNaeKmhGKmEuXlILxyTidy5Yup0ZfrMMYbNIXK21qa8kcHlKk HTTP/1.1" 204 0
2021-08-06 22:10:58,577 - root - Payload delivered successfully, code 204.
2021-08-06 22:10:58,583 - urllib3.connectionpool - Starting new HTTPS connection (1): discord.com:443
2021-08-06 22:10:59,111 - urllib3.connectionpool - https://discord.com:443 "POST /api/webhooks/850392839053639690/65cKLltyuopds0GR5ElwNaeKmhGKmEuXlILxyTidy5Yup0ZfrMMYbNIXK21qa8kcHlKk HTTP/1.1" 204 0
2021-08-06 22:10:59,113 - root - Payload delivered successfully, code 204.
2021-08-06 22:10:59,115 - urllib3.connectionpool - Starting new HTTPS connection (1): discord.com:443
2021-08-06 22:10:59,615 - urllib3.connectionpool - https://discord.com:443 "POST /api/webhooks/850392839053639690/65cKLltyuopds0GR5ElwNaeKmhGKmEuXlILxyTidy5Yup0ZfrMMYbNIXK21qa8kcHlKk HTTP/1.1" 204 0
2021-08-06 22:10:59,618 - root - Payload delivered successfully, code 204.
2021-08-06 22:10:59,620 - urllib3.connectionpool - Starting new HTTPS connection (1): discord.com:443
2021-08-06 22:11:00,189 - urllib3.connectionpool - https://discord.com:443 "POST /api/webhooks/850392839053639690/65cKLltyuopds0GR5ElwNaeKmhGKmEuXlILxyTidy5Yup0ZfrMMYbNIXK21qa8kcHlKk HTTP/1.1" 204 0
2021-08-06 22:11:00,192 - root - Payload delivered successfully, code 204.
2021-08-06 22:11:00,197 - urllib3.connectionpool - Starting new HTTPS connection (1): discord.com:443
2021-08-06 22:11:00,728 - urllib3.connectionpool - https://discord.com:443 "POST /api/webhooks/850392839053639690/65cKLltyuopds0GR5ElwNaeKmhGKmEuXlILxyTidy5Yup0ZfrMMYbNIXK21qa8kcHlKk HTTP/1.1" 204 0
2021-08-06 22:11:00,732 - root - Payload delivered successfully, code 204.
2021-08-06 22:11:00,734 - urllib3.connectionpool - Starting new HTTPS connection (1): discord.com:443
2021-08-06 22:11:01,257 - urllib3.connectionpool - https://discord.com:443 "POST /api/webhooks/850392839053639690/65cKLltyuopds0GR5ElwNaeKmhGKmEuXlILxyTidy5Yup0ZfrMMYbNIXK21qa8kcHlKk HTTP/1.1" 204 0
2021-08-06 22:11:01,259 - root - Payload delivered successfully, code 204.
2021-08-06 22:11:01,264 - urllib3.connectionpool - Starting new HTTPS connection (1): discord.com:443
2021-08-06 22:11:01,783 - urllib3.connectionpool - https://discord.com:443 "POST /api/webhooks/850392839053639690/65cKLltyuopds0GR5ElwNaeKmhGKmEuXlILxyTidy5Yup0ZfrMMYbNIXK21qa8kcHlKk HTTP/1.1" 204 0
2021-08-06 22:11:01,792 - root - Payload delivered successfully, code 204.
2021-08-06 22:11:01,804 - urllib3.connectionpool - Starting new HTTPS connection (1): discord.com:443
2021-08-06 22:11:02,292 - urllib3.connectionpool - https://discord.com:443 "POST /api/webhooks/850392839053639690/65cKLltyuopds0GR5ElwNaeKmhGKmEuXlILxyTidy5Yup0ZfrMMYbNIXK21qa8kcHlKk HTTP/1.1" 204 0
2021-08-06 22:11:02,296 - root - Payload delivered successfully, code 204.
2021-08-06 22:11:02,303 - urllib3.connectionpool - Starting new HTTPS connection (1): discord.com:443
2021-08-06 22:11:03,036 - urllib3.connectionpool - https://discord.com:443 "POST /api/webhooks/850392839053639690/65cKLltyuopds0GR5ElwNaeKmhGKmEuXlILxyTidy5Yup0ZfrMMYbNIXK21qa8kcHlKk HTTP/1.1" 204 0
2021-08-06 22:11:03,040 - root - Payload delivered successfully, code 204.
2021-08-06 22:11:03,046 - urllib3.connectionpool - Starting new HTTPS connection (1): discord.com:443
2021-08-06 22:11:03,787 - urllib3.connectionpool - https://discord.com:443 "POST /api/webhooks/850392839053639690/65cKLltyuopds0GR5ElwNaeKmhGKmEuXlILxyTidy5Yup0ZfrMMYbNIXK21qa8kcHlKk HTTP/1.1" 429 92
2021-08-06 22:11:03,790 - root - 429 Client Error: Too Many Requests for url: https://discord.com/api/webhooks/850392839053639690/65cKLltyuopds0GR5ElwNaeKmhGKmEuXlILxyTidy5Yup0ZfrMMYbNIXK21qa8kcHlKk
2021-08-06 22:11:03,793 - urllib3.connectionpool - Starting new HTTPS connection (1): discord.com:443
2021-08-06 22:11:04,400 - urllib3.connectionpool - https://discord.com:443 "POST /api/webhooks/850392839053639690/65cKLltyuopds0GR5ElwNaeKmhGKmEuXlILxyTidy5Yup0ZfrMMYbNIXK21qa8kcHlKk HTTP/1.1" 429 92
2021-08-06 22:11:04,410 - root - 429 Client Error: Too Many Requests for url: https://discord.com/api/webhooks/850392839053639690/65cKLltyuopds0GR5ElwNaeKmhGKmEuXlILxyTidy5Yup0ZfrMMYbNIXK21qa8kcHlKk
2021-08-06 22:11:04,418 - urllib3.connectionpool - Starting new HTTPS connection (1): discord.com:443
2021-08-06 22:11:05,010 - urllib3.connectionpool - https://discord.com:443 "POST /api/webhooks/850392839053639690/65cKLltyuopds0GR5ElwNaeKmhGKmEuXlILxyTidy5Yup0ZfrMMYbNIXK21qa8kcHlKk HTTP/1.1" 429 92
2021-08-06 22:11:05,013 - root - 429 Client Error: Too Many Requests for url: https://discord.com/api/webhooks/850392839053639690/65cKLltyuopds0GR5ElwNaeKmhGKmEuXlILxyTidy5Yup0ZfrMMYbNIXK21qa8kcHlKk
2021-08-06 22:11:05,016 - urllib3.connectionpool - Starting new HTTPS connection (1): discord.com:443
2021-08-06 22:11:05,659 - urllib3.connectionpool - https://discord.com:443 "POST /api/webhooks/850392839053639690/65cKLltyuopds0GR5ElwNaeKmhGKmEuXlILxyTidy5Yup0ZfrMMYbNIXK21qa8kcHlKk HTTP/1.1" 429 92
2021-08-06 22:11:05,661 - root - 429 Client Error: Too Many Requests for url: https://discord.com/api/webhooks/850392839053639690/65cKLltyuopds0GR5ElwNaeKmhGKmEuXlILxyTidy5Yup0ZfrMMYbNIXK21qa8kcHlKk
2021-08-06 22:11:05,663 - urllib3.connectionpool - Starting new HTTPS connection (1): discord.com:443
2021-08-06 22:11:06,325 - urllib3.connectionpool - https://discord.com:443 "POST /api/webhooks/850392839053639690/65cKLltyuopds0GR5ElwNaeKmhGKmEuXlILxyTidy5Yup0ZfrMMYbNIXK21qa8kcHlKk HTTP/1.1" 429 92
2021-08-06 22:11:06,330 - root - 429 Client Error: Too Many Requests for url: https://discord.com/api/webhooks/850392839053639690/65cKLltyuopds0GR5ElwNaeKmhGKmEuXlILxyTidy5Yup0ZfrMMYbNIXK21qa8kcHlKk
2021-08-06 22:11:06,334 - urllib3.connectionpool - Starting new HTTPS connection (1): discord.com:443
2021-08-06 22:11:13,104 - dotenv.main - Python-dotenv could not parse statement starting at line 14
2021-08-06 22:11:13,104 - root - Successfully started monitor
2021-08-06 22:11:13,108 - urllib3.connectionpool - Starting new HTTPS connection (1): discord.com:443
2021-08-06 22:11:13,623 - urllib3.connectionpool - https://discord.com:443 "POST /api/webhooks/850392839053639690/65cKLltyuopds0GR5ElwNaeKmhGKmEuXlILxyTidy5Yup0ZfrMMYbNIXK21qa8kcHlKk HTTP/1.1" 429 92
2021-08-06 22:11:13,628 - root - 429 Client Error: Too Many Requests for url: https://discord.com/api/webhooks/850392839053639690/65cKLltyuopds0GR5ElwNaeKmhGKmEuXlILxyTidy5Yup0ZfrMMYbNIXK21qa8kcHlKk
2021-08-06 22:11:13,635 - urllib3.connectionpool - Starting new HTTPS connection (1): www.sslproxies.org:443
2021-08-06 22:11:13,821 - urllib3.connectionpool - https://www.sslproxies.org:443 "GET / HTTP/1.1" 200 None
2021-08-06 22:11:13,844 - urllib3.connectionpool - Starting new HTTP connection (1): 130.61.236.104:80
2021-08-06 22:11:14,560 - urllib3.connectionpool - Starting new HTTPS connection (1): www.sslproxies.org:443
2021-08-06 22:11:14,745 - urllib3.connectionpool - https://www.sslproxies.org:443 "GET / HTTP/1.1" 200 None
2021-08-06 22:11:14,758 - urllib3.connectionpool - Starting new HTTP connection (1): 181.115.168.3:59994
2021-08-06 22:11:15,281 - urllib3.connectionpool - Starting new HTTP connection (1): 161.202.226.194:80
2021-08-06 22:11:15,582 - urllib3.connectionpool - http://161.202.226.194:80 "GET http://www.google.com/ HTTP/1.1" 403 0
2021-08-06 22:11:15,590 - urllib3.connectionpool - Starting new HTTP connection (1): 161.202.226.194:80
2021-08-06 22:11:15,896 - urllib3.connectionpool - http://161.202.226.194:80 "GET http://www.google.com/ HTTP/1.1" 403 0
2021-08-06 22:11:15,900 - urllib3.connectionpool - Starting new HTTPS connection (1): www.zavvi.com:443
2021-08-06 22:11:54,015 - dotenv.main - Python-dotenv could not parse statement starting at line 14
2021-08-06 22:11:54,016 - root - Successfully started monitor
2021-08-06 22:11:54,019 - urllib3.connectionpool - Starting new HTTPS connection (1): discord.com:443
2021-08-06 22:11:54,569 - urllib3.connectionpool - https://discord.com:443 "POST /api/webhooks/850392839053639690/65cKLltyuopds0GR5ElwNaeKmhGKmEuXlILxyTidy5Yup0ZfrMMYbNIXK21qa8kcHlKk HTTP/1.1" 204 0
2021-08-06 22:11:54,573 - root - Payload delivered successfully, code 204.
2021-08-06 22:11:54,576 - urllib3.connectionpool - Starting new HTTPS connection (1): www.sslproxies.org:443
2021-08-06 22:11:54,839 - urllib3.connectionpool - https://www.sslproxies.org:443 "GET / HTTP/1.1" 200 None
2021-08-06 22:11:54,849 - urllib3.connectionpool - Starting new HTTP connection (1): 130.61.236.104:80
2021-08-06 22:11:55,366 - urllib3.connectionpool - Starting new HTTPS connection (1): www.sslproxies.org:443
2021-08-06 22:11:55,650 - urllib3.connectionpool - https://www.sslproxies.org:443 "GET / HTTP/1.1" 200 None
2021-08-06 22:11:55,670 - urllib3.connectionpool - Starting new HTTP connection (1): 103.121.199.142:8080
2021-08-06 22:11:56,186 - urllib3.connectionpool - Starting new HTTP connection (1): 154.0.15.166:46547
2021-08-06 22:11:56,699 - urllib3.connectionpool - Starting new HTTP connection (1): 113.160.37.152:53281
2021-08-06 22:11:57,213 - urllib3.connectionpool - Starting new HTTP connection (1): 190.95.214.178:8080
2021-08-06 22:11:57,724 - urllib3.connectionpool - Starting new HTTP connection (1): 178.66.182.76:3128
2021-08-06 22:11:58,229 - urllib3.connectionpool - Starting new HTTP connection (1): 61.197.126.54:8080
2021-08-06 22:11:58,665 - urllib3.connectionpool - http://61.197.126.54:8080 "GET http://www.google.com/ HTTP/1.1" 200 6323
2021-08-06 22:11:58,667 - urllib3.connectionpool - Starting new HTTP connection (1): 61.197.126.54:8080
2021-08-06 22:11:59,109 - urllib3.connectionpool - http://61.197.126.54:8080 "GET http://www.google.com/ HTTP/1.1" 200 6376
2021-08-06 22:11:59,111 - urllib3.connectionpool - Starting new HTTPS connection (1): www.zavvi.com:443
2021-08-06 22:12:00,229 - urllib3.connectionpool - https://www.zavvi.com:443 "GET /funko/pop-vinyl.list?autocomplete=searchsuggestion&pageNumber=1&sortOrder=releaseDate HTTP/1.1" 200 None
2021-08-06 22:12:02,668 - urllib3.connectionpool - Starting new HTTPS connection (1): discord.com:443
2021-08-06 22:12:03,197 - urllib3.connectionpool - https://discord.com:443 "POST /api/webhooks/850392839053639690/65cKLltyuopds0GR5ElwNaeKmhGKmEuXlILxyTidy5Yup0ZfrMMYbNIXK21qa8kcHlKk HTTP/1.1" 204 0
2021-08-06 22:12:03,201 - root - Payload delivered successfully, code 204.
2021-08-06 22:12:03,204 - urllib3.connectionpool - Starting new HTTPS connection (1): discord.com:443
2021-08-06 22:12:03,834 - urllib3.connectionpool - https://discord.com:443 "POST /api/webhooks/850392839053639690/65cKLltyuopds0GR5ElwNaeKmhGKmEuXlILxyTidy5Yup0ZfrMMYbNIXK21qa8kcHlKk HTTP/1.1" 204 0
2021-08-06 22:12:03,836 - root - Payload delivered successfully, code 204.
2021-08-06 22:12:03,841 - urllib3.connectionpool - Starting new HTTPS connection (1): discord.com:443
2021-08-06 22:12:04,350 - urllib3.connectionpool - https://discord.com:443 "POST /api/webhooks/850392839053639690/65cKLltyuopds0GR5ElwNaeKmhGKmEuXlILxyTidy5Yup0ZfrMMYbNIXK21qa8kcHlKk HTTP/1.1" 204 0
2021-08-06 22:12:04,356 - root - Payload delivered successfully, code 204.
2021-08-06 22:12:04,363 - urllib3.connectionpool - Starting new HTTPS connection (1): discord.com:443
2021-08-06 22:12:04,896 - urllib3.connectionpool - https://discord.com:443 "POST /api/webhooks/850392839053639690/65cKLltyuopds0GR5ElwNaeKmhGKmEuXlILxyTidy5Yup0ZfrMMYbNIXK21qa8kcHlKk HTTP/1.1" 204 0
2021-08-06 22:12:04,898 - root - Payload delivered successfully, code 204.
2021-08-06 22:12:04,903 - urllib3.connectionpool - Starting new HTTPS connection (1): discord.com:443
2021-08-06 22:12:05,715 - urllib3.connectionpool - https://discord.com:443 "POST /api/webhooks/850392839053639690/65cKLltyuopds0GR5ElwNaeKmhGKmEuXlILxyTidy5Yup0ZfrMMYbNIXK21qa8kcHlKk HTTP/1.1" 204 0
2021-08-06 22:12:05,717 - root - Payload delivered successfully, code 204.
2021-08-06 22:12:05,719 - urllib3.connectionpool - Starting new HTTPS connection (1): discord.com:443
2021-08-06 22:12:06,433 - urllib3.connectionpool - https://discord.com:443 "POST /api/webhooks/850392839053639690/65cKLltyuopds0GR5ElwNaeKmhGKmEuXlILxyTidy5Yup0ZfrMMYbNIXK21qa8kcHlKk HTTP/1.1" 204 0
2021-08-06 22:12:06,436 - root - Payload delivered successfully, code 204.
2021-08-06 22:12:06,439 - urllib3.connectionpool - Starting new HTTPS connection (1): discord.com:443
2021-08-06 22:12:07,023 - urllib3.connectionpool - https://discord.com:443 "POST /api/webhooks/850392839053639690/65cKLltyuopds0GR5ElwNaeKmhGKmEuXlILxyTidy5Yup0ZfrMMYbNIXK21qa8kcHlKk HTTP/1.1" 204 0
2021-08-06 22:12:07,030 - root - Payload delivered successfully, code 204.
2021-08-06 22:12:07,035 - urllib3.connectionpool - Starting new HTTPS connection (1): discord.com:443
2021-08-06 22:12:07,566 - urllib3.connectionpool - https://discord.com:443 "POST /api/webhooks/850392839053639690/65cKLltyuopds0GR5ElwNaeKmhGKmEuXlILxyTidy5Yup0ZfrMMYbNIXK21qa8kcHlKk HTTP/1.1" 204 0
2021-08-06 22:12:07,569 - root - Payload delivered successfully, code 204.
2021-08-06 22:12:07,572 - urllib3.connectionpool - Starting new HTTPS connection (1): discord.com:443
2021-08-06 22:12:08,077 - urllib3.connectionpool - https://discord.com:443 "POST /api/webhooks/850392839053639690/65cKLltyuopds0GR5ElwNaeKmhGKmEuXlILxyTidy5Yup0ZfrMMYbNIXK21qa8kcHlKk HTTP/1.1" 204 0
2021-08-06 22:12:08,080 - root - Payload delivered successfully, code 204.
2021-08-06 22:12:08,082 - urllib3.connectionpool - Starting new HTTPS connection (1): discord.com:443
2021-08-06 22:12:08,589 - urllib3.connectionpool - https://discord.com:443 "POST /api/webhooks/850392839053639690/65cKLltyuopds0GR5ElwNaeKmhGKmEuXlILxyTidy5Yup0ZfrMMYbNIXK21qa8kcHlKk HTTP/1.1" 204 0
2021-08-06 22:12:08,596 - root - Payload delivered successfully, code 204.
2021-08-06 22:12:08,601 - urllib3.connectionpool - Starting new HTTPS connection (1): discord.com:443
2021-08-06 22:12:09,278 - urllib3.connectionpool - https://discord.com:443 "POST /api/webhooks/850392839053639690/65cKLltyuopds0GR5ElwNaeKmhGKmEuXlILxyTidy5Yup0ZfrMMYbNIXK21qa8kcHlKk HTTP/1.1" 204 0
2021-08-06 22:12:09,280 - root - Payload delivered successfully, code 204.
2021-08-06 22:12:09,282 - urllib3.connectionpool - Starting new HTTPS connection (1): discord.com:443
2021-08-06 22:12:09,876 - urllib3.connectionpool - https://discord.com:443 "POST /api/webhooks/850392839053639690/65cKLltyuopds0GR5ElwNaeKmhGKmEuXlILxyTidy5Yup0ZfrMMYbNIXK21qa8kcHlKk HTTP/1.1" 204 0
2021-08-06 22:12:09,881 - root - Payload delivered successfully, code 204.
2021-08-06 22:12:09,886 - urllib3.connectionpool - Starting new HTTPS connection (1): discord.com:443
2021-08-06 22:12:10,406 - urllib3.connectionpool - https://discord.com:443 "POST /api/webhooks/850392839053639690/65cKLltyuopds0GR5ElwNaeKmhGKmEuXlILxyTidy5Yup0ZfrMMYbNIXK21qa8kcHlKk HTTP/1.1" 204 0
2021-08-06 22:12:10,411 - root - Payload delivered successfully, code 204.
2021-08-06 22:12:10,415 - urllib3.connectionpool - Starting new HTTPS connection (1): discord.com:443
2021-08-06 22:12:10,944 - urllib3.connectionpool - https://discord.com:443 "POST /api/webhooks/850392839053639690/65cKLltyuopds0GR5ElwNaeKmhGKmEuXlILxyTidy5Yup0ZfrMMYbNIXK21qa8kcHlKk HTTP/1.1" 204 0
2021-08-06 22:12:10,946 - root - Payload delivered successfully, code 204.
2021-08-06 22:12:10,949 - urllib3.connectionpool - Starting new HTTPS connection (1): discord.com:443
2021-08-06 22:12:11,528 - urllib3.connectionpool - https://discord.com:443 "POST /api/webhooks/850392839053639690/65cKLltyuopds0GR5ElwNaeKmhGKmEuXlILxyTidy5Yup0ZfrMMYbNIXK21qa8kcHlKk HTTP/1.1" 204 0
2021-08-06 22:12:11,530 - root - Payload delivered successfully, code 204.
2021-08-06 22:12:11,534 - urllib3.connectionpool - Starting new HTTPS connection (1): discord.com:443
2021-08-06 22:13:27,955 - dotenv.main - Python-dotenv could not parse statement starting at line 14
2021-08-06 22:13:27,956 - root - Successfully started monitor
2021-08-06 22:13:27,959 - urllib3.connectionpool - Starting new HTTPS connection (1): discord.com:443
2021-08-06 22:13:28,541 - urllib3.connectionpool - https://discord.com:443 "POST /api/webhooks/850392839053639690/65cKLltyuopds0GR5ElwNaeKmhGKmEuXlILxyTidy5Yup0ZfrMMYbNIXK21qa8kcHlKk HTTP/1.1" 204 0
2021-08-06 22:13:28,543 - root - Payload delivered successfully, code 204.
2021-08-06 22:13:28,545 - urllib3.connectionpool - Starting new HTTPS connection (1): www.sslproxies.org:443
2021-08-06 22:13:29,438 - urllib3.connectionpool - https://www.sslproxies.org:443 "GET / HTTP/1.1" 200 None
2021-08-06 22:13:29,448 - urllib3.connectionpool - Starting new HTTP connection (1): 130.61.236.104:80
2021-08-06 22:13:29,953 - urllib3.connectionpool - Starting new HTTPS connection (1): www.sslproxies.org:443
2021-08-06 22:13:30,112 - urllib3.connectionpool - https://www.sslproxies.org:443 "GET / HTTP/1.1" 200 None
2021-08-06 22:13:30,132 - urllib3.connectionpool - Starting new HTTP connection (1): 91.211.107.204:41258
2021-08-06 22:13:30,645 - urllib3.connectionpool - Starting new HTTP connection (1): 190.109.168.241:40894
2021-08-06 22:13:31,148 - urllib3.connectionpool - Starting new HTTP connection (1): 202.218.133.140:8080
2021-08-06 22:13:31,625 - urllib3.connectionpool - http://202.218.133.140:8080 "GET http://www.google.com/ HTTP/1.1" 200 None
2021-08-06 22:13:31,627 - urllib3.connectionpool - Starting new HTTP connection (1): 202.218.133.140:8080
2021-08-06 22:13:32,306 - urllib3.connectionpool - Starting new HTTP connection (1): 202.150.150.210:8080
2021-08-06 22:13:32,822 - urllib3.connectionpool - Starting new HTTP connection (1): 131.221.98.98:55443
2021-08-06 22:13:33,325 - urllib3.connectionpool - Starting new HTTP connection (1): 75.188.225.212:8080
2021-08-06 22:13:33,830 - urllib3.connectionpool - Starting new HTTP connection (1): 36.89.194.113:40252
2021-08-06 22:13:34,349 - urllib3.connectionpool - Starting new HTTP connection (1): 79.143.87.140:9090
2021-08-06 22:13:35,025 - urllib3.connectionpool - Starting new HTTP connection (1): 91.195.156.241:3128
2021-08-06 22:13:35,541 - urllib3.connectionpool - Starting new HTTP connection (1): 50.246.120.125:8080
2021-08-06 22:13:36,067 - urllib3.connectionpool - Starting new HTTP connection (1): 121.139.218.165:31409
2021-08-06 22:13:36,579 - urllib3.connectionpool - Starting new HTTP connection (1): 178.66.182.76:3128
2021-08-06 22:13:37,096 - urllib3.connectionpool - Starting new HTTP connection (1): 103.110.91.242:3128
2021-08-06 22:13:37,599 - urllib3.connectionpool - Starting new HTTP connection (1): 140.227.67.200:3128
2021-08-06 22:13:38,108 - urllib3.connectionpool - Starting new HTTP connection (1): 101.109.255.17:43501
2021-08-06 22:13:38,625 - urllib3.connectionpool - Starting new HTTP connection (1): 191.241.226.230:53281
2021-08-06 22:13:39,145 - urllib3.connectionpool - Starting new HTTP connection (1): 114.134.188.124:55667
2021-08-06 22:13:39,654 - urllib3.connectionpool - Starting new HTTP connection (1): 65.21.3.120:80
2021-08-06 22:13:40,170 - urllib3.connectionpool - Starting new HTTP connection (1): 50.232.134.14:8080
2021-08-06 22:13:40,683 - urllib3.connectionpool - Starting new HTTP connection (1): 41.217.219.53:31398
2021-08-06 22:13:41,195 - urllib3.connectionpool - Starting new HTTP connection (1): 132.248.26.145:8080
2021-08-06 22:13:41,711 - urllib3.connectionpool - Starting new HTTP connection (1): 154.0.15.166:46547
2021-08-06 22:13:42,226 - urllib3.connectionpool - Starting new HTTP connection (1): 221.141.87.130:808
2021-08-06 22:13:42,733 - urllib3.connectionpool - Starting new HTTP connection (1): 82.208.143.194:21805
2021-08-06 22:13:43,208 - urllib3.connectionpool - Starting new HTTP connection (1): 43.224.8.12:6666
2021-08-06 22:13:43,715 - urllib3.connectionpool - Starting new HTTP connection (1): 90.69.164.26:3128
2021-08-06 22:13:44,230 - urllib3.connectionpool - Starting new HTTP connection (1): 41.222.209.12:808
2021-08-06 22:13:44,741 - urllib3.connectionpool - Starting new HTTP connection (1): 176.98.95.105:32018
2021-08-06 22:13:45,255 - urllib3.connectionpool - Starting new HTTP connection (1): 103.21.160.10:35101
2021-08-06 22:13:45,766 - urllib3.connectionpool - Starting new HTTP connection (1): 103.156.57.66:3127
2021-08-06 22:13:46,269 - urllib3.connectionpool - Starting new HTTP connection (1): 198.50.163.192:3129
2021-08-06 22:13:47,128 - urllib3.connectionpool - Starting new HTTP connection (1): 54.193.134.2:20096
2021-08-06 22:13:47,642 - urllib3.connectionpool - Starting new HTTP connection (1): 20.69.69.212:3128
2021-08-06 22:13:48,378 - urllib3.connectionpool - http://20.69.69.212:3128 "GET http://www.google.com/ HTTP/1.1" 200 5979
2021-08-06 22:13:48,382 - urllib3.connectionpool - Starting new HTTP connection (1): 20.69.69.212:3128
2021-08-06 22:13:49,024 - urllib3.connectionpool - http://20.69.69.212:3128 "GET http://www.google.com/ HTTP/1.1" 200 6019
2021-08-06 22:13:49,028 - urllib3.connectionpool - Starting new HTTPS connection (1): www.zavvi.com:443
2021-08-06 22:13:49,919 - urllib3.connectionpool - https://www.zavvi.com:443 "GET /funko/pop-vinyl.list?autocomplete=searchsuggestion&pageNumber=1&sortOrder=releaseDate HTTP/1.1" 200 None
2021-08-06 22:13:51,974 - urllib3.connectionpool - Starting new HTTPS connection (1): discord.com:443
2021-08-06 22:13:52,505 - urllib3.connectionpool - https://discord.com:443 "POST /api/webhooks/850392839053639690/65cKLltyuopds0GR5ElwNaeKmhGKmEuXlILxyTidy5Yup0ZfrMMYbNIXK21qa8kcHlKk HTTP/1.1" 204 0
2021-08-06 22:13:52,511 - root - Payload delivered successfully, code 204.
2021-08-06 22:13:52,514 - urllib3.connectionpool - Starting new HTTPS connection (1): discord.com:443
2021-08-06 22:13:53,695 - urllib3.connectionpool - https://discord.com:443 "POST /api/webhooks/850392839053639690/65cKLltyuopds0GR5ElwNaeKmhGKmEuXlILxyTidy5Yup0ZfrMMYbNIXK21qa8kcHlKk HTTP/1.1" 204 0
2021-08-06 22:13:53,701 - root - Payload delivered successfully, code 204.
2021-08-06 22:13:53,708 - urllib3.connectionpool - Starting new HTTPS connection (1): discord.com:443
2021-08-06 22:13:54,302 - urllib3.connectionpool - https://discord.com:443 "POST /api/webhooks/850392839053639690/65cKLltyuopds0GR5ElwNaeKmhGKmEuXlILxyTidy5Yup0ZfrMMYbNIXK21qa8kcHlKk HTTP/1.1" 204 0
2021-08-06 22:13:54,311 - root - Payload delivered successfully, code 204.
2021-08-06 22:13:54,316 - urllib3.connectionpool - Starting new HTTPS connection (1): discord.com:443
2021-08-06 22:13:54,896 - urllib3.connectionpool - https://discord.com:443 "POST /api/webhooks/850392839053639690/65cKLltyuopds0GR5ElwNaeKmhGKmEuXlILxyTidy5Yup0ZfrMMYbNIXK21qa8kcHlKk HTTP/1.1" 204 0
2021-08-06 22:13:54,905 - root - Payload delivered successfully, code 204.
2021-08-06 22:13:54,910 - urllib3.connectionpool - Starting new HTTPS connection (1): discord.com:443
2021-08-06 22:13:55,413 - urllib3.connectionpool - https://discord.com:443 "POST /api/webhooks/850392839053639690/65cKLltyuopds0GR5ElwNaeKmhGKmEuXlILxyTidy5Yup0ZfrMMYbNIXK21qa8kcHlKk HTTP/1.1" 204 0
2021-08-06 22:13:55,420 - root - Payload delivered successfully, code 204.
2021-08-06 22:13:55,430 - urllib3.connectionpool - Starting new HTTPS connection (1): discord.com:443
2021-08-06 22:13:55,964 - urllib3.connectionpool - https://discord.com:443 "POST /api/webhooks/850392839053639690/65cKLltyuopds0GR5ElwNaeKmhGKmEuXlILxyTidy5Yup0ZfrMMYbNIXK21qa8kcHlKk HTTP/1.1" 204 0
2021-08-06 22:13:55,966 - root - Payload delivered successfully, code 204.
2021-08-06 22:13:55,969 - urllib3.connectionpool - Starting new HTTPS connection (1): discord.com:443
2021-08-06 22:13:56,511 - urllib3.connectionpool - https://discord.com:443 "POST /api/webhooks/850392839053639690/65cKLltyuopds0GR5ElwNaeKmhGKmEuXlILxyTidy5Yup0ZfrMMYbNIXK21qa8kcHlKk HTTP/1.1" 204 0
2021-08-06 22:13:56,514 - root - Payload delivered successfully, code 204.
2021-08-06 22:13:56,516 - urllib3.connectionpool - Starting new HTTPS connection (1): discord.com:443
2021-08-06 22:13:57,092 - urllib3.connectionpool - https://discord.com:443 "POST /api/webhooks/850392839053639690/65cKLltyuopds0GR5ElwNaeKmhGKmEuXlILxyTidy5Yup0ZfrMMYbNIXK21qa8kcHlKk HTTP/1.1" 204 0
2021-08-06 22:13:57,094 - root - Payload delivered successfully, code 204.
2021-08-06 22:13:57,096 - urllib3.connectionpool - Starting new HTTPS connection (1): discord.com:443
2021-08-06 22:13:57,619 - urllib3.connectionpool - https://discord.com:443 "POST /api/webhooks/850392839053639690/65cKLltyuopds0GR5ElwNaeKmhGKmEuXlILxyTidy5Yup0ZfrMMYbNIXK21qa8kcHlKk HTTP/1.1" 204 0
2021-08-06 22:13:57,622 - root - Payload delivered successfully, code 204.
2021-08-06 22:13:57,624 - urllib3.connectionpool - Starting new HTTPS connection (1): discord.com:443
2021-08-06 22:13:58,149 - urllib3.connectionpool - https://discord.com:443 "POST /api/webhooks/850392839053639690/65cKLltyuopds0GR5ElwNaeKmhGKmEuXlILxyTidy5Yup0ZfrMMYbNIXK21qa8kcHlKk HTTP/1.1" 204 0
2021-08-06 22:13:58,151 - root - Payload delivered successfully, code 204.
2021-08-06 22:13:58,154 - urllib3.connectionpool - Starting new HTTPS connection (1): discord.com:443
2021-08-06 22:13:58,813 - urllib3.connectionpool - https://discord.com:443 "POST /api/webhooks/850392839053639690/65cKLltyuopds0GR5ElwNaeKmhGKmEuXlILxyTidy5Yup0ZfrMMYbNIXK21qa8kcHlKk HTTP/1.1" 204 0
2021-08-06 22:13:58,815 - root - Payload delivered successfully, code 204.
2021-08-06 22:13:58,818 - urllib3.connectionpool - Starting new HTTPS connection (1): discord.com:443
2021-08-06 22:13:59,366 - urllib3.connectionpool - https://discord.com:443 "POST /api/webhooks/850392839053639690/65cKLltyuopds0GR5ElwNaeKmhGKmEuXlILxyTidy5Yup0ZfrMMYbNIXK21qa8kcHlKk HTTP/1.1" 204 0
2021-08-06 22:13:59,367 - root - Payload delivered successfully, code 204.
2021-08-06 22:13:59,371 - urllib3.connectionpool - Starting new HTTPS connection (1): discord.com:443
2021-08-06 22:14:18,528 - dotenv.main - Python-dotenv could not parse statement starting at line 14
2021-08-06 22:14:18,529 - root - Successfully started monitor
2021-08-06 22:14:18,535 - urllib3.connectionpool - Starting new HTTPS connection (1): discord.com:443
2021-08-06 22:14:19,051 - urllib3.connectionpool - https://discord.com:443 "POST /api/webhooks/850392839053639690/65cKLltyuopds0GR5ElwNaeKmhGKmEuXlILxyTidy5Yup0ZfrMMYbNIXK21qa8kcHlKk HTTP/1.1" 204 0
2021-08-06 22:14:19,054 - root - Payload delivered successfully, code 204.
2021-08-06 22:14:19,055 - urllib3.connectionpool - Starting new HTTPS connection (1): www.sslproxies.org:443
2021-08-06 22:14:19,217 - urllib3.connectionpool - https://www.sslproxies.org:443 "GET / HTTP/1.1" 200 None
2021-08-06 22:14:19,230 - urllib3.connectionpool - Starting new HTTP connection (1): 130.61.236.104:80
2021-08-06 22:14:19,739 - urllib3.connectionpool - Starting new HTTPS connection (1): www.sslproxies.org:443
2021-08-06 22:14:19,919 - urllib3.connectionpool - https://www.sslproxies.org:443 "GET / HTTP/1.1" 200 None
2021-08-06 22:14:19,933 - urllib3.connectionpool - Starting new HTTP connection (1): 36.67.27.189:39674
2021-08-06 22:14:20,444 - urllib3.connectionpool - Starting new HTTP connection (1): 190.109.168.241:40894
2021-08-06 22:14:20,960 - urllib3.connectionpool - Starting new HTTP connection (1): 103.79.155.42:46977
2021-08-06 22:14:21,475 - urllib3.connectionpool - Starting new HTTP connection (1): 183.88.219.206:41564
2021-08-06 22:14:21,978 - urllib3.connectionpool - Starting new HTTP connection (1): 103.215.177.153:8888
2021-08-06 22:14:22,496 - urllib3.connectionpool - Starting new HTTP connection (1): 37.26.136.181:52271
2021-08-06 22:14:23,012 - urllib3.connectionpool - Starting new HTTP connection (1): 14.207.120.139:8080
2021-08-06 22:14:23,530 - urllib3.connectionpool - Starting new HTTP connection (1): 212.43.123.18:41258
2021-08-06 22:14:24,044 - urllib3.connectionpool - Starting new HTTP connection (1): 94.153.242.174:3128
2021-08-06 22:14:24,557 - urllib3.connectionpool - Starting new HTTP connection (1): 202.150.150.210:8080
2021-08-06 22:14:25,464 - urllib3.connectionpool - Starting new HTTP connection (1): 35.239.150.193:8080
2021-08-06 22:14:25,979 - urllib3.connectionpool - Starting new HTTP connection (1): 88.255.102.98:8080
2021-08-06 22:14:26,496 - urllib3.connectionpool - Starting new HTTP connection (1): 103.110.91.242:3128
2021-08-06 22:14:27,011 - urllib3.connectionpool - Starting new HTTP connection (1): 182.253.21.26:46977
2021-08-06 22:14:27,633 - urllib3.connectionpool - Starting new HTTP connection (1): 191.241.226.230:53281
2021-08-06 22:14:28,151 - urllib3.connectionpool - Starting new HTTP connection (1): 130.61.236.104:80
2021-08-06 22:14:28,666 - urllib3.connectionpool - Starting new HTTP connection (1): 68.202.141.247:8080
2021-08-06 22:14:29,474 - urllib3.connectionpool - Starting new HTTP connection (1): 169.57.1.84:80
2021-08-06 22:14:29,991 - urllib3.connectionpool - Starting new HTTP connection (1): 171.97.55.107:55443
2021-08-06 22:14:30,505 - urllib3.connectionpool - Starting new HTTP connection (1): 200.105.215.18:33630
2021-08-06 22:14:31,024 - urllib3.connectionpool - Starting new HTTP connection (1): 190.211.105.86:55443
2021-08-06 22:14:31,886 - urllib3.connectionpool - Starting new HTTP connection (1): 103.9.188.229:36984
2021-08-06 22:14:32,396 - urllib3.connectionpool - Starting new HTTP connection (1): 36.89.182.193:39382
2021-08-06 22:14:32,918 - urllib3.connectionpool - Starting new HTTP connection (1): 186.96.114.245:55443
2021-08-06 22:14:33,434 - urllib3.connectionpool - Starting new HTTP connection (1): 132.248.26.145:8080
2021-08-06 22:14:34,162 - urllib3.connectionpool - http://132.248.26.145:8080 "GET http://www.google.com/ HTTP/1.1" 200 None
2021-08-06 22:14:34,164 - urllib3.connectionpool - Starting new HTTP connection (1): 132.248.26.145:8080
2021-08-06 22:14:34,901 - urllib3.connectionpool - http://132.248.26.145:8080 "GET http://www.google.com/ HTTP/1.1" 200 None
2021-08-06 22:14:34,907 - urllib3.connectionpool - Starting new HTTPS connection (1): www.zavvi.com:443
2021-08-06 22:14:35,793 - urllib3.connectionpool - https://www.zavvi.com:443 "GET /funko/pop-vinyl.list?autocomplete=searchsuggestion&pageNumber=1&sortOrder=releaseDate HTTP/1.1" 200 None
2021-08-06 22:14:41,698 - urllib3.connectionpool - Starting new HTTPS connection (1): discord.com:443
2021-08-06 22:14:42,285 - urllib3.connectionpool - https://discord.com:443 "POST /api/webhooks/850392839053639690/65cKLltyuopds0GR5ElwNaeKmhGKmEuXlILxyTidy5Yup0ZfrMMYbNIXK21qa8kcHlKk HTTP/1.1" 204 0
2021-08-06 22:14:42,294 - root - Payload delivered successfully, code 204.
2021-08-06 22:14:42,305 - urllib3.connectionpool - Starting new HTTPS connection (1): discord.com:443
2021-08-06 22:14:42,903 - urllib3.connectionpool - https://discord.com:443 "POST /api/webhooks/850392839053639690/65cKLltyuopds0GR5ElwNaeKmhGKmEuXlILxyTidy5Yup0ZfrMMYbNIXK21qa8kcHlKk HTTP/1.1" 204 0
2021-08-06 22:14:42,905 - root - Payload delivered successfully, code 204.
2021-08-06 22:14:42,908 - urllib3.connectionpool - Starting new HTTPS connection (1): discord.com:443
2021-08-06 22:14:43,422 - urllib3.connectionpool - https://discord.com:443 "POST /api/webhooks/850392839053639690/65cKLltyuopds0GR5ElwNaeKmhGKmEuXlILxyTidy5Yup0ZfrMMYbNIXK21qa8kcHlKk HTTP/1.1" 204 0
2021-08-06 22:14:43,424 - root - Payload delivered successfully, code 204.
2021-08-06 22:14:43,426 - urllib3.connectionpool - Starting new HTTPS connection (1): discord.com:443
2021-08-06 22:14:43,942 - urllib3.connectionpool - https://discord.com:443 "POST /api/webhooks/850392839053639690/65cKLltyuopds0GR5ElwNaeKmhGKmEuXlILxyTidy5Yup0ZfrMMYbNIXK21qa8kcHlKk HTTP/1.1" 204 0
2021-08-06 22:14:43,944 - root - Payload delivered successfully, code 204.
2021-08-06 22:14:43,947 - urllib3.connectionpool - Starting new HTTPS connection (1): discord.com:443
2021-08-06 22:14:44,490 - urllib3.connectionpool - https://discord.com:443 "POST /api/webhooks/850392839053639690/65cKLltyuopds0GR5ElwNaeKmhGKmEuXlILxyTidy5Yup0ZfrMMYbNIXK21qa8kcHlKk HTTP/1.1" 204 0
2021-08-06 22:14:44,493 - root - Payload delivered successfully, code 204.
2021-08-06 22:14:44,495 - urllib3.connectionpool - Starting new HTTPS connection (1): discord.com:443
2021-08-06 22:14:45,010 - urllib3.connectionpool - https://discord.com:443 "POST /api/webhooks/850392839053639690/65cKLltyuopds0GR5ElwNaeKmhGKmEuXlILxyTidy5Yup0ZfrMMYbNIXK21qa8kcHlKk HTTP/1.1" 204 0
2021-08-06 22:14:45,013 - root - Payload delivered successfully, code 204.
2021-08-06 22:14:45,020 - urllib3.connectionpool - Starting new HTTPS connection (1): discord.com:443
2021-08-06 22:14:45,564 - urllib3.connectionpool - https://discord.com:443 "POST /api/webhooks/850392839053639690/65cKLltyuopds0GR5ElwNaeKmhGKmEuXlILxyTidy5Yup0ZfrMMYbNIXK21qa8kcHlKk HTTP/1.1" 204 0
2021-08-06 22:14:45,567 - root - Payload delivered successfully, code 204.
2021-08-06 22:14:45,570 - urllib3.connectionpool - Starting new HTTPS connection (1): discord.com:443
2021-08-06 22:14:46,093 - urllib3.connectionpool - https://discord.com:443 "POST /api/webhooks/850392839053639690/65cKLltyuopds0GR5ElwNaeKmhGKmEuXlILxyTidy5Yup0ZfrMMYbNIXK21qa8kcHlKk HTTP/1.1" 204 0
2021-08-06 22:14:46,096 - root - Payload delivered successfully, code 204.
2021-08-06 22:14:46,102 - urllib3.connectionpool - Starting new HTTPS connection (1): discord.com:443
2021-08-06 22:14:46,632 - urllib3.connectionpool - https://discord.com:443 "POST /api/webhooks/850392839053639690/65cKLltyuopds0GR5ElwNaeKmhGKmEuXlILxyTidy5Yup0ZfrMMYbNIXK21qa8kcHlKk HTTP/1.1" 204 0
2021-08-06 22:14:46,634 - root - Payload delivered successfully, code 204.
2021-08-06 22:14:46,637 - urllib3.connectionpool - Starting new HTTPS connection (1): discord.com:443
2021-08-06 22:14:47,235 - urllib3.connectionpool - https://discord.com:443 "POST /api/webhooks/850392839053639690/65cKLltyuopds0GR5ElwNaeKmhGKmEuXlILxyTidy5Yup0ZfrMMYbNIXK21qa8kcHlKk HTTP/1.1" 204 0
2021-08-06 22:14:47,238 - root - Payload delivered successfully, code 204.
2021-08-06 22:14:47,241 - urllib3.connectionpool - Starting new HTTPS connection (1): discord.com:443
2021-08-06 22:14:47,782 - urllib3.connectionpool - https://discord.com:443 "POST /api/webhooks/850392839053639690/65cKLltyuopds0GR5ElwNaeKmhGKmEuXlILxyTidy5Yup0ZfrMMYbNIXK21qa8kcHlKk HTTP/1.1" 204 0
2021-08-06 22:14:47,784 - root - Payload delivered successfully, code 204.
2021-08-06 22:14:47,787 - urllib3.connectionpool - Starting new HTTPS connection (1): discord.com:443
2021-08-06 22:14:48,335 - urllib3.connectionpool - https://discord.com:443 "POST /api/webhooks/850392839053639690/65cKLltyuopds0GR5ElwNaeKmhGKmEuXlILxyTidy5Yup0ZfrMMYbNIXK21qa8kcHlKk HTTP/1.1" 204 0
2021-08-06 22:14:48,339 - root - Payload delivered successfully, code 204.
2021-08-06 22:14:48,341 - urllib3.connectionpool - Starting new HTTPS connection (1): discord.com:443
2021-08-06 22:14:48,879 - urllib3.connectionpool - https://discord.com:443 "POST /api/webhooks/850392839053639690/65cKLltyuopds0GR5ElwNaeKmhGKmEuXlILxyTidy5Yup0ZfrMMYbNIXK21qa8kcHlKk HTTP/1.1" 204 0
2021-08-06 22:14:48,883 - root - Payload delivered successfully, code 204.
2021-08-06 22:14:48,886 - urllib3.connectionpool - Starting new HTTPS connection (1): discord.com:443
2021-08-06 22:14:49,394 - urllib3.connectionpool - https://discord.com:443 "POST /api/webhooks/850392839053639690/65cKLltyuopds0GR5ElwNaeKmhGKmEuXlILxyTidy5Yup0ZfrMMYbNIXK21qa8kcHlKk HTTP/1.1" 204 0
2021-08-06 22:14:49,399 - root - Payload delivered successfully, code 204.
2021-08-06 22:14:49,401 - urllib3.connectionpool - Starting new HTTPS connection (1): discord.com:443
2021-08-06 22:14:49,918 - urllib3.connectionpool - https://discord.com:443 "POST /api/webhooks/850392839053639690/65cKLltyuopds0GR5ElwNaeKmhGKmEuXlILxyTidy5Yup0ZfrMMYbNIXK21qa8kcHlKk HTTP/1.1" 204 0
2021-08-06 22:14:49,923 - root - Payload delivered successfully, code 204.
2021-08-06 22:14:49,925 - urllib3.connectionpool - Starting new HTTPS connection (1): discord.com:443
2021-08-06 22:14:50,423 - urllib3.connectionpool - https://discord.com:443 "POST /api/webhooks/850392839053639690/65cKLltyuopds0GR5ElwNaeKmhGKmEuXlILxyTidy5Yup0ZfrMMYbNIXK21qa8kcHlKk HTTP/1.1" 204 0
2021-08-06 22:14:50,426 - root - Payload delivered successfully, code 204.
2021-08-06 22:14:50,431 - urllib3.connectionpool - Starting new HTTPS connection (1): discord.com:443
2021-08-06 22:15:37,005 - dotenv.main - Python-dotenv could not parse statement starting at line 14
2021-08-06 22:15:37,006 - root - Successfully started monitor
2021-08-06 22:15:37,009 - urllib3.connectionpool - Starting new HTTPS connection (1): discord.com:443
2021-08-06 22:15:37,538 - urllib3.connectionpool - https://discord.com:443 "POST /api/webhooks/850392839053639690/65cKLltyuopds0GR5ElwNaeKmhGKmEuXlILxyTidy5Yup0ZfrMMYbNIXK21qa8kcHlKk HTTP/1.1" 204 0
2021-08-06 22:15:37,544 - root - Payload delivered successfully, code 204.
2021-08-06 22:15:37,547 - urllib3.connectionpool - Starting new HTTPS connection (1): www.sslproxies.org:443
2021-08-06 22:15:37,715 - urllib3.connectionpool - https://www.sslproxies.org:443 "GET / HTTP/1.1" 200 None
2021-08-06 22:15:37,728 - urllib3.connectionpool - Starting new HTTP connection (1): 130.61.236.104:80
2021-08-06 22:15:38,239 - urllib3.connectionpool - Starting new HTTPS connection (1): www.sslproxies.org:443
2021-08-06 22:15:38,436 - urllib3.connectionpool - https://www.sslproxies.org:443 "GET / HTTP/1.1" 200 None
2021-08-06 22:15:38,462 - urllib3.connectionpool - Starting new HTTP connection (1): 178.66.182.76:3128
2021-08-06 22:15:38,972 - urllib3.connectionpool - Starting new HTTP connection (1): 191.100.28.115:8080
2021-08-06 22:15:39,790 - urllib3.connectionpool - Starting new HTTP connection (1): 36.255.211.1:54623
2021-08-06 22:15:40,302 - urllib3.connectionpool - Starting new HTTP connection (1): 103.207.38.11:3128
2021-08-06 22:15:40,820 - urllib3.connectionpool - Starting new HTTP connection (1): 191.241.226.230:53281
2021-08-06 22:15:41,730 - urllib3.connectionpool - Starting new HTTP connection (1): 46.10.199.90:54567
2021-08-06 22:15:42,244 - urllib3.connectionpool - Starting new HTTP connection (1): 95.140.27.135:58901
2021-08-06 22:15:42,756 - urllib3.connectionpool - Starting new HTTP connection (1): 103.215.177.153:8888
2021-08-06 22:15:43,270 - urllib3.connectionpool - Starting new HTTP connection (1): 131.221.98.98:55443
2021-08-06 22:15:43,797 - urllib3.connectionpool - Starting new HTTP connection (1): 88.255.102.98:8080
2021-08-06 22:15:44,310 - urllib3.connectionpool - Starting new HTTP connection (1): 200.54.194.12:53281
2021-08-06 22:15:44,819 - urllib3.connectionpool - Starting new HTTP connection (1): 210.2.135.254:3128
2021-08-06 22:15:45,470 - urllib3.connectionpool - http://210.2.135.254:3128 "GET http://www.google.com/ HTTP/1.1" 200 5926
2021-08-06 22:15:45,473 - urllib3.connectionpool - Starting new HTTP connection (1): 210.2.135.254:3128
2021-08-06 22:15:46,084 - urllib3.connectionpool - http://210.2.135.254:3128 "GET http://www.google.com/ HTTP/1.1" 200 5936
2021-08-06 22:15:46,088 - urllib3.connectionpool - Starting new HTTPS connection (1): www.zavvi.com:443
2021-08-06 22:15:47,163 - urllib3.connectionpool - https://www.zavvi.com:443 "GET /funko/pop-vinyl.list?autocomplete=searchsuggestion&pageNumber=1&sortOrder=releaseDate HTTP/1.1" 200 None
2021-08-06 22:15:49,779 - urllib3.connectionpool - Starting new HTTPS connection (1): discord.com:443
2021-08-06 22:15:50,328 - urllib3.connectionpool - https://discord.com:443 "POST /api/webhooks/850392839053639690/65cKLltyuopds0GR5ElwNaeKmhGKmEuXlILxyTidy5Yup0ZfrMMYbNIXK21qa8kcHlKk HTTP/1.1" 204 0
2021-08-06 22:15:50,332 - root - Payload delivered successfully, code 204.
2021-08-06 22:15:50,334 - urllib3.connectionpool - Starting new HTTPS connection (1): discord.com:443
2021-08-06 22:15:50,832 - urllib3.connectionpool - https://discord.com:443 "POST /api/webhooks/850392839053639690/65cKLltyuopds0GR5ElwNaeKmhGKmEuXlILxyTidy5Yup0ZfrMMYbNIXK21qa8kcHlKk HTTP/1.1" 204 0
2021-08-06 22:15:50,839 - root - Payload delivered successfully, code 204.
2021-08-06 22:15:50,849 - urllib3.connectionpool - Starting new HTTPS connection (1): discord.com:443
2021-08-06 22:15:51,413 - urllib3.connectionpool - https://discord.com:443 "POST /api/webhooks/850392839053639690/65cKLltyuopds0GR5ElwNaeKmhGKmEuXlILxyTidy5Yup0ZfrMMYbNIXK21qa8kcHlKk HTTP/1.1" 204 0
2021-08-06 22:15:51,416 - root - Payload delivered successfully, code 204.
2021-08-06 22:15:51,423 - urllib3.connectionpool - Starting new HTTPS connection (1): discord.com:443
2021-08-06 22:15:51,985 - urllib3.connectionpool - https://discord.com:443 "POST /api/webhooks/850392839053639690/65cKLltyuopds0GR5ElwNaeKmhGKmEuXlILxyTidy5Yup0ZfrMMYbNIXK21qa8kcHlKk HTTP/1.1" 204 0
2021-08-06 22:15:51,987 - root - Payload delivered successfully, code 204.
2021-08-06 22:15:51,988 - urllib3.connectionpool - Starting new HTTPS connection (1): discord.com:443
2021-08-06 22:15:52,507 - urllib3.connectionpool - https://discord.com:443 "POST /api/webhooks/850392839053639690/65cKLltyuopds0GR5ElwNaeKmhGKmEuXlILxyTidy5Yup0ZfrMMYbNIXK21qa8kcHlKk HTTP/1.1" 204 0
2021-08-06 22:15:52,514 - root - Payload delivered successfully, code 204.
2021-08-06 22:15:52,525 - urllib3.connectionpool - Starting new HTTPS connection (1): discord.com:443
2021-08-06 22:15:53,050 - urllib3.connectionpool - https://discord.com:443 "POST /api/webhooks/850392839053639690/65cKLltyuopds0GR5ElwNaeKmhGKmEuXlILxyTidy5Yup0ZfrMMYbNIXK21qa8kcHlKk HTTP/1.1" 204 0
2021-08-06 22:15:53,053 - root - Payload delivered successfully, code 204.
2021-08-06 22:15:53,056 - urllib3.connectionpool - Starting new HTTPS connection (1): discord.com:443
2021-08-06 22:15:53,560 - urllib3.connectionpool - https://discord.com:443 "POST /api/webhooks/850392839053639690/65cKLltyuopds0GR5ElwNaeKmhGKmEuXlILxyTidy5Yup0ZfrMMYbNIXK21qa8kcHlKk HTTP/1.1" 204 0
2021-08-06 22:15:53,566 - root - Payload delivered successfully, code 204.
2021-08-06 22:15:53,570 - urllib3.connectionpool - Starting new HTTPS connection (1): discord.com:443
2021-08-06 22:15:54,110 - urllib3.connectionpool - https://discord.com:443 "POST /api/webhooks/850392839053639690/65cKLltyuopds0GR5ElwNaeKmhGKmEuXlILxyTidy5Yup0ZfrMMYbNIXK21qa8kcHlKk HTTP/1.1" 204 0
2021-08-06 22:15:54,125 - root - Payload delivered successfully, code 204.
2021-08-06 22:15:54,135 - urllib3.connectionpool - Starting new HTTPS connection (1): discord.com:443
2021-08-06 22:15:54,789 - urllib3.connectionpool - https://discord.com:443 "POST /api/webhooks/850392839053639690/65cKLltyuopds0GR5ElwNaeKmhGKmEuXlILxyTidy5Yup0ZfrMMYbNIXK21qa8kcHlKk HTTP/1.1" 204 0
2021-08-06 22:15:54,793 - root - Payload delivered successfully, code 204.
2021-08-06 22:15:54,798 - urllib3.connectionpool - Starting new HTTPS connection (1): discord.com:443
2021-08-06 22:15:55,306 - urllib3.connectionpool - https://discord.com:443 "POST /api/webhooks/850392839053639690/65cKLltyuopds0GR5ElwNaeKmhGKmEuXlILxyTidy5Yup0ZfrMMYbNIXK21qa8kcHlKk HTTP/1.1" 204 0
2021-08-06 22:15:55,308 - root - Payload delivered successfully, code 204.
2021-08-06 22:15:55,310 - urllib3.connectionpool - Starting new HTTPS connection (1): discord.com:443
2021-08-06 22:15:55,934 - urllib3.connectionpool - https://discord.com:443 "POST /api/webhooks/850392839053639690/65cKLltyuopds0GR5ElwNaeKmhGKmEuXlILxyTidy5Yup0ZfrMMYbNIXK21qa8kcHlKk HTTP/1.1" 204 0
2021-08-06 22:15:55,936 - root - Payload delivered successfully, code 204.
2021-08-06 22:15:55,938 - urllib3.connectionpool - Starting new HTTPS connection (1): discord.com:443
2021-08-06 22:15:56,499 - urllib3.connectionpool - https://discord.com:443 "POST /api/webhooks/850392839053639690/65cKLltyuopds0GR5ElwNaeKmhGKmEuXlILxyTidy5Yup0ZfrMMYbNIXK21qa8kcHlKk HTTP/1.1" 204 0
2021-08-06 22:15:56,503 - root - Payload delivered successfully, code 204.
2021-08-06 22:15:56,507 - urllib3.connectionpool - Starting new HTTPS connection (1): discord.com:443
2021-08-06 22:15:57,043 - urllib3.connectionpool - https://discord.com:443 "POST /api/webhooks/850392839053639690/65cKLltyuopds0GR5ElwNaeKmhGKmEuXlILxyTidy5Yup0ZfrMMYbNIXK21qa8kcHlKk HTTP/1.1" 204 0
2021-08-06 22:15:57,046 - root - Payload delivered successfully, code 204.
2021-08-06 22:15:57,049 - urllib3.connectionpool - Starting new HTTPS connection (1): discord.com:443
2021-08-06 22:15:57,583 - urllib3.connectionpool - https://discord.com:443 "POST /api/webhooks/850392839053639690/65cKLltyuopds0GR5ElwNaeKmhGKmEuXlILxyTidy5Yup0ZfrMMYbNIXK21qa8kcHlKk HTTP/1.1" 204 0
2021-08-06 22:15:57,589 - root - Payload delivered successfully, code 204.
2021-08-06 22:15:57,594 - urllib3.connectionpool - Starting new HTTPS connection (1): discord.com:443
2021-08-06 22:15:58,288 - urllib3.connectionpool - https://discord.com:443 "POST /api/webhooks/850392839053639690/65cKLltyuopds0GR5ElwNaeKmhGKmEuXlILxyTidy5Yup0ZfrMMYbNIXK21qa8kcHlKk HTTP/1.1" 204 0
2021-08-06 22:15:58,291 - root - Payload delivered successfully, code 204.
2021-08-06 22:15:58,295 - urllib3.connectionpool - Starting new HTTPS connection (1): discord.com:443
2021-08-06 22:15:58,825 - urllib3.connectionpool - https://discord.com:443 "POST /api/webhooks/850392839053639690/65cKLltyuopds0GR5ElwNaeKmhGKmEuXlILxyTidy5Yup0ZfrMMYbNIXK21qa8kcHlKk HTTP/1.1" 204 0
2021-08-06 22:15:58,829 - root - Payload delivered successfully, code 204.
2021-08-06 22:15:58,834 - urllib3.connectionpool - Starting new HTTPS connection (1): discord.com:443
2021-08-06 22:15:59,382 - urllib3.connectionpool - https://discord.com:443 "POST /api/webhooks/850392839053639690/65cKLltyuopds0GR5ElwNaeKmhGKmEuXlILxyTidy5Yup0ZfrMMYbNIXK21qa8kcHlKk HTTP/1.1" 204 0
2021-08-06 22:15:59,384 - root - Payload delivered successfully, code 204.
2021-08-06 22:15:59,387 - urllib3.connectionpool - Starting new HTTPS connection (1): discord.com:443
2021-08-06 22:15:59,914 - urllib3.connectionpool - https://discord.com:443 "POST /api/webhooks/850392839053639690/65cKLltyuopds0GR5ElwNaeKmhGKmEuXlILxyTidy5Yup0ZfrMMYbNIXK21qa8kcHlKk HTTP/1.1" 204 0
2021-08-06 22:15:59,917 - root - Payload delivered successfully, code 204.
2021-08-06 22:15:59,920 - urllib3.connectionpool - Starting new HTTPS connection (1): discord.com:443
2021-08-06 22:16:00,653 - urllib3.connectionpool - https://discord.com:443 "POST /api/webhooks/850392839053639690/65cKLltyuopds0GR5ElwNaeKmhGKmEuXlILxyTidy5Yup0ZfrMMYbNIXK21qa8kcHlKk HTTP/1.1" 204 0
2021-08-06 22:16:00,655 - root - Payload delivered successfully, code 204.
2021-08-06 22:16:00,656 - urllib3.connectionpool - Starting new HTTPS connection (1): discord.com:443
2021-08-06 22:16:01,200 - urllib3.connectionpool - https://discord.com:443 "POST /api/webhooks/850392839053639690/65cKLltyuopds0GR5ElwNaeKmhGKmEuXlILxyTidy5Yup0ZfrMMYbNIXK21qa8kcHlKk HTTP/1.1" 204 0
2021-08-06 22:16:01,204 - root - Payload delivered successfully, code 204.
2021-08-06 22:16:01,209 - urllib3.connectionpool - Starting new HTTPS connection (1): discord.com:443
2021-08-06 22:16:01,767 - urllib3.connectionpool - https://discord.com:443 "POST /api/webhooks/850392839053639690/65cKLltyuopds0GR5ElwNaeKmhGKmEuXlILxyTidy5Yup0ZfrMMYbNIXK21qa8kcHlKk HTTP/1.1" 204 0
2021-08-06 22:16:01,769 - root - Payload delivered successfully, code 204.
2021-08-06 22:16:01,771 - urllib3.connectionpool - Starting new HTTPS connection (1): discord.com:443
2021-08-06 22:16:02,286 - urllib3.connectionpool - https://discord.com:443 "POST /api/webhooks/850392839053639690/65cKLltyuopds0GR5ElwNaeKmhGKmEuXlILxyTidy5Yup0ZfrMMYbNIXK21qa8kcHlKk HTTP/1.1" 204 0
2021-08-06 22:16:02,288 - root - Payload delivered successfully, code 204.
2021-08-06 22:16:02,290 - urllib3.connectionpool - Starting new HTTPS connection (1): discord.com:443
2021-08-06 22:16:02,812 - urllib3.connectionpool - https://discord.com:443 "POST /api/webhooks/850392839053639690/65cKLltyuopds0GR5ElwNaeKmhGKmEuXlILxyTidy5Yup0ZfrMMYbNIXK21qa8kcHlKk HTTP/1.1" 204 0
2021-08-06 22:16:02,820 - root - Payload delivered successfully, code 204.
2021-08-06 22:16:02,829 - urllib3.connectionpool - Starting new HTTPS connection (1): discord.com:443
2021-08-06 22:16:13,619 - dotenv.main - Python-dotenv could not parse statement starting at line 14
2021-08-06 22:16:13,620 - root - Successfully started monitor
2021-08-06 22:16:13,624 - urllib3.connectionpool - Starting new HTTPS connection (1): discord.com:443
2021-08-06 22:16:14,179 - urllib3.connectionpool - https://discord.com:443 "POST /api/webhooks/850392839053639690/65cKLltyuopds0GR5ElwNaeKmhGKmEuXlILxyTidy5Yup0ZfrMMYbNIXK21qa8kcHlKk HTTP/1.1" 204 0
2021-08-06 22:16:14,187 - root - Payload delivered successfully, code 204.
2021-08-06 22:16:14,196 - urllib3.connectionpool - Starting new HTTPS connection (1): www.sslproxies.org:443
2021-08-06 22:16:14,375 - urllib3.connectionpool - https://www.sslproxies.org:443 "GET / HTTP/1.1" 200 None
2021-08-06 22:16:14,385 - urllib3.connectionpool - Starting new HTTP connection (1): 130.61.236.104:80
2021-08-06 22:16:14,899 - urllib3.connectionpool - Starting new HTTPS connection (1): www.sslproxies.org:443
2021-08-06 22:16:15,069 - urllib3.connectionpool - https://www.sslproxies.org:443 "GET / HTTP/1.1" 200 None
2021-08-06 22:16:15,086 - urllib3.connectionpool - Starting new HTTP connection (1): 190.57.143.66:50719
2021-08-06 22:16:15,604 - urllib3.connectionpool - Starting new HTTP connection (1): 114.134.188.124:55667
2021-08-06 22:16:16,120 - urllib3.connectionpool - Starting new HTTP connection (1): 50.246.120.125:8080
2021-08-06 22:16:16,638 - urllib3.connectionpool - Starting new HTTP connection (1): 104.148.87.162:3129
2021-08-06 22:16:17,151 - urllib3.connectionpool - Starting new HTTP connection (1): 58.69.56.167:40531
2021-08-06 22:16:17,955 - urllib3.connectionpool - Starting new HTTP connection (1): 37.26.136.181:52271
2021-08-06 22:16:18,469 - urllib3.connectionpool - Starting new HTTP connection (1): 185.104.252.10:9090
2021-08-06 22:16:19,185 - urllib3.connectionpool - Starting new HTTP connection (1): 36.67.27.189:39674
2021-08-06 22:16:19,696 - urllib3.connectionpool - Starting new HTTP connection (1): 78.30.230.117:50932
2021-08-06 22:16:20,212 - urllib3.connectionpool - Starting new HTTP connection (1): 200.105.215.18:33630
2021-08-06 22:16:20,735 - urllib3.connectionpool - Starting new HTTP connection (1): 171.97.55.107:55443
2021-08-06 22:16:21,247 - urllib3.connectionpool - Starting new HTTP connection (1): 94.153.242.174:3128
2021-08-06 22:16:22,014 - urllib3.connectionpool - Starting new HTTP connection (1): 191.241.226.230:53281
2021-08-06 22:16:22,522 - urllib3.connectionpool - Starting new HTTP connection (1): 103.207.38.11:3128
2021-08-06 22:16:23,027 - urllib3.connectionpool - Starting new HTTP connection (1): 200.116.198.177:35184
2021-08-06 22:16:23,540 - urllib3.connectionpool - Starting new HTTP connection (1): 109.238.222.5:40387
2021-08-06 22:16:24,054 - urllib3.connectionpool - Starting new HTTP connection (1): 181.115.168.3:59994
2021-08-06 22:16:24,564 - urllib3.connectionpool - Starting new HTTP connection (1): 41.254.52.188:8080
2021-08-06 22:16:25,083 - urllib3.connectionpool - Starting new HTTP connection (1): 36.255.211.1:54623
2021-08-06 22:16:25,595 - urllib3.connectionpool - Starting new HTTP connection (1): 101.109.255.17:43501
2021-08-06 22:16:26,114 - urllib3.connectionpool - Starting new HTTP connection (1): 82.208.143.194:21805
2021-08-06 22:16:26,541 - urllib3.connectionpool - Starting new HTTP connection (1): 162.155.10.150:55443
2021-08-06 22:16:27,014 - urllib3.connectionpool - Starting new HTTP connection (1): 115.75.1.184:8118
2021-08-06 22:16:27,393 - urllib3.connectionpool - http://115.75.1.184:8118 "GET http://www.google.com/ HTTP/1.1" 200 None
2021-08-06 22:16:27,397 - urllib3.connectionpool - Starting new HTTP connection (1): 115.75.1.184:8118
2021-08-06 22:16:27,800 - urllib3.connectionpool - http://115.75.1.184:8118 "GET http://www.google.com/ HTTP/1.1" 200 None
2021-08-06 22:16:27,806 - urllib3.connectionpool - Starting new HTTPS connection (1): www.zavvi.com:443
2021-08-06 22:16:28,751 - urllib3.connectionpool - https://www.zavvi.com:443 "GET /funko/pop-vinyl.list?autocomplete=searchsuggestion&pageNumber=1&sortOrder=releaseDate HTTP/1.1" 200 None
2021-08-06 22:16:31,776 - urllib3.connectionpool - Starting new HTTPS connection (1): www.zavvi.com:443
2021-08-06 22:16:32,986 - urllib3.connectionpool - https://www.zavvi.com:443 "GET /funko/pop-vinyl.list?autocomplete=searchsuggestion&pageNumber=1&sortOrder=releaseDate HTTP/1.1" 200 None
2021-08-06 22:16:36,147 - urllib3.connectionpool - Starting new HTTPS connection (1): www.zavvi.com:443
2021-08-06 22:16:37,259 - urllib3.connectionpool - https://www.zavvi.com:443 "GET /funko/pop-vinyl.list?autocomplete=searchsuggestion&pageNumber=1&sortOrder=releaseDate HTTP/1.1" 200 None
2021-08-06 22:16:40,225 - urllib3.connectionpool - Starting new HTTPS connection (1): www.zavvi.com:443
2021-08-06 22:16:41,125 - urllib3.connectionpool - https://www.zavvi.com:443 "GET /funko/pop-vinyl.list?autocomplete=searchsuggestion&pageNumber=1&sortOrder=releaseDate HTTP/1.1" 200 None
2021-08-06 22:16:44,156 - urllib3.connectionpool - Starting new HTTPS connection (1): www.zavvi.com:443
2021-08-06 22:16:45,023 - urllib3.connectionpool - https://www.zavvi.com:443 "GET /funko/pop-vinyl.list?autocomplete=searchsuggestion&pageNumber=1&sortOrder=releaseDate HTTP/1.1" 200 None
2021-08-06 22:18:09,251 - dotenv.main - Python-dotenv could not parse statement starting at line 14
2021-08-06 22:18:09,252 - root - Successfully started monitor
2021-08-06 22:18:09,255 - urllib3.connectionpool - Starting new HTTPS connection (1): discord.com:443
2021-08-06 22:18:09,828 - urllib3.connectionpool - https://discord.com:443 "POST /api/webhooks/850392839053639690/65cKLltyuopds0GR5ElwNaeKmhGKmEuXlILxyTidy5Yup0ZfrMMYbNIXK21qa8kcHlKk HTTP/1.1" 204 0
2021-08-06 22:18:09,832 - root - Payload delivered successfully, code 204.
2021-08-06 22:18:09,835 - urllib3.connectionpool - Starting new HTTPS connection (1): www.sslproxies.org:443
2021-08-06 22:18:10,009 - urllib3.connectionpool - https://www.sslproxies.org:443 "GET / HTTP/1.1" 200 None
2021-08-06 22:18:10,024 - urllib3.connectionpool - Starting new HTTP connection (1): 130.61.236.104:80
2021-08-06 22:18:10,752 - urllib3.connectionpool - Starting new HTTPS connection (1): www.sslproxies.org:443
2021-08-06 22:18:10,934 - urllib3.connectionpool - https://www.sslproxies.org:443 "GET / HTTP/1.1" 200 None
2021-08-06 22:18:10,957 - urllib3.connectionpool - Starting new HTTP connection (1): 68.202.141.247:8080
2021-08-06 22:18:11,755 - urllib3.connectionpool - Starting new HTTP connection (1): 131.221.98.98:55443
2021-08-06 22:18:12,261 - urllib3.connectionpool - Starting new HTTP connection (1): 36.255.211.1:54623
2021-08-06 22:18:12,775 - urllib3.connectionpool - Starting new HTTP connection (1): 161.202.226.194:80
2021-08-06 22:18:13,052 - urllib3.connectionpool - http://161.202.226.194:80 "GET http://www.google.com/ HTTP/1.1" 403 0
2021-08-06 22:18:13,057 - urllib3.connectionpool - Starting new HTTP connection (1): 161.202.226.194:80
2021-08-06 22:18:13,349 - urllib3.connectionpool - http://161.202.226.194:80 "GET http://www.google.com/ HTTP/1.1" 403 0
2021-08-06 22:18:13,350 - urllib3.connectionpool - Starting new HTTPS connection (1): www.zavvi.com:443
2021-08-06 22:18:14,208 - urllib3.connectionpool - https://www.zavvi.com:443 "GET /funko/pop-vinyl.list?autocomplete=searchsuggestion&pageNumber=1&sortOrder=releaseDate HTTP/1.1" 200 None
2021-08-06 22:18:16,534 - urllib3.connectionpool - Starting new HTTPS connection (1): discord.com:443
2021-08-06 22:18:17,082 - urllib3.connectionpool - https://discord.com:443 "POST /api/webhooks/850392839053639690/65cKLltyuopds0GR5ElwNaeKmhGKmEuXlILxyTidy5Yup0ZfrMMYbNIXK21qa8kcHlKk HTTP/1.1" 204 0
2021-08-06 22:18:17,087 - root - Payload delivered successfully, code 204.
2021-08-06 22:18:17,090 - urllib3.connectionpool - Starting new HTTPS connection (1): discord.com:443
2021-08-06 22:18:17,608 - urllib3.connectionpool - https://discord.com:443 "POST /api/webhooks/850392839053639690/65cKLltyuopds0GR5ElwNaeKmhGKmEuXlILxyTidy5Yup0ZfrMMYbNIXK21qa8kcHlKk HTTP/1.1" 204 0
2021-08-06 22:18:17,617 - root - Payload delivered successfully, code 204.
2021-08-06 22:18:17,624 - urllib3.connectionpool - Starting new HTTPS connection (1): discord.com:443
2021-08-06 22:18:18,154 - urllib3.connectionpool - https://discord.com:443 "POST /api/webhooks/850392839053639690/65cKLltyuopds0GR5ElwNaeKmhGKmEuXlILxyTidy5Yup0ZfrMMYbNIXK21qa8kcHlKk HTTP/1.1" 204 0
2021-08-06 22:18:18,164 - root - Payload delivered successfully, code 204.
2021-08-06 22:18:18,167 - urllib3.connectionpool - Starting new HTTPS connection (1): discord.com:443
2021-08-06 22:18:18,674 - urllib3.connectionpool - https://discord.com:443 "POST /api/webhooks/850392839053639690/65cKLltyuopds0GR5ElwNaeKmhGKmEuXlILxyTidy5Yup0ZfrMMYbNIXK21qa8kcHlKk HTTP/1.1" 204 0
2021-08-06 22:18:18,678 - root - Payload delivered successfully, code 204.
2021-08-06 22:18:18,683 - urllib3.connectionpool - Starting new HTTPS connection (1): discord.com:443
2021-08-06 22:18:19,220 - urllib3.connectionpool - https://discord.com:443 "POST /api/webhooks/850392839053639690/65cKLltyuopds0GR5ElwNaeKmhGKmEuXlILxyTidy5Yup0ZfrMMYbNIXK21qa8kcHlKk HTTP/1.1" 204 0
2021-08-06 22:18:19,224 - root - Payload delivered successfully, code 204.
2021-08-06 22:18:19,229 - urllib3.connectionpool - Starting new HTTPS connection (1): discord.com:443
2021-08-06 22:18:19,782 - urllib3.connectionpool - https://discord.com:443 "POST /api/webhooks/850392839053639690/65cKLltyuopds0GR5ElwNaeKmhGKmEuXlILxyTidy5Yup0ZfrMMYbNIXK21qa8kcHlKk HTTP/1.1" 204 0
2021-08-06 22:18:19,784 - root - Payload delivered successfully, code 204.
2021-08-06 22:18:19,785 - urllib3.connectionpool - Starting new HTTPS connection (1): discord.com:443
2021-08-06 22:18:20,311 - urllib3.connectionpool - https://discord.com:443 "POST /api/webhooks/850392839053639690/65cKLltyuopds0GR5ElwNaeKmhGKmEuXlILxyTidy5Yup0ZfrMMYbNIXK21qa8kcHlKk HTTP/1.1" 204 0
2021-08-06 22:18:20,313 - root - Payload delivered successfully, code 204.
2021-08-06 22:18:20,316 - urllib3.connectionpool - Starting new HTTPS connection (1): discord.com:443
2021-08-06 22:18:20,876 - urllib3.connectionpool - https://discord.com:443 "POST /api/webhooks/850392839053639690/65cKLltyuopds0GR5ElwNaeKmhGKmEuXlILxyTidy5Yup0ZfrMMYbNIXK21qa8kcHlKk HTTP/1.1" 204 0
2021-08-06 22:18:20,878 - root - Payload delivered successfully, code 204.
2021-08-06 22:18:20,881 - urllib3.connectionpool - Starting new HTTPS connection (1): discord.com:443
2021-08-06 22:18:21,426 - urllib3.connectionpool - https://discord.com:443 "POST /api/webhooks/850392839053639690/65cKLltyuopds0GR5ElwNaeKmhGKmEuXlILxyTidy5Yup0ZfrMMYbNIXK21qa8kcHlKk HTTP/1.1" 204 0
2021-08-06 22:18:21,436 - root - Payload delivered successfully, code 204.
2021-08-06 22:18:21,445 - urllib3.connectionpool - Starting new HTTPS connection (1): discord.com:443
2021-08-06 22:18:22,066 - urllib3.connectionpool - https://discord.com:443 "POST /api/webhooks/850392839053639690/65cKLltyuopds0GR5ElwNaeKmhGKmEuXlILxyTidy5Yup0ZfrMMYbNIXK21qa8kcHlKk HTTP/1.1" 204 0
2021-08-06 22:18:22,070 - root - Payload delivered successfully, code 204.
2021-08-06 22:18:22,074 - urllib3.connectionpool - Starting new HTTPS connection (1): discord.com:443
2021-08-06 22:18:22,682 - urllib3.connectionpool - https://discord.com:443 "POST /api/webhooks/850392839053639690/65cKLltyuopds0GR5ElwNaeKmhGKmEuXlILxyTidy5Yup0ZfrMMYbNIXK21qa8kcHlKk HTTP/1.1" 204 0
2021-08-06 22:18:22,685 - root - Payload delivered successfully, code 204.
2021-08-06 22:18:22,686 - urllib3.connectionpool - Starting new HTTPS connection (1): discord.com:443
2021-08-06 22:18:23,214 - urllib3.connectionpool - https://discord.com:443 "POST /api/webhooks/850392839053639690/65cKLltyuopds0GR5ElwNaeKmhGKmEuXlILxyTidy5Yup0ZfrMMYbNIXK21qa8kcHlKk HTTP/1.1" 204 0
2021-08-06 22:18:23,218 - root - Payload delivered successfully, code 204.
2021-08-06 22:18:23,220 - urllib3.connectionpool - Starting new HTTPS connection (1): discord.com:443
2021-08-06 22:18:23,789 - urllib3.connectionpool - https://discord.com:443 "POST /api/webhooks/850392839053639690/65cKLltyuopds0GR5ElwNaeKmhGKmEuXlILxyTidy5Yup0ZfrMMYbNIXK21qa8kcHlKk HTTP/1.1" 204 0
2021-08-06 22:18:23,801 - root - Payload delivered successfully, code 204.
2021-08-06 22:18:23,805 - urllib3.connectionpool - Starting new HTTPS connection (1): discord.com:443
2021-08-06 22:18:24,377 - urllib3.connectionpool - https://discord.com:443 "POST /api/webhooks/850392839053639690/65cKLltyuopds0GR5ElwNaeKmhGKmEuXlILxyTidy5Yup0ZfrMMYbNIXK21qa8kcHlKk HTTP/1.1" 204 0
2021-08-06 22:18:24,381 - root - Payload delivered successfully, code 204.
2021-08-06 22:18:24,384 - urllib3.connectionpool - Starting new HTTPS connection (1): discord.com:443
2021-08-06 22:18:24,908 - urllib3.connectionpool - https://discord.com:443 "POST /api/webhooks/850392839053639690/65cKLltyuopds0GR5ElwNaeKmhGKmEuXlILxyTidy5Yup0ZfrMMYbNIXK21qa8kcHlKk HTTP/1.1" 204 0
2021-08-06 22:18:24,915 - root - Payload delivered successfully, code 204.
2021-08-06 22:18:24,918 - urllib3.connectionpool - Starting new HTTPS connection (1): discord.com:443
2021-08-06 22:18:35,385 - dotenv.main - Python-dotenv could not parse statement starting at line 14
2021-08-06 22:18:35,385 - root - Successfully started monitor
2021-08-06 22:18:35,389 - urllib3.connectionpool - Starting new HTTPS connection (1): discord.com:443
2021-08-06 22:18:35,909 - urllib3.connectionpool - https://discord.com:443 "POST /api/webhooks/850392839053639690/65cKLltyuopds0GR5ElwNaeKmhGKmEuXlILxyTidy5Yup0ZfrMMYbNIXK21qa8kcHlKk HTTP/1.1" 204 0
2021-08-06 22:18:35,912 - root - Payload delivered successfully, code 204.
2021-08-06 22:18:35,913 - urllib3.connectionpool - Starting new HTTPS connection (1): www.sslproxies.org:443
2021-08-06 22:18:36,273 - urllib3.connectionpool - https://www.sslproxies.org:443 "GET / HTTP/1.1" 200 None
2021-08-06 22:18:36,288 - urllib3.connectionpool - Starting new HTTP connection (1): 130.61.236.104:80
2021-08-06 22:18:36,804 - urllib3.connectionpool - Starting new HTTPS connection (1): www.sslproxies.org:443
2021-08-06 22:18:37,066 - urllib3.connectionpool - https://www.sslproxies.org:443 "GET / HTTP/1.1" 200 None
2021-08-06 22:18:37,075 - urllib3.connectionpool - Starting new HTTP connection (1): 34.138.225.120:8888
2021-08-06 22:18:37,865 - urllib3.connectionpool - Starting new HTTP connection (1): 78.30.230.117:50932
2021-08-06 22:18:38,588 - urllib3.connectionpool - Starting new HTTP connection (1): 103.15.140.177:44759
2021-08-06 22:18:39,103 - urllib3.connectionpool - Starting new HTTP connection (1): 202.150.150.210:8080
2021-08-06 22:18:39,619 - urllib3.connectionpool - Starting new HTTP connection (1): 101.109.255.17:43501
2021-08-06 22:18:40,131 - urllib3.connectionpool - Starting new HTTP connection (1): 46.10.199.90:54567
2021-08-06 22:18:40,646 - urllib3.connectionpool - Starting new HTTP connection (1): 103.121.199.142:8080
2021-08-06 22:18:41,163 - urllib3.connectionpool - Starting new HTTP connection (1): 103.215.177.153:8888
2021-08-06 22:18:41,675 - urllib3.connectionpool - Starting new HTTP connection (1): 31.172.177.149:83
2021-08-06 22:18:42,367 - urllib3.connectionpool - Starting new HTTP connection (1): 190.57.143.66:50719
2021-08-06 22:18:42,877 - urllib3.connectionpool - Starting new HTTP connection (1): 186.96.114.245:55443
2021-08-06 22:18:43,389 - urllib3.connectionpool - Starting new HTTP connection (1): 121.139.218.165:31409
2021-08-06 22:18:43,899 - urllib3.connectionpool - Starting new HTTP connection (1): 14.207.120.139:8080
2021-08-06 22:18:44,410 - urllib3.connectionpool - Starting new HTTP connection (1): 221.141.87.130:808
2021-08-06 22:18:45,193 - urllib3.connectionpool - Starting new HTTP connection (1): 54.193.134.2:20096
2021-08-06 22:18:45,706 - urllib3.connectionpool - Starting new HTTP connection (1): 90.69.164.26:3128
2021-08-06 22:18:46,209 - urllib3.connectionpool - Starting new HTTP connection (1): 190.211.105.86:55443
2021-08-06 22:18:47,056 - urllib3.connectionpool - Starting new HTTP connection (1): 198.50.163.192:3129
2021-08-06 22:18:47,869 - urllib3.connectionpool - Starting new HTTP connection (1): 217.147.1.102:40998
2021-08-06 22:18:48,378 - urllib3.connectionpool - Starting new HTTP connection (1): 13.229.47.250:8118
2021-08-06 22:18:48,562 - urllib3.connectionpool - http://13.229.47.250:8118 "GET http://www.google.com/ HTTP/1.1" 503 None
2021-08-06 22:18:48,564 - urllib3.connectionpool - Starting new HTTP connection (1): 36.89.182.193:39382
2021-08-06 22:18:49,080 - urllib3.connectionpool - Starting new HTTP connection (1): 90.189.110.170:3128
2021-08-06 22:18:49,596 - urllib3.connectionpool - Starting new HTTP connection (1): 62.33.210.34:58918
2021-08-06 22:18:50,301 - urllib3.connectionpool - Starting new HTTP connection (1): 183.82.111.91:8181
2021-08-06 22:18:50,865 - urllib3.connectionpool - Starting new HTTP connection (1): 161.202.226.194:80
2021-08-06 22:18:51,139 - urllib3.connectionpool - http://161.202.226.194:80 "GET http://www.google.com/ HTTP/1.1" 403 0
2021-08-06 22:18:51,146 - urllib3.connectionpool - Starting new HTTP connection (1): 161.202.226.194:80
2021-08-06 22:18:51,426 - urllib3.connectionpool - http://161.202.226.194:80 "GET http://www.google.com/ HTTP/1.1" 403 0
2021-08-06 22:18:51,428 - urllib3.connectionpool - Starting new HTTPS connection (1): www.zavvi.com:443
2021-08-06 22:18:52,261 - urllib3.connectionpool - https://www.zavvi.com:443 "GET /funko/pop-vinyl.list?autocomplete=searchsuggestion&pageNumber=1&sortOrder=releaseDate HTTP/1.1" 200 None
2021-08-06 22:18:55,866 - urllib3.connectionpool - Starting new HTTPS connection (1): discord.com:443
2021-08-06 22:18:57,224 - urllib3.connectionpool - https://discord.com:443 "POST /api/webhooks/850392839053639690/65cKLltyuopds0GR5ElwNaeKmhGKmEuXlILxyTidy5Yup0ZfrMMYbNIXK21qa8kcHlKk HTTP/1.1" 204 0
2021-08-06 22:18:57,241 - root - Payload delivered successfully, code 204.
2021-08-06 22:18:57,243 - urllib3.connectionpool - Starting new HTTPS connection (1): discord.com:443
2021-08-06 22:18:58,012 - urllib3.connectionpool - https://discord.com:443 "POST /api/webhooks/850392839053639690/65cKLltyuopds0GR5ElwNaeKmhGKmEuXlILxyTidy5Yup0ZfrMMYbNIXK21qa8kcHlKk HTTP/1.1" 204 0
2021-08-06 22:18:58,017 - root - Payload delivered successfully, code 204.
2021-08-06 22:18:58,024 - urllib3.connectionpool - Starting new HTTPS connection (1): discord.com:443
2021-08-06 22:18:58,655 - urllib3.connectionpool - https://discord.com:443 "POST /api/webhooks/850392839053639690/65cKLltyuopds0GR5ElwNaeKmhGKmEuXlILxyTidy5Yup0ZfrMMYbNIXK21qa8kcHlKk HTTP/1.1" 204 0
2021-08-06 22:18:58,664 - root - Payload delivered successfully, code 204.
2021-08-06 22:18:58,667 - urllib3.connectionpool - Starting new HTTPS connection (1): discord.com:443
2021-08-06 22:18:59,193 - urllib3.connectionpool - https://discord.com:443 "POST /api/webhooks/850392839053639690/65cKLltyuopds0GR5ElwNaeKmhGKmEuXlILxyTidy5Yup0ZfrMMYbNIXK21qa8kcHlKk HTTP/1.1" 204 0
2021-08-06 22:18:59,200 - root - Payload delivered successfully, code 204.
2021-08-06 22:18:59,205 - urllib3.connectionpool - Starting new HTTPS connection (1): discord.com:443
2021-08-06 22:18:59,860 - urllib3.connectionpool - https://discord.com:443 "POST /api/webhooks/850392839053639690/65cKLltyuopds0GR5ElwNaeKmhGKmEuXlILxyTidy5Yup0ZfrMMYbNIXK21qa8kcHlKk HTTP/1.1" 204 0
2021-08-06 22:18:59,863 - root - Payload delivered successfully, code 204.
2021-08-06 22:18:59,865 - urllib3.connectionpool - Starting new HTTPS connection (1): discord.com:443
2021-08-06 22:19:00,474 - urllib3.connectionpool - https://discord.com:443 "POST /api/webhooks/850392839053639690/65cKLltyuopds0GR5ElwNaeKmhGKmEuXlILxyTidy5Yup0ZfrMMYbNIXK21qa8kcHlKk HTTP/1.1" 204 0
2021-08-06 22:19:00,476 - root - Payload delivered successfully, code 204.
2021-08-06 22:19:00,479 - urllib3.connectionpool - Starting new HTTPS connection (1): discord.com:443
2021-08-06 22:19:01,012 - urllib3.connectionpool - https://discord.com:443 "POST /api/webhooks/850392839053639690/65cKLltyuopds0GR5ElwNaeKmhGKmEuXlILxyTidy5Yup0ZfrMMYbNIXK21qa8kcHlKk HTTP/1.1" 204 0
2021-08-06 22:19:01,015 - root - Payload delivered successfully, code 204.
2021-08-06 22:19:01,017 - urllib3.connectionpool - Starting new HTTPS connection (1): discord.com:443
2021-08-06 22:19:01,558 - urllib3.connectionpool - https://discord.com:443 "POST /api/webhooks/850392839053639690/65cKLltyuopds0GR5ElwNaeKmhGKmEuXlILxyTidy5Yup0ZfrMMYbNIXK21qa8kcHlKk HTTP/1.1" 204 0
2021-08-06 22:19:01,560 - root - Payload delivered successfully, code 204.
2021-08-06 22:19:01,562 - urllib3.connectionpool - Starting new HTTPS connection (1): discord.com:443
2021-08-06 22:19:02,206 - urllib3.connectionpool - https://discord.com:443 "POST /api/webhooks/850392839053639690/65cKLltyuopds0GR5ElwNaeKmhGKmEuXlILxyTidy5Yup0ZfrMMYbNIXK21qa8kcHlKk HTTP/1.1" 204 0
2021-08-06 22:19:02,210 - root - Payload delivered successfully, code 204.
2021-08-06 22:19:02,214 - urllib3.connectionpool - Starting new HTTPS connection (1): discord.com:443
2021-08-06 22:19:02,828 - urllib3.connectionpool - https://discord.com:443 "POST /api/webhooks/850392839053639690/65cKLltyuopds0GR5ElwNaeKmhGKmEuXlILxyTidy5Yup0ZfrMMYbNIXK21qa8kcHlKk HTTP/1.1" 204 0
2021-08-06 22:19:02,837 - root - Payload delivered successfully, code 204.
2021-08-06 22:19:02,847 - urllib3.connectionpool - Starting new HTTPS connection (1): discord.com:443
2021-08-06 22:19:03,395 - urllib3.connectionpool - https://discord.com:443 "POST /api/webhooks/850392839053639690/65cKLltyuopds0GR5ElwNaeKmhGKmEuXlILxyTidy5Yup0ZfrMMYbNIXK21qa8kcHlKk HTTP/1.1" 204 0
2021-08-06 22:19:03,400 - root - Payload delivered successfully, code 204.
2021-08-06 22:19:03,404 - urllib3.connectionpool - Starting new HTTPS connection (1): discord.com:443
2021-08-06 22:19:03,919 - urllib3.connectionpool - https://discord.com:443 "POST /api/webhooks/850392839053639690/65cKLltyuopds0GR5ElwNaeKmhGKmEuXlILxyTidy5Yup0ZfrMMYbNIXK21qa8kcHlKk HTTP/1.1" 204 0
2021-08-06 22:19:03,929 - root - Payload delivered successfully, code 204.
2021-08-06 22:19:03,939 - urllib3.connectionpool - Starting new HTTPS connection (1): discord.com:443
2021-08-06 22:19:04,453 - urllib3.connectionpool - https://discord.com:443 "POST /api/webhooks/850392839053639690/65cKLltyuopds0GR5ElwNaeKmhGKmEuXlILxyTidy5Yup0ZfrMMYbNIXK21qa8kcHlKk HTTP/1.1" 429 91
2021-08-06 22:19:04,456 - root - 429 Client Error: Too Many Requests for url: https://discord.com/api/webhooks/850392839053639690/65cKLltyuopds0GR5ElwNaeKmhGKmEuXlILxyTidy5Yup0ZfrMMYbNIXK21qa8kcHlKk
2021-08-06 22:19:04,459 - urllib3.connectionpool - Starting new HTTPS connection (1): discord.com:443
2021-08-06 22:19:04,953 - urllib3.connectionpool - https://discord.com:443 "POST /api/webhooks/850392839053639690/65cKLltyuopds0GR5ElwNaeKmhGKmEuXlILxyTidy5Yup0ZfrMMYbNIXK21qa8kcHlKk HTTP/1.1" 429 91
2021-08-06 22:19:04,958 - root - 429 Client Error: Too Many Requests for url: https://discord.com/api/webhooks/850392839053639690/65cKLltyuopds0GR5ElwNaeKmhGKmEuXlILxyTidy5Yup0ZfrMMYbNIXK21qa8kcHlKk
2021-08-06 22:19:04,962 - urllib3.connectionpool - Starting new HTTPS connection (1): discord.com:443
2021-08-06 22:19:05,446 - urllib3.connectionpool - https://discord.com:443 "POST /api/webhooks/850392839053639690/65cKLltyuopds0GR5ElwNaeKmhGKmEuXlILxyTidy5Yup0ZfrMMYbNIXK21qa8kcHlKk HTTP/1.1" 429 91
2021-08-06 22:19:05,448 - root - 429 Client Error: Too Many Requests for url: https://discord.com/api/webhooks/850392839053639690/65cKLltyuopds0GR5ElwNaeKmhGKmEuXlILxyTidy5Yup0ZfrMMYbNIXK21qa8kcHlKk
2021-08-06 22:19:05,450 - urllib3.connectionpool - Starting new HTTPS connection (1): discord.com:443
2021-08-06 22:19:05,962 - urllib3.connectionpool - https://discord.com:443 "POST /api/webhooks/850392839053639690/65cKLltyuopds0GR5ElwNaeKmhGKmEuXlILxyTidy5Yup0ZfrMMYbNIXK21qa8kcHlKk HTTP/1.1" 429 91
2021-08-06 22:19:05,968 - root - 429 Client Error: Too Many Requests for url: https://discord.com/api/webhooks/850392839053639690/65cKLltyuopds0GR5ElwNaeKmhGKmEuXlILxyTidy5Yup0ZfrMMYbNIXK21qa8kcHlKk
2021-08-06 22:19:05,974 - urllib3.connectionpool - Starting new HTTPS connection (1): discord.com:443
2021-08-06 22:19:06,471 - urllib3.connectionpool - https://discord.com:443 "POST /api/webhooks/850392839053639690/65cKLltyuopds0GR5ElwNaeKmhGKmEuXlILxyTidy5Yup0ZfrMMYbNIXK21qa8kcHlKk HTTP/1.1" 429 91
2021-08-06 22:19:06,473 - root - 429 Client Error: Too Many Requests for url: https://discord.com/api/webhooks/850392839053639690/65cKLltyuopds0GR5ElwNaeKmhGKmEuXlILxyTidy5Yup0ZfrMMYbNIXK21qa8kcHlKk
2021-08-06 22:19:06,475 - urllib3.connectionpool - Starting new HTTPS connection (1): discord.com:443
2021-08-06 22:19:06,966 - urllib3.connectionpool - https://discord.com:443 "POST /api/webhooks/850392839053639690/65cKLltyuopds0GR5ElwNaeKmhGKmEuXlILxyTidy5Yup0ZfrMMYbNIXK21qa8kcHlKk HTTP/1.1" 429 91
2021-08-06 22:19:06,970 - root - 429 Client Error: Too Many Requests for url: https://discord.com/api/webhooks/850392839053639690/65cKLltyuopds0GR5ElwNaeKmhGKmEuXlILxyTidy5Yup0ZfrMMYbNIXK21qa8kcHlKk
2021-08-06 22:19:06,973 - urllib3.connectionpool - Starting new HTTPS connection (1): discord.com:443
2021-08-06 22:19:07,467 - urllib3.connectionpool - https://discord.com:443 "POST /api/webhooks/850392839053639690/65cKLltyuopds0GR5ElwNaeKmhGKmEuXlILxyTidy5Yup0ZfrMMYbNIXK21qa8kcHlKk HTTP/1.1" 429 91
2021-08-06 22:19:07,469 - root - 429 Client Error: Too Many Requests for url: https://discord.com/api/webhooks/850392839053639690/65cKLltyuopds0GR5ElwNaeKmhGKmEuXlILxyTidy5Yup0ZfrMMYbNIXK21qa8kcHlKk
2021-08-06 22:19:07,471 - urllib3.connectionpool - Starting new HTTPS connection (1): discord.com:443
2021-08-06 22:19:24,840 - dotenv.main - Python-dotenv could not parse statement starting at line 14
2021-08-06 22:19:24,841 - root - Successfully started monitor
2021-08-06 22:19:24,844 - urllib3.connectionpool - Starting new HTTPS connection (1): discord.com:443
2021-08-06 22:19:25,365 - urllib3.connectionpool - https://discord.com:443 "POST /api/webhooks/850392839053639690/65cKLltyuopds0GR5ElwNaeKmhGKmEuXlILxyTidy5Yup0ZfrMMYbNIXK21qa8kcHlKk HTTP/1.1" 204 0
2021-08-06 22:19:25,370 - root - Payload delivered successfully, code 204.
2021-08-06 22:19:25,375 - urllib3.connectionpool - Starting new HTTPS connection (1): www.sslproxies.org:443
2021-08-06 22:19:25,667 - urllib3.connectionpool - https://www.sslproxies.org:443 "GET / HTTP/1.1" 200 None
2021-08-06 22:19:25,680 - urllib3.connectionpool - Starting new HTTP connection (1): 130.61.236.104:80
2021-08-06 22:19:26,194 - urllib3.connectionpool - Starting new HTTPS connection (1): www.sslproxies.org:443
2021-08-06 22:19:26,462 - urllib3.connectionpool - https://www.sslproxies.org:443 "GET / HTTP/1.1" 200 None
2021-08-06 22:19:26,478 - urllib3.connectionpool - Starting new HTTP connection (1): 140.227.67.200:3128
2021-08-06 22:19:26,996 - urllib3.connectionpool - Starting new HTTP connection (1): 202.150.150.210:8080
2021-08-06 22:19:27,509 - urllib3.connectionpool - Starting new HTTP connection (1): 34.138.225.120:8888
2021-08-06 22:19:28,024 - urllib3.connectionpool - Starting new HTTP connection (1): 58.69.56.167:40531
2021-08-06 22:19:28,540 - urllib3.connectionpool - Starting new HTTP connection (1): 78.30.230.117:50932
2021-08-06 22:19:29,057 - urllib3.connectionpool - Starting new HTTP connection (1): 130.61.236.104:80
2021-08-06 22:19:29,576 - urllib3.connectionpool - Starting new HTTP connection (1): 183.88.219.206:41564
2021-08-06 22:19:30,095 - urllib3.connectionpool - Starting new HTTP connection (1): 161.202.226.194:80
2021-08-06 22:19:30,370 - urllib3.connectionpool - http://161.202.226.194:80 "GET http://www.google.com/ HTTP/1.1" 403 0
2021-08-06 22:19:30,373 - urllib3.connectionpool - Starting new HTTP connection (1): 161.202.226.194:80
2021-08-06 22:19:30,674 - urllib3.connectionpool - http://161.202.226.194:80 "GET http://www.google.com/ HTTP/1.1" 403 0
2021-08-06 22:19:30,677 - urllib3.connectionpool - Starting new HTTPS connection (1): www.zavvi.com:443
2021-08-06 22:19:31,554 - urllib3.connectionpool - https://www.zavvi.com:443 "GET /funko/pop-vinyl.list?autocomplete=searchsuggestion&pageNumber=1&sortOrder=releaseDate HTTP/1.1" 200 None
2021-08-06 22:19:34,794 - urllib3.connectionpool - Starting new HTTPS connection (1): discord.com:443
2021-08-06 22:19:35,327 - urllib3.connectionpool - https://discord.com:443 "POST /api/webhooks/850392839053639690/65cKLltyuopds0GR5ElwNaeKmhGKmEuXlILxyTidy5Yup0ZfrMMYbNIXK21qa8kcHlKk HTTP/1.1" 204 0
2021-08-06 22:19:35,330 - root - Payload delivered successfully, code 204.
2021-08-06 22:19:35,332 - urllib3.connectionpool - Starting new HTTPS connection (1): discord.com:443
2021-08-06 22:19:35,920 - urllib3.connectionpool - https://discord.com:443 "POST /api/webhooks/850392839053639690/65cKLltyuopds0GR5ElwNaeKmhGKmEuXlILxyTidy5Yup0ZfrMMYbNIXK21qa8kcHlKk HTTP/1.1" 204 0
2021-08-06 22:19:35,924 - root - Payload delivered successfully, code 204.
2021-08-06 22:19:35,926 - urllib3.connectionpool - Starting new HTTPS connection (1): discord.com:443
2021-08-06 22:19:36,515 - urllib3.connectionpool - https://discord.com:443 "POST /api/webhooks/850392839053639690/65cKLltyuopds0GR5ElwNaeKmhGKmEuXlILxyTidy5Yup0ZfrMMYbNIXK21qa8kcHlKk HTTP/1.1" 204 0
2021-08-06 22:19:36,517 - root - Payload delivered successfully, code 204.
2021-08-06 22:19:36,520 - urllib3.connectionpool - Starting new HTTPS connection (1): discord.com:443
2021-08-06 22:19:37,045 - urllib3.connectionpool - https://discord.com:443 "POST /api/webhooks/850392839053639690/65cKLltyuopds0GR5ElwNaeKmhGKmEuXlILxyTidy5Yup0ZfrMMYbNIXK21qa8kcHlKk HTTP/1.1" 204 0
2021-08-06 22:19:37,047 - root - Payload delivered successfully, code 204.
2021-08-06 22:19:37,050 - urllib3.connectionpool - Starting new HTTPS connection (1): discord.com:443
2021-08-06 22:19:37,608 - urllib3.connectionpool - https://discord.com:443 "POST /api/webhooks/850392839053639690/65cKLltyuopds0GR5ElwNaeKmhGKmEuXlILxyTidy5Yup0ZfrMMYbNIXK21qa8kcHlKk HTTP/1.1" 204 0
2021-08-06 22:19:37,611 - root - Payload delivered successfully, code 204.
2021-08-06 22:19:37,613 - urllib3.connectionpool - Starting new HTTPS connection (1): discord.com:443
2021-08-06 22:19:38,161 - urllib3.connectionpool - https://discord.com:443 "POST /api/webhooks/850392839053639690/65cKLltyuopds0GR5ElwNaeKmhGKmEuXlILxyTidy5Yup0ZfrMMYbNIXK21qa8kcHlKk HTTP/1.1" 204 0
2021-08-06 22:19:38,164 - root - Payload delivered successfully, code 204.
2021-08-06 22:19:38,167 - urllib3.connectionpool - Starting new HTTPS connection (1): discord.com:443
2021-08-06 22:19:38,692 - urllib3.connectionpool - https://discord.com:443 "POST /api/webhooks/850392839053639690/65cKLltyuopds0GR5ElwNaeKmhGKmEuXlILxyTidy5Yup0ZfrMMYbNIXK21qa8kcHlKk HTTP/1.1" 204 0
2021-08-06 22:19:38,696 - root - Payload delivered successfully, code 204.
2021-08-06 22:19:38,699 - urllib3.connectionpool - Starting new HTTPS connection (1): discord.com:443
2021-08-06 22:19:39,224 - urllib3.connectionpool - https://discord.com:443 "POST /api/webhooks/850392839053639690/65cKLltyuopds0GR5ElwNaeKmhGKmEuXlILxyTidy5Yup0ZfrMMYbNIXK21qa8kcHlKk HTTP/1.1" 204 0
2021-08-06 22:19:39,226 - root - Payload delivered successfully, code 204.
2021-08-06 22:19:39,228 - urllib3.connectionpool - Starting new HTTPS connection (1): discord.com:443
2021-08-06 22:19:39,733 - urllib3.connectionpool - https://discord.com:443 "POST /api/webhooks/850392839053639690/65cKLltyuopds0GR5ElwNaeKmhGKmEuXlILxyTidy5Yup0ZfrMMYbNIXK21qa8kcHlKk HTTP/1.1" 204 0
2021-08-06 22:19:39,736 - root - Payload delivered successfully, code 204.
2021-08-06 22:19:39,738 - urllib3.connectionpool - Starting new HTTPS connection (1): discord.com:443
2021-08-06 22:19:40,298 - urllib3.connectionpool - https://discord.com:443 "POST /api/webhooks/850392839053639690/65cKLltyuopds0GR5ElwNaeKmhGKmEuXlILxyTidy5Yup0ZfrMMYbNIXK21qa8kcHlKk HTTP/1.1" 204 0
2021-08-06 22:19:40,301 - root - Payload delivered successfully, code 204.
2021-08-06 22:19:40,304 - urllib3.connectionpool - Starting new HTTPS connection (1): discord.com:443
2021-08-06 22:19:40,837 - urllib3.connectionpool - https://discord.com:443 "POST /api/webhooks/850392839053639690/65cKLltyuopds0GR5ElwNaeKmhGKmEuXlILxyTidy5Yup0ZfrMMYbNIXK21qa8kcHlKk HTTP/1.1" 204 0
2021-08-06 22:19:40,840 - root - Payload delivered successfully, code 204.
2021-08-06 22:19:40,844 - urllib3.connectionpool - Starting new HTTPS connection (1): discord.com:443
2021-08-06 22:19:41,345 - urllib3.connectionpool - https://discord.com:443 "POST /api/webhooks/850392839053639690/65cKLltyuopds0GR5ElwNaeKmhGKmEuXlILxyTidy5Yup0ZfrMMYbNIXK21qa8kcHlKk HTTP/1.1" 204 0
2021-08-06 22:19:41,350 - root - Payload delivered successfully, code 204.
2021-08-06 22:19:41,353 - urllib3.connectionpool - Starting new HTTPS connection (1): discord.com:443
2021-08-06 22:19:41,900 - urllib3.connectionpool - https://discord.com:443 "POST /api/webhooks/850392839053639690/65cKLltyuopds0GR5ElwNaeKmhGKmEuXlILxyTidy5Yup0ZfrMMYbNIXK21qa8kcHlKk HTTP/1.1" 204 0
2021-08-06 22:19:41,903 - root - Payload delivered successfully, code 204.
2021-08-06 22:19:41,907 - urllib3.connectionpool - Starting new HTTPS connection (1): discord.com:443
2021-08-06 22:19:42,455 - urllib3.connectionpool - https://discord.com:443 "POST /api/webhooks/850392839053639690/65cKLltyuopds0GR5ElwNaeKmhGKmEuXlILxyTidy5Yup0ZfrMMYbNIXK21qa8kcHlKk HTTP/1.1" 204 0
2021-08-06 22:19:42,460 - root - Payload delivered successfully, code 204.
2021-08-06 22:19:42,462 - urllib3.connectionpool - Starting new HTTPS connection (1): discord.com:443
2021-08-06 22:19:42,968 - urllib3.connectionpool - https://discord.com:443 "POST /api/webhooks/850392839053639690/65cKLltyuopds0GR5ElwNaeKmhGKmEuXlILxyTidy5Yup0ZfrMMYbNIXK21qa8kcHlKk HTTP/1.1" 204 0
2021-08-06 22:19:42,970 - root - Payload delivered successfully, code 204.
2021-08-06 22:19:42,972 - urllib3.connectionpool - Starting new HTTPS connection (1): discord.com:443
2021-08-06 22:19:43,462 - urllib3.connectionpool - https://discord.com:443 "POST /api/webhooks/850392839053639690/65cKLltyuopds0GR5ElwNaeKmhGKmEuXlILxyTidy5Yup0ZfrMMYbNIXK21qa8kcHlKk HTTP/1.1" 204 0
2021-08-06 22:19:43,465 - root - Payload delivered successfully, code 204.
2021-08-06 22:19:43,468 - urllib3.connectionpool - Starting new HTTPS connection (1): discord.com:443
2021-08-06 22:19:44,094 - urllib3.connectionpool - https://discord.com:443 "POST /api/webhooks/850392839053639690/65cKLltyuopds0GR5ElwNaeKmhGKmEuXlILxyTidy5Yup0ZfrMMYbNIXK21qa8kcHlKk HTTP/1.1" 204 0
2021-08-06 22:19:44,097 - root - Payload delivered successfully, code 204.
2021-08-06 22:19:44,101 - urllib3.connectionpool - Starting new HTTPS connection (1): discord.com:443
2021-08-06 22:19:44,628 - urllib3.connectionpool - https://discord.com:443 "POST /api/webhooks/850392839053639690/65cKLltyuopds0GR5ElwNaeKmhGKmEuXlILxyTidy5Yup0ZfrMMYbNIXK21qa8kcHlKk HTTP/1.1" 204 0
2021-08-06 22:19:44,630 - root - Payload delivered successfully, code 204.
2021-08-06 22:19:44,633 - urllib3.connectionpool - Starting new HTTPS connection (1): discord.com:443
2021-08-06 22:19:45,205 - urllib3.connectionpool - https://discord.com:443 "POST /api/webhooks/850392839053639690/65cKLltyuopds0GR5ElwNaeKmhGKmEuXlILxyTidy5Yup0ZfrMMYbNIXK21qa8kcHlKk HTTP/1.1" 204 0
2021-08-06 22:19:45,207 - root - Payload delivered successfully, code 204.
2021-08-06 22:19:45,209 - urllib3.connectionpool - Starting new HTTPS connection (1): discord.com:443
2021-08-06 22:19:45,735 - urllib3.connectionpool - https://discord.com:443 "POST /api/webhooks/850392839053639690/65cKLltyuopds0GR5ElwNaeKmhGKmEuXlILxyTidy5Yup0ZfrMMYbNIXK21qa8kcHlKk HTTP/1.1" 204 0
2021-08-06 22:19:45,741 - root - Payload delivered successfully, code 204.
2021-08-06 22:19:45,751 - urllib3.connectionpool - Starting new HTTPS connection (1): discord.com:443
2021-08-06 22:19:46,312 - urllib3.connectionpool - https://discord.com:443 "POST /api/webhooks/850392839053639690/65cKLltyuopds0GR5ElwNaeKmhGKmEuXlILxyTidy5Yup0ZfrMMYbNIXK21qa8kcHlKk HTTP/1.1" 204 0
2021-08-06 22:19:46,314 - root - Payload delivered successfully, code 204.
2021-08-06 22:19:46,318 - urllib3.connectionpool - Starting new HTTPS connection (1): discord.com:443
2021-08-06 22:19:46,867 - urllib3.connectionpool - https://discord.com:443 "POST /api/webhooks/850392839053639690/65cKLltyuopds0GR5ElwNaeKmhGKmEuXlILxyTidy5Yup0ZfrMMYbNIXK21qa8kcHlKk HTTP/1.1" 204 0
2021-08-06 22:19:46,869 - root - Payload delivered successfully, code 204.
2021-08-06 22:19:46,873 - urllib3.connectionpool - Starting new HTTPS connection (1): discord.com:443
2021-08-06 22:20:05,272 - dotenv.main - Python-dotenv could not parse statement starting at line 14
2021-08-06 22:20:05,272 - root - Successfully started monitor
2021-08-06 22:20:05,277 - urllib3.connectionpool - Starting new HTTPS connection (1): discord.com:443
2021-08-06 22:20:05,834 - urllib3.connectionpool - https://discord.com:443 "POST /api/webhooks/850392839053639690/65cKLltyuopds0GR5ElwNaeKmhGKmEuXlILxyTidy5Yup0ZfrMMYbNIXK21qa8kcHlKk HTTP/1.1" 204 0
2021-08-06 22:20:05,844 - root - Payload delivered successfully, code 204.
2021-08-06 22:20:05,855 - urllib3.connectionpool - Starting new HTTPS connection (1): www.sslproxies.org:443
2021-08-06 22:20:06,351 - urllib3.connectionpool - https://www.sslproxies.org:443 "GET / HTTP/1.1" 200 None
2021-08-06 22:20:06,385 - urllib3.connectionpool - Starting new HTTP connection (1): 130.61.236.104:80
2021-08-06 22:20:06,901 - urllib3.connectionpool - Starting new HTTPS connection (1): www.sslproxies.org:443
2021-08-06 22:20:07,335 - urllib3.connectionpool - https://www.sslproxies.org:443 "GET / HTTP/1.1" 200 None
2021-08-06 22:20:07,426 - urllib3.connectionpool - Starting new HTTP connection (1): 190.109.168.241:40894
2021-08-06 22:20:07,942 - urllib3.connectionpool - Starting new HTTP connection (1): 37.26.136.181:52271
2021-08-06 22:20:08,461 - urllib3.connectionpool - Starting new HTTP connection (1): 61.197.126.54:8080
2021-08-06 22:20:08,913 - urllib3.connectionpool - http://61.197.126.54:8080 "GET http://www.google.com/ HTTP/1.1" 200 6328
2021-08-06 22:20:08,921 - urllib3.connectionpool - Starting new HTTP connection (1): 61.197.126.54:8080
2021-08-06 22:20:09,364 - urllib3.connectionpool - http://61.197.126.54:8080 "GET http://www.google.com/ HTTP/1.1" 200 6319
2021-08-06 22:20:09,371 - urllib3.connectionpool - Starting new HTTPS connection (1): www.zavvi.com:443
2021-08-06 22:20:10,294 - urllib3.connectionpool - https://www.zavvi.com:443 "GET /funko/pop-vinyl.list?autocomplete=searchsuggestion&pageNumber=1&sortOrder=releaseDate HTTP/1.1" 200 None
2021-08-06 22:20:12,140 - urllib3.connectionpool - Starting new HTTPS connection (1): discord.com:443
2021-08-06 22:20:12,663 - urllib3.connectionpool - https://discord.com:443 "POST /api/webhooks/850392839053639690/65cKLltyuopds0GR5ElwNaeKmhGKmEuXlILxyTidy5Yup0ZfrMMYbNIXK21qa8kcHlKk HTTP/1.1" 204 0
2021-08-06 22:20:12,665 - root - Payload delivered successfully, code 204.
2021-08-06 22:20:12,667 - urllib3.connectionpool - Starting new HTTPS connection (1): discord.com:443
2021-08-06 22:20:13,233 - urllib3.connectionpool - https://discord.com:443 "POST /api/webhooks/850392839053639690/65cKLltyuopds0GR5ElwNaeKmhGKmEuXlILxyTidy5Yup0ZfrMMYbNIXK21qa8kcHlKk HTTP/1.1" 204 0
2021-08-06 22:20:13,238 - root - Payload delivered successfully, code 204.
2021-08-06 22:20:14,245 - urllib3.connectionpool - Starting new HTTPS connection (1): www.zavvi.com:443
2021-08-06 22:20:15,125 - urllib3.connectionpool - https://www.zavvi.com:443 "GET /funko/pop-vinyl.list?autocomplete=searchsuggestion&pageNumber=1&sortOrder=releaseDate HTTP/1.1" 200 None
2021-08-06 22:20:18,227 - urllib3.connectionpool - Starting new HTTPS connection (1): www.zavvi.com:443
2021-08-06 22:20:36,137 - dotenv.main - Python-dotenv could not parse statement starting at line 14
2021-08-06 22:20:36,138 - root - Successfully started monitor
2021-08-06 22:20:36,141 - urllib3.connectionpool - Starting new HTTPS connection (1): discord.com:443
2021-08-06 22:20:36,700 - urllib3.connectionpool - https://discord.com:443 "POST /api/webhooks/850392839053639690/65cKLltyuopds0GR5ElwNaeKmhGKmEuXlILxyTidy5Yup0ZfrMMYbNIXK21qa8kcHlKk HTTP/1.1" 204 0
2021-08-06 22:20:36,709 - root - Payload delivered successfully, code 204.
2021-08-06 22:20:36,714 - urllib3.connectionpool - Starting new HTTPS connection (1): www.sslproxies.org:443
2021-08-06 22:20:37,022 - urllib3.connectionpool - https://www.sslproxies.org:443 "GET / HTTP/1.1" 200 None
2021-08-06 22:20:37,036 - urllib3.connectionpool - Starting new HTTP connection (1): 130.61.236.104:80
2021-08-06 22:20:37,553 - urllib3.connectionpool - Starting new HTTPS connection (1): www.sslproxies.org:443
2021-08-06 22:20:37,980 - urllib3.connectionpool - https://www.sslproxies.org:443 "GET / HTTP/1.1" 200 None
2021-08-06 22:20:38,015 - urllib3.connectionpool - Starting new HTTP connection (1): 103.215.177.153:8888
2021-08-06 22:20:38,525 - urllib3.connectionpool - Starting new HTTP connection (1): 36.89.182.193:39382
2021-08-06 22:20:39,044 - urllib3.connectionpool - Starting new HTTP connection (1): 191.241.226.230:53281
2021-08-06 22:20:39,557 - urllib3.connectionpool - Starting new HTTP connection (1): 103.21.160.10:35101
2021-08-06 22:20:40,070 - urllib3.connectionpool - Starting new HTTP connection (1): 161.202.226.194:80
2021-08-06 22:20:40,364 - urllib3.connectionpool - http://161.202.226.194:80 "GET http://www.google.com/ HTTP/1.1" 403 0
2021-08-06 22:20:40,369 - urllib3.connectionpool - Starting new HTTP connection (1): 161.202.226.194:80
2021-08-06 22:20:40,658 - urllib3.connectionpool - http://161.202.226.194:80 "GET http://www.google.com/ HTTP/1.1" 403 0
2021-08-06 22:20:40,663 - urllib3.connectionpool - Starting new HTTPS connection (1): www.zavvi.com:443
2021-08-06 22:20:41,544 - urllib3.connectionpool - https://www.zavvi.com:443 "GET /funko/pop-vinyl.list?autocomplete=searchsuggestion&pageNumber=1&sortOrder=releaseDate HTTP/1.1" 200 None
2021-08-06 22:20:44,943 - urllib3.connectionpool - Starting new HTTPS connection (1): discord.com:443
2021-08-06 22:20:45,501 - urllib3.connectionpool - https://discord.com:443 "POST /api/webhooks/850392839053639690/65cKLltyuopds0GR5ElwNaeKmhGKmEuXlILxyTidy5Yup0ZfrMMYbNIXK21qa8kcHlKk HTTP/1.1" 204 0
2021-08-06 22:20:45,505 - root - Payload delivered successfully, code 204.
2021-08-06 22:20:45,508 - urllib3.connectionpool - Starting new HTTPS connection (1): discord.com:443
2021-08-06 22:20:46,026 - urllib3.connectionpool - https://discord.com:443 "POST /api/webhooks/850392839053639690/65cKLltyuopds0GR5ElwNaeKmhGKmEuXlILxyTidy5Yup0ZfrMMYbNIXK21qa8kcHlKk HTTP/1.1" 204 0
2021-08-06 22:20:46,033 - root - Payload delivered successfully, code 204.
2021-08-06 22:20:47,039 - urllib3.connectionpool - Starting new HTTPS connection (1): www.zavvi.com:443
2021-08-06 22:20:48,160 - urllib3.connectionpool - https://www.zavvi.com:443 "GET /funko/pop-vinyl.list?autocomplete=searchsuggestion&pageNumber=1&sortOrder=releaseDate HTTP/1.1" 200 None
2021-08-06 22:21:18,665 - dotenv.main - Python-dotenv could not parse statement starting at line 14
2021-08-06 22:21:18,666 - root - Successfully started monitor
2021-08-06 22:21:18,669 - urllib3.connectionpool - Starting new HTTPS connection (1): discord.com:443
2021-08-06 22:21:19,216 - urllib3.connectionpool - https://discord.com:443 "POST /api/webhooks/850392839053639690/65cKLltyuopds0GR5ElwNaeKmhGKmEuXlILxyTidy5Yup0ZfrMMYbNIXK21qa8kcHlKk HTTP/1.1" 204 0
2021-08-06 22:21:19,221 - root - Payload delivered successfully, code 204.
2021-08-06 22:21:19,223 - urllib3.connectionpool - Starting new HTTPS connection (1): www.sslproxies.org:443
2021-08-06 22:21:19,559 - urllib3.connectionpool - https://www.sslproxies.org:443 "GET / HTTP/1.1" 200 None
2021-08-06 22:21:19,569 - urllib3.connectionpool - Starting new HTTP connection (1): 130.61.236.104:80
2021-08-06 22:21:20,078 - urllib3.connectionpool - Starting new HTTPS connection (1): www.sslproxies.org:443
2021-08-06 22:21:20,416 - urllib3.connectionpool - https://www.sslproxies.org:443 "GET / HTTP/1.1" 200 None
2021-08-06 22:21:20,434 - urllib3.connectionpool - Starting new HTTP connection (1): 41.254.48.29:8080
2021-08-06 22:21:20,945 - urllib3.connectionpool - Starting new HTTP connection (1): 54.193.134.2:20096
2021-08-06 22:21:21,464 - urllib3.connectionpool - Starting new HTTP connection (1): 82.208.143.194:21805
2021-08-06 22:21:21,896 - urllib3.connectionpool - Starting new HTTP connection (1): 162.155.10.150:55443
2021-08-06 22:21:22,381 - urllib3.connectionpool - Starting new HTTP connection (1): 23.251.138.105:8080
2021-08-06 22:21:22,987 - urllib3.connectionpool - http://23.251.138.105:8080 "GET http://www.google.com/ HTTP/1.1" 200 5653
2021-08-06 22:21:22,991 - urllib3.connectionpool - Starting new HTTP connection (1): 23.251.138.105:8080
2021-08-06 22:21:23,414 - urllib3.connectionpool - http://23.251.138.105:8080 "GET http://www.google.com/ HTTP/1.1" 200 5635
2021-08-06 22:21:23,416 - urllib3.connectionpool - Starting new HTTPS connection (1): www.zavvi.com:443
2021-08-06 22:21:24,533 - urllib3.connectionpool - https://www.zavvi.com:443 "GET /funko/pop-vinyl.list?autocomplete=searchsuggestion&pageNumber=1&sortOrder=releaseDate HTTP/1.1" 200 None
2021-08-06 22:21:34,683 - urllib3.connectionpool - Starting new HTTPS connection (1): discord.com:443
2021-08-06 22:21:35,203 - urllib3.connectionpool - https://discord.com:443 "POST /api/webhooks/850392839053639690/65cKLltyuopds0GR5ElwNaeKmhGKmEuXlILxyTidy5Yup0ZfrMMYbNIXK21qa8kcHlKk HTTP/1.1" 204 0
2021-08-06 22:21:35,205 - root - Payload delivered successfully, code 204.
2021-08-06 22:21:35,207 - urllib3.connectionpool - Starting new HTTPS connection (1): discord.com:443
2021-08-06 22:21:35,759 - urllib3.connectionpool - https://discord.com:443 "POST /api/webhooks/850392839053639690/65cKLltyuopds0GR5ElwNaeKmhGKmEuXlILxyTidy5Yup0ZfrMMYbNIXK21qa8kcHlKk HTTP/1.1" 204 0
2021-08-06 22:21:35,772 - root - Payload delivered successfully, code 204.
2021-08-06 22:21:35,782 - urllib3.connectionpool - Starting new HTTPS connection (1): discord.com:443
2021-08-06 22:21:36,331 - urllib3.connectionpool - https://discord.com:443 "POST /api/webhooks/850392839053639690/65cKLltyuopds0GR5ElwNaeKmhGKmEuXlILxyTidy5Yup0ZfrMMYbNIXK21qa8kcHlKk HTTP/1.1" 204 0
2021-08-06 22:21:36,333 - root - Payload delivered successfully, code 204.
2021-08-06 22:21:36,335 - urllib3.connectionpool - Starting new HTTPS connection (1): discord.com:443
2021-08-06 22:21:36,836 - urllib3.connectionpool - https://discord.com:443 "POST /api/webhooks/850392839053639690/65cKLltyuopds0GR5ElwNaeKmhGKmEuXlILxyTidy5Yup0ZfrMMYbNIXK21qa8kcHlKk HTTP/1.1" 204 0
2021-08-06 22:21:36,839 - root - Payload delivered successfully, code 204.
2021-08-06 22:21:36,841 - urllib3.connectionpool - Starting new HTTPS connection (1): discord.com:443
2021-08-06 22:21:37,359 - urllib3.connectionpool - https://discord.com:443 "POST /api/webhooks/850392839053639690/65cKLltyuopds0GR5ElwNaeKmhGKmEuXlILxyTidy5Yup0ZfrMMYbNIXK21qa8kcHlKk HTTP/1.1" 204 0
2021-08-06 22:21:37,362 - root - Payload delivered successfully, code 204.
2021-08-06 22:21:37,364 - urllib3.connectionpool - Starting new HTTPS connection (1): discord.com:443
2021-08-06 22:21:37,898 - urllib3.connectionpool - https://discord.com:443 "POST /api/webhooks/850392839053639690/65cKLltyuopds0GR5ElwNaeKmhGKmEuXlILxyTidy5Yup0ZfrMMYbNIXK21qa8kcHlKk HTTP/1.1" 204 0
2021-08-06 22:21:37,900 - root - Payload delivered successfully, code 204.
2021-08-06 22:21:37,902 - urllib3.connectionpool - Starting new HTTPS connection (1): discord.com:443
2021-08-06 22:21:38,511 - urllib3.connectionpool - https://discord.com:443 "POST /api/webhooks/850392839053639690/65cKLltyuopds0GR5ElwNaeKmhGKmEuXlILxyTidy5Yup0ZfrMMYbNIXK21qa8kcHlKk HTTP/1.1" 204 0
2021-08-06 22:21:38,514 - root - Payload delivered successfully, code 204.
2021-08-06 22:21:38,519 - urllib3.connectionpool - Starting new HTTPS connection (1): discord.com:443
2021-08-06 22:21:39,052 - urllib3.connectionpool - https://discord.com:443 "POST /api/webhooks/850392839053639690/65cKLltyuopds0GR5ElwNaeKmhGKmEuXlILxyTidy5Yup0ZfrMMYbNIXK21qa8kcHlKk HTTP/1.1" 204 0
2021-08-06 22:21:39,064 - root - Payload delivered successfully, code 204.
2021-08-06 22:21:39,069 - urllib3.connectionpool - Starting new HTTPS connection (1): discord.com:443
2021-08-06 22:21:39,613 - urllib3.connectionpool - https://discord.com:443 "POST /api/webhooks/850392839053639690/65cKLltyuopds0GR5ElwNaeKmhGKmEuXlILxyTidy5Yup0ZfrMMYbNIXK21qa8kcHlKk HTTP/1.1" 204 0
2021-08-06 22:21:39,618 - root - Payload delivered successfully, code 204.
2021-08-06 22:21:39,620 - urllib3.connectionpool - Starting new HTTPS connection (1): discord.com:443
2021-08-06 22:21:40,167 - urllib3.connectionpool - https://discord.com:443 "POST /api/webhooks/850392839053639690/65cKLltyuopds0GR5ElwNaeKmhGKmEuXlILxyTidy5Yup0ZfrMMYbNIXK21qa8kcHlKk HTTP/1.1" 204 0
2021-08-06 22:21:40,171 - root - Payload delivered successfully, code 204.
2021-08-06 22:21:40,174 - urllib3.connectionpool - Starting new HTTPS connection (1): discord.com:443
2021-08-06 22:21:40,800 - urllib3.connectionpool - https://discord.com:443 "POST /api/webhooks/850392839053639690/65cKLltyuopds0GR5ElwNaeKmhGKmEuXlILxyTidy5Yup0ZfrMMYbNIXK21qa8kcHlKk HTTP/1.1" 204 0
2021-08-06 22:21:40,803 - root - Payload delivered successfully, code 204.
2021-08-06 22:21:40,811 - urllib3.connectionpool - Starting new HTTPS connection (1): discord.com:443
2021-08-06 22:21:41,364 - urllib3.connectionpool - https://discord.com:443 "POST /api/webhooks/850392839053639690/65cKLltyuopds0GR5ElwNaeKmhGKmEuXlILxyTidy5Yup0ZfrMMYbNIXK21qa8kcHlKk HTTP/1.1" 204 0
2021-08-06 22:21:41,373 - root - Payload delivered successfully, code 204.
2021-08-06 22:21:41,382 - urllib3.connectionpool - Starting new HTTPS connection (1): discord.com:443
2021-08-06 22:21:41,904 - urllib3.connectionpool - https://discord.com:443 "POST /api/webhooks/850392839053639690/65cKLltyuopds0GR5ElwNaeKmhGKmEuXlILxyTidy5Yup0ZfrMMYbNIXK21qa8kcHlKk HTTP/1.1" 204 0
2021-08-06 22:21:41,912 - root - Payload delivered successfully, code 204.
2021-08-06 22:21:41,918 - urllib3.connectionpool - Starting new HTTPS connection (1): discord.com:443
2021-08-06 22:21:42,551 - urllib3.connectionpool - https://discord.com:443 "POST /api/webhooks/850392839053639690/65cKLltyuopds0GR5ElwNaeKmhGKmEuXlILxyTidy5Yup0ZfrMMYbNIXK21qa8kcHlKk HTTP/1.1" 204 0
2021-08-06 22:21:42,557 - root - Payload delivered successfully, code 204.
2021-08-06 22:21:42,566 - urllib3.connectionpool - Starting new HTTPS connection (1): discord.com:443
2021-08-06 22:21:43,070 - urllib3.connectionpool - https://discord.com:443 "POST /api/webhooks/850392839053639690/65cKLltyuopds0GR5ElwNaeKmhGKmEuXlILxyTidy5Yup0ZfrMMYbNIXK21qa8kcHlKk HTTP/1.1" 204 0
2021-08-06 22:21:43,077 - root - Payload delivered successfully, code 204.
2021-08-06 22:21:43,083 - urllib3.connectionpool - Starting new HTTPS connection (1): discord.com:443
2021-08-06 22:21:43,630 - urllib3.connectionpool - https://discord.com:443 "POST /api/webhooks/850392839053639690/65cKLltyuopds0GR5ElwNaeKmhGKmEuXlILxyTidy5Yup0ZfrMMYbNIXK21qa8kcHlKk HTTP/1.1" 204 0
2021-08-06 22:21:43,634 - root - Payload delivered successfully, code 204.
2021-08-06 22:21:43,638 - urllib3.connectionpool - Starting new HTTPS connection (1): discord.com:443
2021-08-06 22:21:44,197 - urllib3.connectionpool - https://discord.com:443 "POST /api/webhooks/850392839053639690/65cKLltyuopds0GR5ElwNaeKmhGKmEuXlILxyTidy5Yup0ZfrMMYbNIXK21qa8kcHlKk HTTP/1.1" 204 0
2021-08-06 22:21:44,200 - root - Payload delivered successfully, code 204.
2021-08-06 22:21:44,202 - urllib3.connectionpool - Starting new HTTPS connection (1): discord.com:443
2021-08-06 22:21:44,707 - urllib3.connectionpool - https://discord.com:443 "POST /api/webhooks/850392839053639690/65cKLltyuopds0GR5ElwNaeKmhGKmEuXlILxyTidy5Yup0ZfrMMYbNIXK21qa8kcHlKk HTTP/1.1" 204 0
2021-08-06 22:21:44,715 - root - Payload delivered successfully, code 204.
2021-08-06 22:21:44,719 - urllib3.connectionpool - Starting new HTTPS connection (1): discord.com:443
2021-08-06 22:21:45,306 - urllib3.connectionpool - https://discord.com:443 "POST /api/webhooks/850392839053639690/65cKLltyuopds0GR5ElwNaeKmhGKmEuXlILxyTidy5Yup0ZfrMMYbNIXK21qa8kcHlKk HTTP/1.1" 204 0
2021-08-06 22:21:45,312 - root - Payload delivered successfully, code 204.
2021-08-06 22:21:45,316 - urllib3.connectionpool - Starting new HTTPS connection (1): discord.com:443
2021-08-06 22:21:45,868 - urllib3.connectionpool - https://discord.com:443 "POST /api/webhooks/850392839053639690/65cKLltyuopds0GR5ElwNaeKmhGKmEuXlILxyTidy5Yup0ZfrMMYbNIXK21qa8kcHlKk HTTP/1.1" 204 0
2021-08-06 22:21:45,871 - root - Payload delivered successfully, code 204.
2021-08-06 22:21:45,874 - urllib3.connectionpool - Starting new HTTPS connection (1): discord.com:443
2021-08-09 21:21:40,715 - dotenv.main - Python-dotenv could not parse statement starting at line 14
2021-08-09 21:21:40,718 - root - Successfully started monitor
2021-08-09 21:21:40,721 - urllib3.connectionpool - Starting new HTTPS connection (1): discord.com:443
2021-08-09 21:21:41,379 - urllib3.connectionpool - https://discord.com:443 "POST /api/webhooks/850392839053639690/65cKLltyuopds0GR5ElwNaeKmhGKmEuXlILxyTidy5Yup0ZfrMMYbNIXK21qa8kcHlKk HTTP/1.1" 204 0
2021-08-09 21:21:41,386 - root - Payload delivered successfully, code 204.
2021-08-09 21:21:41,392 - urllib3.connectionpool - Starting new HTTPS connection (1): www.sslproxies.org:443
2021-08-09 21:21:41,588 - urllib3.connectionpool - https://www.sslproxies.org:443 "GET / HTTP/1.1" 200 None
2021-08-09 21:21:41,628 - urllib3.connectionpool - Starting new HTTP connection (1): 194.163.132.232:3128
2021-08-09 21:21:42,134 - urllib3.connectionpool - Starting new HTTP connection (1): 217.79.181.109:443
2021-08-09 21:21:42,827 - urllib3.connectionpool - Starting new HTTP connection (1): 161.97.126.37:8118
2021-08-09 21:21:43,510 - urllib3.connectionpool - Starting new HTTP connection (1): 195.4.185.229:8080
2021-08-09 21:21:44,028 - urllib3.connectionpool - Starting new HTTP connection (1): 152.70.182.28:3128
2021-08-09 21:21:44,487 - urllib3.connectionpool - http://152.70.182.28:3128 "GET http://www.google.com/ HTTP/1.1" 200 5964
2021-08-09 21:21:44,489 - urllib3.connectionpool - Starting new HTTP connection (1): 152.70.182.28:3128
2021-08-09 21:21:44,980 - urllib3.connectionpool - http://152.70.182.28:3128 "GET http://www.google.com/ HTTP/1.1" 200 6003
2021-08-09 21:21:44,982 - urllib3.connectionpool - Starting new HTTPS connection (1): www.zavvi.com:443
2021-08-09 21:21:46,257 - urllib3.connectionpool - https://www.zavvi.com:443 "GET /funko/pop-vinyl.list?autocomplete=searchsuggestion&pageNumber=1&sortOrder=releaseDate HTTP/1.1" 200 None
2021-08-09 21:21:53,162 - urllib3.connectionpool - Starting new HTTPS connection (1): discord.com:443
2021-08-09 21:21:53,737 - urllib3.connectionpool - https://discord.com:443 "POST /api/webhooks/850392839053639690/65cKLltyuopds0GR5ElwNaeKmhGKmEuXlILxyTidy5Yup0ZfrMMYbNIXK21qa8kcHlKk HTTP/1.1" 204 0
2021-08-09 21:21:53,744 - root - Payload delivered successfully, code 204.
2021-08-09 21:21:53,751 - urllib3.connectionpool - Starting new HTTPS connection (1): discord.com:443
2021-08-09 21:21:54,258 - urllib3.connectionpool - https://discord.com:443 "POST /api/webhooks/850392839053639690/65cKLltyuopds0GR5ElwNaeKmhGKmEuXlILxyTidy5Yup0ZfrMMYbNIXK21qa8kcHlKk HTTP/1.1" 204 0
2021-08-09 21:21:54,260 - root - Payload delivered successfully, code 204.
2021-08-09 21:21:54,262 - urllib3.connectionpool - Starting new HTTPS connection (1): discord.com:443
2021-08-09 21:21:54,742 - urllib3.connectionpool - https://discord.com:443 "POST /api/webhooks/850392839053639690/65cKLltyuopds0GR5ElwNaeKmhGKmEuXlILxyTidy5Yup0ZfrMMYbNIXK21qa8kcHlKk HTTP/1.1" 204 0
2021-08-09 21:21:54,745 - root - Payload delivered successfully, code 204.
2021-08-09 21:21:54,747 - urllib3.connectionpool - Starting new HTTPS connection (1): discord.com:443
2021-08-09 21:21:55,286 - urllib3.connectionpool - https://discord.com:443 "POST /api/webhooks/850392839053639690/65cKLltyuopds0GR5ElwNaeKmhGKmEuXlILxyTidy5Yup0ZfrMMYbNIXK21qa8kcHlKk HTTP/1.1" 204 0
2021-08-09 21:21:55,292 - root - Payload delivered successfully, code 204.
2021-08-09 21:21:55,296 - urllib3.connectionpool - Starting new HTTPS connection (1): discord.com:443
2021-08-09 21:21:55,859 - urllib3.connectionpool - https://discord.com:443 "POST /api/webhooks/850392839053639690/65cKLltyuopds0GR5ElwNaeKmhGKmEuXlILxyTidy5Yup0ZfrMMYbNIXK21qa8kcHlKk HTTP/1.1" 204 0
2021-08-09 21:21:55,862 - root - Payload delivered successfully, code 204.
2021-08-09 21:21:55,864 - urllib3.connectionpool - Starting new HTTPS connection (1): discord.com:443
2021-08-09 21:21:56,356 - urllib3.connectionpool - https://discord.com:443 "POST /api/webhooks/850392839053639690/65cKLltyuopds0GR5ElwNaeKmhGKmEuXlILxyTidy5Yup0ZfrMMYbNIXK21qa8kcHlKk HTTP/1.1" 204 0
2021-08-09 21:21:56,360 - root - Payload delivered successfully, code 204.
2021-08-09 21:21:56,363 - urllib3.connectionpool - Starting new HTTPS connection (1): discord.com:443
2021-08-09 21:21:56,895 - urllib3.connectionpool - https://discord.com:443 "POST /api/webhooks/850392839053639690/65cKLltyuopds0GR5ElwNaeKmhGKmEuXlILxyTidy5Yup0ZfrMMYbNIXK21qa8kcHlKk HTTP/1.1" 204 0
2021-08-09 21:21:56,900 - root - Payload delivered successfully, code 204.
2021-08-09 21:21:56,906 - urllib3.connectionpool - Starting new HTTPS connection (1): discord.com:443
2021-08-09 21:21:57,469 - urllib3.connectionpool - https://discord.com:443 "POST /api/webhooks/850392839053639690/65cKLltyuopds0GR5ElwNaeKmhGKmEuXlILxyTidy5Yup0ZfrMMYbNIXK21qa8kcHlKk HTTP/1.1" 204 0
2021-08-09 21:21:57,471 - root - Payload delivered successfully, code 204.
2021-08-09 21:21:57,473 - urllib3.connectionpool - Starting new HTTPS connection (1): discord.com:443
2021-08-09 21:21:57,969 - urllib3.connectionpool - https://discord.com:443 "POST /api/webhooks/850392839053639690/65cKLltyuopds0GR5ElwNaeKmhGKmEuXlILxyTidy5Yup0ZfrMMYbNIXK21qa8kcHlKk HTTP/1.1" 204 0
2021-08-09 21:21:57,972 - root - Payload delivered successfully, code 204.
2021-08-09 21:21:57,974 - urllib3.connectionpool - Starting new HTTPS connection (1): discord.com:443
2021-08-09 21:21:58,541 - urllib3.connectionpool - https://discord.com:443 "POST /api/webhooks/850392839053639690/65cKLltyuopds0GR5ElwNaeKmhGKmEuXlILxyTidy5Yup0ZfrMMYbNIXK21qa8kcHlKk HTTP/1.1" 204 0
2021-08-09 21:21:58,544 - root - Payload delivered successfully, code 204.
2021-08-09 21:21:58,547 - urllib3.connectionpool - Starting new HTTPS connection (1): discord.com:443
2021-08-09 21:34:55,742 - dotenv.main - Python-dotenv could not parse statement starting at line 14
2021-08-09 21:34:55,754 - root - Successfully started monitor
2021-08-09 21:34:55,758 - urllib3.connectionpool - Starting new HTTPS connection (1): discord.com:443
2021-08-09 21:34:56,256 - urllib3.connectionpool - https://discord.com:443 "POST /api/webhooks/850392839053639690/65cKLltyuopds0GR5ElwNaeKmhGKmEuXlILxyTidy5Yup0ZfrMMYbNIXK21qa8kcHlKk HTTP/1.1" 204 0
2021-08-09 21:34:56,260 - root - Payload delivered successfully, code 204.
2021-08-09 21:34:56,267 - urllib3.connectionpool - Starting new HTTPS connection (1): www.sslproxies.org:443
2021-08-09 21:34:57,060 - urllib3.connectionpool - https://www.sslproxies.org:443 "GET / HTTP/1.1" 200 None
2021-08-09 21:34:57,276 - urllib3.connectionpool - Starting new HTTP connection (1): 195.4.185.229:8080
2021-08-09 21:34:57,790 - urllib3.connectionpool - Starting new HTTP connection (1): 217.79.181.109:443
2021-08-09 21:34:58,388 - urllib3.connectionpool - Starting new HTTPS connection (1): www.sslproxies.org:443
2021-08-09 21:34:58,581 - urllib3.connectionpool - https://www.sslproxies.org:443 "GET / HTTP/1.1" 200 None
2021-08-09 21:34:58,606 - urllib3.connectionpool - Starting new HTTP connection (1): 109.237.199.56:3128
2021-08-09 21:34:59,125 - urllib3.connectionpool - Starting new HTTP connection (1): 46.146.239.100:3128
2021-08-09 21:34:59,538 - urllib3.connectionpool - Starting new HTTP connection (1): 95.216.247.78:22204
2021-08-09 21:35:00,228 - urllib3.connectionpool - Starting new HTTP connection (1): 178.128.108.108:8118
2021-08-09 21:35:00,819 - urllib3.connectionpool - Starting new HTTP connection (1): 172.107.159.194:443
2021-08-09 21:35:01,336 - urllib3.connectionpool - Starting new HTTP connection (1): 95.157.75.216:8080
2021-08-09 21:35:01,854 - urllib3.connectionpool - Starting new HTTP connection (1): 181.129.183.19:53281
2021-08-09 21:35:02,369 - urllib3.connectionpool - Starting new HTTP connection (1): 213.200.200.66:8080
2021-08-09 21:35:02,885 - urllib3.connectionpool - Starting new HTTP connection (1): 78.140.7.239:33943
2021-08-09 21:35:03,398 - urllib3.connectionpool - Starting new HTTP connection (1): 89.189.128.183:8080
2021-08-09 21:35:03,911 - urllib3.connectionpool - Starting new HTTP connection (1): 183.89.101.77:8080
2021-08-09 21:35:04,419 - urllib3.connectionpool - Starting new HTTP connection (1): 103.218.243.75:8081
2021-08-09 21:35:05,071 - urllib3.connectionpool - Starting new HTTP connection (1): 103.205.183.18:55443
2021-08-09 21:35:05,581 - urllib3.connectionpool - Starting new HTTP connection (1): 195.110.7.195:3121
2021-08-09 21:35:06,092 - urllib3.connectionpool - Starting new HTTP connection (1): 35.239.150.193:8080
2021-08-09 21:35:06,601 - urllib3.connectionpool - Starting new HTTP connection (1): 202.57.35.74:38629
2021-08-09 21:35:07,116 - urllib3.connectionpool - Starting new HTTP connection (1): 209.45.3.99:999
2021-08-09 21:35:07,630 - urllib3.connectionpool - Starting new HTTP connection (1): 180.148.210.94:54794
2021-08-09 21:35:08,141 - urllib3.connectionpool - Starting new HTTP connection (1): 169.57.1.85:8123
2021-08-09 21:35:08,996 - urllib3.connectionpool - Starting new HTTP connection (1): 177.129.240.134:55443
2021-08-09 21:35:09,506 - urllib3.connectionpool - Starting new HTTP connection (1): 2.179.167.231:8080
2021-08-09 21:35:10,015 - urllib3.connectionpool - Starting new HTTP connection (1): 82.64.183.22:8080
2021-08-09 21:35:10,519 - urllib3.connectionpool - Starting new HTTP connection (1): 41.222.209.14:808
2021-08-09 21:35:11,328 - urllib3.connectionpool - Starting new HTTP connection (1): 79.143.87.140:9090
2021-08-09 21:35:12,012 - urllib3.connectionpool - Starting new HTTP connection (1): 149.19.224.29:3128
2021-08-09 21:35:12,664 - urllib3.connectionpool - http://149.19.224.29:3128 "GET http://www.google.com/ HTTP/1.1" 200 6004
2021-08-09 21:35:12,674 - urllib3.connectionpool - Starting new HTTP connection (1): 149.19.224.29:3128
2021-08-09 21:35:13,398 - urllib3.connectionpool - http://149.19.224.29:3128 "GET http://www.google.com/ HTTP/1.1" 200 5986
2021-08-09 21:35:13,407 - urllib3.connectionpool - Starting new HTTPS connection (1): www.hottopic.com:443
2021-08-09 21:35:14,763 - urllib3.connectionpool - https://www.hottopic.com:443 "GET /funko/?srule=sortingNewArrival&start=0&sz=60 HTTP/1.1" 200 None
2021-08-09 21:35:15,558 - urllib3.connectionpool - Starting new HTTPS connection (1): discord.com:443
2021-08-09 21:35:16,147 - urllib3.connectionpool - https://discord.com:443 "POST /api/webhooks/850392839053639690/65cKLltyuopds0GR5ElwNaeKmhGKmEuXlILxyTidy5Yup0ZfrMMYbNIXK21qa8kcHlKk HTTP/1.1" 204 0
2021-08-09 21:35:16,154 - root - Payload delivered successfully, code 204.
2021-08-09 21:35:16,161 - urllib3.connectionpool - Starting new HTTPS connection (1): discord.com:443
2021-08-09 21:35:16,752 - urllib3.connectionpool - https://discord.com:443 "POST /api/webhooks/850392839053639690/65cKLltyuopds0GR5ElwNaeKmhGKmEuXlILxyTidy5Yup0ZfrMMYbNIXK21qa8kcHlKk HTTP/1.1" 204 0
2021-08-09 21:35:16,754 - root - Payload delivered successfully, code 204.
2021-08-09 21:35:16,756 - urllib3.connectionpool - Starting new HTTPS connection (1): discord.com:443
2021-08-09 21:35:17,300 - urllib3.connectionpool - https://discord.com:443 "POST /api/webhooks/850392839053639690/65cKLltyuopds0GR5ElwNaeKmhGKmEuXlILxyTidy5Yup0ZfrMMYbNIXK21qa8kcHlKk HTTP/1.1" 204 0
2021-08-09 21:35:17,302 - root - Payload delivered successfully, code 204.
2021-08-09 21:35:17,304 - urllib3.connectionpool - Starting new HTTPS connection (1): discord.com:443
2021-08-09 21:35:17,845 - urllib3.connectionpool - https://discord.com:443 "POST /api/webhooks/850392839053639690/65cKLltyuopds0GR5ElwNaeKmhGKmEuXlILxyTidy5Yup0ZfrMMYbNIXK21qa8kcHlKk HTTP/1.1" 204 0
2021-08-09 21:35:17,847 - root - Payload delivered successfully, code 204.
2021-08-09 21:35:17,849 - urllib3.connectionpool - Starting new HTTPS connection (1): discord.com:443
2021-08-09 21:35:18,360 - urllib3.connectionpool - https://discord.com:443 "POST /api/webhooks/850392839053639690/65cKLltyuopds0GR5ElwNaeKmhGKmEuXlILxyTidy5Yup0ZfrMMYbNIXK21qa8kcHlKk HTTP/1.1" 204 0
2021-08-09 21:35:18,364 - root - Payload delivered successfully, code 204.
2021-08-09 21:35:18,366 - urllib3.connectionpool - Starting new HTTPS connection (1): discord.com:443
2021-08-09 21:35:18,896 - urllib3.connectionpool - https://discord.com:443 "POST /api/webhooks/850392839053639690/65cKLltyuopds0GR5ElwNaeKmhGKmEuXlILxyTidy5Yup0ZfrMMYbNIXK21qa8kcHlKk HTTP/1.1" 204 0
2021-08-09 21:35:18,899 - root - Payload delivered successfully, code 204.
2021-08-09 21:35:18,904 - urllib3.connectionpool - Starting new HTTPS connection (1): discord.com:443
2021-08-09 21:35:19,397 - urllib3.connectionpool - https://discord.com:443 "POST /api/webhooks/850392839053639690/65cKLltyuopds0GR5ElwNaeKmhGKmEuXlILxyTidy5Yup0ZfrMMYbNIXK21qa8kcHlKk HTTP/1.1" 204 0
2021-08-09 21:35:19,402 - root - Payload delivered successfully, code 204.
2021-08-09 21:35:19,408 - urllib3.connectionpool - Starting new HTTPS connection (1): discord.com:443
2021-08-09 21:35:19,923 - urllib3.connectionpool - https://discord.com:443 "POST /api/webhooks/850392839053639690/65cKLltyuopds0GR5ElwNaeKmhGKmEuXlILxyTidy5Yup0ZfrMMYbNIXK21qa8kcHlKk HTTP/1.1" 204 0
2021-08-09 21:35:19,926 - root - Payload delivered successfully, code 204.
2021-08-09 21:35:19,929 - urllib3.connectionpool - Starting new HTTPS connection (1): discord.com:443
2021-08-09 21:35:20,474 - urllib3.connectionpool - https://discord.com:443 "POST /api/webhooks/850392839053639690/65cKLltyuopds0GR5ElwNaeKmhGKmEuXlILxyTidy5Yup0ZfrMMYbNIXK21qa8kcHlKk HTTP/1.1" 204 0
2021-08-09 21:35:20,476 - root - Payload delivered successfully, code 204.
2021-08-09 21:35:20,478 - urllib3.connectionpool - Starting new HTTPS connection (1): discord.com:443
2021-08-09 21:35:20,980 - urllib3.connectionpool - https://discord.com:443 "POST /api/webhooks/850392839053639690/65cKLltyuopds0GR5ElwNaeKmhGKmEuXlILxyTidy5Yup0ZfrMMYbNIXK21qa8kcHlKk HTTP/1.1" 204 0
2021-08-09 21:35:20,983 - root - Payload delivered successfully, code 204.
2021-08-09 21:35:20,986 - urllib3.connectionpool - Starting new HTTPS connection (1): discord.com:443
2021-08-09 21:35:21,517 - urllib3.connectionpool - https://discord.com:443 "POST /api/webhooks/850392839053639690/65cKLltyuopds0GR5ElwNaeKmhGKmEuXlILxyTidy5Yup0ZfrMMYbNIXK21qa8kcHlKk HTTP/1.1" 204 0
2021-08-09 21:35:21,524 - root - Payload delivered successfully, code 204.
2021-08-09 21:35:21,532 - urllib3.connectionpool - Starting new HTTPS connection (1): discord.com:443
2021-08-09 21:35:22,048 - urllib3.connectionpool - https://discord.com:443 "POST /api/webhooks/850392839053639690/65cKLltyuopds0GR5ElwNaeKmhGKmEuXlILxyTidy5Yup0ZfrMMYbNIXK21qa8kcHlKk HTTP/1.1" 204 0
2021-08-09 21:35:22,052 - root - Payload delivered successfully, code 204.
2021-08-09 21:35:22,054 - urllib3.connectionpool - Starting new HTTPS connection (1): discord.com:443
2021-08-09 21:35:22,571 - urllib3.connectionpool - https://discord.com:443 "POST /api/webhooks/850392839053639690/65cKLltyuopds0GR5ElwNaeKmhGKmEuXlILxyTidy5Yup0ZfrMMYbNIXK21qa8kcHlKk HTTP/1.1" 204 0
2021-08-09 21:35:22,579 - root - Payload delivered successfully, code 204.
2021-08-09 21:35:22,590 - urllib3.connectionpool - Starting new HTTPS connection (1): discord.com:443
2021-08-09 21:40:31,442 - dotenv.main - Python-dotenv could not parse statement starting at line 14
2021-08-09 21:40:31,443 - root - Successfully started monitor
2021-08-09 21:40:31,446 - urllib3.connectionpool - Starting new HTTPS connection (1): discord.com:443
2021-08-09 21:40:32,713 - urllib3.connectionpool - https://discord.com:443 "POST /api/webhooks/850392839053639690/65cKLltyuopds0GR5ElwNaeKmhGKmEuXlILxyTidy5Yup0ZfrMMYbNIXK21qa8kcHlKk HTTP/1.1" 204 0
2021-08-09 21:40:32,716 - root - Payload delivered successfully, code 204.
2021-08-09 21:40:32,718 - urllib3.connectionpool - Starting new HTTPS connection (1): www.sslproxies.org:443
2021-08-09 21:40:33,255 - urllib3.connectionpool - https://www.sslproxies.org:443 "GET / HTTP/1.1" 200 None
2021-08-09 21:40:33,264 - urllib3.connectionpool - Starting new HTTP connection (1): 217.79.181.109:443
2021-08-09 21:40:34,039 - urllib3.connectionpool - Starting new HTTP connection (1): 195.4.185.229:8080
2021-08-09 21:40:34,554 - urllib3.connectionpool - Starting new HTTPS connection (1): www.sslproxies.org:443
2021-08-09 21:40:35,091 - urllib3.connectionpool - https://www.sslproxies.org:443 "GET / HTTP/1.1" 200 None
2021-08-09 21:40:35,133 - urllib3.connectionpool - Starting new HTTP connection (1): 77.37.131.148:55443
2021-08-09 21:40:35,642 - urllib3.connectionpool - Starting new HTTP connection (1): 103.158.121.198:8181
2021-08-09 21:40:36,156 - urllib3.connectionpool - Starting new HTTP connection (1): 79.143.87.140:9090
2021-08-09 21:40:36,674 - urllib3.connectionpool - Starting new HTTP connection (1): 118.136.139.7:8080
2021-08-09 21:40:37,528 - urllib3.connectionpool - Starting new HTTP connection (1): 18.235.108.88:8080
2021-08-09 21:40:38,039 - urllib3.connectionpool - Starting new HTTP connection (1): 36.81.222.98:8080
2021-08-09 21:40:38,551 - urllib3.connectionpool - Starting new HTTP connection (1): 58.136.19.75:8081
2021-08-09 21:40:39,063 - urllib3.connectionpool - Starting new HTTP connection (1): 45.152.188.215:3128
2021-08-09 21:40:39,764 - urllib3.connectionpool - http://45.152.188.215:3128 "GET http://www.google.com/ HTTP/1.1" 200 5789
2021-08-09 21:40:39,771 - urllib3.connectionpool - Starting new HTTP connection (1): 45.152.188.215:3128
2021-08-09 21:40:40,280 - urllib3.connectionpool - Starting new HTTP connection (1): 181.78.18.87:999
2021-08-09 21:40:40,792 - urllib3.connectionpool - Starting new HTTP connection (1): 103.216.82.22:6666
2021-08-09 21:40:41,308 - urllib3.connectionpool - Starting new HTTP connection (1): 187.243.250.10:8080
2021-08-09 21:40:42,149 - urllib3.connectionpool - Starting new HTTP connection (1): 195.4.185.229:8080
2021-08-09 21:40:42,662 - urllib3.connectionpool - Starting new HTTP connection (1): 192.158.15.201:60684
2021-08-09 21:40:43,179 - urllib3.connectionpool - Starting new HTTP connection (1): 197.232.65.40:55443
2021-08-09 21:40:43,694 - urllib3.connectionpool - Starting new HTTP connection (1): 119.81.189.194:80
2021-08-09 21:40:43,986 - urllib3.connectionpool - http://119.81.189.194:80 "GET http://www.google.com/ HTTP/1.1" 403 0
2021-08-09 21:40:43,994 - urllib3.connectionpool - Starting new HTTP connection (1): 119.81.189.194:80
2021-08-09 21:40:44,332 - urllib3.connectionpool - http://119.81.189.194:80 "GET http://www.google.com/ HTTP/1.1" 403 0
2021-08-09 21:40:44,335 - urllib3.connectionpool - Starting new HTTPS connection (1): www.boxlunch.com:443
2021-08-09 21:40:46,189 - urllib3.connectionpool - https://www.boxlunch.com:443 "GET /funko/new-arrivals/?srule=sortingNewArrivals HTTP/1.1" 200 None
2021-08-09 21:40:46,901 - urllib3.connectionpool - Starting new HTTPS connection (1): discord.com:443
2021-08-09 21:40:48,815 - urllib3.connectionpool - https://discord.com:443 "POST /api/webhooks/850392839053639690/65cKLltyuopds0GR5ElwNaeKmhGKmEuXlILxyTidy5Yup0ZfrMMYbNIXK21qa8kcHlKk HTTP/1.1" 204 0
2021-08-09 21:40:48,818 - root - Payload delivered successfully, code 204.
2021-08-09 21:40:48,821 - urllib3.connectionpool - Starting new HTTPS connection (1): discord.com:443
2021-08-09 21:40:49,416 - urllib3.connectionpool - https://discord.com:443 "POST /api/webhooks/850392839053639690/65cKLltyuopds0GR5ElwNaeKmhGKmEuXlILxyTidy5Yup0ZfrMMYbNIXK21qa8kcHlKk HTTP/1.1" 204 0
2021-08-09 21:40:49,417 - root - Payload delivered successfully, code 204.
2021-08-09 21:40:49,420 - urllib3.connectionpool - Starting new HTTPS connection (1): discord.com:443
2021-08-09 21:40:49,993 - urllib3.connectionpool - https://discord.com:443 "POST /api/webhooks/850392839053639690/65cKLltyuopds0GR5ElwNaeKmhGKmEuXlILxyTidy5Yup0ZfrMMYbNIXK21qa8kcHlKk HTTP/1.1" 204 0
2021-08-09 21:40:50,000 - root - Payload delivered successfully, code 204.
2021-08-09 21:40:50,009 - urllib3.connectionpool - Starting new HTTPS connection (1): discord.com:443
2021-08-09 21:40:50,758 - urllib3.connectionpool - https://discord.com:443 "POST /api/webhooks/850392839053639690/65cKLltyuopds0GR5ElwNaeKmhGKmEuXlILxyTidy5Yup0ZfrMMYbNIXK21qa8kcHlKk HTTP/1.1" 204 0
2021-08-09 21:40:50,760 - root - Payload delivered successfully, code 204.
2021-08-09 21:40:50,763 - urllib3.connectionpool - Starting new HTTPS connection (1): discord.com:443
2021-08-09 21:40:51,290 - urllib3.connectionpool - https://discord.com:443 "POST /api/webhooks/850392839053639690/65cKLltyuopds0GR5ElwNaeKmhGKmEuXlILxyTidy5Yup0ZfrMMYbNIXK21qa8kcHlKk HTTP/1.1" 204 0
2021-08-09 21:40:51,292 - root - Payload delivered successfully, code 204.
2021-08-09 21:40:51,294 - urllib3.connectionpool - Starting new HTTPS connection (1): discord.com:443
2021-08-09 21:40:52,044 - urllib3.connectionpool - https://discord.com:443 "POST /api/webhooks/850392839053639690/65cKLltyuopds0GR5ElwNaeKmhGKmEuXlILxyTidy5Yup0ZfrMMYbNIXK21qa8kcHlKk HTTP/1.1" 204 0
2021-08-09 21:40:52,046 - root - Payload delivered successfully, code 204.
2021-08-09 21:40:52,049 - urllib3.connectionpool - Starting new HTTPS connection (1): discord.com:443
2021-08-10 21:41:20,390 - dotenv.main - Python-dotenv could not parse statement starting at line 14
2021-08-10 21:41:20,403 - root - Successfully started monitor
2021-08-10 21:41:20,410 - urllib3.connectionpool - Starting new HTTPS connection (1): discord.com:443
2021-08-10 21:41:21,058 - urllib3.connectionpool - https://discord.com:443 "POST /api/webhooks/850392839053639690/65cKLltyuopds0GR5ElwNaeKmhGKmEuXlILxyTidy5Yup0ZfrMMYbNIXK21qa8kcHlKk HTTP/1.1" 204 0
2021-08-10 21:41:21,062 - root - Payload delivered successfully, code 204.
2021-08-10 21:41:21,067 - urllib3.connectionpool - Starting new HTTPS connection (1): www.sslproxies.org:443
2021-08-10 21:41:21,494 - urllib3.connectionpool - https://www.sslproxies.org:443 "GET / HTTP/1.1" 200 None
2021-08-10 21:41:21,534 - urllib3.connectionpool - Starting new HTTP connection (1): 138.201.117.24:8080
2021-08-10 21:41:22,053 - urllib3.connectionpool - Starting new HTTP connection (1): 173.249.38.220:80
2021-08-10 21:41:22,621 - urllib3.connectionpool - http://173.249.38.220:80 "GET http://www.google.com/ HTTP/1.1" 200 None
2021-08-10 21:41:22,630 - urllib3.connectionpool - Starting new HTTP connection (1): 173.249.38.220:80
2021-08-10 21:41:23,107 - urllib3.connectionpool - Starting new HTTP connection (1): 217.79.181.109:443
2021-08-10 21:41:23,858 - urllib3.connectionpool - Starting new HTTPS connection (1): www.sslproxies.org:443
2021-08-10 21:41:24,155 - urllib3.connectionpool - https://www.sslproxies.org:443 "GET / HTTP/1.1" 200 None
2021-08-10 21:41:24,167 - urllib3.connectionpool - Starting new HTTP connection (1): 65.78.110.195:8080
2021-08-10 21:41:24,685 - urllib3.connectionpool - Starting new HTTP connection (1): 62.133.168.72:55443
2021-08-10 21:41:25,492 - urllib3.connectionpool - Starting new HTTP connection (1): 189.199.126.94:8080
2021-08-10 21:41:26,007 - urllib3.connectionpool - Starting new HTTP connection (1): 212.200.27.134:8080
2021-08-10 21:41:26,523 - urllib3.connectionpool - Starting new HTTP connection (1): 125.27.46.151:8080
2021-08-10 21:41:27,044 - urllib3.connectionpool - Starting new HTTP connection (1): 160.16.75.178:3128
2021-08-10 21:41:27,556 - urllib3.connectionpool - Starting new HTTP connection (1): 217.79.181.109:443
2021-08-10 21:41:28,267 - urllib3.connectionpool - Starting new HTTP connection (1): 178.66.182.76:3128
2021-08-10 21:41:28,781 - urllib3.connectionpool - Starting new HTTP connection (1): 94.23.173.35:43567
2021-12-02 22:05:36,856 - dotenv.main - Python-dotenv could not parse statement starting at line 14
2021-12-02 22:05:36,856 - root - Successfully started monitor
2021-12-02 22:05:36,870 - urllib3.connectionpool - Starting new HTTPS connection (1): discord.com:443
2021-12-02 22:05:37,461 - urllib3.connectionpool - https://discord.com:443 "POST /api/webhooks/850392839053639690/65cKLltyuopds0GR5ElwNaeKmhGKmEuXlILxyTidy5Yup0ZfrMMYbNIXK21qa8kcHlKk HTTP/1.1" 404 45
2021-12-02 22:05:37,465 - root - 404 Client Error: Not Found for url: https://discord.com/api/webhooks/850392839053639690/65cKLltyuopds0GR5ElwNaeKmhGKmEuXlILxyTidy5Yup0ZfrMMYbNIXK21qa8kcHlKk
2021-12-02 22:05:37,467 - urllib3.connectionpool - Starting new HTTPS connection (1): www.sslproxies.org:443
2021-12-02 22:05:37,898 - urllib3.connectionpool - https://www.sslproxies.org:443 "GET / HTTP/1.1" 200 None
2021-12-02 22:06:13,385 - dotenv.main - Python-dotenv could not parse statement starting at line 14
2021-12-02 22:06:13,385 - root - Successfully started monitor
2021-12-02 22:06:13,388 - urllib3.connectionpool - Starting new HTTPS connection (1): discord.com:443
2021-12-02 22:06:13,933 - urllib3.connectionpool - https://discord.com:443 "POST /api/webhooks/887246182005485578/v3e2-JIahGv6iNM9kSAI4oFIClwrYiml0okhxlZp1LnSGMdpW8NY30HNcgY_8S77ccwB HTTP/1.1" 204 0
2021-12-02 22:06:13,933 - root - Payload delivered successfully, code 204.
2021-12-02 22:06:13,951 - urllib3.connectionpool - Starting new HTTPS connection (1): www.sslproxies.org:443
2021-12-02 22:06:14,319 - urllib3.connectionpool - https://www.sslproxies.org:443 "GET / HTTP/1.1" 200 None
2021-12-02 22:07:31,468 - dotenv.main - Python-dotenv could not parse statement starting at line 14
2021-12-02 22:07:31,468 - root - Successfully started monitor
2021-12-02 22:07:31,482 - urllib3.connectionpool - Starting new HTTPS connection (1): discord.com:443
2021-12-02 22:07:32,056 - urllib3.connectionpool - https://discord.com:443 "POST /api/webhooks/887246182005485578/v3e2-JIahGv6iNM9kSAI4oFIClwrYiml0okhxlZp1LnSGMdpW8NY30HNcgY_8S77ccwB HTTP/1.1" 204 0
2021-12-02 22:07:32,065 - root - Payload delivered successfully, code 204.
2021-12-02 22:07:32,074 - urllib3.connectionpool - Starting new HTTPS connection (1): www.scottycameron.com:443
2021-12-02 22:07:33,009 - urllib3.connectionpool - https://www.scottycameron.com:443 "GET /store/ HTTP/1.1" 200 17955
2021-12-02 22:07:33,039 - root - 'NoneType' object has no attribute 'text'
2021-12-02 22:07:33,049 - urllib3.connectionpool - Starting new HTTPS connection (1): www.scottycameron.com:443
2021-12-02 22:07:33,867 - urllib3.connectionpool - https://www.scottycameron.com:443 "GET /store/ HTTP/1.1" 200 17955
2021-12-02 22:07:33,932 - root - 'NoneType' object has no attribute 'text'
2021-12-02 22:07:33,944 - urllib3.connectionpool - Starting new HTTPS connection (1): www.scottycameron.com:443
2021-12-02 22:07:34,748 - urllib3.connectionpool - https://www.scottycameron.com:443 "GET /store/ HTTP/1.1" 200 17955
2021-12-02 22:07:34,795 - root - 'NoneType' object has no attribute 'text'
2021-12-02 22:07:34,809 - urllib3.connectionpool - Starting new HTTPS connection (1): www.scottycameron.com:443
2021-12-02 22:11:21,132 - dotenv.main - Python-dotenv could not parse statement starting at line 14
2021-12-02 22:11:21,133 - root - Successfully started monitor
2021-12-02 22:11:21,137 - urllib3.connectionpool - Starting new HTTPS connection (1): discord.com:443
2021-12-02 22:11:21,878 - urllib3.connectionpool - https://discord.com:443 "POST /api/webhooks/887246182005485578/v3e2-JIahGv6iNM9kSAI4oFIClwrYiml0okhxlZp1LnSGMdpW8NY30HNcgY_8S77ccwB HTTP/1.1" 204 0
2021-12-02 22:11:21,887 - root - Payload delivered successfully, code 204.
2021-12-02 22:11:21,897 - urllib3.connectionpool - Starting new HTTPS connection (1): www.scottycameron.com:443
2021-12-02 22:11:24,894 - urllib3.connectionpool - https://www.scottycameron.com:443 "GET /store/ HTTP/1.1" 200 17955
2021-12-02 22:11:25,943 - urllib3.connectionpool - Starting new HTTPS connection (1): www.scottycameron.com:443
2021-12-02 22:11:37,556 - dotenv.main - Python-dotenv could not parse statement starting at line 14
2021-12-02 22:11:37,556 - root - Successfully started monitor
2021-12-02 22:11:37,577 - urllib3.connectionpool - Starting new HTTPS connection (1): discord.com:443
2021-12-02 22:11:38,107 - urllib3.connectionpool - https://discord.com:443 "POST /api/webhooks/887246182005485578/v3e2-JIahGv6iNM9kSAI4oFIClwrYiml0okhxlZp1LnSGMdpW8NY30HNcgY_8S77ccwB HTTP/1.1" 204 0
2021-12-02 22:11:38,123 - root - Payload delivered successfully, code 204.
2021-12-02 22:11:38,129 - urllib3.connectionpool - Starting new HTTPS connection (1): www.scottycameron.com:443
2021-12-02 22:11:39,825 - urllib3.connectionpool - https://www.scottycameron.com:443 "GET /store/ HTTP/1.1" 200 17955
2021-12-02 22:11:39,857 - urllib3.connectionpool - Starting new HTTPS connection (1): discord.com:443
2021-12-02 22:11:40,408 - urllib3.connectionpool - https://discord.com:443 "POST /api/webhooks/887246182005485578/v3e2-JIahGv6iNM9kSAI4oFIClwrYiml0okhxlZp1LnSGMdpW8NY30HNcgY_8S77ccwB HTTP/1.1" 204 0
2021-12-02 22:11:40,408 - root - Payload delivered successfully, code 204.
2021-12-02 22:11:40,425 - urllib3.connectionpool - Starting new HTTPS connection (1): discord.com:443
2021-12-02 22:11:40,929 - urllib3.connectionpool - https://discord.com:443 "POST /api/webhooks/887246182005485578/v3e2-JIahGv6iNM9kSAI4oFIClwrYiml0okhxlZp1LnSGMdpW8NY30HNcgY_8S77ccwB HTTP/1.1" 400 17
2021-12-02 22:11:40,939 - root - 400 Client Error: Bad Request for url: https://discord.com/api/webhooks/887246182005485578/v3e2-JIahGv6iNM9kSAI4oFIClwrYiml0okhxlZp1LnSGMdpW8NY30HNcgY_8S77ccwB
2021-12-02 22:11:40,942 - urllib3.connectionpool - Starting new HTTPS connection (1): discord.com:443
2021-12-02 22:11:41,531 - urllib3.connectionpool - https://discord.com:443 "POST /api/webhooks/887246182005485578/v3e2-JIahGv6iNM9kSAI4oFIClwrYiml0okhxlZp1LnSGMdpW8NY30HNcgY_8S77ccwB HTTP/1.1" 204 0
2021-12-02 22:11:41,536 - root - Payload delivered successfully, code 204.
2021-12-02 22:11:41,540 - urllib3.connectionpool - Starting new HTTPS connection (1): discord.com:443
2021-12-02 22:11:42,019 - urllib3.connectionpool - https://discord.com:443 "POST /api/webhooks/887246182005485578/v3e2-JIahGv6iNM9kSAI4oFIClwrYiml0okhxlZp1LnSGMdpW8NY30HNcgY_8S77ccwB HTTP/1.1" 400 17
2021-12-02 22:11:42,019 - root - 400 Client Error: Bad Request for url: https://discord.com/api/webhooks/887246182005485578/v3e2-JIahGv6iNM9kSAI4oFIClwrYiml0okhxlZp1LnSGMdpW8NY30HNcgY_8S77ccwB
2021-12-02 22:11:43,031 - urllib3.connectionpool - Starting new HTTPS connection (1): www.scottycameron.com:443
2021-12-02 22:11:45,697 - urllib3.connectionpool - https://www.scottycameron.com:443 "GET /store/ HTTP/1.1" 200 17955
2021-12-02 22:12:11,814 - dotenv.main - Python-dotenv could not parse statement starting at line 14
2021-12-02 22:12:11,815 - root - Successfully started monitor
2021-12-02 22:12:11,818 - urllib3.connectionpool - Starting new HTTPS connection (1): discord.com:443
2021-12-02 22:12:12,364 - urllib3.connectionpool - https://discord.com:443 "POST /api/webhooks/887246182005485578/v3e2-JIahGv6iNM9kSAI4oFIClwrYiml0okhxlZp1LnSGMdpW8NY30HNcgY_8S77ccwB HTTP/1.1" 204 0
2021-12-02 22:12:12,369 - root - Payload delivered successfully, code 204.
2021-12-02 22:12:12,373 - urllib3.connectionpool - Starting new HTTPS connection (1): www.scottycameron.com:443
2021-12-02 22:12:14,157 - urllib3.connectionpool - https://www.scottycameron.com:443 "GET /store/ HTTP/1.1" 200 17955
2021-12-02 22:12:14,224 - urllib3.connectionpool - Starting new HTTPS connection (1): discord.com:443
2021-12-02 22:12:14,689 - urllib3.connectionpool - https://discord.com:443 "POST /api/webhooks/887246182005485578/v3e2-JIahGv6iNM9kSAI4oFIClwrYiml0okhxlZp1LnSGMdpW8NY30HNcgY_8S77ccwB HTTP/1.1" 400 17
2021-12-02 22:12:14,700 - root - 400 Client Error: Bad Request for url: https://discord.com/api/webhooks/887246182005485578/v3e2-JIahGv6iNM9kSAI4oFIClwrYiml0okhxlZp1LnSGMdpW8NY30HNcgY_8S77ccwB
2021-12-02 22:12:14,711 - urllib3.connectionpool - Starting new HTTPS connection (1): discord.com:443
2021-12-02 22:12:15,175 - urllib3.connectionpool - https://discord.com:443 "POST /api/webhooks/887246182005485578/v3e2-JIahGv6iNM9kSAI4oFIClwrYiml0okhxlZp1LnSGMdpW8NY30HNcgY_8S77ccwB HTTP/1.1" 400 17
2021-12-02 22:12:15,184 - root - 400 Client Error: Bad Request for url: https://discord.com/api/webhooks/887246182005485578/v3e2-JIahGv6iNM9kSAI4oFIClwrYiml0okhxlZp1LnSGMdpW8NY30HNcgY_8S77ccwB
2021-12-02 22:12:15,193 - urllib3.connectionpool - Starting new HTTPS connection (1): discord.com:443
2021-12-02 22:12:15,761 - urllib3.connectionpool - https://discord.com:443 "POST /api/webhooks/887246182005485578/v3e2-JIahGv6iNM9kSAI4oFIClwrYiml0okhxlZp1LnSGMdpW8NY30HNcgY_8S77ccwB HTTP/1.1" 204 0
2021-12-02 22:12:15,765 - root - Payload delivered successfully, code 204.
2021-12-02 22:12:15,766 - urllib3.connectionpool - Starting new HTTPS connection (1): discord.com:443
2021-12-02 22:12:16,335 - urllib3.connectionpool - https://discord.com:443 "POST /api/webhooks/887246182005485578/v3e2-JIahGv6iNM9kSAI4oFIClwrYiml0okhxlZp1LnSGMdpW8NY30HNcgY_8S77ccwB HTTP/1.1" 204 0
2021-12-02 22:12:16,344 - root - Payload delivered successfully, code 204.
2021-12-02 22:12:17,353 - urllib3.connectionpool - Starting new HTTPS connection (1): www.scottycameron.com:443
2021-12-02 22:12:18,288 - urllib3.connectionpool - https://www.scottycameron.com:443 "GET /store/ HTTP/1.1" 200 17955
2021-12-02 22:12:19,369 - urllib3.connectionpool - Starting new HTTPS connection (1): www.scottycameron.com:443
2021-12-02 22:33:25,356 - root - Successfully started monitor
2021-12-02 22:33:25,365 - urllib3.connectionpool - Starting new HTTPS connection (1): discord.com:443
2021-12-02 22:33:26,038 - urllib3.connectionpool - https://discord.com:443 "POST /api/webhooks/887246182005485578/v3e2-JIahGv6iNM9kSAI4oFIClwrYiml0okhxlZp1LnSGMdpW8NY30HNcgY_8S77ccwB HTTP/1.1" 204 0
2021-12-02 22:33:26,041 - root - Payload delivered successfully, code 204.
2021-12-02 22:33:26,042 - urllib3.connectionpool - Starting new HTTPS connection (1): www.scottycameron.com:443
2021-12-02 22:33:30,882 - urllib3.connectionpool - https://www.scottycameron.com:443 "GET /store/ HTTP/1.1" 200 17953
2021-12-02 22:33:30,935 - urllib3.connectionpool - Starting new HTTPS connection (1): discord.com:443
2021-12-02 22:33:31,582 - urllib3.connectionpool - https://discord.com:443 "POST /api/webhooks/887246182005485578/v3e2-JIahGv6iNM9kSAI4oFIClwrYiml0okhxlZp1LnSGMdpW8NY30HNcgY_8S77ccwB HTTP/1.1" 204 0
2021-12-02 22:33:31,585 - root - Payload delivered successfully, code 204.
2021-12-02 22:33:31,588 - urllib3.connectionpool - Starting new HTTPS connection (1): discord.com:443
2021-12-02 22:33:33,203 - urllib3.connectionpool - https://discord.com:443 "POST /api/webhooks/887246182005485578/v3e2-JIahGv6iNM9kSAI4oFIClwrYiml0okhxlZp1LnSGMdpW8NY30HNcgY_8S77ccwB HTTP/1.1" 400 17
2021-12-02 22:33:33,207 - root - 400 Client Error: Bad Request for url: https://discord.com/api/webhooks/887246182005485578/v3e2-JIahGv6iNM9kSAI4oFIClwrYiml0okhxlZp1LnSGMdpW8NY30HNcgY_8S77ccwB
2021-12-02 22:33:33,210 - urllib3.connectionpool - Starting new HTTPS connection (1): discord.com:443
2021-12-02 22:33:36,359 - urllib3.connectionpool - https://discord.com:443 "POST /api/webhooks/887246182005485578/v3e2-JIahGv6iNM9kSAI4oFIClwrYiml0okhxlZp1LnSGMdpW8NY30HNcgY_8S77ccwB HTTP/1.1" 204 0
2021-12-02 22:33:36,363 - root - Payload delivered successfully, code 204.
2021-12-02 22:33:36,365 - urllib3.connectionpool - Starting new HTTPS connection (1): discord.com:443
2021-12-02 22:33:36,958 - urllib3.connectionpool - https://discord.com:443 "POST /api/webhooks/887246182005485578/v3e2-JIahGv6iNM9kSAI4oFIClwrYiml0okhxlZp1LnSGMdpW8NY30HNcgY_8S77ccwB HTTP/1.1" 400 17
2021-12-02 22:33:36,960 - root - 400 Client Error: Bad Request for url: https://discord.com/api/webhooks/887246182005485578/v3e2-JIahGv6iNM9kSAI4oFIClwrYiml0okhxlZp1LnSGMdpW8NY30HNcgY_8S77ccwB
2021-12-02 22:33:37,978 - urllib3.connectionpool - Starting new HTTPS connection (1): www.scottycameron.com:443
2021-12-02 22:33:42,131 - urllib3.connectionpool - https://www.scottycameron.com:443 "GET /store/ HTTP/1.1" 200 17954
2021-12-02 22:33:43,174 - urllib3.connectionpool - Starting new HTTPS connection (1): www.scottycameron.com:443
2021-12-02 22:33:45,464 - urllib3.connectionpool - https://www.scottycameron.com:443 "GET /store/ HTTP/1.1" 200 17953
2021-12-02 22:33:46,503 - urllib3.connectionpool - Starting new HTTPS connection (1): www.scottycameron.com:443
2021-12-02 22:33:48,528 - urllib3.connectionpool - https://www.scottycameron.com:443 "GET /store/ HTTP/1.1" 200 17952
2021-12-02 22:33:49,565 - urllib3.connectionpool - Starting new HTTPS connection (1): www.scottycameron.com:443
2021-12-02 22:34:28,915 - root - Successfully started monitor
2021-12-02 22:34:28,932 - urllib3.connectionpool - Starting new HTTPS connection (1): discord.com:443
2021-12-02 22:34:30,003 - urllib3.connectionpool - https://discord.com:443 "POST /api/webhooks/887246182005485578/v3e2-JIahGv6iNM9kSAI4oFIClwrYiml0okhxlZp1LnSGMdpW8NY30HNcgY_8S77ccwB HTTP/1.1" 204 0
2021-12-02 22:34:30,005 - root - Payload delivered successfully, code 204.
2021-12-02 22:34:30,007 - urllib3.connectionpool - Starting new HTTPS connection (1): www.scottycameron.com:443
2021-12-02 22:34:33,532 - urllib3.connectionpool - https://www.scottycameron.com:443 "GET /store/ HTTP/1.1" 200 17953
2021-12-02 22:34:34,569 - urllib3.connectionpool - Starting new HTTPS connection (1): www.scottycameron.com:443
2021-12-02 22:34:36,755 - urllib3.connectionpool - https://www.scottycameron.com:443 "GET /store/ HTTP/1.1" 200 17953
2021-12-02 22:34:37,809 - urllib3.connectionpool - Starting new HTTPS connection (1): www.scottycameron.com:443
2021-12-02 22:34:39,839 - urllib3.connectionpool - https://www.scottycameron.com:443 "GET /store/ HTTP/1.1" 200 17953
2021-12-02 22:34:40,895 - urllib3.connectionpool - Starting new HTTPS connection (1): www.scottycameron.com:443
2021-12-02 22:35:21,814 - root - Successfully started monitor
2021-12-02 22:35:21,819 - urllib3.connectionpool - Starting new HTTPS connection (1): discord.com:443
2021-12-02 22:35:22,473 - urllib3.connectionpool - https://discord.com:443 "POST /api/webhooks/887246182005485578/v3e2-JIahGv6iNM9kSAI4oFIClwrYiml0okhxlZp1LnSGMdpW8NY30HNcgY_8S77ccwB HTTP/1.1" 204 0
2021-12-02 22:35:22,478 - root - Payload delivered successfully, code 204.
2021-12-02 22:35:22,482 - urllib3.connectionpool - Starting new HTTPS connection (1): www.scottycameron.com:443
2021-12-02 22:35:24,274 - urllib3.connectionpool - https://www.scottycameron.com:443 "GET /store/ HTTP/1.1" 200 17953
2021-12-02 22:35:24,343 - urllib3.connectionpool - Starting new HTTPS connection (1): discord.com:443
2021-12-02 22:35:24,870 - urllib3.connectionpool - https://discord.com:443 "POST /api/webhooks/887246182005485578/v3e2-JIahGv6iNM9kSAI4oFIClwrYiml0okhxlZp1LnSGMdpW8NY30HNcgY_8S77ccwB HTTP/1.1" 400 17
2021-12-02 22:35:24,875 - root - 400 Client Error: Bad Request for url: https://discord.com/api/webhooks/887246182005485578/v3e2-JIahGv6iNM9kSAI4oFIClwrYiml0okhxlZp1LnSGMdpW8NY30HNcgY_8S77ccwB
2021-12-02 22:35:24,879 - urllib3.connectionpool - Starting new HTTPS connection (1): discord.com:443
2021-12-02 22:35:25,498 - urllib3.connectionpool - https://discord.com:443 "POST /api/webhooks/887246182005485578/v3e2-JIahGv6iNM9kSAI4oFIClwrYiml0okhxlZp1LnSGMdpW8NY30HNcgY_8S77ccwB HTTP/1.1" 204 0
2021-12-02 22:35:25,501 - root - Payload delivered successfully, code 204.
2021-12-02 22:35:25,504 - urllib3.connectionpool - Starting new HTTPS connection (1): discord.com:443
2021-12-02 22:35:26,040 - urllib3.connectionpool - https://discord.com:443 "POST /api/webhooks/887246182005485578/v3e2-JIahGv6iNM9kSAI4oFIClwrYiml0okhxlZp1LnSGMdpW8NY30HNcgY_8S77ccwB HTTP/1.1" 400 17
2021-12-02 22:35:26,044 - root - 400 Client Error: Bad Request for url: https://discord.com/api/webhooks/887246182005485578/v3e2-JIahGv6iNM9kSAI4oFIClwrYiml0okhxlZp1LnSGMdpW8NY30HNcgY_8S77ccwB
2021-12-02 22:35:26,048 - urllib3.connectionpool - Starting new HTTPS connection (1): discord.com:443
2021-12-02 22:35:26,821 - urllib3.connectionpool - https://discord.com:443 "POST /api/webhooks/887246182005485578/v3e2-JIahGv6iNM9kSAI4oFIClwrYiml0okhxlZp1LnSGMdpW8NY30HNcgY_8S77ccwB HTTP/1.1" 204 0
2021-12-02 22:35:26,826 - root - Payload delivered successfully, code 204.
2021-12-02 22:35:27,828 - urllib3.connectionpool - Starting new HTTPS connection (1): www.scottycameron.com:443
2021-12-02 22:35:29,665 - urllib3.connectionpool - https://www.scottycameron.com:443 "GET /store/ HTTP/1.1" 200 17953
2021-12-02 22:35:30,714 - urllib3.connectionpool - Starting new HTTPS connection (1): www.scottycameron.com:443
2021-12-02 22:35:32,412 - urllib3.connectionpool - https://www.scottycameron.com:443 "GET /store/ HTTP/1.1" 200 17953
2021-12-02 22:35:33,465 - urllib3.connectionpool - Starting new HTTPS connection (1): www.scottycameron.com:443
2021-12-02 22:35:35,160 - urllib3.connectionpool - https://www.scottycameron.com:443 "GET /store/ HTTP/1.1" 200 17953
2021-12-02 22:35:36,211 - urllib3.connectionpool - Starting new HTTPS connection (1): www.scottycameron.com:443
2021-12-02 22:38:19,511 - root - Successfully started monitor
2021-12-02 22:38:19,517 - urllib3.connectionpool - Starting new HTTPS connection (1): discord.com:443
2021-12-02 22:38:20,357 - urllib3.connectionpool - https://discord.com:443 "POST /api/webhooks/887246182005485578/v3e2-JIahGv6iNM9kSAI4oFIClwrYiml0okhxlZp1LnSGMdpW8NY30HNcgY_8S77ccwB HTTP/1.1" 204 0
2021-12-02 22:38:20,360 - root - Payload delivered successfully, code 204.
2021-12-02 22:38:20,362 - urllib3.connectionpool - Starting new HTTPS connection (1): www.scottycameron.com:443
2021-12-02 22:38:22,436 - urllib3.connectionpool - https://www.scottycameron.com:443 "GET /store/ HTTP/1.1" 200 17952
2021-12-02 22:38:22,483 - urllib3.connectionpool - Starting new HTTPS connection (1): discord.com:443
2021-12-02 22:38:23,217 - urllib3.connectionpool - https://discord.com:443 "POST /api/webhooks/887246182005485578/v3e2-JIahGv6iNM9kSAI4oFIClwrYiml0okhxlZp1LnSGMdpW8NY30HNcgY_8S77ccwB HTTP/1.1" 204 0
2021-12-02 22:38:23,221 - root - Payload delivered successfully, code 204.
2021-12-02 22:38:23,223 - urllib3.connectionpool - Starting new HTTPS connection (1): discord.com:443
2021-12-02 22:38:23,901 - urllib3.connectionpool - https://discord.com:443 "POST /api/webhooks/887246182005485578/v3e2-JIahGv6iNM9kSAI4oFIClwrYiml0okhxlZp1LnSGMdpW8NY30HNcgY_8S77ccwB HTTP/1.1" 204 0
2021-12-02 22:38:23,904 - root - Payload delivered successfully, code 204.
2021-12-02 22:38:23,907 - urllib3.connectionpool - Starting new HTTPS connection (1): discord.com:443
2021-12-02 22:38:24,486 - urllib3.connectionpool - https://discord.com:443 "POST /api/webhooks/887246182005485578/v3e2-JIahGv6iNM9kSAI4oFIClwrYiml0okhxlZp1LnSGMdpW8NY30HNcgY_8S77ccwB HTTP/1.1" 204 0
2021-12-02 22:38:24,490 - root - Payload delivered successfully, code 204.
2021-12-02 22:38:24,492 - urllib3.connectionpool - Starting new HTTPS connection (1): discord.com:443
2021-12-02 22:38:25,144 - urllib3.connectionpool - https://discord.com:443 "POST /api/webhooks/887246182005485578/v3e2-JIahGv6iNM9kSAI4oFIClwrYiml0okhxlZp1LnSGMdpW8NY30HNcgY_8S77ccwB HTTP/1.1" 204 0
2021-12-02 22:38:25,147 - root - Payload delivered successfully, code 204.
2021-12-02 22:38:26,155 - urllib3.connectionpool - Starting new HTTPS connection (1): www.scottycameron.com:443
2021-12-02 22:38:27,992 - urllib3.connectionpool - https://www.scottycameron.com:443 "GET /store/ HTTP/1.1" 200 17953
2021-12-02 22:38:29,039 - urllib3.connectionpool - Starting new HTTPS connection (1): www.scottycameron.com:443
2021-12-02 22:38:30,826 - urllib3.connectionpool - https://www.scottycameron.com:443 "GET /store/ HTTP/1.1" 200 17953
2021-12-02 22:38:31,873 - urllib3.connectionpool - Starting new HTTPS connection (1): www.scottycameron.com:443
2021-12-02 22:38:33,581 - urllib3.connectionpool - https://www.scottycameron.com:443 "GET /store/ HTTP/1.1" 200 17953
2021-12-02 22:38:34,635 - urllib3.connectionpool - Starting new HTTPS connection (1): www.scottycameron.com:443
2021-12-02 22:49:00,920 - root - Successfully started monitor
2021-12-02 22:49:00,928 - urllib3.connectionpool - Starting new HTTPS connection (1): discord.com:443
2021-12-02 22:49:01,589 - urllib3.connectionpool - https://discord.com:443 "POST /api/webhooks/887246182005485578/v3e2-JIahGv6iNM9kSAI4oFIClwrYiml0okhxlZp1LnSGMdpW8NY30HNcgY_8S77ccwB HTTP/1.1" 204 0
2021-12-02 22:49:01,593 - root - Payload delivered successfully, code 204.
2021-12-02 22:49:01,596 - urllib3.connectionpool - Starting new HTTPS connection (1): www.scottycameron.com:443
2021-12-02 22:49:04,395 - urllib3.connectionpool - https://www.scottycameron.com:443 "GET /store/ HTTP/1.1" 200 17953
2021-12-02 22:49:04,443 - urllib3.connectionpool - Starting new HTTPS connection (1): discord.com:443
2021-12-02 22:49:05,050 - urllib3.connectionpool - https://discord.com:443 "POST /api/webhooks/887246182005485578/v3e2-JIahGv6iNM9kSAI4oFIClwrYiml0okhxlZp1LnSGMdpW8NY30HNcgY_8S77ccwB HTTP/1.1" 204 0
2021-12-02 22:49:05,054 - root - Payload delivered successfully, code 204.
2021-12-02 22:49:05,056 - urllib3.connectionpool - Starting new HTTPS connection (1): discord.com:443
2021-12-02 22:49:05,896 - urllib3.connectionpool - https://discord.com:443 "POST /api/webhooks/887246182005485578/v3e2-JIahGv6iNM9kSAI4oFIClwrYiml0okhxlZp1LnSGMdpW8NY30HNcgY_8S77ccwB HTTP/1.1" 204 0
2021-12-02 22:49:05,903 - root - Payload delivered successfully, code 204.
2021-12-02 22:49:05,907 - urllib3.connectionpool - Starting new HTTPS connection (1): discord.com:443
2021-12-02 22:49:06,561 - urllib3.connectionpool - https://discord.com:443 "POST /api/webhooks/887246182005485578/v3e2-JIahGv6iNM9kSAI4oFIClwrYiml0okhxlZp1LnSGMdpW8NY30HNcgY_8S77ccwB HTTP/1.1" 204 0
2021-12-02 22:49:06,565 - root - Payload delivered successfully, code 204.
2021-12-02 22:49:06,569 - urllib3.connectionpool - Starting new HTTPS connection (1): discord.com:443
2021-12-02 22:49:08,136 - urllib3.connectionpool - https://discord.com:443 "POST /api/webhooks/887246182005485578/v3e2-JIahGv6iNM9kSAI4oFIClwrYiml0okhxlZp1LnSGMdpW8NY30HNcgY_8S77ccwB HTTP/1.1" 204 0
2021-12-02 22:49:08,139 - root - Payload delivered successfully, code 204.
2021-12-02 22:49:09,145 - urllib3.connectionpool - Starting new HTTPS connection (1): www.scottycameron.com:443
2021-12-02 22:49:11,262 - urllib3.connectionpool - https://www.scottycameron.com:443 "GET /store/ HTTP/1.1" 200 17954
2021-12-02 22:49:12,308 - urllib3.connectionpool - Starting new HTTPS connection (1): www.scottycameron.com:443
2021-12-02 22:49:14,359 - urllib3.connectionpool - https://www.scottycameron.com:443 "GET /store/ HTTP/1.1" 200 17953
2021-12-02 22:49:15,405 - urllib3.connectionpool - Starting new HTTPS connection (1): www.scottycameron.com:443
2021-12-02 22:49:17,163 - urllib3.connectionpool - https://www.scottycameron.com:443 "GET /store/ HTTP/1.1" 200 17953
2021-12-02 22:51:02,468 - root - Successfully started monitor
2021-12-02 22:51:02,474 - urllib3.connectionpool - Starting new HTTPS connection (1): discord.com:443
2021-12-02 22:51:03,088 - urllib3.connectionpool - https://discord.com:443 "POST /api/webhooks/887246182005485578/v3e2-JIahGv6iNM9kSAI4oFIClwrYiml0okhxlZp1LnSGMdpW8NY30HNcgY_8S77ccwB HTTP/1.1" 204 0
2021-12-02 22:51:03,091 - root - Payload delivered successfully, code 204.
2021-12-02 22:51:03,093 - urllib3.connectionpool - Starting new HTTPS connection (1): www.scottycameron.com:443
2021-12-02 22:51:04,924 - urllib3.connectionpool - https://www.scottycameron.com:443 "GET /store/ HTTP/1.1" 200 17953
2021-12-02 22:51:04,971 - urllib3.connectionpool - Starting new HTTPS connection (1): discord.com:443
2021-12-02 22:51:05,522 - urllib3.connectionpool - https://discord.com:443 "POST /api/webhooks/887246182005485578/v3e2-JIahGv6iNM9kSAI4oFIClwrYiml0okhxlZp1LnSGMdpW8NY30HNcgY_8S77ccwB HTTP/1.1" 204 0
2021-12-02 22:51:05,525 - root - Payload delivered successfully, code 204.
2021-12-02 22:51:05,529 - urllib3.connectionpool - Starting new HTTPS connection (1): discord.com:443
2021-12-02 22:51:06,515 - urllib3.connectionpool - https://discord.com:443 "POST /api/webhooks/887246182005485578/v3e2-JIahGv6iNM9kSAI4oFIClwrYiml0okhxlZp1LnSGMdpW8NY30HNcgY_8S77ccwB HTTP/1.1" 204 0
2021-12-02 22:51:06,519 - root - Payload delivered successfully, code 204.
2021-12-02 22:51:06,523 - urllib3.connectionpool - Starting new HTTPS connection (1): discord.com:443
2021-12-02 22:51:07,122 - urllib3.connectionpool - https://discord.com:443 "POST /api/webhooks/887246182005485578/v3e2-JIahGv6iNM9kSAI4oFIClwrYiml0okhxlZp1LnSGMdpW8NY30HNcgY_8S77ccwB HTTP/1.1" 204 0
2021-12-02 22:51:07,126 - root - Payload delivered successfully, code 204.
2021-12-02 22:51:07,128 - urllib3.connectionpool - Starting new HTTPS connection (1): discord.com:443
2021-12-02 22:51:07,772 - urllib3.connectionpool - https://discord.com:443 "POST /api/webhooks/887246182005485578/v3e2-JIahGv6iNM9kSAI4oFIClwrYiml0okhxlZp1LnSGMdpW8NY30HNcgY_8S77ccwB HTTP/1.1" 204 0
2021-12-02 22:51:07,775 - root - Payload delivered successfully, code 204.
2021-12-02 22:51:08,791 - urllib3.connectionpool - Starting new HTTPS connection (1): www.scottycameron.com:443
2021-12-02 22:51:10,602 - urllib3.connectionpool - https://www.scottycameron.com:443 "GET /store/ HTTP/1.1" 200 17953
2021-12-02 22:51:11,657 - urllib3.connectionpool - Starting new HTTPS connection (1): www.scottycameron.com:443
2021-12-02 22:51:13,433 - urllib3.connectionpool - https://www.scottycameron.com:443 "GET /store/ HTTP/1.1" 200 17953
2021-12-02 22:55:11,315 - root - Successfully started monitor
2021-12-02 22:55:11,320 - urllib3.connectionpool - Starting new HTTPS connection (1): discord.com:443
2021-12-02 22:55:11,955 - urllib3.connectionpool - https://discord.com:443 "POST /api/webhooks/887246182005485578/v3e2-JIahGv6iNM9kSAI4oFIClwrYiml0okhxlZp1LnSGMdpW8NY30HNcgY_8S77ccwB HTTP/1.1" 204 0
2021-12-02 22:55:11,958 - root - Payload delivered successfully, code 204.
2021-12-02 22:55:11,960 - urllib3.connectionpool - Starting new HTTPS connection (1): www.scottycameron.com:443
2021-12-02 22:55:13,811 - urllib3.connectionpool - https://www.scottycameron.com:443 "GET /store/ HTTP/1.1" 200 17953
2021-12-02 22:55:13,849 - urllib3.connectionpool - Starting new HTTPS connection (1): discord.com:443
2021-12-02 22:55:14,441 - urllib3.connectionpool - https://discord.com:443 "POST /api/webhooks/887246182005485578/v3e2-JIahGv6iNM9kSAI4oFIClwrYiml0okhxlZp1LnSGMdpW8NY30HNcgY_8S77ccwB HTTP/1.1" 204 0
2021-12-02 22:55:14,446 - root - Payload delivered successfully, code 204.
2021-12-02 22:55:14,448 - urllib3.connectionpool - Starting new HTTPS connection (1): discord.com:443
2021-12-02 22:55:15,066 - urllib3.connectionpool - https://discord.com:443 "POST /api/webhooks/887246182005485578/v3e2-JIahGv6iNM9kSAI4oFIClwrYiml0okhxlZp1LnSGMdpW8NY30HNcgY_8S77ccwB HTTP/1.1" 204 0
2021-12-02 22:55:15,069 - root - Payload delivered successfully, code 204.
2021-12-02 22:55:15,072 - urllib3.connectionpool - Starting new HTTPS connection (1): discord.com:443
2021-12-02 22:55:15,749 - urllib3.connectionpool - https://discord.com:443 "POST /api/webhooks/887246182005485578/v3e2-JIahGv6iNM9kSAI4oFIClwrYiml0okhxlZp1LnSGMdpW8NY30HNcgY_8S77ccwB HTTP/1.1" 204 0
2021-12-02 22:55:15,753 - root - Payload delivered successfully, code 204.
2021-12-02 22:55:15,755 - urllib3.connectionpool - Starting new HTTPS connection (1): discord.com:443
2021-12-02 22:55:16,420 - urllib3.connectionpool - https://discord.com:443 "POST /api/webhooks/887246182005485578/v3e2-JIahGv6iNM9kSAI4oFIClwrYiml0okhxlZp1LnSGMdpW8NY30HNcgY_8S77ccwB HTTP/1.1" 204 0
2021-12-02 22:55:16,423 - root - Payload delivered successfully, code 204.
2021-12-02 22:55:17,430 - urllib3.connectionpool - Starting new HTTPS connection (1): www.scottycameron.com:443
2021-12-02 22:55:19,300 - urllib3.connectionpool - https://www.scottycameron.com:443 "GET /store/ HTTP/1.1" 200 17953
2021-12-02 22:55:20,342 - urllib3.connectionpool - Starting new HTTPS connection (1): www.scottycameron.com:443
2021-12-02 22:55:22,051 - urllib3.connectionpool - https://www.scottycameron.com:443 "GET /store/ HTTP/1.1" 200 17953
2021-12-02 22:55:23,095 - urllib3.connectionpool - Starting new HTTPS connection (1): www.scottycameron.com:443
2021-12-02 22:55:24,869 - urllib3.connectionpool - https://www.scottycameron.com:443 "GET /store/ HTTP/1.1" 200 17953
2021-12-02 22:55:25,933 - urllib3.connectionpool - Starting new HTTPS connection (1): www.scottycameron.com:443
2021-12-02 23:08:32,255 - root - Successfully started monitor
2021-12-02 23:08:32,269 - urllib3.connectionpool - Starting new HTTPS connection (1): discord.com:443
2021-12-02 23:08:33,141 - urllib3.connectionpool - https://discord.com:443 "POST /api/webhooks/887246182005485578/v3e2-JIahGv6iNM9kSAI4oFIClwrYiml0okhxlZp1LnSGMdpW8NY30HNcgY_8S77ccwB HTTP/1.1" 204 0
2021-12-02 23:08:33,145 - root - Payload delivered successfully, code 204.
2021-12-02 23:08:33,148 - urllib3.connectionpool - Starting new HTTPS connection (1): www.scottycameron.com:443
2021-12-02 23:08:35,770 - urllib3.connectionpool - https://www.scottycameron.com:443 "GET /store/ HTTP/1.1" 200 17955
2021-12-02 23:08:35,886 - urllib3.connectionpool - Starting new HTTPS connection (1): discord.com:443
2021-12-02 23:08:36,739 - urllib3.connectionpool - https://discord.com:443 "POST /api/webhooks/887246182005485578/v3e2-JIahGv6iNM9kSAI4oFIClwrYiml0okhxlZp1LnSGMdpW8NY30HNcgY_8S77ccwB HTTP/1.1" 204 0
2021-12-02 23:08:36,741 - root - Payload delivered successfully, code 204.
2021-12-02 23:08:36,743 - urllib3.connectionpool - Starting new HTTPS connection (1): discord.com:443
2021-12-02 23:08:37,676 - urllib3.connectionpool - https://discord.com:443 "POST /api/webhooks/887246182005485578/v3e2-JIahGv6iNM9kSAI4oFIClwrYiml0okhxlZp1LnSGMdpW8NY30HNcgY_8S77ccwB HTTP/1.1" 204 0
2021-12-02 23:08:37,686 - root - Payload delivered successfully, code 204.
2021-12-02 23:08:37,696 - urllib3.connectionpool - Starting new HTTPS connection (1): discord.com:443
2021-12-02 23:08:38,385 - urllib3.connectionpool - https://discord.com:443 "POST /api/webhooks/887246182005485578/v3e2-JIahGv6iNM9kSAI4oFIClwrYiml0okhxlZp1LnSGMdpW8NY30HNcgY_8S77ccwB HTTP/1.1" 204 0
2021-12-02 23:08:38,391 - root - Payload delivered successfully, code 204.
2021-12-02 23:08:38,394 - urllib3.connectionpool - Starting new HTTPS connection (1): discord.com:443
2021-12-02 23:08:39,203 - urllib3.connectionpool - https://discord.com:443 "POST /api/webhooks/887246182005485578/v3e2-JIahGv6iNM9kSAI4oFIClwrYiml0okhxlZp1LnSGMdpW8NY30HNcgY_8S77ccwB HTTP/1.1" 204 0
2021-12-02 23:08:39,204 - root - Payload delivered successfully, code 204.
2021-12-02 23:08:40,224 - urllib3.connectionpool - Starting new HTTPS connection (1): www.scottycameron.com:443
